[INFO][AppLauncher]: Using device: cuda:0
[INFO][AppLauncher]: Loading experience file: /home/loco1/robotics/IsaacLab/apps/isaaclab.python.headless.rendering.kit
[Warning] [simulation_app.simulation_app] Modules: ['omni.kit_app'] were loaded before SimulationApp was started and might not be loaded correctly.
[Warning] [simulation_app.simulation_app] Please check to make sure no extra omniverse or pxr modules are imported before the call to SimulationApp(...)
Loading user config located at: '/home/loco1/miniconda3/envs/isaaclab/lib/python3.10/site-packages/omni/data/Kit/Isaac-Sim/4.5/user.config.json'
[Info] [carb] Logging to file: /home/loco1/miniconda3/envs/isaaclab/lib/python3.10/site-packages/omni/logs/Kit/Isaac-Sim/4.5/kit_20260808_181114.log
2026-08-08 10:11:14 [0ms] [Warning] [omni.kit.app.plugin] No crash reporter present, dumps uploading isn't available.
2026-08-08 10:11:14 [8ms] [Warning] [omni.ext.plugin] [ext: rendering_modes] Extensions config 'extension.toml' doesn't exist '/home/loco1/robotics/IsaacLab/apps/rendering_modes' or '/home/loco1/robotics/IsaacLab/apps/rendering_modes/config'
2026-08-08 10:11:15 [257ms] [Warning] [omni.datastore] OmniHub is inaccessible
2026-08-08 10:11:15 [311ms] [Warning] [carb.windowing-glfw.plugin] GLFW initialization failed.
2026-08-08 10:11:15 [311ms] [Warning] [carb] Failed to startup plugin carb.windowing-glfw.plugin (interfaces: [carb::windowing::IGLContext v1.0],[carb::windowing::IWindowing v1.5]) (impl: carb.windowing-glfw.plugin)
2026-08-08 10:11:15 [336ms] [Warning] [omni.platforminfo.plugin] failed to open the default display.  Can't verify X Server version.
2026-08-08 10:11:15 [469ms] [Warning] [carb.windowing-glfw.plugin] GLFW initialization failed.
2026-08-08 10:11:15 [469ms] [Warning] [carb] Failed to startup plugin carb.windowing-glfw.plugin (interfaces: [carb::windowing::IGLContext v1.0],[carb::windowing::IWindowing v1.5]) (impl: carb.windowing-glfw.plugin)
2026-08-08 10:11:15 [469ms] [Error] [carb.glinterop.plugin] GLInteropContext::init: carb::windowing is not available
2026-08-08 10:11:15 [520ms] [Warning] [gpu.foundation.plugin] Skipping unsupported non-NVIDIA GPU: Intel(R) Graphics (RPL-S)
2026-08-08 10:11:15 [520ms] [Warning] [gpu.foundation.plugin] Skipping unsupported non-NVIDIA GPU: Intel(R) Graphics (RPL-S)

|---------------------------------------------------------------------------------------------|
| Driver Version: 550.90.07     | Graphics API: Vulkan
|=============================================================================================|
| GPU | Name                             | Active | LDA | GPU Memory | Vendor-ID | LUID       |
|     |                                  |        |     |            | Device-ID | UUID       |
|     |                                  |        |     |            | Bus-ID    |            |
|---------------------------------------------------------------------------------------------|
| 0   | NVIDIA GeForce RTX 4090          | Yes: 0 |     | 24810   MB | 10de      | 0          |
|     |                                  |        |     |            | 2684      | 9998656c.. |
|     |                                  |        |     |            | 1         |            |
|---------------------------------------------------------------------------------------------|
| 1   | Intel(R) Graphics (RPL-S)        |        |     | 96429   MB | 8086      | 0          |
|     |                                  |        |     |            | a780      | 868080a7.. |
|     |                                  |        |     |            | 0         |            |
|=============================================================================================|
| OS: 22.04.5 LTS (Jammy Jellyfish) ubuntu, Version: 22.04.5, Kernel: 6.8.0-136-generic
| Processor: Intel(R) Core(TM) i9-14900K
| Bare Metal Cores: 24 | Bare Metal Logical Cores: 48
| Available Cores:  32 
|---------------------------------------------------------------------------------------------|
| Total Memory (MB): 128572 | Free Memory: 112472
| Total Page/Swap (MB): 2047 | Free Page/Swap: 2045
|---------------------------------------------------------------------------------------------|
2026-08-08 10:11:15 [1,234ms] [Warning] [carb.windowing-glfw.plugin] GLFW initialization failed.
2026-08-08 10:11:15 [1,235ms] [Warning] [carb] Failed to startup plugin carb.windowing-glfw.plugin (interfaces: [carb::windowing::IGLContext v1.0],[carb::windowing::IWindowing v1.5]) (impl: carb.windowing-glfw.plugin)
2026-08-08 10:11:15 [1,243ms] [Warning] [carb.windowing-glfw.plugin] GLFW initialization failed.
2026-08-08 10:11:15 [1,243ms] [Warning] [carb] Failed to startup plugin carb.windowing-glfw.plugin (interfaces: [carb::windowing::IGLContext v1.0],[carb::windowing::IWindowing v1.5]) (impl: carb.windowing-glfw.plugin)
2026-08-08 10:11:15 [1,248ms] [Warning] [carb.windowing-glfw.plugin] GLFW initialization failed.
2026-08-08 10:11:15 [1,248ms] [Warning] [carb] Failed to startup plugin carb.windowing-glfw.plugin (interfaces: [carb::windowing::IGLContext v1.0],[carb::windowing::IWindowing v1.5]) (impl: carb.windowing-glfw.plugin)
2026-08-08 10:11:16 [1,288ms] [Warning] [carb.windowing-glfw.plugin] GLFW initialization failed.
2026-08-08 10:11:16 [1,288ms] [Warning] [carb] Failed to startup plugin carb.windowing-glfw.plugin (interfaces: [carb::windowing::IGLContext v1.0],[carb::windowing::IWindowing v1.5]) (impl: carb.windowing-glfw.plugin)
2026-08-08 10:11:16 [1,290ms] [Warning] [carb.windowing-glfw.plugin] GLFW initialization failed.
2026-08-08 10:11:16 [1,290ms] [Warning] [carb] Failed to startup plugin carb.windowing-glfw.plugin (interfaces: [carb::windowing::IGLContext v1.0],[carb::windowing::IWindowing v1.5]) (impl: carb.windowing-glfw.plugin)
2026-08-08 10:11:16 [1,292ms] [Warning] [carb.windowing-glfw.plugin] GLFW initialization failed.
2026-08-08 10:11:16 [1,292ms] [Warning] [carb] Failed to startup plugin carb.windowing-glfw.plugin (interfaces: [carb::windowing::IGLContext v1.0],[carb::windowing::IWindowing v1.5]) (impl: carb.windowing-glfw.plugin)
2026-08-08 10:11:16 [1,611ms] [Warning] [omni.isaac.dynamic_control] omni.isaac.dynamic_control is deprecated as of Isaac Sim 4.5. No action is needed from end-users.
2026-08-08 10:11:17 [2,690ms] [Warning] [omni.log] Source: omni.hydra was already registered.
2026-08-08 10:11:17 [3,197ms] [Warning] [omni.replicator.core.scripts.extension] No material configuration file, adding configuration to material settings directly.
2026-08-08 10:11:20 [5,944ms] [Warning] [omni.usd-abi.plugin] No setting was found for '/rtx-defaults/ambientOcclusion/enabled'
2026-08-08 10:11:20 [5,944ms] [Warning] [omni.usd-abi.plugin] No setting was found for '/rtx-defaults/directLighting/sampledLighting/enabled'
2026-08-08 10:11:20 [5,944ms] [Warning] [omni.usd-abi.plugin] No setting was found for '/rtx-defaults/indirectDiffuse/enabled'
2026-08-08 10:11:20 [5,944ms] [Warning] [omni.usd-abi.plugin] No setting was found for '/rtx-defaults/raytracing/cached/enabled'
2026-08-08 10:11:20 [5,944ms] [Warning] [omni.usd-abi.plugin] No setting was found for '/rtx-defaults/reflections/enabled'
2026-08-08 10:11:20 [5,944ms] [Warning] [omni.usd-abi.plugin] No setting was found for '/rtx-defaults/sceneDb/ambientLightIntensity'
2026-08-08 10:11:20 [5,944ms] [Warning] [omni.usd-abi.plugin] No setting was found for '/rtx-defaults/translucency/enabled'
2026-08-08 10:11:20 [5,944ms] [Warning] [omni.usd-abi.plugin] No setting was found for '/rtx-defaults/viewTile/limit'
2026-08-08 10:11:20 [6,145ms] [Warning] [rtx.scenedb.plugin] SceneDbContext : TLAS limit buffer size 2774424832
2026-08-08 10:11:20 [6,145ms] [Warning] [rtx.scenedb.plugin] SceneDbContext : TLAS limit : valid true, within: false
2026-08-08 10:11:21 [6,261ms] [Warning] [omni.usd-abi.plugin] No setting was found for '/rtx-defaults/directLighting/sampledLighting/samplesPerPixel'
2026-08-08 10:11:21 [6,261ms] [Warning] [omni.usd-abi.plugin] No setting was found for '/rtx-defaults/pathtracing/maxSamplesPerLaunch'
2026-08-08 10:11:21 [6,262ms] [Warning] [omni.usd-abi.plugin] No setting was found for '/rtx-defaults-transient/meshlights/forceDisable'
2026-08-08 10:11:21 [6,334ms] [Warning] [omni.usd-abi.plugin] No setting was found for '/rtx-defaults/post/dlss/execMode'
[INFO]: Parsing configuration from: <class 'whole_body_tracking.tasks.hitter.config.g1.flat_env_cfg.G1HitterStrikingPlannerDomainFlatEnvCfg'>
[INFO]: Parsing configuration from: whole_body_tracking.tasks.hitter.config.g1.agents.rsl_rl_ppo_cfg:G1HitterStrikingPlannerDomainPPORunnerCfg
[INFO]: Parsing configuration from: whole_body_tracking.tasks.hitter.config.g1.agents.rsl_rl_ppo_cfg:G1HitterStrikingPlannerDomainPPORunnerCfg
[INFO] Loading experiment from directory: /home/loco1/BOB/Hitter/MOSAIC-main/logs/rsl_rl/hitter_striking_g1
[INFO]: Loading model checkpoint from: /home/loco1/BOB/Hitter/MOSAIC-main/logs/rsl_rl/hitter_striking_g1/8x4090_20260808_model17500_export/model_17500.pt
[INFO]: Using motion directory or file from CLI: /home/loco1/BOB/Hitter/MOSAIC-main/imports/8x4090_20260808_model17500/motion/20260806_mqy_g1_npz_raw_peak43_aligned
[INFO]: Forcing motion playback to start from frame 10.
[INFO]: Raised motion_dataset_load_cap to 2 so every motion group is available during playback.
[INFO]: Zeroed motion randomization ranges for evaluation.
[INFO]: Disabled observation corruption/noise for evaluation.
[INFO]: Disabled event terms for evaluation.
[INFO]: Disabling timeout termination for playback run.
2026-08-08 10:11:23 [8,911ms] [Warning] [isaaclab.envs.manager_based_env] Seed not set for the environment. The environment creation may not be deterministic.
[INFO]: Base environment:
	Environment device    : cuda:0
	Environment seed      : None
	Physics step-size     : 0.005
	Rendering step-size   : 0.02
	Environment step-size : 0.02
2026-08-08 10:11:23 [9,013ms] [Warning] [omni.usd] Warning: in _ReportErrors at line 2890 of /builds/omniverse/usd-ci/USD/pxr/usd/usd/stage.cpp -- In </World/envs/env_0/Robot>: Could not open asset @/home/loco1/BOB/Hitter/MOSAIC-main/imports/8x4090_20260808_model17500/cache/g1_usd_hitter/main.usd@ for reference introduced by @/home/loco1/BOB/Hitter/MOSAIC-main/imports/8x4090_20260808_model17500/source/whole_body_tracking/whole_body_tracking/assets/unitree_description/usd/g1_hitter_racket/main.usda@</g1>. (recomposing stage on stage @anon:0x763c272faeb0:World0.usd@ <0x763c23afd1c0>)

2026-08-08 10:11:23 [9,013ms] [Warning] [omni.usd] Warning: in _ReportErrors at line 2890 of /builds/omniverse/usd-ci/USD/pxr/usd/usd/stage.cpp -- In </World/envs/env_0/Robot/right_wrist_yaw_link/connector_visuals>: Could not open asset @/home/loco1/BOB/Hitter/MOSAIC-main/imports/8x4090_20260808_model17500/cache/g1_usd_hitter/configuration/main_base.usd@ for reference introduced by @/home/loco1/BOB/Hitter/MOSAIC-main/imports/8x4090_20260808_model17500/source/whole_body_tracking/whole_body_tracking/assets/unitree_description/usd/g1_hitter_racket/main.usda@</g1/right_wrist_yaw_link/connector_visuals>. (recomposing stage on stage @anon:0x763c272faeb0:World0.usd@ <0x763c23afd1c0>)

2026-08-08 10:11:23 [9,085ms] [Warning] [isaaclab.sim.utils] Could not perform 'modify_articulation_root_properties' on any prims under: '/World/envs/env_0/Robot'. This might be because of the following reasons:
	(1) The desired attribute does not exist on any of the prims.
	(2) The desired attribute exists on an instanced prim.
		Discovered list of instanced prim paths: []
[INFO]: Time taken for scene creation : 1.040702 seconds
[INFO]: Scene manager:  <class InteractiveScene>
	Number of environments: 1
	Environment spacing   : 2.5
	Source prim name      : /World/envs/env_0
	Global prim paths     : ['/World/ground']
	Replicate physics     : True
[INFO]: Starting the simulation. This may take a few seconds. Please wait...
[INFO]: Time taken for simulation start : 1.342252 seconds
Error executing job with overrides: []
Traceback (most recent call last):
  File "/home/loco1/robotics/IsaacLab/source/isaaclab_tasks/isaaclab_tasks/utils/hydra.py", line 101, in hydra_main
    func(env_cfg, agent_cfg, *args, **kwargs)
  File "/home/loco1/BOB/Hitter/MOSAIC-main/scripts/rsl_rl/play.py", line 259, in main
    env = gym.make(args_cli.task, cfg=env_cfg, render_mode="rgb_array" if args_cli.video else None)
  File "/home/loco1/miniconda3/envs/isaaclab/lib/python3.10/site-packages/gymnasium/envs/registration.py", line 734, in make
    env = env_creator(**env_spec_kwargs)
  File "/home/loco1/robotics/IsaacLab/source/isaaclab/isaaclab/envs/manager_based_rl_env.py", line 82, in __init__
    super().__init__(cfg=cfg)
  File "/home/loco1/robotics/IsaacLab/source/isaaclab/isaaclab/envs/manager_based_env.py", line 157, in __init__
    self.sim.reset()
  File "/home/loco1/robotics/IsaacLab/source/isaaclab/isaaclab/sim/simulation_context.py", line 536, in reset
    self.render()
  File "/home/loco1/robotics/IsaacLab/source/isaaclab/isaaclab/sim/simulation_context.py", line 591, in render
    raise exception_to_raise
  File "/home/loco1/robotics/IsaacLab/source/isaaclab/isaaclab/assets/asset_base.py", line 291, in _initialize_callback
    self._initialize_impl()
  File "/home/loco1/robotics/IsaacLab/source/isaaclab/isaaclab/assets/articulation/articulation.py", line 1177, in _initialize_impl
    raise RuntimeError(
RuntimeError: Failed to find an articulation when resolving '/World/envs/env_0/Robot'. Please ensure that the prim has 'USD ArticulationRootAPI' applied.

Set the environment variable HYDRA_FULL_ERROR=1 for a complete stack trace.
2026-08-08 10:11:26 [11,410ms] [Warning] [omni.graph.core.plugin] Could not find category 'Replicator:Annotators' for removal
2026-08-08 10:11:26 [11,410ms] [Warning] [omni.graph.core.plugin] Could not find category 'Replicator:Annotators' for removal
2026-08-08 10:11:26 [11,410ms] [Warning] [omni.graph.core.plugin] Could not find category 'Replicator:Annotators' for removal
2026-08-08 10:11:26 [11,410ms] [Warning] [omni.graph.core.plugin] Could not find category 'Replicator:Annotators' for removal
2026-08-08 10:11:26 [11,410ms] [Warning] [omni.graph.core.plugin] Could not find category 'Replicator:Annotators' for removal
2026-08-08 10:11:26 [11,410ms] [Warning] [omni.graph.core.plugin] Could not find category 'Replicator:Annotators' for removal
2026-08-08 10:11:26 [11,410ms] [Warning] [omni.graph.core.plugin] Could not find category 'Replicator:Annotators' for removal
2026-08-08 10:11:26 [11,410ms] [Warning] [omni.graph.core.plugin] Could not find category 'Replicator:Annotators' for removal
2026-08-08 10:11:26 [11,410ms] [Warning] [omni.graph.core.plugin] Could not find category 'Replicator:Annotators' for removal
2026-08-08 10:11:26 [11,410ms] [Warning] [omni.graph.core.plugin] Could not find category 'Replicator:Annotators' for removal
2026-08-08 10:11:26 [11,410ms] [Warning] [omni.graph.core.plugin] Could not find category 'Replicator:Annotators' for removal
2026-08-08 10:11:26 [11,410ms] [Warning] [omni.graph.core.plugin] Could not find category 'Replicator:Annotators' for removal
2026-08-08 10:11:26 [11,410ms] [Warning] [omni.graph.core.plugin] Could not find category 'Replicator:Core' for removal
2026-08-08 10:11:26 [11,503ms] [Warning] [omni.fabric.plugin] gFabricState->gUsdStageToSimStageWithHistoryMap had 1 outstanding SimStageWithHistory(s) at shutdown
2026-08-08 10:11:26 [11,572ms] [Warning] [carb] Recursive unloadAllPlugins() detected!
