2026-09-09 19:48:47.586 | INFO     | utils.motion_lib.torch_humanoid_batch:<module>:41 - Using Humanoid Batch
2026-09-09 19:48:47.763 | DEBUG    | utils.kinematics:__init__:34 - [MujocoKinematics] loaded model from ./data/assets/g1/g1_29dof_hitter_racket_table_tennis.xml
2026-09-09 19:48:47.763 | DEBUG    | utils.kinematics:update_joint_names_subset:94 - [MujocoKinematics] set fk with 29 joints
2026-09-09 19:48:47.763 | INFO     | simulator.base_sim:_setup:41 - Robot-level Control Frequency Set to 200.0HZ
2026-09-09 19:48:47.763 | INFO     | simulator.base_sim:_setup:42 - Policy-level Control Frequency Set to 50.0HZ
2026-09-09 19:48:47.764 | INFO     | simulator.base_sim:_load_asset:55 - Joint left_hip_pitch_joint  Default Angles -0.31200000643730164  P_gain 40.179237365722656  D_gain 2.557889938354492 
2026-09-09 19:48:47.764 | INFO     | simulator.base_sim:_load_asset:55 - Joint left_hip_roll_joint  Default Angles 0.0  P_gain 99.09842681884766  D_gain 6.308802127838135 
2026-09-09 19:48:47.764 | INFO     | simulator.base_sim:_load_asset:55 - Joint left_hip_yaw_joint  Default Angles 0.0  P_gain 40.179237365722656  D_gain 2.557889938354492 
2026-09-09 19:48:47.764 | INFO     | simulator.base_sim:_load_asset:55 - Joint left_knee_joint  Default Angles 0.6690000295639038  P_gain 99.09842681884766  D_gain 6.308802127838135 
2026-09-09 19:48:47.764 | INFO     | simulator.base_sim:_load_asset:55 - Joint left_ankle_pitch_joint  Default Angles -0.3630000054836273  P_gain 28.501245498657227  D_gain 1.814445972442627 
2026-09-09 19:48:47.764 | INFO     | simulator.base_sim:_load_asset:55 - Joint left_ankle_roll_joint  Default Angles 0.0  P_gain 28.501245498657227  D_gain 1.814445972442627 
2026-09-09 19:48:47.764 | INFO     | simulator.base_sim:_load_asset:55 - Joint right_hip_pitch_joint  Default Angles -0.31200000643730164  P_gain 40.179237365722656  D_gain 2.557889938354492 
2026-09-09 19:48:47.764 | INFO     | simulator.base_sim:_load_asset:55 - Joint right_hip_roll_joint  Default Angles 0.0  P_gain 99.09842681884766  D_gain 6.308802127838135 
2026-09-09 19:48:47.764 | INFO     | simulator.base_sim:_load_asset:55 - Joint right_hip_yaw_joint  Default Angles 0.0  P_gain 40.179237365722656  D_gain 2.557889938354492 
2026-09-09 19:48:47.764 | INFO     | simulator.base_sim:_load_asset:55 - Joint right_knee_joint  Default Angles 0.6690000295639038  P_gain 99.09842681884766  D_gain 6.308802127838135 
2026-09-09 19:48:47.764 | INFO     | simulator.base_sim:_load_asset:55 - Joint right_ankle_pitch_joint  Default Angles -0.3630000054836273  P_gain 28.501245498657227  D_gain 1.814445972442627 
2026-09-09 19:48:47.764 | INFO     | simulator.base_sim:_load_asset:55 - Joint right_ankle_roll_joint  Default Angles 0.0  P_gain 28.501245498657227  D_gain 1.814445972442627 
2026-09-09 19:48:47.764 | INFO     | simulator.base_sim:_load_asset:55 - Joint waist_yaw_joint  Default Angles 0.0  P_gain 40.179237365722656  D_gain 2.557889938354492 
2026-09-09 19:48:47.764 | INFO     | simulator.base_sim:_load_asset:55 - Joint waist_roll_joint  Default Angles 0.0  P_gain 28.501245498657227  D_gain 1.814445972442627 
2026-09-09 19:48:47.764 | INFO     | simulator.base_sim:_load_asset:55 - Joint waist_pitch_joint  Default Angles 0.0  P_gain 28.501245498657227  D_gain 1.814445972442627 
2026-09-09 19:48:47.764 | INFO     | simulator.base_sim:_load_asset:55 - Joint left_shoulder_pitch_joint  Default Angles 0.20000000298023224  P_gain 14.250622749328613  D_gain 0.9072229862213135 
2026-09-09 19:48:47.764 | INFO     | simulator.base_sim:_load_asset:55 - Joint left_shoulder_roll_joint  Default Angles 0.20000000298023224  P_gain 14.250622749328613  D_gain 0.9072229862213135 
2026-09-09 19:48:47.764 | INFO     | simulator.base_sim:_load_asset:55 - Joint left_shoulder_yaw_joint  Default Angles 0.0  P_gain 14.250622749328613  D_gain 0.9072229862213135 
2026-09-09 19:48:47.764 | INFO     | simulator.base_sim:_load_asset:55 - Joint left_elbow_joint  Default Angles 0.6000000238418579  P_gain 14.250622749328613  D_gain 0.9072229862213135 
2026-09-09 19:48:47.764 | INFO     | simulator.base_sim:_load_asset:55 - Joint left_wrist_roll_joint  Default Angles 0.0  P_gain 14.250622749328613  D_gain 0.9072229862213135 
2026-09-09 19:48:47.764 | INFO     | simulator.base_sim:_load_asset:55 - Joint left_wrist_pitch_joint  Default Angles 0.0  P_gain 16.77832794189453  D_gain 1.068142056465149 
2026-09-09 19:48:47.764 | INFO     | simulator.base_sim:_load_asset:55 - Joint left_wrist_yaw_joint  Default Angles 0.0  P_gain 16.77832794189453  D_gain 1.068142056465149 
2026-09-09 19:48:47.764 | INFO     | simulator.base_sim:_load_asset:55 - Joint right_shoulder_pitch_joint  Default Angles 0.20000000298023224  P_gain 14.250622749328613  D_gain 0.9072229862213135 
2026-09-09 19:48:47.764 | INFO     | simulator.base_sim:_load_asset:55 - Joint right_shoulder_roll_joint  Default Angles -0.20000000298023224  P_gain 14.250622749328613  D_gain 0.9072229862213135 
2026-09-09 19:48:47.764 | INFO     | simulator.base_sim:_load_asset:55 - Joint right_shoulder_yaw_joint  Default Angles 0.0  P_gain 14.250622749328613  D_gain 0.9072229862213135 
2026-09-09 19:48:47.764 | INFO     | simulator.base_sim:_load_asset:55 - Joint right_elbow_joint  Default Angles 0.6000000238418579  P_gain 14.250622749328613  D_gain 0.9072229862213135 
2026-09-09 19:48:47.764 | INFO     | simulator.base_sim:_load_asset:55 - Joint right_wrist_roll_joint  Default Angles 0.0  P_gain 14.250622749328613  D_gain 0.9072229862213135 
2026-09-09 19:48:47.764 | INFO     | simulator.base_sim:_load_asset:55 - Joint right_wrist_pitch_joint  Default Angles 0.0  P_gain 16.77832794189453  D_gain 1.068142056465149 
2026-09-09 19:48:47.764 | INFO     | simulator.base_sim:_load_asset:55 - Joint right_wrist_yaw_joint  Default Angles 0.0  P_gain 16.77832794189453  D_gain 1.068142056465149 
2026-09-09 19:48:47.765 | INFO     | simulator.base_sim:_load_asset:56 - Total Number of dof: 29
2026-09-09 19:48:47.765 | INFO     | simulator.base_sim:_load_asset:57 - Number of Action: 29
2026-09-09 19:48:47.857 | INFO     | simulator.mujoco:__init__:39 - Visualization Marker: True
2026-09-09 19:48:47.858 | INFO     | utils.history_handler:__init__:19 - History Handler initialized!
2026-09-09 19:48:47.860 | INFO     | envs.hitter:__init__:121 - HITTER ball planner configured.
2026-09-09 19:48:47.866 | INFO     | agents.base_agent:load_onnx_policy:22 - Loading ONNX Checkpoint from ./data/model/hitter/hitter_model20500_20260818_104.onnx
2026-09-09 19:48:47.866 | INFO     | envs.hitter:configure_from_modelmeta:172 - Applying HITTER joint configuration from ONNX model.
2026-09-09 19:48:47.870 | INFO     | envs.hitter:configure_from_modelmeta:214 - HITTER policy metadata configured, 29 degrees of freedom.
2026-09-09 19:48:47.870 | INFO     | agents.hitter_agent:load_onnx_policy:19 - HITTER policy metadata loaded. Joints: 29 Anchor body: pelvis
2026-09-09 19:48:47.870 | INFO     | simulator.mujoco:calibrate:500 - Resetting envs with ref_dof_pos=['-0.312', '0.000', '0.000', '0.669', '-0.363', '0.000', '-0.312', '0.000', '0.000', '0.669', '-0.363', '0.000', '0.000', '0.000', '0.000', '0.200', '0.200', '0.000', '0.600', '0.000', '0.000', '0.000', '0.200', '-0.200', '0.000', '0.600', '0.000', '0.000', '0.000']
2026-09-09 19:48:47.871 | INFO     | envs.hitter:_capture_hitter_waiting_base_target:738 - HITTER waiting base target captured at world position [-0.4000000059604645, 0.0, 0.7929999828338623].
2026-09-09 19:48:47.871 | INFO     | envs.base_env:_update_obs:92 - Receive observation: ['actions', 'root_quat', 'root_rpy', 'base_ang_vel', 'base_lin_vel', 'dof_pos', 'dof_vel', 'projected_gravity']
2026-09-09 19:48:47.872 | INFO     | envs.hitter:_update_mujoco_serve_schedule:430 - MuJoCo HITTER serve 1/2 at simulation time 0.000 s.
mujoco time step :  0.005
{
  "root": "/home/yhl/Desktop/RobotBridge4_refactor",
  "requested_steps": 1100,
  "completed_steps": 0,
  "agent": "agents.hitter_agent.HitterAgent",
  "env": "envs.hitter.HitterEnv",
  "simulator": "simulator.mujoco.Mujoco",
  "model_inputs": [
    {
      "name": "obs",
      "shape": [
        1,
        104
      ]
    }
  ],
  "model_outputs": [
    {
      "name": "actions",
      "shape": [
        1,
        29
      ]
    }
  ],
  "loop_passed": false,
  "loop_exception": "Traceback (most recent call last):\n  File \"/tmp/rb4-startup-check/sim_loop.py\", line 42, in <module>\n    assert {key: list(value.shape) for key, value in obs.items()} == {'actor_obs': [1, 104]}\nAssertionError\n",
  "close_exception": "Traceback (most recent call last):\n  File \"/tmp/rb4-startup-check/sim_loop.py\", line 68, in <module>\n    result['close_result'] = agent.env.close()\n  File \"/home/yhl/Desktop/RobotBridge4_refactor/deploy/envs/hitter.py\", line 1882, in close\n    raise first_error\n  File \"/home/yhl/Desktop/RobotBridge4_refactor/deploy/envs/hitter.py\", line 1865, in close\n    simulator_closed = close_simulator() is not False\n  File \"/home/yhl/Desktop/RobotBridge4_refactor/deploy/simulator/base_sim.py\", line 167, in close\n    self.lc.unsubscribe(self.joint_state_subscriber)\nAttributeError: 'Mujoco' object has no attribute 'joint_state_subscriber'. Did you mean: 'teleop_state_subscriber'?\n",
  "wall_time_s": 1.305676546999166
}
