[32m2026-07-31 16:15:57.593[0m | [1mINFO    [0m | [36m__main__[0m:[36mmain[0m:[36m27[0m - [1mLog saved to /home/loco1/BOB/Hitter/RobotBridge2-chingmu-ghost-mujoco-20260731/deploy/outputs/2026-07-31/16-15-57/eval.log[0m
[2026-07-31 16:15:58,282][OpenGL.acceleratesupport][INFO] - No OpenGL_accelerate module loaded: No module named 'OpenGL_accelerate'
[32m2026-07-31 16:15:58.405[0m | [1mINFO    [0m | [36mutils.motion_lib.torch_humanoid_batch[0m:[36m<module>[0m:[36m41[0m - [1mUsing Humanoid Batch[0m
[32m2026-07-31 16:15:58.625[0m | [1mINFO    [0m | [36msimulator.base_sim[0m:[36m_setup[0m:[36m41[0m - [1mRobot-level Control Frequency Set to 200.0HZ[0m
[32m2026-07-31 16:15:58.625[0m | [1mINFO    [0m | [36msimulator.base_sim[0m:[36m_setup[0m:[36m42[0m - [1mPolicy-level Control Frequency Set to 50.0HZ[0m
[32m2026-07-31 16:15:58.626[0m | [1mINFO    [0m | [36msimulator.base_sim[0m:[36m_load_asset[0m:[36m55[0m - [1mJoint left_hip_pitch_joint  Default Angles -0.31200000643730164  P_gain 40.179237365722656  D_gain 2.557889938354492 [0m
[32m2026-07-31 16:15:58.626[0m | [1mINFO    [0m | [36msimulator.base_sim[0m:[36m_load_asset[0m:[36m55[0m - [1mJoint left_hip_roll_joint  Default Angles 0.0  P_gain 99.09842681884766  D_gain 6.308802127838135 [0m
[32m2026-07-31 16:15:58.626[0m | [1mINFO    [0m | [36msimulator.base_sim[0m:[36m_load_asset[0m:[36m55[0m - [1mJoint left_hip_yaw_joint  Default Angles 0.0  P_gain 40.179237365722656  D_gain 2.557889938354492 [0m
[32m2026-07-31 16:15:58.626[0m | [1mINFO    [0m | [36msimulator.base_sim[0m:[36m_load_asset[0m:[36m55[0m - [1mJoint left_knee_joint  Default Angles 0.6690000295639038  P_gain 99.09842681884766  D_gain 6.308802127838135 [0m
[32m2026-07-31 16:15:58.626[0m | [1mINFO    [0m | [36msimulator.base_sim[0m:[36m_load_asset[0m:[36m55[0m - [1mJoint left_ankle_pitch_joint  Default Angles -0.3630000054836273  P_gain 28.501245498657227  D_gain 1.814445972442627 [0m
[32m2026-07-31 16:15:58.626[0m | [1mINFO    [0m | [36msimulator.base_sim[0m:[36m_load_asset[0m:[36m55[0m - [1mJoint left_ankle_roll_joint  Default Angles 0.0  P_gain 28.501245498657227  D_gain 1.814445972442627 [0m
[32m2026-07-31 16:15:58.626[0m | [1mINFO    [0m | [36msimulator.base_sim[0m:[36m_load_asset[0m:[36m55[0m - [1mJoint right_hip_pitch_joint  Default Angles -0.31200000643730164  P_gain 40.179237365722656  D_gain 2.557889938354492 [0m
[32m2026-07-31 16:15:58.626[0m | [1mINFO    [0m | [36msimulator.base_sim[0m:[36m_load_asset[0m:[36m55[0m - [1mJoint right_hip_roll_joint  Default Angles 0.0  P_gain 99.09842681884766  D_gain 6.308802127838135 [0m
[32m2026-07-31 16:15:58.626[0m | [1mINFO    [0m | [36msimulator.base_sim[0m:[36m_load_asset[0m:[36m55[0m - [1mJoint right_hip_yaw_joint  Default Angles 0.0  P_gain 40.179237365722656  D_gain 2.557889938354492 [0m
[32m2026-07-31 16:15:58.626[0m | [1mINFO    [0m | [36msimulator.base_sim[0m:[36m_load_asset[0m:[36m55[0m - [1mJoint right_knee_joint  Default Angles 0.6690000295639038  P_gain 99.09842681884766  D_gain 6.308802127838135 [0m
[32m2026-07-31 16:15:58.626[0m | [1mINFO    [0m | [36msimulator.base_sim[0m:[36m_load_asset[0m:[36m55[0m - [1mJoint right_ankle_pitch_joint  Default Angles -0.3630000054836273  P_gain 28.501245498657227  D_gain 1.814445972442627 [0m
[32m2026-07-31 16:15:58.626[0m | [1mINFO    [0m | [36msimulator.base_sim[0m:[36m_load_asset[0m:[36m55[0m - [1mJoint right_ankle_roll_joint  Default Angles 0.0  P_gain 28.501245498657227  D_gain 1.814445972442627 [0m
[32m2026-07-31 16:15:58.626[0m | [1mINFO    [0m | [36msimulator.base_sim[0m:[36m_load_asset[0m:[36m55[0m - [1mJoint waist_yaw_joint  Default Angles 0.0  P_gain 40.179237365722656  D_gain 2.557889938354492 [0m
[32m2026-07-31 16:15:58.626[0m | [1mINFO    [0m | [36msimulator.base_sim[0m:[36m_load_asset[0m:[36m55[0m - [1mJoint waist_roll_joint  Default Angles 0.0  P_gain 28.501245498657227  D_gain 1.814445972442627 [0m
[32m2026-07-31 16:15:58.626[0m | [1mINFO    [0m | [36msimulator.base_sim[0m:[36m_load_asset[0m:[36m55[0m - [1mJoint waist_pitch_joint  Default Angles 0.0  P_gain 28.501245498657227  D_gain 1.814445972442627 [0m
[32m2026-07-31 16:15:58.626[0m | [1mINFO    [0m | [36msimulator.base_sim[0m:[36m_load_asset[0m:[36m55[0m - [1mJoint left_shoulder_pitch_joint  Default Angles 0.20000000298023224  P_gain 14.250622749328613  D_gain 0.9072229862213135 [0m
[32m2026-07-31 16:15:58.626[0m | [1mINFO    [0m | [36msimulator.base_sim[0m:[36m_load_asset[0m:[36m55[0m - [1mJoint left_shoulder_roll_joint  Default Angles 0.20000000298023224  P_gain 14.250622749328613  D_gain 0.9072229862213135 [0m
[32m2026-07-31 16:15:58.626[0m | [1mINFO    [0m | [36msimulator.base_sim[0m:[36m_load_asset[0m:[36m55[0m - [1mJoint left_shoulder_yaw_joint  Default Angles 0.0  P_gain 14.250622749328613  D_gain 0.9072229862213135 [0m
[32m2026-07-31 16:15:58.626[0m | [1mINFO    [0m | [36msimulator.base_sim[0m:[36m_load_asset[0m:[36m55[0m - [1mJoint left_elbow_joint  Default Angles 0.6000000238418579  P_gain 14.250622749328613  D_gain 0.9072229862213135 [0m
[32m2026-07-31 16:15:58.626[0m | [1mINFO    [0m | [36msimulator.base_sim[0m:[36m_load_asset[0m:[36m55[0m - [1mJoint left_wrist_roll_joint  Default Angles 0.0  P_gain 14.250622749328613  D_gain 0.9072229862213135 [0m
[32m2026-07-31 16:15:58.626[0m | [1mINFO    [0m | [36msimulator.base_sim[0m:[36m_load_asset[0m:[36m55[0m - [1mJoint left_wrist_pitch_joint  Default Angles 0.0  P_gain 16.77832794189453  D_gain 1.068142056465149 [0m
[32m2026-07-31 16:15:58.626[0m | [1mINFO    [0m | [36msimulator.base_sim[0m:[36m_load_asset[0m:[36m55[0m - [1mJoint left_wrist_yaw_joint  Default Angles 0.0  P_gain 16.77832794189453  D_gain 1.068142056465149 [0m
[32m2026-07-31 16:15:58.626[0m | [1mINFO    [0m | [36msimulator.base_sim[0m:[36m_load_asset[0m:[36m55[0m - [1mJoint right_shoulder_pitch_joint  Default Angles 0.20000000298023224  P_gain 14.250622749328613  D_gain 0.9072229862213135 [0m
[32m2026-07-31 16:15:58.626[0m | [1mINFO    [0m | [36msimulator.base_sim[0m:[36m_load_asset[0m:[36m55[0m - [1mJoint right_shoulder_roll_joint  Default Angles -0.20000000298023224  P_gain 14.250622749328613  D_gain 0.9072229862213135 [0m
[32m2026-07-31 16:15:58.626[0m | [1mINFO    [0m | [36msimulator.base_sim[0m:[36m_load_asset[0m:[36m55[0m - [1mJoint right_shoulder_yaw_joint  Default Angles 0.0  P_gain 14.250622749328613  D_gain 0.9072229862213135 [0m
[32m2026-07-31 16:15:58.626[0m | [1mINFO    [0m | [36msimulator.base_sim[0m:[36m_load_asset[0m:[36m55[0m - [1mJoint right_elbow_joint  Default Angles 0.6000000238418579  P_gain 14.250622749328613  D_gain 0.9072229862213135 [0m
[32m2026-07-31 16:15:58.626[0m | [1mINFO    [0m | [36msimulator.base_sim[0m:[36m_load_asset[0m:[36m55[0m - [1mJoint right_wrist_roll_joint  Default Angles 0.0  P_gain 14.250622749328613  D_gain 0.9072229862213135 [0m
[32m2026-07-31 16:15:58.626[0m | [1mINFO    [0m | [36msimulator.base_sim[0m:[36m_load_asset[0m:[36m55[0m - [1mJoint right_wrist_pitch_joint  Default Angles 0.0  P_gain 16.77832794189453  D_gain 1.068142056465149 [0m
[32m2026-07-31 16:15:58.626[0m | [1mINFO    [0m | [36msimulator.base_sim[0m:[36m_load_asset[0m:[36m55[0m - [1mJoint right_wrist_yaw_joint  Default Angles 0.0  P_gain 16.77832794189453  D_gain 1.068142056465149 [0m
[32m2026-07-31 16:15:58.627[0m | [1mINFO    [0m | [36msimulator.base_sim[0m:[36m_load_asset[0m:[36m56[0m - [1mTotal Number of dof: 29[0m
[32m2026-07-31 16:15:58.627[0m | [1mINFO    [0m | [36msimulator.base_sim[0m:[36m_load_asset[0m:[36m57[0m - [1mNumber of Action: 29[0m
mujoco time step :  0.005
[32m2026-07-31 16:15:58.733[0m | [1mINFO    [0m | [36msimulator.mujoco[0m:[36m__init__[0m:[36m148[0m - [1mVisualization Marker: True[0m
Exception in thread [32m2026-07-31 16:15:58.736[0m | [1mINFO    [0m | [36mutils.history_handler[0m:[36m__init__[0m:[36m19[0m - [1mHistory Handler initialized![0m
Thread-1:
Traceback (most recent call last):
  File "/home/loco1/miniconda3/envs/rb-hitter-ghost-20260731/lib/python3.8/threading.py", line 932, in _bootstrap_inner
[32m2026-07-31 16:15:58.738[0m | [1mINFO    [0m | [36menvs.hitter[0m:[36m__init__[0m:[36m110[0m - [1mHITTER ball planner configured.[0m
    self.run()
[32m2026-07-31 16:15:58.745[0m | [1mINFO    [0m | [36magents.base_agent[0m:[36mload_onnx_policy[0m:[36m22[0m - [1mLoading ONNX Checkpoint from /home/loco1/BOB/Hitter/RobotBridge2-chingmu-ghost-mujoco-20260731/deploy/data/model/hitter/hitter_model8000_oldmotion_104_20260725.onnx[0m
[32m2026-07-31 16:15:58.745[0m | [1mINFO    [0m | [36menvs.hitter[0m:[36mconfigure_from_modelmeta[0m:[36m161[0m - [1mApplying HITTER joint configuration from ONNX model.[0m
[32m2026-07-31 16:15:58.750[0m | [1mINFO    [0m | [36menvs.hitter[0m:[36mconfigure_from_modelmeta[0m:[36m203[0m - [1mHITTER policy metadata configured, 29 degrees of freedom.[0m
  File "/home/loco1/miniconda3/envs/rb-hitter-ghost-20260731/lib/python3.8/threading.py", line 870, in run
[32m2026-07-31 16:15:58.750[0m | [1mINFO    [0m | [36magents.hitter_agent[0m:[36mload_onnx_policy[0m:[36m22[0m - [1mHITTER policy metadata loaded. Joints: 29 Anchor body: pelvis[0m
In run
[32m2026-07-31 16:15:58.750[0m | [1mINFO    [0m | [36msimulator.mujoco[0m:[36mcalibrate[0m:[36m1073[0m - [1mResetting envs with ref_dof_pos=['-0.312', '0.000', '0.000', '0.669', '-0.363', '0.000', '-0.312', '0.000', '0.000', '0.669', '-0.363', '0.000', '0.000', '0.000', '0.000', '0.200', '0.200', '0.000', '0.600', '0.000', '0.000', '0.000', '0.200', '-0.200', '0.000', '0.600', '0.000', '0.000', '0.000'][0m
    self._target(*self._args, **self._kwargs)
  File "/home/loco1/BOB/Hitter/RobotBridge2-chingmu-ghost-mujoco-20260731/deploy/simulator/mujoco.py", line 793, in poll
    rfds, _wfds, _efds = select.select(
NameError: name 'select' is not defined
[32m2026-07-31 16:15:58.752[0m | [1mINFO    [0m | [36menvs.hitter[0m:[36m_capture_hitter_waiting_base_target[0m:[36m581[0m - [1mHITTER waiting base target captured at world position [-0.4000000059604645, 0.0, 0.7929999828338623].[0m
[32m2026-07-31 16:15:58.753[0m | [1mINFO    [0m | [36menvs.base_env[0m:[36m_update_obs[0m:[36m92[0m - [1mReceive observation: ['actions', 'root_quat', 'root_rpy', 'base_ang_vel', 'base_lin_vel', 'dof_pos', 'dof_vel', 'projected_gravity'][0m
[32m2026-07-31 16:15:58.753[0m | [1mINFO    [0m | [36menvs.hitter[0m:[36m_log_hitter_status[0m:[36m1016[0m - [1mHITTER realtime status: phase=waiting submitted=0 completed=0 failed=0 dropped=0 result_age_s=nan epoch=None generation=None policy_tts=0.920[0m
[32m2026-07-31 16:15:59.758[0m | [1mINFO    [0m | [36menvs.hitter[0m:[36m_log_hitter_status[0m:[36m1016[0m - [1mHITTER realtime status: phase=waiting submitted=0 completed=0 failed=0 dropped=0 result_age_s=nan epoch=None generation=None policy_tts=0.920[0m
[32m2026-07-31 16:16:00.759[0m | [1mINFO    [0m | [36menvs.hitter[0m:[36m_log_hitter_status[0m:[36m1016[0m - [1mHITTER realtime status: phase=waiting submitted=0 completed=0 failed=0 dropped=0 result_age_s=nan epoch=None generation=None policy_tts=0.920[0m
[32m2026-07-31 16:16:01.778[0m | [1mINFO    [0m | [36menvs.hitter[0m:[36m_log_hitter_status[0m:[36m1016[0m - [1mHITTER realtime status: phase=waiting submitted=0 completed=0 failed=0 dropped=0 result_age_s=nan epoch=None generation=None policy_tts=0.920[0m
[32m2026-07-31 16:16:02.778[0m | [1mINFO    [0m | [36menvs.hitter[0m:[36m_log_hitter_status[0m:[36m1016[0m - [1mHITTER realtime status: phase=waiting submitted=0 completed=0 failed=0 dropped=0 result_age_s=nan epoch=None generation=None policy_tts=0.920[0m
[32m2026-07-31 16:16:03.779[0m | [1mINFO    [0m | [36menvs.hitter[0m:[36m_log_hitter_status[0m:[36m1016[0m - [1mHITTER realtime status: phase=waiting submitted=0 completed=0 failed=0 dropped=0 result_age_s=nan epoch=None generation=None policy_tts=0.920[0m
[32m2026-07-31 16:16:04.780[0m | [1mINFO    [0m | [36menvs.hitter[0m:[36m_log_hitter_status[0m:[36m1016[0m - [1mHITTER realtime status: phase=waiting submitted=0 completed=0 failed=0 dropped=0 result_age_s=nan epoch=None generation=None policy_tts=0.920[0m
[32m2026-07-31 16:16:05.798[0m | [1mINFO    [0m | [36menvs.hitter[0m:[36m_log_hitter_status[0m:[36m1016[0m - [1mHITTER realtime status: phase=waiting submitted=0 completed=0 failed=0 dropped=0 result_age_s=nan epoch=None generation=None policy_tts=0.920[0m
[32m2026-07-31 16:16:06.799[0m | [1mINFO    [0m | [36menvs.hitter[0m:[36m_log_hitter_status[0m:[36m1016[0m - [1mHITTER realtime status: phase=waiting submitted=0 completed=0 failed=0 dropped=0 result_age_s=nan epoch=None generation=None policy_tts=0.920[0m
[32m2026-07-31 16:16:07.800[0m | [1mINFO    [0m | [36menvs.hitter[0m:[36m_log_hitter_status[0m:[36m1016[0m - [1mHITTER realtime status: phase=waiting submitted=0 completed=0 failed=0 dropped=0 result_age_s=nan epoch=None generation=None policy_tts=0.920[0m
[32m2026-07-31 16:16:08.818[0m | [1mINFO    [0m | [36menvs.hitter[0m:[36m_log_hitter_status[0m:[36m1016[0m - [1mHITTER realtime status: phase=waiting submitted=0 completed=0 failed=0 dropped=0 result_age_s=nan epoch=None generation=None policy_tts=0.920[0m
[32m2026-07-31 16:16:09.818[0m | [1mINFO    [0m | [36menvs.hitter[0m:[36m_log_hitter_status[0m:[36m1016[0m - [1mHITTER realtime status: phase=waiting submitted=0 completed=0 failed=0 dropped=0 result_age_s=nan epoch=None generation=None policy_tts=0.920[0m
[32m2026-07-31 16:16:10.819[0m | [1mINFO    [0m | [36menvs.hitter[0m:[36m_log_hitter_status[0m:[36m1016[0m - [1mHITTER realtime status: phase=waiting submitted=0 completed=0 failed=0 dropped=0 result_age_s=nan epoch=None generation=None policy_tts=0.920[0m
[32m2026-07-31 16:16:11.819[0m | [1mINFO    [0m | [36menvs.hitter[0m:[36m_log_hitter_status[0m:[36m1016[0m - [1mHITTER realtime status: phase=waiting submitted=0 completed=0 failed=0 dropped=0 result_age_s=nan epoch=None generation=None policy_tts=0.920[0m
[32m2026-07-31 16:16:12.838[0m | [1mINFO    [0m | [36menvs.hitter[0m:[36m_log_hitter_status[0m:[36m1016[0m - [1mHITTER realtime status: phase=waiting submitted=0 completed=0 failed=0 dropped=0 result_age_s=nan epoch=None generation=None policy_tts=0.920[0m
[32m2026-07-31 16:16:13.839[0m | [1mINFO    [0m | [36menvs.hitter[0m:[36m_log_hitter_status[0m:[36m1016[0m - [1mHITTER realtime status: phase=waiting submitted=0 completed=0 failed=0 dropped=0 result_age_s=nan epoch=None generation=None policy_tts=0.920[0m
[32m2026-07-31 16:16:14.839[0m | [1mINFO    [0m | [36menvs.hitter[0m:[36m_log_hitter_status[0m:[36m1016[0m - [1mHITTER realtime status: phase=waiting submitted=0 completed=0 failed=0 dropped=0 result_age_s=nan epoch=None generation=None policy_tts=0.920[0m
[32m2026-07-31 16:16:15.858[0m | [1mINFO    [0m | [36menvs.hitter[0m:[36m_log_hitter_status[0m:[36m1016[0m - [1mHITTER realtime status: phase=waiting submitted=0 completed=0 failed=0 dropped=0 result_age_s=nan epoch=None generation=None policy_tts=0.920[0m
[32m2026-07-31 16:16:16.859[0m | [1mINFO    [0m | [36menvs.hitter[0m:[36m_log_hitter_status[0m:[36m1016[0m - [1mHITTER realtime status: phase=waiting submitted=0 completed=0 failed=0 dropped=0 result_age_s=nan epoch=None generation=None policy_tts=0.920[0m
[32m2026-07-31 16:16:17.859[0m | [1mINFO    [0m | [36menvs.hitter[0m:[36m_log_hitter_status[0m:[36m1016[0m - [1mHITTER realtime status: phase=waiting submitted=0 completed=0 failed=0 dropped=0 result_age_s=nan epoch=None generation=None policy_tts=0.920[0m
[32m2026-07-31 16:16:18.859[0m | [1mINFO    [0m | [36menvs.hitter[0m:[36m_log_hitter_status[0m:[36m1016[0m - [1mHITTER realtime status: phase=waiting submitted=0 completed=0 failed=0 dropped=0 result_age_s=nan epoch=None generation=None policy_tts=0.920[0m
[32m2026-07-31 16:16:19.860[0m | [1mINFO    [0m | [36menvs.hitter[0m:[36m_log_hitter_status[0m:[36m1016[0m - [1mHITTER realtime status: phase=waiting submitted=0 completed=0 failed=0 dropped=0 result_age_s=nan epoch=None generation=None policy_tts=0.920[0m
[32m2026-07-31 16:16:20.878[0m | [1mINFO    [0m | [36menvs.hitter[0m:[36m_log_hitter_status[0m:[36m1016[0m - [1mHITTER realtime status: phase=waiting submitted=0 completed=0 failed=0 dropped=0 result_age_s=nan epoch=None generation=None policy_tts=0.920[0m
[32m2026-07-31 16:16:21.878[0m | [1mINFO    [0m | [36menvs.hitter[0m:[36m_log_hitter_status[0m:[36m1016[0m - [1mHITTER realtime status: phase=waiting submitted=0 completed=0 failed=0 dropped=0 result_age_s=nan epoch=None generation=None policy_tts=0.920[0m
[32m2026-07-31 16:16:22.879[0m | [1mINFO    [0m | [36menvs.hitter[0m:[36m_log_hitter_status[0m:[36m1016[0m - [1mHITTER realtime status: phase=waiting submitted=0 completed=0 failed=0 dropped=0 result_age_s=nan epoch=None generation=None policy_tts=0.920[0m
[32m2026-07-31 16:16:23.879[0m | [1mINFO    [0m | [36menvs.hitter[0m:[36m_log_hitter_status[0m:[36m1016[0m - [1mHITTER realtime status: phase=waiting submitted=0 completed=0 failed=0 dropped=0 result_age_s=nan epoch=None generation=None policy_tts=0.920[0m
[32m2026-07-31 16:16:24.879[0m | [1mINFO    [0m | [36menvs.hitter[0m:[36m_log_hitter_status[0m:[36m1016[0m - [1mHITTER realtime status: phase=waiting submitted=0 completed=0 failed=0 dropped=0 result_age_s=nan epoch=None generation=None policy_tts=0.920[0m
[32m2026-07-31 16:16:25.879[0m | [1mINFO    [0m | [36menvs.hitter[0m:[36m_log_hitter_status[0m:[36m1016[0m - [1mHITTER realtime status: phase=waiting submitted=0 completed=0 failed=0 dropped=0 result_age_s=nan epoch=None generation=None policy_tts=0.920[0m
[32m2026-07-31 16:16:26.898[0m | [1mINFO    [0m | [36menvs.hitter[0m:[36m_log_hitter_status[0m:[36m1016[0m - [1mHITTER realtime status: phase=waiting submitted=0 completed=0 failed=0 dropped=0 result_age_s=nan epoch=None generation=None policy_tts=0.920[0m
Exception in thread ReadOnlyLcmSubscription-vicon_state_data:
Traceback (most recent call last):
  File "/home/loco1/miniconda3/envs/rb-hitter-ghost-20260731/lib/python3.8/threading.py", line 932, in _bootstrap_inner
    self.run()
  File "/home/loco1/miniconda3/envs/rb-hitter-ghost-20260731/lib/python3.8/threading.py", line 870, in run
Traceback (most recent call last):
  File "/home/loco1/BOB/Hitter/RobotBridge2-chingmu-ghost-mujoco-20260731/deploy/agents/hitter_agent.py", line 46, in run
    obs_buf_dict = self._run_iteration(obs_buf_dict)
  File "/home/loco1/BOB/Hitter/RobotBridge2-chingmu-ghost-mujoco-20260731/deploy/agents/hitter_agent.py", line 38, in _run_iteration
    return self.env.step(action)
  File "/home/loco1/BOB/Hitter/RobotBridge2-chingmu-ghost-mujoco-20260731/deploy/envs/hitter.py", line 250, in step
    return super().step(sim_action[None, ...])
  File "/home/loco1/BOB/Hitter/RobotBridge2-chingmu-ghost-mujoco-20260731/deploy/envs/base_env.py", line 69, in step
    self._physics_step()
  File "/home/loco1/BOB/Hitter/RobotBridge2-chingmu-ghost-mujoco-20260731/deploy/envs/hitter.py", line 1235, in _physics_step
    super()._physics_step()
  File "/home/loco1/BOB/Hitter/RobotBridge2-chingmu-ghost-mujoco-20260731/deploy/envs/base_env.py", line 82, in _physics_step
    self.simulator.apply_action(self.action)
  File "/home/loco1/BOB/Hitter/RobotBridge2-chingmu-ghost-mujoco-20260731/deploy/simulator/mujoco.py", line 1046, in apply_action
    time.sleep(time_to_wait)
KeyboardInterrupt

During handling of the above exception, another exception occurred:

Traceback (most recent call last):
  File "run.py", line 34, in <module>
    main()
  File "/home/loco1/miniconda3/envs/rb-hitter-ghost-20260731/lib/python3.8/site-packages/hydra/main.py", line 94, in decorated_main
    _run_hydra(
  File "/home/loco1/miniconda3/envs/rb-hitter-ghost-20260731/lib/python3.8/site-packages/hydra/_internal/utils.py", line 394, in _run_hydra
    _run_app(
  File "/home/loco1/miniconda3/envs/rb-hitter-ghost-20260731/lib/python3.8/site-packages/hydra/_internal/utils.py", line 457, in _run_app
    run_and_report(
  File "/home/loco1/miniconda3/envs/rb-hitter-ghost-20260731/lib/python3.8/site-packages/hydra/_internal/utils.py", line 220, in run_and_report
    return func()
  File "/home/loco1/miniconda3/envs/rb-hitter-ghost-20260731/lib/python3.8/site-packages/hydra/_internal/utils.py", line 458, in <lambda>
    lambda: hydra.run(
  File "/home/loco1/miniconda3/envs/rb-hitter-ghost-20260731/lib/python3.8/site-packages/hydra/_internal/hydra.py", line 119, in run
    ret = run_job(
  File "/home/loco1/miniconda3/envs/rb-hitter-ghost-20260731/lib/python3.8/site-packages/hydra/core/utils.py", line 186, in run_job
    ret.return_value = task_function(task_cfg)
  File "run.py", line 30, in main
    agent.run()
  File "/home/loco1/BOB/Hitter/RobotBridge2-chingmu-ghost-mujoco-20260731/deploy/agents/hitter_agent.py", line 46, in run
    obs_buf_dict = self._run_iteration(obs_buf_dict)
KeyboardInterrupt
    self._target(*self._args, **self._kwargs)
  File "/home/loco1/BOB/Hitter/RobotBridge2-chingmu-ghost-mujoco-20260731/deploy/utils/read_only_lcm.py", line 137, in _run
    lc_client.handle_timeout(self._poll_timeout_ms)
  File "/home/loco1/BOB/Hitter/RobotBridge2-chingmu-ghost-mujoco-20260731/deploy/utils/read_only_lcm.py", line 56, in handle_timeout
    return self._inner.handle_timeout(timeout_ms)
OSError: lcm_handle_timeout() returned -1
