[INFO][AppLauncher]: Using device: cuda:0
[INFO][AppLauncher]: Loading experience file: /home/sijie/third_party/IsaacLab/apps/isaaclab.python.headless.kit
[Warning] [simulation_app.simulation_app] Modules: ['omni.kit_app'] were loaded before SimulationApp was started and might not be loaded correctly.
[Warning] [simulation_app.simulation_app] Please check to make sure no extra omniverse or pxr modules are imported before the call to SimulationApp(...)
Loading user config located at: '/home/sijie/.venvs/isaaclab-mosaic/lib/python3.10/site-packages/omni/data/Kit/Isaac-Sim/4.5/user.config.json'
[Info] [carb] Logging to file: /home/sijie/.venvs/isaaclab-mosaic/lib/python3.10/site-packages/omni/logs/Kit/Isaac-Sim/4.5/kit_20260625_182244.log
2026-06-25 10:22:44 [0ms] [Warning] [omni.kit.app.plugin] No crash reporter present, dumps uploading isn't available.
2026-06-25 10:22:44 [3ms] [Warning] [omni.ext.plugin] [ext: rendering_modes] Extensions config 'extension.toml' doesn't exist '/home/sijie/third_party/IsaacLab/apps/rendering_modes' or '/home/sijie/third_party/IsaacLab/apps/rendering_modes/config'
2026-06-25 10:22:44 [121ms] [Warning] [omni.usd_config.extension] Enable omni.materialx.libs extension to use MaterialX
2026-06-25 10:22:44 [339ms] [Warning] [omni.datastore] OmniHub is inaccessible
2026-06-25 10:22:44 [407ms] [Warning] [omni.isaac.dynamic_control] omni.isaac.dynamic_control is deprecated as of Isaac Sim 4.5. No action is needed from end-users.

|---------------------------------------------------------------------------------------------|
| Driver Version: 580.159.03    | Graphics API: Vulkan
|=============================================================================================|
| GPU | Name                             | Active | LDA | GPU Memory | Vendor-ID | LUID       |
|     |                                  |        |     |            | Device-ID | UUID       |
|     |                                  |        |     |            | Bus-ID    |            |
|---------------------------------------------------------------------------------------------|
| 0   | NVIDIA GeForce RTX 4090          | Yes: 0 |     | 24564   MB | 10de      | 0          |
|     |                                  |        |     |            | 2684      | 61102075.. |
|     |                                  |        |     |            | 1         |            |
|=============================================================================================|
| OS: 22.04.5 LTS (Jammy Jellyfish) ubuntu, Version: 22.04.5, Kernel: 6.8.0-111-generic
| XServer Vendor: The X.Org Foundation, XServer Version: 12101004 (1.21.1.4)
| Processor: Intel(R) Core(TM) i9-14900K
| Cores: 24 | Logical Cores: 32
|---------------------------------------------------------------------------------------------|
| Total Memory (MB): 128551 | Free Memory: 96991
| Total Page/Swap (MB): 2047 | Free Page/Swap: 1172
|---------------------------------------------------------------------------------------------|
2026-06-25 10:22:52 [8,544ms] [Warning] [gpu.foundation.plugin] IOMMU is enabled.
[INFO]: Parsing configuration from: <class 'whole_body_tracking.tasks.hitter.config.g1.flat_env_cfg.G1HitterStrikingPlannerDomainFlatEnvCfg'>
[INFO]: Parsing configuration from: whole_body_tracking.tasks.hitter.config.g1.agents.rsl_rl_ppo_cfg:G1HitterStrikingPlannerDomainPPORunnerCfg
[INFO] Motion path: /home/sijie/Hitter/MOSAIC-main/data/hitter_motions/wechat_20260608_g1_npz_strike43_fixed_racket_roll055_arm155_peak43_aligned
[INFO] Force strike type: backhand
[INFO] Motion group sampling ratios: {'backhand': 1.0}
[INFO] Racket y offset ranges: forehand=None, backhand=(-0.08, 0.08)
[INFO] Logging experiment in directory: /home/sijie/Hitter/MOSAIC-main/logs/rsl_rl/hitter_striking_g1
Setting seed: 42
[INFO]: Base environment:
	Environment device    : cuda:0
	Environment seed      : 42
	Physics step-size     : 0.005
	Rendering step-size   : 0.02
	Environment step-size : 0.02
[INFO]: Time taken for scene creation : 2.735338 seconds
[INFO]: Scene manager:  <class InteractiveScene>
	Number of environments: 4096
	Environment spacing   : 2.5
	Source prim name      : /World/envs/env_0
	Global prim paths     : ['/World/ground']
	Replicate physics     : True
[INFO]: Starting the simulation. This may take a few seconds. Please wait...
[INFO]: Time taken for simulation start : 5.421353 seconds
2026-06-25 10:23:02 [18,346ms] [Warning] [carb.windowing-glfw.gamepad] Joystick with unknown remapping detected (will be ignored):  Mouse passthrough (absolute) [03000000efbe0000adde000011010000]
2026-06-25 10:23:02 [18,346ms] [Warning] [carb.windowing-glfw.gamepad] Joystick with unknown remapping detected (will be ignored):  Telink Xiaomi Wireless Keyboard and Mouse Combo 2 Consumer Control [03000000172700005550000011010000]
2026-06-25 10:23:02 [18,348ms] [Error] [gpu.foundation.plugin] DriverShaderCacheManager::init() called without a shutdown()!

|---------------------------------------------------------------------------------------------|
| Driver Version: 580.159.03    | Graphics API: Vulkan
|=============================================================================================|
| GPU | Name                             | Active | LDA | GPU Memory | Vendor-ID | LUID       |
|     |                                  |        |     |            | Device-ID | UUID       |
|     |                                  |        |     |            | Bus-ID    |            |
|---------------------------------------------------------------------------------------------|
| 0   | NVIDIA GeForce RTX 4090          | Yes: 0 |     | 24564   MB | 10de      | 0          |
|     |                                  |        |     |            | 2684      | 61102075.. |
|     |                                  |        |     |            | 1         |            |
|=============================================================================================|
| OS: 22.04.5 LTS (Jammy Jellyfish) ubuntu, Version: 22.04.5, Kernel: 6.8.0-111-generic
| XServer Vendor: The X.Org Foundation, XServer Version: 12101004 (1.21.1.4)
| Processor: Intel(R) Core(TM) i9-14900K
| Cores: 24 | Logical Cores: 32
|---------------------------------------------------------------------------------------------|
| Total Memory (MB): 128551 | Free Memory: 93084
| Total Page/Swap (MB): 2047 | Free Page/Swap: 1172
|---------------------------------------------------------------------------------------------|
2026-06-25 10:23:02 [18,699ms] [Warning] [gpu.foundation.plugin] IOMMU is enabled.
2026-06-25 10:23:03 [19,098ms] [Warning] [omni.graph.visualization.nodes._impl.extension] No Viewport Window to add omni.graph.visualization.nodes-2.1.1 scene to
2026-06-25 10:23:03 [19,200ms] [Warning] [omni.usd] Warning: in GetNodeDiscoveryResults at line 136 of /builds/omniverse/usd-ci/USD/pxr/usd/usdShade/shaderDefUtils.cpp -- Unable to resolve info:sourceAsset </UsdPreviewSurface.info:mdl:sourceAsset> with value @UsdPreviewSurface.mdl@.

2026-06-25 10:23:03 [19,200ms] [Warning] [omni.usd] Warning: in GetNodeDiscoveryResults at line 136 of /builds/omniverse/usd-ci/USD/pxr/usd/usdShade/shaderDefUtils.cpp -- Unable to resolve info:sourceAsset </UsdUVTexture.info:mdl:sourceAsset> with value @UsdPreviewSurface.mdl@.

2026-06-25 10:23:03 [19,200ms] [Warning] [omni.usd] Warning: in GetNodeDiscoveryResults at line 136 of /builds/omniverse/usd-ci/USD/pxr/usd/usdShade/shaderDefUtils.cpp -- Unable to resolve info:sourceAsset </UsdPrimvarReader_float.info:mdl:sourceAsset> with value @UsdPreviewSurface.mdl@.

2026-06-25 10:23:03 [19,201ms] [Warning] [omni.usd] Warning: in GetNodeDiscoveryResults at line 136 of /builds/omniverse/usd-ci/USD/pxr/usd/usdShade/shaderDefUtils.cpp -- Unable to resolve info:sourceAsset </UsdPrimvarReader_float2.info:mdl:sourceAsset> with value @UsdPreviewSurface.mdl@.

2026-06-25 10:23:03 [19,201ms] [Warning] [omni.usd] Warning: in GetNodeDiscoveryResults at line 136 of /builds/omniverse/usd-ci/USD/pxr/usd/usdShade/shaderDefUtils.cpp -- Unable to resolve info:sourceAsset </UsdPrimvarReader_float3.info:mdl:sourceAsset> with value @UsdPreviewSurface.mdl@.

2026-06-25 10:23:03 [19,201ms] [Warning] [omni.usd] Warning: in GetNodeDiscoveryResults at line 136 of /builds/omniverse/usd-ci/USD/pxr/usd/usdShade/shaderDefUtils.cpp -- Unable to resolve info:sourceAsset </UsdPrimvarReader_float4.info:mdl:sourceAsset> with value @UsdPreviewSurface.mdl@.

2026-06-25 10:23:03 [19,201ms] [Warning] [omni.usd] Warning: in GetNodeDiscoveryResults at line 136 of /builds/omniverse/usd-ci/USD/pxr/usd/usdShade/shaderDefUtils.cpp -- Unable to resolve info:sourceAsset </UsdPrimvarReader_int.info:mdl:sourceAsset> with value @UsdPreviewSurface.mdl@.

2026-06-25 10:23:03 [19,201ms] [Warning] [omni.usd] Warning: in GetNodeDiscoveryResults at line 136 of /builds/omniverse/usd-ci/USD/pxr/usd/usdShade/shaderDefUtils.cpp -- Unable to resolve info:sourceAsset </UsdPrimvarReader_string.info:mdl:sourceAsset> with value @UsdPreviewSurface.mdl@.

2026-06-25 10:23:03 [19,201ms] [Warning] [omni.usd] Warning: in GetNodeDiscoveryResults at line 136 of /builds/omniverse/usd-ci/USD/pxr/usd/usdShade/shaderDefUtils.cpp -- Unable to resolve info:sourceAsset </UsdPrimvarReader_normal.info:mdl:sourceAsset> with value @UsdPreviewSurface.mdl@.

2026-06-25 10:23:03 [19,201ms] [Warning] [omni.usd] Warning: in GetNodeDiscoveryResults at line 136 of /builds/omniverse/usd-ci/USD/pxr/usd/usdShade/shaderDefUtils.cpp -- Unable to resolve info:sourceAsset </UsdPrimvarReader_point.info:mdl:sourceAsset> with value @UsdPreviewSurface.mdl@.

2026-06-25 10:23:03 [19,201ms] [Warning] [omni.usd] Warning: in GetNodeDiscoveryResults at line 136 of /builds/omniverse/usd-ci/USD/pxr/usd/usdShade/shaderDefUtils.cpp -- Unable to resolve info:sourceAsset </UsdPrimvarReader_vector.info:mdl:sourceAsset> with value @UsdPreviewSurface.mdl@.

2026-06-25 10:23:03 [19,201ms] [Warning] [omni.usd] Warning: in GetNodeDiscoveryResults at line 136 of /builds/omniverse/usd-ci/USD/pxr/usd/usdShade/shaderDefUtils.cpp -- Unable to resolve info:sourceAsset </UsdPrimvarReader_matrix.info:mdl:sourceAsset> with value @UsdPreviewSurface.mdl@.

2026-06-25 10:23:03 [19,201ms] [Warning] [omni.usd] Warning: in GetNodeDiscoveryResults at line 136 of /builds/omniverse/usd-ci/USD/pxr/usd/usdShade/shaderDefUtils.cpp -- Unable to resolve info:sourceAsset </UsdTransform2d.info:mdl:sourceAsset> with value @UsdPreviewSurface.mdl@.

[MultiMotionLoader] Motion group distribution:
  - backhand: 5 motions
  - forehand: 4 motions
[MultiMotionCommand] Registered motion groups: ['backhand', 'forehand']
[MultiMotionCommand]   - Group 'backhand': 5 motions
[MultiMotionCommand]   - Group 'forehand': 4 motions
[MultiMotionCommand] Assigning 4096 environments with ratios: backhand=4096/4096
[INFO] Command Manager:  <CommandManager> contains 1 active terms.
+----------------------------------------+
|          Active Command Terms          |
+-------+--------+-----------------------+
| Index | Name   |          Type         |
+-------+--------+-----------------------+
|   0   | motion | HitterStrikingCommand |
+-------+--------+-----------------------+

[INFO] Event Manager:  <EventManager> contains 2 active terms.
+---------------------------------------+
| Active Event Terms in Mode: 'startup' |
+---------+-----------------------------+
|  Index  | Name                        |
+---------+-----------------------------+
|    0    | physics_material            |
|    1    | add_joint_default_pos       |
|    2    | base_com                    |
+---------+-----------------------------+
+----------------------------------------------+
|    Active Event Terms in Mode: 'interval'    |
+-------+------------+-------------------------+
| Index | Name       | Interval time range (s) |
+-------+------------+-------------------------+
|   0   | push_robot |        (1.0, 3.0)       |
+-------+------------+-------------------------+

[INFO] Recorder Manager:  <RecorderManager> contains 0 active terms.
+---------------------+
| Active Recorder Terms |
+-----------+---------+
|   Index   | Name    |
+-----------+---------+
+-----------+---------+

[INFO] Action Manager:  <ActionManager> contains 1 active terms.
+------------------------------------+
|  Active Action Terms (shape: 29)   |
+--------+-------------+-------------+
| Index  | Name        |   Dimension |
+--------+-------------+-------------+
|   0    | joint_pos   |          29 |
+--------+-------------+-------------+

[INFO] Observation Manager: <ObservationManager> contains 2 groups.
+---------------------------------------------------------+
| Active Observation Terms in Group: 'policy' (shape: (105,)) |
+-----------+---------------------------------+-----------+
|   Index   | Name                            |   Shape   |
+-----------+---------------------------------+-----------+
|     0     | base_ang_vel                    |    (3,)   |
|     1     | projected_gravity               |    (3,)   |
|     2     | base_forward_xy                 |    (2,)   |
|     3     | base_target_pos                 |    (3,)   |
|     4     | racket_target_pos               |    (3,)   |
|     5     | racket_target_vel               |    (3,)   |
|     6     | time_to_strike                  |    (1,)   |
|     7     | joint_pos                       |   (29,)   |
|     8     | joint_vel                       |   (29,)   |
|     9     | actions                         |   (29,)   |
+-----------+---------------------------------+-----------+
+------------------------------------------------------------+
| Active Observation Terms in Group: 'critic' (shape: (302,)) |
+----------+------------------------------------+------------+
|  Index   | Name                               |   Shape    |
+----------+------------------------------------+------------+
|    0     | base_ang_vel                       |    (3,)    |
|    1     | projected_gravity                  |    (3,)    |
|    2     | base_forward_xy                    |    (2,)    |
|    3     | motion_anchor_pos_b                |    (3,)    |
|    4     | motion_anchor_ori_b                |    (6,)    |
|    5     | base_target_pos                    |    (3,)    |
|    6     | racket_target_pos                  |    (3,)    |
|    7     | racket_target_vel                  |    (3,)    |
|    8     | time_to_strike                     |    (1,)    |
|    9     | joint_pos                          |   (29,)    |
|    10    | joint_vel                          |   (29,)    |
|    11    | actions                            |   (29,)    |
|    12    | base_lin_vel                       |    (3,)    |
|    13    | body_pose                          |   (126,)   |
|    14    | time_left                          |    (1,)    |
|    15    | reference_joint_state              |   (58,)    |
+----------+------------------------------------+------------+

[INFO] Termination Manager:  <TerminationManager> contains 3 active terms.
+-------------------------------+
|    Active Termination Terms   |
+-------+------------+----------+
| Index | Name       | Time Out |
+-------+------------+----------+
|   0   | time_out   |   True   |
|   1   | anchor_pos |  False   |
|   2   | anchor_ori |  False   |
+-------+------------+----------+

[INFO] Reward Manager:  <RewardManager> contains 22 active terms.
+------------------------------------------------+
|              Active Reward Terms               |
+-------+-----------------------------+----------+
| Index | Name                        |   Weight |
+-------+-----------------------------+----------+
|   0   | motion_global_anchor_pos    |      0.5 |
|   1   | motion_global_anchor_ori    |      0.5 |
|   2   | motion_body_pos             |      1.0 |
|   3   | motion_body_ori             |      1.0 |
|   4   | motion_body_lin_vel         |      1.5 |
|   5   | motion_body_ang_vel         |      1.5 |
|   6   | motion_anchor_lin_vel       |      1.0 |
|   7   | base_pos                    |      5.0 |
|   8   | racket_pos                  |     80.0 |
|   9   | racket_vel                  |     80.0 |
|   10  | racket_ori                  |     30.0 |
|   11  | torso_forward_lean_l2       |     -2.0 |
|   12  | base_ang_vel_xy_l2          |     -0.4 |
|   13  | undesired_contacts          |    -0.05 |
|   14  | hitter_foot_slip_l2         |     -2.0 |
|   15  | hitter_hit_unstable_support |     -6.0 |
|   16  | hitter_foot_edge_drag       |     -1.0 |
|   17  | hip_yaw_default             |      2.0 |
|   18  | action_rate_l2              |     -0.1 |
|   19  | joint_limit                 |    -10.0 |
|   20  | joint_acc                   | -2.5e-07 |
|   21  | joint_torque                |   -1e-05 |
+-------+-----------------------------+----------+

[INFO] Curriculum Manager:  <CurriculumManager> contains 0 active terms.
+----------------------+
| Active Curriculum Terms |
+-----------+----------+
|   Index   | Name     |
+-----------+----------+
+-----------+----------+

[INFO]: Completed setting up the environment...
Actor MLP: Sequential(
  (0): Linear(in_features=105, out_features=512, bias=True)
  (1): ELU(alpha=1.0)
  (2): Linear(in_features=512, out_features=256, bias=True)
  (3): ELU(alpha=1.0)
  (4): Linear(in_features=256, out_features=128, bias=True)
  (5): ELU(alpha=1.0)
  (6): Linear(in_features=128, out_features=29, bias=True)
)
Critic MLP: Sequential(
  (0): Linear(in_features=302, out_features=512, bias=True)
  (1): ELU(alpha=1.0)
  (2): Linear(in_features=512, out_features=256, bias=True)
  (3): ELU(alpha=1.0)
  (4): Linear(in_features=256, out_features=128, bias=True)
  (5): ELU(alpha=1.0)
  (6): Linear(in_features=128, out_features=1, bias=True)
)
################################################################################
                     [1m Learning iteration 0/200000 [0m                      

                       Computation: 39714 steps/s (collection: 2.345s, learning 0.131s)
             Mean action noise std: 1.00
          Mean value_function loss: 1.7794
               Mean surrogate loss: -0.0007
                 Mean entropy loss: 41.0938
               Mean approx_kl loss: 0.0252
           Mean clip_fraction loss: 0.2372
              Mean ratio_mean loss: 0.9981
          Mean advantage_mean loss: 0.0000
           Mean advantage_std loss: 1.0000
      Mean explained_variance loss: 0.0159
                       Mean reward: -2.33
               Mean episode length: 18.03
Episode_Reward/motion_global_anchor_pos: 0.0109
Episode_Reward/motion_global_anchor_ori: 0.0087
    Episode_Reward/motion_body_pos: 0.0141
    Episode_Reward/motion_body_ori: 0.0030
Episode_Reward/motion_body_lin_vel: 0.0108
Episode_Reward/motion_body_ang_vel: 0.0010
Episode_Reward/motion_anchor_lin_vel: 0.0171
           Episode_Reward/base_pos: 0.0470
         Episode_Reward/racket_pos: 0.0000
         Episode_Reward/racket_vel: 0.0000
         Episode_Reward/racket_ori: 0.0000
Episode_Reward/torso_forward_lean_l2: -0.0033
 Episode_Reward/base_ang_vel_xy_l2: -0.1088
 Episode_Reward/undesired_contacts: -0.0002
Episode_Reward/hitter_foot_slip_l2: -0.0270
Episode_Reward/hitter_hit_unstable_support: 0.0000
Episode_Reward/hitter_foot_edge_drag: -0.0072
    Episode_Reward/hip_yaw_default: 0.0263
     Episode_Reward/action_rate_l2: -0.1410
        Episode_Reward/joint_limit: -0.0028
          Episode_Reward/joint_acc: -0.0053
       Episode_Reward/joint_torque: -0.0012
   Metrics/motion/error_anchor_pos: 0.1260
   Metrics/motion/error_anchor_rot: 0.2980
Metrics/motion/error_anchor_lin_vel: 0.5915
Metrics/motion/error_anchor_ang_vel: 4.1305
     Metrics/motion/error_body_pos: 2.8999
     Metrics/motion/error_body_rot: 0.9109
 Metrics/motion/error_body_lin_vel: 0.9898
 Metrics/motion/error_body_ang_vel: 5.7326
    Metrics/motion/error_joint_pos: 1.8409
    Metrics/motion/error_joint_vel: 18.7043
   Metrics/motion/sampling_entropy: 0.0000
 Metrics/motion/sampling_top1_prob: 0.0000
  Metrics/motion/sampling_top1_bin: 0.0000
Metrics/motion/motion_sampling_prob_mean: 0.1065
Metrics/motion/motion_sampling_prob_std: 0.0000
Metrics/motion/motion_sampling_prob_min: 0.1065
Metrics/motion/motion_sampling_prob_max: 0.1065
Metrics/motion/motion_sampling_prob_entropy: 0.9583
Metrics/motion/hitter_strike_racket_pos_error: 0.0000
Metrics/motion/hitter_strike_racket_vel_error: 0.0000
Metrics/motion/hitter_strike_racket_ori_error: 0.0000
      Episode_Termination/time_out: 8.3333
    Episode_Termination/anchor_pos: 0.0417
    Episode_Termination/anchor_ori: 0.0000
--------------------------------------------------------------------------------
                   Total timesteps: 98304
                    Iteration time: 2.48s
                      Time elapsed: 00:00:02
                               ETA: 17:30:54

Could not find git repository in /home/sijie/Hitter/MOSAIC-main/source/rsl_rl/rsl_rl/__init__.py. Skipping.
Could not find git repository in /home/sijie/Hitter/MOSAIC-main/scripts/rsl_rl/train.py. Skipping.
################################################################################
                     [1m Learning iteration 1/200000 [0m                      

                       Computation: 79891 steps/s (collection: 1.151s, learning 0.079s)
             Mean action noise std: 0.99
          Mean value_function loss: 4.1381
               Mean surrogate loss: -0.0088
                 Mean entropy loss: 40.9947
               Mean approx_kl loss: 0.0108
           Mean clip_fraction loss: 0.1595
              Mean ratio_mean loss: 0.9996
          Mean advantage_mean loss: 0.0000
           Mean advantage_std loss: 1.0000
      Mean explained_variance loss: 0.1097
                       Mean reward: -11.27
               Mean episode length: 47.48
Episode_Reward/motion_global_anchor_pos: 0.0205
Episode_Reward/motion_global_anchor_ori: 0.0142
    Episode_Reward/motion_body_pos: 0.0275
    Episode_Reward/motion_body_ori: 0.0033
Episode_Reward/motion_body_lin_vel: 0.0232
Episode_Reward/motion_body_ang_vel: 0.0053
Episode_Reward/motion_anchor_lin_vel: 0.0356
           Episode_Reward/base_pos: 0.0777
         Episode_Reward/racket_pos: 0.0000
         Episode_Reward/racket_vel: 0.0007
         Episode_Reward/racket_ori: 0.0020
Episode_Reward/torso_forward_lean_l2: -0.0425
 Episode_Reward/base_ang_vel_xy_l2: -0.4245
 Episode_Reward/undesired_contacts: -0.0006
Episode_Reward/hitter_foot_slip_l2: -0.0886
Episode_Reward/hitter_hit_unstable_support: -0.0264
Episode_Reward/hitter_foot_edge_drag: -0.0170
    Episode_Reward/hip_yaw_default: 0.0708
     Episode_Reward/action_rate_l2: -0.4154
        Episode_Reward/joint_limit: -0.0190
          Episode_Reward/joint_acc: -0.0144
       Episode_Reward/joint_torque: -0.0033
   Metrics/motion/error_anchor_pos: 0.6101
   Metrics/motion/error_anchor_rot: 1.0896
Metrics/motion/error_anchor_lin_vel: 1.9110
Metrics/motion/error_anchor_ang_vel: 4.5777
     Metrics/motion/error_body_pos: 0.5275
     Metrics/motion/error_body_rot: 1.5859
 Metrics/motion/error_body_lin_vel: 2.4378
 Metrics/motion/error_body_ang_vel: 5.7358
    Metrics/motion/error_joint_pos: 2.1539
    Metrics/motion/error_joint_vel: 19.4797
   Metrics/motion/sampling_entropy: 0.0000
 Metrics/motion/sampling_top1_prob: 0.0000
  Metrics/motion/sampling_top1_bin: 0.0000
Metrics/motion/motion_sampling_prob_mean: 0.1111
Metrics/motion/motion_sampling_prob_std: 0.0000
Metrics/motion/motion_sampling_prob_min: 0.1111
Metrics/motion/motion_sampling_prob_max: 0.1111
Metrics/motion/motion_sampling_prob_entropy: 1.0000
Metrics/motion/hitter_strike_racket_pos_error: 0.1527
Metrics/motion/hitter_strike_racket_vel_error: 0.6739
Metrics/motion/hitter_strike_racket_ori_error: 0.2068
      Episode_Termination/time_out: 5.2083
    Episode_Termination/anchor_pos: 119.7083
    Episode_Termination/anchor_ori: 0.2500
--------------------------------------------------------------------------------
                   Total timesteps: 196608
                    Iteration time: 1.23s
                      Time elapsed: 00:00:03
                               ETA: 06:56:12

################################################################################
                     [1m Learning iteration 2/200000 [0m                      

                       Computation: 79285 steps/s (collection: 1.156s, learning 0.084s)
             Mean action noise std: 0.99
          Mean value_function loss: 2.6047
               Mean surrogate loss: -0.0088
                 Mean entropy loss: 40.8902
               Mean approx_kl loss: 0.0132
           Mean clip_fraction loss: 0.2104
              Mean ratio_mean loss: 1.0005
          Mean advantage_mean loss: 0.0000
           Mean advantage_std loss: 1.0000
      Mean explained_variance loss: 0.0655
                       Mean reward: -8.22
               Mean episode length: 39.23
Episode_Reward/motion_global_anchor_pos: 0.0269
Episode_Reward/motion_global_anchor_ori: 0.0170
    Episode_Reward/motion_body_pos: 0.0350
    Episode_Reward/motion_body_ori: 0.0042
Episode_Reward/motion_body_lin_vel: 0.0381
Episode_Reward/motion_body_ang_vel: 0.0074
Episode_Reward/motion_anchor_lin_vel: 0.0514
           Episode_Reward/base_pos: 0.0934
         Episode_Reward/racket_pos: 0.0003
         Episode_Reward/racket_vel: 0.0029
         Episode_Reward/racket_ori: 0.0067
Episode_Reward/torso_forward_lean_l2: -0.0671
 Episode_Reward/base_ang_vel_xy_l2: -0.5617
 Episode_Reward/undesired_contacts: -0.0009
Episode_Reward/hitter_foot_slip_l2: -0.1069
Episode_Reward/hitter_hit_unstable_support: -0.0470
Episode_Reward/hitter_foot_edge_drag: -0.0223
    Episode_Reward/hip_yaw_default: 0.0891
     Episode_Reward/action_rate_l2: -0.5216
        Episode_Reward/joint_limit: -0.0209
          Episode_Reward/joint_acc: -0.0178
       Episode_Reward/joint_torque: -0.0043
   Metrics/motion/error_anchor_pos: 0.6413
   Metrics/motion/error_anchor_rot: 1.1661
Metrics/motion/error_anchor_lin_vel: 1.9741
Metrics/motion/error_anchor_ang_vel: 4.6300
     Metrics/motion/error_body_pos: 0.5458
     Metrics/motion/error_body_rot: 1.4837
 Metrics/motion/error_body_lin_vel: 2.4527
 Metrics/motion/error_body_ang_vel: 5.6585
    Metrics/motion/error_joint_pos: 2.1293
    Metrics/motion/error_joint_vel: 19.4873
   Metrics/motion/sampling_entropy: 0.0000
 Metrics/motion/sampling_top1_prob: 0.0000
  Metrics/motion/sampling_top1_bin: 0.0000
Metrics/motion/motion_sampling_prob_mean: 0.1111
Metrics/motion/motion_sampling_prob_std: 0.0000
Metrics/motion/motion_sampling_prob_min: 0.1111
Metrics/motion/motion_sampling_prob_max: 0.1111
Metrics/motion/motion_sampling_prob_entropy: 1.0000
Metrics/motion/hitter_strike_racket_pos_error: 0.4334
Metrics/motion/hitter_strike_racket_vel_error: 2.0122
Metrics/motion/hitter_strike_racket_ori_error: 0.6722
      Episode_Termination/time_out: 1.0000
    Episode_Termination/anchor_pos: 76.6250
    Episode_Termination/anchor_ori: 0.1667
--------------------------------------------------------------------------------
                   Total timesteps: 294912
                    Iteration time: 1.24s
                      Time elapsed: 00:00:04
                               ETA: 19:35:04

################################################################################
                     [1m Learning iteration 3/200000 [0m                      

                       Computation: 80436 steps/s (collection: 1.145s, learning 0.077s)
             Mean action noise std: 0.98
          Mean value_function loss: 2.3997
               Mean surrogate loss: -0.0067
                 Mean entropy loss: 40.7462
               Mean approx_kl loss: 0.0157
           Mean clip_fraction loss: 0.2292
              Mean ratio_mean loss: 0.9995
          Mean advantage_mean loss: 0.0000
           Mean advantage_std loss: 1.0000
      Mean explained_variance loss: 0.1673
                       Mean reward: -9.07
               Mean episode length: 43.45
Episode_Reward/motion_global_anchor_pos: 0.0244
Episode_Reward/motion_global_anchor_ori: 0.0163
    Episode_Reward/motion_body_pos: 0.0335
    Episode_Reward/motion_body_ori: 0.0052
Episode_Reward/motion_body_lin_vel: 0.0320
Episode_Reward/motion_body_ang_vel: 0.0068
Episode_Reward/motion_anchor_lin_vel: 0.0453
           Episode_Reward/base_pos: 0.0880
         Episode_Reward/racket_pos: 0.0002
         Episode_Reward/racket_vel: 0.0024
         Episode_Reward/racket_ori: 0.0049
Episode_Reward/torso_forward_lean_l2: -0.0586
 Episode_Reward/base_ang_vel_xy_l2: -0.5066
 Episode_Reward/undesired_contacts: -0.0008
Episode_Reward/hitter_foot_slip_l2: -0.1004
Episode_Reward/hitter_hit_unstable_support: -0.0469
Episode_Reward/hitter_foot_edge_drag: -0.0200
    Episode_Reward/hip_yaw_default: 0.0849
     Episode_Reward/action_rate_l2: -0.4814
        Episode_Reward/joint_limit: -0.0215
          Episode_Reward/joint_acc: -0.0165
       Episode_Reward/joint_torque: -0.0039
   Metrics/motion/error_anchor_pos: 0.6446
   Metrics/motion/error_anchor_rot: 1.1342
Metrics/motion/error_anchor_lin_vel: 1.9855
Metrics/motion/error_anchor_ang_vel: 4.6083
     Metrics/motion/error_body_pos: 0.5452
     Metrics/motion/error_body_rot: 1.5173
 Metrics/motion/error_body_lin_vel: 2.4712
 Metrics/motion/error_body_ang_vel: 5.8292
    Metrics/motion/error_joint_pos: 2.1060
    Metrics/motion/error_joint_vel: 19.6042
   Metrics/motion/sampling_entropy: 0.0000
 Metrics/motion/sampling_top1_prob: 0.0000
  Metrics/motion/sampling_top1_bin: 0.0000
Metrics/motion/motion_sampling_prob_mean: 0.1111
Metrics/motion/motion_sampling_prob_std: 0.0000
Metrics/motion/motion_sampling_prob_min: 0.1111
Metrics/motion/motion_sampling_prob_max: 0.1111
Metrics/motion/motion_sampling_prob_entropy: 1.0000
Metrics/motion/hitter_strike_racket_pos_error: 0.3531
Metrics/motion/hitter_strike_racket_vel_error: 1.5493
Metrics/motion/hitter_strike_racket_ori_error: 0.5072
      Episode_Termination/time_out: 0.1250
    Episode_Termination/anchor_pos: 102.2083
    Episode_Termination/anchor_ori: 0.1250
--------------------------------------------------------------------------------
                   Total timesteps: 393216
                    Iteration time: 1.22s
                      Time elapsed: 00:00:06
                               ETA: 13:39:42

################################################################################
                     [1m Learning iteration 4/200000 [0m                      

                       Computation: 79025 steps/s (collection: 1.167s, learning 0.077s)
             Mean action noise std: 0.98
          Mean value_function loss: 1.8260
               Mean surrogate loss: -0.0083
                 Mean entropy loss: 40.5768
               Mean approx_kl loss: 0.0155
           Mean clip_fraction loss: 0.2279
              Mean ratio_mean loss: 0.9994
          Mean advantage_mean loss: 0.0000
           Mean advantage_std loss: 1.0000
      Mean explained_variance loss: 0.2870
                       Mean reward: -8.70
               Mean episode length: 44.03
Episode_Reward/motion_global_anchor_pos: 0.0243
Episode_Reward/motion_global_anchor_ori: 0.0163
    Episode_Reward/motion_body_pos: 0.0337
    Episode_Reward/motion_body_ori: 0.0053
Episode_Reward/motion_body_lin_vel: 0.0323
Episode_Reward/motion_body_ang_vel: 0.0069
Episode_Reward/motion_anchor_lin_vel: 0.0452
           Episode_Reward/base_pos: 0.0902
         Episode_Reward/racket_pos: 0.0004
         Episode_Reward/racket_vel: 0.0023
         Episode_Reward/racket_ori: 0.0045
Episode_Reward/torso_forward_lean_l2: -0.0568
 Episode_Reward/base_ang_vel_xy_l2: -0.4853
 Episode_Reward/undesired_contacts: -0.0008
Episode_Reward/hitter_foot_slip_l2: -0.0992
Episode_Reward/hitter_hit_unstable_support: -0.0386
Episode_Reward/hitter_foot_edge_drag: -0.0198
    Episode_Reward/hip_yaw_default: 0.0859
     Episode_Reward/action_rate_l2: -0.4764
        Episode_Reward/joint_limit: -0.0212
          Episode_Reward/joint_acc: -0.0163
       Episode_Reward/joint_torque: -0.0039
   Metrics/motion/error_anchor_pos: 0.6483
   Metrics/motion/error_anchor_rot: 1.1284
Metrics/motion/error_anchor_lin_vel: 1.9910
Metrics/motion/error_anchor_ang_vel: 4.4572
     Metrics/motion/error_body_pos: 0.5407
     Metrics/motion/error_body_rot: 1.5029
 Metrics/motion/error_body_lin_vel: 2.4853
 Metrics/motion/error_body_ang_vel: 5.6962
    Metrics/motion/error_joint_pos: 2.1200
    Metrics/motion/error_joint_vel: 19.4311
   Metrics/motion/sampling_entropy: 0.0000
 Metrics/motion/sampling_top1_prob: 0.0000
  Metrics/motion/sampling_top1_bin: 0.0000
Metrics/motion/motion_sampling_prob_mean: 0.1111
Metrics/motion/motion_sampling_prob_std: 0.0000
Metrics/motion/motion_sampling_prob_min: 0.1111
Metrics/motion/motion_sampling_prob_max: 0.1111
Metrics/motion/motion_sampling_prob_entropy: 1.0000
Metrics/motion/hitter_strike_racket_pos_error: 0.3000
Metrics/motion/hitter_strike_racket_vel_error: 1.3677
Metrics/motion/hitter_strike_racket_ori_error: 0.4564
      Episode_Termination/time_out: 0.0000
    Episode_Termination/anchor_pos: 94.0417
    Episode_Termination/anchor_ori: 0.2083
--------------------------------------------------------------------------------
                   Total timesteps: 491520
                    Iteration time: 1.24s
                      Time elapsed: 00:00:07
                               ETA: 10:21:01

################################################################################
                     [1m Learning iteration 5/200000 [0m                      

                       Computation: 79310 steps/s (collection: 1.163s, learning 0.076s)
             Mean action noise std: 0.97
          Mean value_function loss: 1.4710
               Mean surrogate loss: -0.0085
                 Mean entropy loss: 40.4316
               Mean approx_kl loss: 0.0145
           Mean clip_fraction loss: 0.2123
              Mean ratio_mean loss: 0.9993
          Mean advantage_mean loss: 0.0000
           Mean advantage_std loss: 1.0000
      Mean explained_variance loss: 0.3959
                       Mean reward: -8.73
               Mean episode length: 44.02
Episode_Reward/motion_global_anchor_pos: 0.0244
Episode_Reward/motion_global_anchor_ori: 0.0169
    Episode_Reward/motion_body_pos: 0.0340
    Episode_Reward/motion_body_ori: 0.0053
Episode_Reward/motion_body_lin_vel: 0.0327
Episode_Reward/motion_body_ang_vel: 0.0071
Episode_Reward/motion_anchor_lin_vel: 0.0455
           Episode_Reward/base_pos: 0.0875
         Episode_Reward/racket_pos: 0.0002
         Episode_Reward/racket_vel: 0.0029
         Episode_Reward/racket_ori: 0.0045
Episode_Reward/torso_forward_lean_l2: -0.0556
 Episode_Reward/base_ang_vel_xy_l2: -0.4785
 Episode_Reward/undesired_contacts: -0.0008
Episode_Reward/hitter_foot_slip_l2: -0.0999
Episode_Reward/hitter_hit_unstable_support: -0.0450
Episode_Reward/hitter_foot_edge_drag: -0.0196
    Episode_Reward/hip_yaw_default: 0.0880
     Episode_Reward/action_rate_l2: -0.4731
        Episode_Reward/joint_limit: -0.0219
          Episode_Reward/joint_acc: -0.0162
       Episode_Reward/joint_torque: -0.0038
   Metrics/motion/error_anchor_pos: 0.6482
   Metrics/motion/error_anchor_rot: 1.1114
Metrics/motion/error_anchor_lin_vel: 1.9867
Metrics/motion/error_anchor_ang_vel: 4.4325
     Metrics/motion/error_body_pos: 0.5402
     Metrics/motion/error_body_rot: 1.4793
 Metrics/motion/error_body_lin_vel: 2.4762
 Metrics/motion/error_body_ang_vel: 5.6994
    Metrics/motion/error_joint_pos: 2.1166
    Metrics/motion/error_joint_vel: 19.2723
   Metrics/motion/sampling_entropy: 0.0000
 Metrics/motion/sampling_top1_prob: 0.0000
  Metrics/motion/sampling_top1_bin: 0.0000
Metrics/motion/motion_sampling_prob_mean: 0.1111
Metrics/motion/motion_sampling_prob_std: 0.0000
Metrics/motion/motion_sampling_prob_min: 0.1111
Metrics/motion/motion_sampling_prob_max: 0.1111
Metrics/motion/motion_sampling_prob_entropy: 1.0000
Metrics/motion/hitter_strike_racket_pos_error: 0.3412
Metrics/motion/hitter_strike_racket_vel_error: 1.4896
Metrics/motion/hitter_strike_racket_ori_error: 0.5104
      Episode_Termination/time_out: 0.0000
    Episode_Termination/anchor_pos: 95.0833
    Episode_Termination/anchor_ori: 0.0417
--------------------------------------------------------------------------------
                   Total timesteps: 589824
                    Iteration time: 1.24s
                      Time elapsed: 00:00:08
                               ETA: 08:06:05

################################################################################
                     [1m Learning iteration 6/200000 [0m                      

                       Computation: 79602 steps/s (collection: 1.158s, learning 0.077s)
             Mean action noise std: 0.97
          Mean value_function loss: 1.1605
               Mean surrogate loss: -0.0097
                 Mean entropy loss: 40.2276
               Mean approx_kl loss: 0.0151
           Mean clip_fraction loss: 0.2171
              Mean ratio_mean loss: 0.9991
          Mean advantage_mean loss: 0.0000
           Mean advantage_std loss: 1.0000
      Mean explained_variance loss: 0.4984
                       Mean reward: -7.88
               Mean episode length: 41.30
Episode_Reward/motion_global_anchor_pos: 0.0240
Episode_Reward/motion_global_anchor_ori: 0.0168
    Episode_Reward/motion_body_pos: 0.0338
    Episode_Reward/motion_body_ori: 0.0054
Episode_Reward/motion_body_lin_vel: 0.0323
Episode_Reward/motion_body_ang_vel: 0.0071
Episode_Reward/motion_anchor_lin_vel: 0.0445
           Episode_Reward/base_pos: 0.0903
         Episode_Reward/racket_pos: 0.0003
         Episode_Reward/racket_vel: 0.0021
         Episode_Reward/racket_ori: 0.0039
Episode_Reward/torso_forward_lean_l2: -0.0537
 Episode_Reward/base_ang_vel_xy_l2: -0.4550
 Episode_Reward/undesired_contacts: -0.0008
Episode_Reward/hitter_foot_slip_l2: -0.0976
Episode_Reward/hitter_hit_unstable_support: -0.0405
Episode_Reward/hitter_foot_edge_drag: -0.0190
    Episode_Reward/hip_yaw_default: 0.0881
     Episode_Reward/action_rate_l2: -0.4616
        Episode_Reward/joint_limit: -0.0216
          Episode_Reward/joint_acc: -0.0157
       Episode_Reward/joint_torque: -0.0037
   Metrics/motion/error_anchor_pos: 0.6509
   Metrics/motion/error_anchor_rot: 1.0912
Metrics/motion/error_anchor_lin_vel: 1.9953
Metrics/motion/error_anchor_ang_vel: 4.4638
     Metrics/motion/error_body_pos: 0.5367
     Metrics/motion/error_body_rot: 1.4810
 Metrics/motion/error_body_lin_vel: 2.4796
 Metrics/motion/error_body_ang_vel: 5.6634
    Metrics/motion/error_joint_pos: 2.1281
    Metrics/motion/error_joint_vel: 19.2748
   Metrics/motion/sampling_entropy: 0.0000
 Metrics/motion/sampling_top1_prob: 0.0000
  Metrics/motion/sampling_top1_bin: 0.0000
Metrics/motion/motion_sampling_prob_mean: 0.1111
Metrics/motion/motion_sampling_prob_std: 0.0000
Metrics/motion/motion_sampling_prob_min: 0.1111
Metrics/motion/motion_sampling_prob_max: 0.1111
Metrics/motion/motion_sampling_prob_entropy: 1.0000
Metrics/motion/hitter_strike_racket_pos_error: 0.3091
Metrics/motion/hitter_strike_racket_vel_error: 1.4115
Metrics/motion/hitter_strike_racket_ori_error: 0.4832
      Episode_Termination/time_out: 0.0000
    Episode_Termination/anchor_pos: 99.9583
    Episode_Termination/anchor_ori: 0.2500
--------------------------------------------------------------------------------
                   Total timesteps: 688128
                    Iteration time: 1.23s
                      Time elapsed: 00:00:09
                               ETA: 06:27:32

################################################################################
                     [1m Learning iteration 7/200000 [0m                      

                       Computation: 79355 steps/s (collection: 1.156s, learning 0.082s)
             Mean action noise std: 0.96
          Mean value_function loss: 0.9539
               Mean surrogate loss: -0.0083
                 Mean entropy loss: 40.1017
               Mean approx_kl loss: 0.0155
           Mean clip_fraction loss: 0.2244
              Mean ratio_mean loss: 0.9991
          Mean advantage_mean loss: 0.0000
           Mean advantage_std loss: 1.0000
      Mean explained_variance loss: 0.5880
                       Mean reward: -7.30
               Mean episode length: 41.50
Episode_Reward/motion_global_anchor_pos: 0.0241
Episode_Reward/motion_global_anchor_ori: 0.0170
    Episode_Reward/motion_body_pos: 0.0341
    Episode_Reward/motion_body_ori: 0.0054
Episode_Reward/motion_body_lin_vel: 0.0324
Episode_Reward/motion_body_ang_vel: 0.0073
Episode_Reward/motion_anchor_lin_vel: 0.0444
           Episode_Reward/base_pos: 0.0913
         Episode_Reward/racket_pos: 0.0002
         Episode_Reward/racket_vel: 0.0023
         Episode_Reward/racket_ori: 0.0044
Episode_Reward/torso_forward_lean_l2: -0.0521
 Episode_Reward/base_ang_vel_xy_l2: -0.4373
 Episode_Reward/undesired_contacts: -0.0008
Episode_Reward/hitter_foot_slip_l2: -0.0966
Episode_Reward/hitter_hit_unstable_support: -0.0400
Episode_Reward/hitter_foot_edge_drag: -0.0190
    Episode_Reward/hip_yaw_default: 0.0895
     Episode_Reward/action_rate_l2: -0.4553
        Episode_Reward/joint_limit: -0.0215
          Episode_Reward/joint_acc: -0.0157
       Episode_Reward/joint_torque: -0.0037
   Metrics/motion/error_anchor_pos: 0.6493
   Metrics/motion/error_anchor_rot: 1.0708
Metrics/motion/error_anchor_lin_vel: 1.9971
Metrics/motion/error_anchor_ang_vel: 4.2753
     Metrics/motion/error_body_pos: 0.5334
     Metrics/motion/error_body_rot: 1.4482
 Metrics/motion/error_body_lin_vel: 2.4771
 Metrics/motion/error_body_ang_vel: 5.5762
    Metrics/motion/error_joint_pos: 2.1232
    Metrics/motion/error_joint_vel: 19.1842
   Metrics/motion/sampling_entropy: 0.0000
 Metrics/motion/sampling_top1_prob: 0.0000
  Metrics/motion/sampling_top1_bin: 0.0000
Metrics/motion/motion_sampling_prob_mean: 0.1111
Metrics/motion/motion_sampling_prob_std: 0.0000
Metrics/motion/motion_sampling_prob_min: 0.1111
Metrics/motion/motion_sampling_prob_max: 0.1111
Metrics/motion/motion_sampling_prob_entropy: 1.0000
Metrics/motion/hitter_strike_racket_pos_error: 0.3048
Metrics/motion/hitter_strike_racket_vel_error: 1.3705
Metrics/motion/hitter_strike_racket_ori_error: 0.4617
      Episode_Termination/time_out: 0.0000
    Episode_Termination/anchor_pos: 92.6667
    Episode_Termination/anchor_ori: 0.0000
--------------------------------------------------------------------------------
                   Total timesteps: 786432
                    Iteration time: 1.24s
                      Time elapsed: 00:00:11
                               ETA: 05:15:12

################################################################################
                     [1m Learning iteration 8/200000 [0m                      

                       Computation: 78654 steps/s (collection: 1.173s, learning 0.077s)
             Mean action noise std: 0.96
          Mean value_function loss: 0.7335
               Mean surrogate loss: -0.0114
                 Mean entropy loss: 39.9092
               Mean approx_kl loss: 0.0138
           Mean clip_fraction loss: 0.2118
              Mean ratio_mean loss: 1.0000
          Mean advantage_mean loss: 0.0000
           Mean advantage_std loss: 1.0000
      Mean explained_variance loss: 0.6802
                       Mean reward: -7.87
               Mean episode length: 43.45
Episode_Reward/motion_global_anchor_pos: 0.0246
Episode_Reward/motion_global_anchor_ori: 0.0173
    Episode_Reward/motion_body_pos: 0.0346
    Episode_Reward/motion_body_ori: 0.0054
Episode_Reward/motion_body_lin_vel: 0.0337
Episode_Reward/motion_body_ang_vel: 0.0076
Episode_Reward/motion_anchor_lin_vel: 0.0457
           Episode_Reward/base_pos: 0.0864
         Episode_Reward/racket_pos: 0.0006
         Episode_Reward/racket_vel: 0.0022
         Episode_Reward/racket_ori: 0.0039
Episode_Reward/torso_forward_lean_l2: -0.0525
 Episode_Reward/base_ang_vel_xy_l2: -0.4277
 Episode_Reward/undesired_contacts: -0.0008
Episode_Reward/hitter_foot_slip_l2: -0.0976
Episode_Reward/hitter_hit_unstable_support: -0.0418
Episode_Reward/hitter_foot_edge_drag: -0.0193
    Episode_Reward/hip_yaw_default: 0.0911
     Episode_Reward/action_rate_l2: -0.4554
        Episode_Reward/joint_limit: -0.0212
          Episode_Reward/joint_acc: -0.0156
       Episode_Reward/joint_torque: -0.0037
   Metrics/motion/error_anchor_pos: 0.6462
   Metrics/motion/error_anchor_rot: 1.0567
Metrics/motion/error_anchor_lin_vel: 1.9927
Metrics/motion/error_anchor_ang_vel: 4.2581
     Metrics/motion/error_body_pos: 0.5312
     Metrics/motion/error_body_rot: 1.4199
 Metrics/motion/error_body_lin_vel: 2.4637
 Metrics/motion/error_body_ang_vel: 5.5696
    Metrics/motion/error_joint_pos: 2.1297
    Metrics/motion/error_joint_vel: 18.9858
   Metrics/motion/sampling_entropy: 0.0000
 Metrics/motion/sampling_top1_prob: 0.0000
  Metrics/motion/sampling_top1_bin: 0.0000
Metrics/motion/motion_sampling_prob_mean: 0.1111
Metrics/motion/motion_sampling_prob_std: 0.0000
Metrics/motion/motion_sampling_prob_min: 0.1111
Metrics/motion/motion_sampling_prob_max: 0.1111
Metrics/motion/motion_sampling_prob_entropy: 1.0000
Metrics/motion/hitter_strike_racket_pos_error: 0.3201
Metrics/motion/hitter_strike_racket_vel_error: 1.4549
Metrics/motion/hitter_strike_racket_ori_error: 0.5036
      Episode_Termination/time_out: 0.0000
    Episode_Termination/anchor_pos: 96.7500
    Episode_Termination/anchor_ori: 0.0000
--------------------------------------------------------------------------------
                   Total timesteps: 884736
                    Iteration time: 1.25s
                      Time elapsed: 00:00:12
                               ETA: 04:23:02

################################################################################
                     [1m Learning iteration 9/200000 [0m                      

                       Computation: 78020 steps/s (collection: 1.181s, learning 0.079s)
             Mean action noise std: 0.95
          Mean value_function loss: 0.5891
               Mean surrogate loss: -0.0118
                 Mean entropy loss: 39.6819
               Mean approx_kl loss: 0.0157
           Mean clip_fraction loss: 0.2313
              Mean ratio_mean loss: 0.9994
          Mean advantage_mean loss: 0.0000
           Mean advantage_std loss: 1.0000
      Mean explained_variance loss: 0.7361
                       Mean reward: -7.20
               Mean episode length: 43.31
Episode_Reward/motion_global_anchor_pos: 0.0244
Episode_Reward/motion_global_anchor_ori: 0.0175
    Episode_Reward/motion_body_pos: 0.0348
    Episode_Reward/motion_body_ori: 0.0054
Episode_Reward/motion_body_lin_vel: 0.0334
Episode_Reward/motion_body_ang_vel: 0.0077
Episode_Reward/motion_anchor_lin_vel: 0.0449
           Episode_Reward/base_pos: 0.0875
         Episode_Reward/racket_pos: 0.0005
         Episode_Reward/racket_vel: 0.0022
         Episode_Reward/racket_ori: 0.0037
Episode_Reward/torso_forward_lean_l2: -0.0490
 Episode_Reward/base_ang_vel_xy_l2: -0.4078
 Episode_Reward/undesired_contacts: -0.0008
Episode_Reward/hitter_foot_slip_l2: -0.0958
Episode_Reward/hitter_hit_unstable_support: -0.0389
Episode_Reward/hitter_foot_edge_drag: -0.0187
    Episode_Reward/hip_yaw_default: 0.0936
     Episode_Reward/action_rate_l2: -0.4458
        Episode_Reward/joint_limit: -0.0212
          Episode_Reward/joint_acc: -0.0154
       Episode_Reward/joint_torque: -0.0036
   Metrics/motion/error_anchor_pos: 0.6478
   Metrics/motion/error_anchor_rot: 1.0291
Metrics/motion/error_anchor_lin_vel: 1.9941
Metrics/motion/error_anchor_ang_vel: 4.1707
     Metrics/motion/error_body_pos: 0.5260
     Metrics/motion/error_body_rot: 1.3945
 Metrics/motion/error_body_lin_vel: 2.4677
 Metrics/motion/error_body_ang_vel: 5.5289
    Metrics/motion/error_joint_pos: 2.1384
    Metrics/motion/error_joint_vel: 18.8823
   Metrics/motion/sampling_entropy: 0.0000
 Metrics/motion/sampling_top1_prob: 0.0000
  Metrics/motion/sampling_top1_bin: 0.0000
Metrics/motion/motion_sampling_prob_mean: 0.1111
Metrics/motion/motion_sampling_prob_std: 0.0000
Metrics/motion/motion_sampling_prob_min: 0.1111
Metrics/motion/motion_sampling_prob_max: 0.1111
Metrics/motion/motion_sampling_prob_entropy: 1.0000
Metrics/motion/hitter_strike_racket_pos_error: 0.3133
Metrics/motion/hitter_strike_racket_vel_error: 1.4068
Metrics/motion/hitter_strike_racket_ori_error: 0.4883
      Episode_Termination/time_out: 0.0000
    Episode_Termination/anchor_pos: 94.8750
    Episode_Termination/anchor_ori: 0.0000
--------------------------------------------------------------------------------
                   Total timesteps: 983040
                    Iteration time: 1.26s
                      Time elapsed: 00:00:13
                               ETA: 03:44:41

################################################################################
                     [1m Learning iteration 10/200000 [0m                     

                       Computation: 76123 steps/s (collection: 1.212s, learning 0.079s)
             Mean action noise std: 0.95
          Mean value_function loss: 0.4808
               Mean surrogate loss: -0.0105
                 Mean entropy loss: 39.5450
               Mean approx_kl loss: 0.0156
           Mean clip_fraction loss: 0.2352
              Mean ratio_mean loss: 0.9998
          Mean advantage_mean loss: 0.0000
           Mean advantage_std loss: 1.0000
      Mean explained_variance loss: 0.7856
                       Mean reward: -7.37
               Mean episode length: 44.60
Episode_Reward/motion_global_anchor_pos: 0.0240
Episode_Reward/motion_global_anchor_ori: 0.0177
    Episode_Reward/motion_body_pos: 0.0347
    Episode_Reward/motion_body_ori: 0.0055
Episode_Reward/motion_body_lin_vel: 0.0332
Episode_Reward/motion_body_ang_vel: 0.0079
Episode_Reward/motion_anchor_lin_vel: 0.0439
           Episode_Reward/base_pos: 0.0911
         Episode_Reward/racket_pos: 0.0003
         Episode_Reward/racket_vel: 0.0017
         Episode_Reward/racket_ori: 0.0034
Episode_Reward/torso_forward_lean_l2: -0.0457
 Episode_Reward/base_ang_vel_xy_l2: -0.3877
 Episode_Reward/undesired_contacts: -0.0008
Episode_Reward/hitter_foot_slip_l2: -0.0942
Episode_Reward/hitter_hit_unstable_support: -0.0376
Episode_Reward/hitter_foot_edge_drag: -0.0184
    Episode_Reward/hip_yaw_default: 0.0928
     Episode_Reward/action_rate_l2: -0.4338
        Episode_Reward/joint_limit: -0.0213
          Episode_Reward/joint_acc: -0.0148
       Episode_Reward/joint_torque: -0.0035
   Metrics/motion/error_anchor_pos: 0.6490
   Metrics/motion/error_anchor_rot: 0.9938
Metrics/motion/error_anchor_lin_vel: 1.9957
Metrics/motion/error_anchor_ang_vel: 4.1304
     Metrics/motion/error_body_pos: 0.5217
     Metrics/motion/error_body_rot: 1.3744
 Metrics/motion/error_body_lin_vel: 2.4632
 Metrics/motion/error_body_ang_vel: 5.4075
    Metrics/motion/error_joint_pos: 2.1406
    Metrics/motion/error_joint_vel: 18.7243
   Metrics/motion/sampling_entropy: 0.0000
 Metrics/motion/sampling_top1_prob: 0.0000
  Metrics/motion/sampling_top1_bin: 0.0000
Metrics/motion/motion_sampling_prob_mean: 0.1111
Metrics/motion/motion_sampling_prob_std: 0.0000
Metrics/motion/motion_sampling_prob_min: 0.1111
Metrics/motion/motion_sampling_prob_max: 0.1111
Metrics/motion/motion_sampling_prob_entropy: 1.0000
Metrics/motion/hitter_strike_racket_pos_error: 0.2918
Metrics/motion/hitter_strike_racket_vel_error: 1.3559
Metrics/motion/hitter_strike_racket_ori_error: 0.4670
      Episode_Termination/time_out: 0.0000
    Episode_Termination/anchor_pos: 98.0000
    Episode_Termination/anchor_ori: 0.0000
--------------------------------------------------------------------------------
                   Total timesteps: 1081344
                    Iteration time: 1.29s
                      Time elapsed: 00:00:14
                               ETA: 03:22:49

################################################################################
                     [1m Learning iteration 11/200000 [0m                     

                       Computation: 80655 steps/s (collection: 1.137s, learning 0.081s)
             Mean action noise std: 0.94
          Mean value_function loss: 0.3561
               Mean surrogate loss: -0.0106
                 Mean entropy loss: 39.3561
               Mean approx_kl loss: 0.0151
           Mean clip_fraction loss: 0.2286
              Mean ratio_mean loss: 0.9998
          Mean advantage_mean loss: -0.0000
           Mean advantage_std loss: 1.0000
      Mean explained_variance loss: 0.8282
                       Mean reward: -6.73
               Mean episode length: 42.11
Episode_Reward/motion_global_anchor_pos: 0.0241
Episode_Reward/motion_global_anchor_ori: 0.0181
    Episode_Reward/motion_body_pos: 0.0352
    Episode_Reward/motion_body_ori: 0.0056
Episode_Reward/motion_body_lin_vel: 0.0339
Episode_Reward/motion_body_ang_vel: 0.0081
Episode_Reward/motion_anchor_lin_vel: 0.0444
           Episode_Reward/base_pos: 0.0886
         Episode_Reward/racket_pos: 0.0005
         Episode_Reward/racket_vel: 0.0029
         Episode_Reward/racket_ori: 0.0035
Episode_Reward/torso_forward_lean_l2: -0.0453
 Episode_Reward/base_ang_vel_xy_l2: -0.3729
 Episode_Reward/undesired_contacts: -0.0008
Episode_Reward/hitter_foot_slip_l2: -0.0945
Episode_Reward/hitter_hit_unstable_support: -0.0375
Episode_Reward/hitter_foot_edge_drag: -0.0184
    Episode_Reward/hip_yaw_default: 0.0944
     Episode_Reward/action_rate_l2: -0.4340
        Episode_Reward/joint_limit: -0.0219
          Episode_Reward/joint_acc: -0.0150
       Episode_Reward/joint_torque: -0.0035
   Metrics/motion/error_anchor_pos: 0.6523
   Metrics/motion/error_anchor_rot: 0.9804
Metrics/motion/error_anchor_lin_vel: 1.9792
Metrics/motion/error_anchor_ang_vel: 4.0140
     Metrics/motion/error_body_pos: 0.5187
     Metrics/motion/error_body_rot: 1.3308
 Metrics/motion/error_body_lin_vel: 2.4539
 Metrics/motion/error_body_ang_vel: 5.4106
    Metrics/motion/error_joint_pos: 2.1535
    Metrics/motion/error_joint_vel: 18.7061
   Metrics/motion/sampling_entropy: 0.0000
 Metrics/motion/sampling_top1_prob: 0.0000
  Metrics/motion/sampling_top1_bin: 0.0000
Metrics/motion/motion_sampling_prob_mean: 0.1111
Metrics/motion/motion_sampling_prob_std: 0.0000
Metrics/motion/motion_sampling_prob_min: 0.1111
Metrics/motion/motion_sampling_prob_max: 0.1111
Metrics/motion/motion_sampling_prob_entropy: 1.0000
Metrics/motion/hitter_strike_racket_pos_error: 0.2987
Metrics/motion/hitter_strike_racket_vel_error: 1.3841
Metrics/motion/hitter_strike_racket_ori_error: 0.4962
      Episode_Termination/time_out: 0.0000
    Episode_Termination/anchor_pos: 97.1667
    Episode_Termination/anchor_ori: 0.0417
--------------------------------------------------------------------------------
                   Total timesteps: 1179648
                    Iteration time: 1.22s
                      Time elapsed: 00:00:16
                               ETA: 02:44:26

################################################################################
                     [1m Learning iteration 12/200000 [0m                     

                       Computation: 82893 steps/s (collection: 1.109s, learning 0.077s)
             Mean action noise std: 0.93
          Mean value_function loss: 0.2965
               Mean surrogate loss: -0.0101
                 Mean entropy loss: 39.1492
               Mean approx_kl loss: 0.0164
           Mean clip_fraction loss: 0.2359
              Mean ratio_mean loss: 0.9992
          Mean advantage_mean loss: 0.0000
           Mean advantage_std loss: 1.0000
      Mean explained_variance loss: 0.8565
                       Mean reward: -6.32
               Mean episode length: 41.36
Episode_Reward/motion_global_anchor_pos: 0.0236
Episode_Reward/motion_global_anchor_ori: 0.0183
    Episode_Reward/motion_body_pos: 0.0346
    Episode_Reward/motion_body_ori: 0.0056
Episode_Reward/motion_body_lin_vel: 0.0325
Episode_Reward/motion_body_ang_vel: 0.0080
Episode_Reward/motion_anchor_lin_vel: 0.0427
           Episode_Reward/base_pos: 0.0856
         Episode_Reward/racket_pos: 0.0004
         Episode_Reward/racket_vel: 0.0025
         Episode_Reward/racket_ori: 0.0033
Episode_Reward/torso_forward_lean_l2: -0.0406
 Episode_Reward/base_ang_vel_xy_l2: -0.3507
 Episode_Reward/undesired_contacts: -0.0008
Episode_Reward/hitter_foot_slip_l2: -0.0922
Episode_Reward/hitter_hit_unstable_support: -0.0361
Episode_Reward/hitter_foot_edge_drag: -0.0177
    Episode_Reward/hip_yaw_default: 0.0958
     Episode_Reward/action_rate_l2: -0.4170
        Episode_Reward/joint_limit: -0.0217
          Episode_Reward/joint_acc: -0.0144
       Episode_Reward/joint_torque: -0.0033
   Metrics/motion/error_anchor_pos: 0.6477
   Metrics/motion/error_anchor_rot: 0.9351
Metrics/motion/error_anchor_lin_vel: 1.9712
Metrics/motion/error_anchor_ang_vel: 3.9636
     Metrics/motion/error_body_pos: 0.5145
     Metrics/motion/error_body_rot: 1.3115
 Metrics/motion/error_body_lin_vel: 2.4521
 Metrics/motion/error_body_ang_vel: 5.3825
    Metrics/motion/error_joint_pos: 2.1585
    Metrics/motion/error_joint_vel: 18.4438
   Metrics/motion/sampling_entropy: 0.0000
 Metrics/motion/sampling_top1_prob: 0.0000
  Metrics/motion/sampling_top1_bin: 0.0000
Metrics/motion/motion_sampling_prob_mean: 0.1111
Metrics/motion/motion_sampling_prob_std: 0.0000
Metrics/motion/motion_sampling_prob_min: 0.1111
Metrics/motion/motion_sampling_prob_max: 0.1111
Metrics/motion/motion_sampling_prob_entropy: 1.0000
Metrics/motion/hitter_strike_racket_pos_error: 0.2832
Metrics/motion/hitter_strike_racket_vel_error: 1.2746
Metrics/motion/hitter_strike_racket_ori_error: 0.4652
      Episode_Termination/time_out: 0.0000
    Episode_Termination/anchor_pos: 98.2917
    Episode_Termination/anchor_ori: 0.0000
--------------------------------------------------------------------------------
                   Total timesteps: 1277952
                    Iteration time: 1.19s
                      Time elapsed: 00:00:17
                               ETA: 02:03:31

################################################################################
                     [1m Learning iteration 13/200000 [0m                     

                       Computation: 85518 steps/s (collection: 1.074s, learning 0.075s)
             Mean action noise std: 0.92
          Mean value_function loss: 0.2331
               Mean surrogate loss: -0.0136
                 Mean entropy loss: 38.8893
               Mean approx_kl loss: 0.0150
           Mean clip_fraction loss: 0.2158
              Mean ratio_mean loss: 0.9995
          Mean advantage_mean loss: -0.0000
           Mean advantage_std loss: 0.9999
      Mean explained_variance loss: 0.8871
                       Mean reward: -6.52
               Mean episode length: 45.17
Episode_Reward/motion_global_anchor_pos: 0.0238
Episode_Reward/motion_global_anchor_ori: 0.0183
    Episode_Reward/motion_body_pos: 0.0351
    Episode_Reward/motion_body_ori: 0.0056
Episode_Reward/motion_body_lin_vel: 0.0334
Episode_Reward/motion_body_ang_vel: 0.0083
Episode_Reward/motion_anchor_lin_vel: 0.0432
           Episode_Reward/base_pos: 0.0912
         Episode_Reward/racket_pos: 0.0004
         Episode_Reward/racket_vel: 0.0023
         Episode_Reward/racket_ori: 0.0030
Episode_Reward/torso_forward_lean_l2: -0.0401
 Episode_Reward/base_ang_vel_xy_l2: -0.3349
 Episode_Reward/undesired_contacts: -0.0008
Episode_Reward/hitter_foot_slip_l2: -0.0912
Episode_Reward/hitter_hit_unstable_support: -0.0347
Episode_Reward/hitter_foot_edge_drag: -0.0177
    Episode_Reward/hip_yaw_default: 0.0976
     Episode_Reward/action_rate_l2: -0.4115
        Episode_Reward/joint_limit: -0.0216
          Episode_Reward/joint_acc: -0.0143
       Episode_Reward/joint_torque: -0.0033
   Metrics/motion/error_anchor_pos: 0.6459
   Metrics/motion/error_anchor_rot: 0.9129
Metrics/motion/error_anchor_lin_vel: 1.9841
Metrics/motion/error_anchor_ang_vel: 3.8569
     Metrics/motion/error_body_pos: 0.5112
     Metrics/motion/error_body_rot: 1.2885
 Metrics/motion/error_body_lin_vel: 2.4356
 Metrics/motion/error_body_ang_vel: 5.2912
    Metrics/motion/error_joint_pos: 2.1776
    Metrics/motion/error_joint_vel: 18.3580
   Metrics/motion/sampling_entropy: 0.0000
 Metrics/motion/sampling_top1_prob: 0.0000
  Metrics/motion/sampling_top1_bin: 0.0000
Metrics/motion/motion_sampling_prob_mean: 0.1111
Metrics/motion/motion_sampling_prob_std: 0.0000
Metrics/motion/motion_sampling_prob_min: 0.1111
Metrics/motion/motion_sampling_prob_max: 0.1111
Metrics/motion/motion_sampling_prob_entropy: 1.0000
Metrics/motion/hitter_strike_racket_pos_error: 0.2732
Metrics/motion/hitter_strike_racket_vel_error: 1.2451
Metrics/motion/hitter_strike_racket_ori_error: 0.4593
      Episode_Termination/time_out: 0.0000
    Episode_Termination/anchor_pos: 97.2917
    Episode_Termination/anchor_ori: 0.0000
--------------------------------------------------------------------------------
                   Total timesteps: 1376256
                    Iteration time: 1.15s
                      Time elapsed: 00:00:18
                               ETA: 01:19:47

################################################################################
                     [1m Learning iteration 14/200000 [0m                     

                       Computation: 83545 steps/s (collection: 1.104s, learning 0.072s)
             Mean action noise std: 0.92
          Mean value_function loss: 0.2177
               Mean surrogate loss: -0.0101
                 Mean entropy loss: 38.6616
               Mean approx_kl loss: 0.0180
           Mean clip_fraction loss: 0.2342
              Mean ratio_mean loss: 1.0000
          Mean advantage_mean loss: -0.0000
           Mean advantage_std loss: 1.0000
      Mean explained_variance loss: 0.9013
                       Mean reward: -5.39
               Mean episode length: 40.19
Episode_Reward/motion_global_anchor_pos: 0.0234
Episode_Reward/motion_global_anchor_ori: 0.0185
    Episode_Reward/motion_body_pos: 0.0349
    Episode_Reward/motion_body_ori: 0.0057
Episode_Reward/motion_body_lin_vel: 0.0330
Episode_Reward/motion_body_ang_vel: 0.0083
Episode_Reward/motion_anchor_lin_vel: 0.0423
           Episode_Reward/base_pos: 0.0900
         Episode_Reward/racket_pos: 0.0005
         Episode_Reward/racket_vel: 0.0028
         Episode_Reward/racket_ori: 0.0026
Episode_Reward/torso_forward_lean_l2: -0.0394
 Episode_Reward/base_ang_vel_xy_l2: -0.3148
 Episode_Reward/undesired_contacts: -0.0008
Episode_Reward/hitter_foot_slip_l2: -0.0898
Episode_Reward/hitter_hit_unstable_support: -0.0332
Episode_Reward/hitter_foot_edge_drag: -0.0173
    Episode_Reward/hip_yaw_default: 0.0982
     Episode_Reward/action_rate_l2: -0.4007
        Episode_Reward/joint_limit: -0.0215
          Episode_Reward/joint_acc: -0.0138
       Episode_Reward/joint_torque: -0.0032
   Metrics/motion/error_anchor_pos: 0.6492
   Metrics/motion/error_anchor_rot: 0.8766
Metrics/motion/error_anchor_lin_vel: 1.9955
Metrics/motion/error_anchor_ang_vel: 3.7168
     Metrics/motion/error_body_pos: 0.5083
     Metrics/motion/error_body_rot: 1.2764
 Metrics/motion/error_body_lin_vel: 2.4309
 Metrics/motion/error_body_ang_vel: 5.2667
    Metrics/motion/error_joint_pos: 2.1913
    Metrics/motion/error_joint_vel: 18.4514
   Metrics/motion/sampling_entropy: 0.0000
 Metrics/motion/sampling_top1_prob: 0.0000
  Metrics/motion/sampling_top1_bin: 0.0000
Metrics/motion/motion_sampling_prob_mean: 0.1111
Metrics/motion/motion_sampling_prob_std: 0.0000
Metrics/motion/motion_sampling_prob_min: 0.1111
Metrics/motion/motion_sampling_prob_max: 0.1111
Metrics/motion/motion_sampling_prob_entropy: 1.0000
Metrics/motion/hitter_strike_racket_pos_error: 0.2626
Metrics/motion/hitter_strike_racket_vel_error: 1.2363
Metrics/motion/hitter_strike_racket_ori_error: 0.4579
      Episode_Termination/time_out: 0.0000
    Episode_Termination/anchor_pos: 98.9167
    Episode_Termination/anchor_ori: 0.0000
--------------------------------------------------------------------------------
                   Total timesteps: 1474560
                    Iteration time: 1.18s
                      Time elapsed: 00:00:19
                               ETA: 00:47:54

################################################################################
                     [1m Learning iteration 15/200000 [0m                     

                       Computation: 84516 steps/s (collection: 1.091s, learning 0.072s)
             Mean action noise std: 0.91
          Mean value_function loss: 0.2020
               Mean surrogate loss: -0.0124
                 Mean entropy loss: 38.5238
               Mean approx_kl loss: 0.0123
           Mean clip_fraction loss: 0.1633
              Mean ratio_mean loss: 0.9993
          Mean advantage_mean loss: -0.0000
           Mean advantage_std loss: 1.0000
      Mean explained_variance loss: 0.9092
                       Mean reward: -5.07
               Mean episode length: 40.89
Episode_Reward/motion_global_anchor_pos: 0.0236
Episode_Reward/motion_global_anchor_ori: 0.0191
    Episode_Reward/motion_body_pos: 0.0352
    Episode_Reward/motion_body_ori: 0.0057
Episode_Reward/motion_body_lin_vel: 0.0335
Episode_Reward/motion_body_ang_vel: 0.0084
Episode_Reward/motion_anchor_lin_vel: 0.0425
           Episode_Reward/base_pos: 0.0880
         Episode_Reward/racket_pos: 0.0008
         Episode_Reward/racket_vel: 0.0026
         Episode_Reward/racket_ori: 0.0027
Episode_Reward/torso_forward_lean_l2: -0.0371
 Episode_Reward/base_ang_vel_xy_l2: -0.3018
 Episode_Reward/undesired_contacts: -0.0008
Episode_Reward/hitter_foot_slip_l2: -0.0891
Episode_Reward/hitter_hit_unstable_support: -0.0334
Episode_Reward/hitter_foot_edge_drag: -0.0172
    Episode_Reward/hip_yaw_default: 0.1002
     Episode_Reward/action_rate_l2: -0.3943
        Episode_Reward/joint_limit: -0.0214
          Episode_Reward/joint_acc: -0.0135
       Episode_Reward/joint_torque: -0.0032
   Metrics/motion/error_anchor_pos: 0.6467
   Metrics/motion/error_anchor_rot: 0.8522
Metrics/motion/error_anchor_lin_vel: 1.9941
Metrics/motion/error_anchor_ang_vel: 3.7365
     Metrics/motion/error_body_pos: 0.5046
     Metrics/motion/error_body_rot: 1.2447
 Metrics/motion/error_body_lin_vel: 2.4204
 Metrics/motion/error_body_ang_vel: 5.3239
    Metrics/motion/error_joint_pos: 2.2080
    Metrics/motion/error_joint_vel: 18.4010
   Metrics/motion/sampling_entropy: 0.0000
 Metrics/motion/sampling_top1_prob: 0.0000
  Metrics/motion/sampling_top1_bin: 0.0000
Metrics/motion/motion_sampling_prob_mean: 0.1111
Metrics/motion/motion_sampling_prob_std: 0.0000
Metrics/motion/motion_sampling_prob_min: 0.1111
Metrics/motion/motion_sampling_prob_max: 0.1111
Metrics/motion/motion_sampling_prob_entropy: 1.0000
Metrics/motion/hitter_strike_racket_pos_error: 0.2711
Metrics/motion/hitter_strike_racket_vel_error: 1.2622
Metrics/motion/hitter_strike_racket_ori_error: 0.4784
      Episode_Termination/time_out: 0.0000
    Episode_Termination/anchor_pos: 99.5000
    Episode_Termination/anchor_ori: 0.0833
--------------------------------------------------------------------------------
                   Total timesteps: 1572864
                    Iteration time: 1.16s
                      Time elapsed: 00:00:20
                               ETA: 00:17:11

################################################################################
                     [1m Learning iteration 16/200000 [0m                     

                       Computation: 84327 steps/s (collection: 1.093s, learning 0.073s)
             Mean action noise std: 0.91
          Mean value_function loss: 0.1927
               Mean surrogate loss: -0.0134
                 Mean entropy loss: 38.3398
               Mean approx_kl loss: 0.0124
           Mean clip_fraction loss: 0.1731
              Mean ratio_mean loss: 0.9994
          Mean advantage_mean loss: -0.0000
           Mean advantage_std loss: 1.0000
      Mean explained_variance loss: 0.9177
                       Mean reward: -4.83
               Mean episode length: 40.38
Episode_Reward/motion_global_anchor_pos: 0.0235
Episode_Reward/motion_global_anchor_ori: 0.0191
    Episode_Reward/motion_body_pos: 0.0352
    Episode_Reward/motion_body_ori: 0.0058
Episode_Reward/motion_body_lin_vel: 0.0337
Episode_Reward/motion_body_ang_vel: 0.0086
Episode_Reward/motion_anchor_lin_vel: 0.0423
           Episode_Reward/base_pos: 0.0882
         Episode_Reward/racket_pos: 0.0005
         Episode_Reward/racket_vel: 0.0025
         Episode_Reward/racket_ori: 0.0025
Episode_Reward/torso_forward_lean_l2: -0.0359
 Episode_Reward/base_ang_vel_xy_l2: -0.2889
 Episode_Reward/undesired_contacts: -0.0008
Episode_Reward/hitter_foot_slip_l2: -0.0889
Episode_Reward/hitter_hit_unstable_support: -0.0322
Episode_Reward/hitter_foot_edge_drag: -0.0171
    Episode_Reward/hip_yaw_default: 0.1006
     Episode_Reward/action_rate_l2: -0.3874
        Episode_Reward/joint_limit: -0.0216
          Episode_Reward/joint_acc: -0.0136
       Episode_Reward/joint_torque: -0.0031
   Metrics/motion/error_anchor_pos: 0.6465
   Metrics/motion/error_anchor_rot: 0.8202
Metrics/motion/error_anchor_lin_vel: 1.9931
Metrics/motion/error_anchor_ang_vel: 3.5831
     Metrics/motion/error_body_pos: 0.5008
     Metrics/motion/error_body_rot: 1.2137
 Metrics/motion/error_body_lin_vel: 2.3973
 Metrics/motion/error_body_ang_vel: 5.2368
    Metrics/motion/error_joint_pos: 2.2304
    Metrics/motion/error_joint_vel: 18.3313
   Metrics/motion/sampling_entropy: 0.0000
 Metrics/motion/sampling_top1_prob: 0.0000
  Metrics/motion/sampling_top1_bin: 0.0000
Metrics/motion/motion_sampling_prob_mean: 0.1111
Metrics/motion/motion_sampling_prob_std: 0.0000
Metrics/motion/motion_sampling_prob_min: 0.1111
Metrics/motion/motion_sampling_prob_max: 0.1111
Metrics/motion/motion_sampling_prob_entropy: 1.0000
Metrics/motion/hitter_strike_racket_pos_error: 0.2677
Metrics/motion/hitter_strike_racket_vel_error: 1.2505
Metrics/motion/hitter_strike_racket_ori_error: 0.4668
      Episode_Termination/time_out: 0.0000
    Episode_Termination/anchor_pos: 100.1667
    Episode_Termination/anchor_ori: 0.0000
--------------------------------------------------------------------------------
                   Total timesteps: 1671168
                    Iteration time: 1.17s
                      Time elapsed: 00:00:21
                               ETA: 23:50:36

################################################################################
                     [1m Learning iteration 17/200000 [0m                     

                       Computation: 86336 steps/s (collection: 1.067s, learning 0.072s)
             Mean action noise std: 0.90
          Mean value_function loss: 0.1857
               Mean surrogate loss: -0.0146
                 Mean entropy loss: 38.1021
               Mean approx_kl loss: 0.0134
           Mean clip_fraction loss: 0.1987
              Mean ratio_mean loss: 0.9998
          Mean advantage_mean loss: -0.0000
           Mean advantage_std loss: 1.0000
      Mean explained_variance loss: 0.9214
                       Mean reward: -5.17
               Mean episode length: 41.63
Episode_Reward/motion_global_anchor_pos: 0.0235
Episode_Reward/motion_global_anchor_ori: 0.0194
    Episode_Reward/motion_body_pos: 0.0353
    Episode_Reward/motion_body_ori: 0.0059
Episode_Reward/motion_body_lin_vel: 0.0337
Episode_Reward/motion_body_ang_vel: 0.0088
Episode_Reward/motion_anchor_lin_vel: 0.0420
           Episode_Reward/base_pos: 0.0830
         Episode_Reward/racket_pos: 0.0005
         Episode_Reward/racket_vel: 0.0026
         Episode_Reward/racket_ori: 0.0027
Episode_Reward/torso_forward_lean_l2: -0.0343
 Episode_Reward/base_ang_vel_xy_l2: -0.2753
 Episode_Reward/undesired_contacts: -0.0008
Episode_Reward/hitter_foot_slip_l2: -0.0872
Episode_Reward/hitter_hit_unstable_support: -0.0320
Episode_Reward/hitter_foot_edge_drag: -0.0170
    Episode_Reward/hip_yaw_default: 0.1015
     Episode_Reward/action_rate_l2: -0.3799
        Episode_Reward/joint_limit: -0.0212
          Episode_Reward/joint_acc: -0.0134
       Episode_Reward/joint_torque: -0.0030
   Metrics/motion/error_anchor_pos: 0.6438
   Metrics/motion/error_anchor_rot: 0.7758
Metrics/motion/error_anchor_lin_vel: 2.0258
Metrics/motion/error_anchor_ang_vel: 3.4690
     Metrics/motion/error_body_pos: 0.4974
     Metrics/motion/error_body_rot: 1.1992
 Metrics/motion/error_body_lin_vel: 2.3924
 Metrics/motion/error_body_ang_vel: 5.1051
    Metrics/motion/error_joint_pos: 2.2432
    Metrics/motion/error_joint_vel: 18.2434
   Metrics/motion/sampling_entropy: 0.0000
 Metrics/motion/sampling_top1_prob: 0.0000
  Metrics/motion/sampling_top1_bin: 0.0000
Metrics/motion/motion_sampling_prob_mean: 0.1111
Metrics/motion/motion_sampling_prob_std: 0.0000
Metrics/motion/motion_sampling_prob_min: 0.1111
Metrics/motion/motion_sampling_prob_max: 0.1111
Metrics/motion/motion_sampling_prob_entropy: 1.0000
Metrics/motion/hitter_strike_racket_pos_error: 0.2480
Metrics/motion/hitter_strike_racket_vel_error: 1.1776
Metrics/motion/hitter_strike_racket_ori_error: 0.4274
      Episode_Termination/time_out: 0.0000
    Episode_Termination/anchor_pos: 98.2083
    Episode_Termination/anchor_ori: 0.0000
--------------------------------------------------------------------------------
                   Total timesteps: 1769472
                    Iteration time: 1.14s
                      Time elapsed: 00:00:23
                               ETA: 23:21:56

