[32m2026-09-10 15:05:48.333[0m | [1mINFO    [0m | [36m__main__[0m:[36mmain[0m:[36m27[0m - [1mLog saved to /tmp/rb4-startup-check/hydra-gui-relocated/eval.log[0m
[32m2026-09-10 15:05:49.214[0m | [1mINFO    [0m | [36mutils.motion_lib.torch_humanoid_batch[0m:[36m<module>[0m:[36m41[0m - [1mUsing Humanoid Batch[0m
[32m2026-09-10 15:05:49.349[0m | [1mINFO    [0m | [36msimulator.base_sim[0m:[36m_setup[0m:[36m41[0m - [1mRobot-level Control Frequency Set to 200.0HZ[0m
[32m2026-09-10 15:05:49.349[0m | [1mINFO    [0m | [36msimulator.base_sim[0m:[36m_setup[0m:[36m42[0m - [1mPolicy-level Control Frequency Set to 50.0HZ[0m
[32m2026-09-10 15:05:49.350[0m | [1mINFO    [0m | [36msimulator.base_sim[0m:[36m_load_asset[0m:[36m55[0m - [1mJoint left_hip_pitch_joint  Default Angles -0.31200000643730164  P_gain 40.179237365722656  D_gain 2.557889938354492 [0m
[32m2026-09-10 15:05:49.350[0m | [1mINFO    [0m | [36msimulator.base_sim[0m:[36m_load_asset[0m:[36m55[0m - [1mJoint left_hip_roll_joint  Default Angles 0.0  P_gain 99.09842681884766  D_gain 6.308802127838135 [0m
[32m2026-09-10 15:05:49.350[0m | [1mINFO    [0m | [36msimulator.base_sim[0m:[36m_load_asset[0m:[36m55[0m - [1mJoint left_hip_yaw_joint  Default Angles 0.0  P_gain 40.179237365722656  D_gain 2.557889938354492 [0m
[32m2026-09-10 15:05:49.350[0m | [1mINFO    [0m | [36msimulator.base_sim[0m:[36m_load_asset[0m:[36m55[0m - [1mJoint left_knee_joint  Default Angles 0.6690000295639038  P_gain 99.09842681884766  D_gain 6.308802127838135 [0m
[32m2026-09-10 15:05:49.350[0m | [1mINFO    [0m | [36msimulator.base_sim[0m:[36m_load_asset[0m:[36m55[0m - [1mJoint left_ankle_pitch_joint  Default Angles -0.3630000054836273  P_gain 28.501245498657227  D_gain 1.814445972442627 [0m
[32m2026-09-10 15:05:49.350[0m | [1mINFO    [0m | [36msimulator.base_sim[0m:[36m_load_asset[0m:[36m55[0m - [1mJoint left_ankle_roll_joint  Default Angles 0.0  P_gain 28.501245498657227  D_gain 1.814445972442627 [0m
[32m2026-09-10 15:05:49.350[0m | [1mINFO    [0m | [36msimulator.base_sim[0m:[36m_load_asset[0m:[36m55[0m - [1mJoint right_hip_pitch_joint  Default Angles -0.31200000643730164  P_gain 40.179237365722656  D_gain 2.557889938354492 [0m
[32m2026-09-10 15:05:49.350[0m | [1mINFO    [0m | [36msimulator.base_sim[0m:[36m_load_asset[0m:[36m55[0m - [1mJoint right_hip_roll_joint  Default Angles 0.0  P_gain 99.09842681884766  D_gain 6.308802127838135 [0m
[32m2026-09-10 15:05:49.350[0m | [1mINFO    [0m | [36msimulator.base_sim[0m:[36m_load_asset[0m:[36m55[0m - [1mJoint right_hip_yaw_joint  Default Angles 0.0  P_gain 40.179237365722656  D_gain 2.557889938354492 [0m
[32m2026-09-10 15:05:49.350[0m | [1mINFO    [0m | [36msimulator.base_sim[0m:[36m_load_asset[0m:[36m55[0m - [1mJoint right_knee_joint  Default Angles 0.6690000295639038  P_gain 99.09842681884766  D_gain 6.308802127838135 [0m
[32m2026-09-10 15:05:49.350[0m | [1mINFO    [0m | [36msimulator.base_sim[0m:[36m_load_asset[0m:[36m55[0m - [1mJoint right_ankle_pitch_joint  Default Angles -0.3630000054836273  P_gain 28.501245498657227  D_gain 1.814445972442627 [0m
[32m2026-09-10 15:05:49.350[0m | [1mINFO    [0m | [36msimulator.base_sim[0m:[36m_load_asset[0m:[36m55[0m - [1mJoint right_ankle_roll_joint  Default Angles 0.0  P_gain 28.501245498657227  D_gain 1.814445972442627 [0m
[32m2026-09-10 15:05:49.350[0m | [1mINFO    [0m | [36msimulator.base_sim[0m:[36m_load_asset[0m:[36m55[0m - [1mJoint waist_yaw_joint  Default Angles 0.0  P_gain 40.179237365722656  D_gain 2.557889938354492 [0m
[32m2026-09-10 15:05:49.350[0m | [1mINFO    [0m | [36msimulator.base_sim[0m:[36m_load_asset[0m:[36m55[0m - [1mJoint waist_roll_joint  Default Angles 0.0  P_gain 28.501245498657227  D_gain 1.814445972442627 [0m
[32m2026-09-10 15:05:49.350[0m | [1mINFO    [0m | [36msimulator.base_sim[0m:[36m_load_asset[0m:[36m55[0m - [1mJoint waist_pitch_joint  Default Angles 0.0  P_gain 28.501245498657227  D_gain 1.814445972442627 [0m
[32m2026-09-10 15:05:49.350[0m | [1mINFO    [0m | [36msimulator.base_sim[0m:[36m_load_asset[0m:[36m55[0m - [1mJoint left_shoulder_pitch_joint  Default Angles 0.20000000298023224  P_gain 14.250622749328613  D_gain 0.9072229862213135 [0m
[32m2026-09-10 15:05:49.350[0m | [1mINFO    [0m | [36msimulator.base_sim[0m:[36m_load_asset[0m:[36m55[0m - [1mJoint left_shoulder_roll_joint  Default Angles 0.20000000298023224  P_gain 14.250622749328613  D_gain 0.9072229862213135 [0m
[32m2026-09-10 15:05:49.350[0m | [1mINFO    [0m | [36msimulator.base_sim[0m:[36m_load_asset[0m:[36m55[0m - [1mJoint left_shoulder_yaw_joint  Default Angles 0.0  P_gain 14.250622749328613  D_gain 0.9072229862213135 [0m
[32m2026-09-10 15:05:49.350[0m | [1mINFO    [0m | [36msimulator.base_sim[0m:[36m_load_asset[0m:[36m55[0m - [1mJoint left_elbow_joint  Default Angles 0.6000000238418579  P_gain 14.250622749328613  D_gain 0.9072229862213135 [0m
[32m2026-09-10 15:05:49.350[0m | [1mINFO    [0m | [36msimulator.base_sim[0m:[36m_load_asset[0m:[36m55[0m - [1mJoint left_wrist_roll_joint  Default Angles 0.0  P_gain 14.250622749328613  D_gain 0.9072229862213135 [0m
[32m2026-09-10 15:05:49.350[0m | [1mINFO    [0m | [36msimulator.base_sim[0m:[36m_load_asset[0m:[36m55[0m - [1mJoint left_wrist_pitch_joint  Default Angles 0.0  P_gain 16.77832794189453  D_gain 1.068142056465149 [0m
[32m2026-09-10 15:05:49.350[0m | [1mINFO    [0m | [36msimulator.base_sim[0m:[36m_load_asset[0m:[36m55[0m - [1mJoint left_wrist_yaw_joint  Default Angles 0.0  P_gain 16.77832794189453  D_gain 1.068142056465149 [0m
[32m2026-09-10 15:05:49.350[0m | [1mINFO    [0m | [36msimulator.base_sim[0m:[36m_load_asset[0m:[36m55[0m - [1mJoint right_shoulder_pitch_joint  Default Angles 0.20000000298023224  P_gain 14.250622749328613  D_gain 0.9072229862213135 [0m
[32m2026-09-10 15:05:49.350[0m | [1mINFO    [0m | [36msimulator.base_sim[0m:[36m_load_asset[0m:[36m55[0m - [1mJoint right_shoulder_roll_joint  Default Angles -0.20000000298023224  P_gain 14.250622749328613  D_gain 0.9072229862213135 [0m
[32m2026-09-10 15:05:49.350[0m | [1mINFO    [0m | [36msimulator.base_sim[0m:[36m_load_asset[0m:[36m55[0m - [1mJoint right_shoulder_yaw_joint  Default Angles 0.0  P_gain 14.250622749328613  D_gain 0.9072229862213135 [0m
[32m2026-09-10 15:05:49.350[0m | [1mINFO    [0m | [36msimulator.base_sim[0m:[36m_load_asset[0m:[36m55[0m - [1mJoint right_elbow_joint  Default Angles 0.6000000238418579  P_gain 14.250622749328613  D_gain 0.9072229862213135 [0m
[32m2026-09-10 15:05:49.351[0m | [1mINFO    [0m | [36msimulator.base_sim[0m:[36m_load_asset[0m:[36m55[0m - [1mJoint right_wrist_roll_joint  Default Angles 0.0  P_gain 14.250622749328613  D_gain 0.9072229862213135 [0m
[32m2026-09-10 15:05:49.351[0m | [1mINFO    [0m | [36msimulator.base_sim[0m:[36m_load_asset[0m:[36m55[0m - [1mJoint right_wrist_pitch_joint  Default Angles 0.0  P_gain 16.77832794189453  D_gain 1.068142056465149 [0m
[32m2026-09-10 15:05:49.351[0m | [1mINFO    [0m | [36msimulator.base_sim[0m:[36m_load_asset[0m:[36m55[0m - [1mJoint right_wrist_yaw_joint  Default Angles 0.0  P_gain 16.77832794189453  D_gain 1.068142056465149 [0m
[32m2026-09-10 15:05:49.351[0m | [1mINFO    [0m | [36msimulator.base_sim[0m:[36m_load_asset[0m:[36m56[0m - [1mTotal Number of dof: 29[0m
[32m2026-09-10 15:05:49.351[0m | [1mINFO    [0m | [36msimulator.base_sim[0m:[36m_load_asset[0m:[36m57[0m - [1mNumber of Action: 29[0m
mujoco time step :  0.005
[32m2026-09-10 15:05:49.446[0m | [1mINFO    [0m | [36msimulator.mujoco[0m:[36m__init__[0m:[36m39[0m - [1mVisualization Marker: True[0m
[32m2026-09-10 15:05:49.915[0m | [1mINFO    [0m | [36mutils.history_handler[0m:[36m__init__[0m:[36m19[0m - [1mHistory Handler initialized![0m
[32m2026-09-10 15:05:49.917[0m | [1mINFO    [0m | [36menvs.hitter[0m:[36m__init__[0m:[36m121[0m - [1mHITTER ball planner configured.[0m
[32m2026-09-10 15:05:49.920[0m | [1mINFO    [0m | [36magents.base_agent[0m:[36mload_onnx_policy[0m:[36m22[0m - [1mLoading ONNX Checkpoint from ./data/model/hitter/hitter_model20500_20260818_104.onnx[0m
[32m2026-09-10 15:05:49.921[0m | [1mINFO    [0m | [36menvs.hitter[0m:[36mconfigure_from_modelmeta[0m:[36m172[0m - [1mApplying HITTER joint configuration from ONNX model.[0m
[32m2026-09-10 15:05:49.925[0m | [1mINFO    [0m | [36menvs.hitter[0m:[36mconfigure_from_modelmeta[0m:[36m214[0m - [1mHITTER policy metadata configured, 29 degrees of freedom.[0m
[32m2026-09-10 15:05:49.925[0m | [1mINFO    [0m | [36magents.hitter_agent[0m:[36mload_onnx_policy[0m:[36m19[0m - [1mHITTER policy metadata loaded. Joints: 29 Anchor body: pelvis[0m
In run
[32m2026-09-10 15:05:49.925[0m | [1mINFO    [0m | [36msimulator.mujoco[0m:[36mcalibrate[0m:[36m500[0m - [1mResetting envs with ref_dof_pos=['-0.312', '0.000', '0.000', '0.669', '-0.363', '0.000', '-0.312', '0.000', '0.000', '0.669', '-0.363', '0.000', '0.000', '0.000', '0.000', '0.200', '0.200', '0.000', '0.600', '0.000', '0.000', '0.000', '0.200', '-0.200', '0.000', '0.600', '0.000', '0.000', '0.000'][0m
[32m2026-09-10 15:05:49.926[0m | [1mINFO    [0m | [36menvs.hitter[0m:[36m_capture_hitter_waiting_base_target[0m:[36m738[0m - [1mHITTER waiting base target captured at world position [-0.4000000059604645, 0.0, 0.7929999828338623].[0m
[32m2026-09-10 15:05:49.927[0m | [1mINFO    [0m | [36menvs.base_env[0m:[36m_update_obs[0m:[36m92[0m - [1mReceive observation: ['actions', 'root_quat', 'root_rpy', 'base_ang_vel', 'base_lin_vel', 'dof_pos', 'dof_vel', 'projected_gravity'][0m
[32m2026-09-10 15:05:49.927[0m | [1mINFO    [0m | [36menvs.hitter[0m:[36m_update_mujoco_serve_schedule[0m:[36m430[0m - [1mMuJoCo HITTER serve 1/2 at simulation time 0.000 s.[0m
[32m2026-09-10 15:05:49.959[0m | [1mINFO    [0m | [36menvs.hitter[0m:[36m_log_hitter_lifecycle_transition[0m:[36m1413[0m - [1mHITTER lifecycle transition: waiting -> tracking track_id=2 decision=tracking[0m
[32m2026-09-10 15:05:50.355[0m | [1mINFO    [0m | [36menvs.hitter[0m:[36m_log_hitter_lifecycle_transition[0m:[36m1413[0m - [1mHITTER lifecycle transition: tracking -> armed track_id=2 decision=armed[0m
[32m2026-09-10 15:05:50.475[0m | [33m[1mWARNING [0m | [36menvs.hitter[0m:[36m_log_hitter_safety_decision[0m:[36m1437[0m - [33m[1mHITTER lifecycle safety decision: decision=retained_discontinuity reason=OVERRIDE_DISCONTINUITY track_id=2 phase=armed consumed_track_ids=()[0m
[32m2026-09-10 15:05:50.751[0m | [33m[1mWARNING [0m | [36menvs.hitter[0m:[36m_log_hitter_safety_decision[0m:[36m1437[0m - [33m[1mHITTER lifecycle safety decision: decision=retained_failure reason=HIT_HEIGHT_OUT_OF_RANGE track_id=2 phase=armed consumed_track_ids=()[0m
[32m2026-09-10 15:05:51.168[0m | [33m[1mWARNING [0m | [36menvs.hitter[0m:[36m_log_hitter_safety_decision[0m:[36m1437[0m - [33m[1mHITTER lifecycle safety decision: decision=retained_committed reason=BALL_NOT_INCOMING track_id=2 phase=armed consumed_track_ids=()[0m
[32m2026-09-10 15:05:51.268[0m | [1mINFO    [0m | [36menvs.hitter[0m:[36m_log_hitter_strike_target[0m:[36m1146[0m - [1mHITTER strike target: track_id=2 generation=26 type=forehand strike_table_y_w=-0.0000 side_source=table_y p_racket_target_w_m=[0.0000,-0.0000,0.9145] raw_racket_normal_speed_mps=2.3897 commanded_racket_normal_speed_mps=2.3897 minimum_racket_normal_speed_mps=1.0000 racket_speed_floor_applied=false command_kind=planner_target_not_measured v_ball_in_w_mps=[-1.1072,0.0000,0.8924] speed_ball_in_mps=1.4221 v_ball_out_w_mps=[4.7622,0.8769,2.1392] speed_ball_out_mps=5.2937 v_racket_target_w_mps=[2.3130,0.3456,0.4913] speed_racket_mps=2.3897 v_racket_policy_w_mps=[2.3130,0.3456,0.4913] speed_racket_policy_mps=2.3897 policy_velocity_magnitude_increment_mps=0.0000 policy_vx_offset_mps=0.0000 policy_vy_offset_mps=0.0000[0m
[32m2026-09-10 15:05:51.268[0m | [1mINFO    [0m | [36menvs.hitter[0m:[36m_log_hitter_advance_transitions[0m:[36m1460[0m - [1mHITTER lifecycle transition: armed -> recovery[0m
[32m2026-09-10 15:05:52.228[0m | [1mINFO    [0m | [36menvs.hitter[0m:[36m_log_hitter_advance_transitions[0m:[36m1476[0m - [1mHITTER lifecycle transition: recovery -> waiting[0m
[32m2026-09-10 15:06:09.928[0m | [1mINFO    [0m | [36menvs.hitter[0m:[36m_update_mujoco_serve_schedule[0m:[36m430[0m - [1mMuJoCo HITTER serve 2/2 at simulation time 20.000 s.[0m
[32m2026-09-10 15:06:09.935[0m | [1mINFO    [0m | [36menvs.hitter[0m:[36m_log_hitter_lifecycle_transition[0m:[36m1413[0m - [1mHITTER lifecycle transition: waiting -> tracking track_id=3 decision=tracking[0m
[32m2026-09-10 15:06:10.354[0m | [1mINFO    [0m | [36menvs.hitter[0m:[36m_log_hitter_lifecycle_transition[0m:[36m1413[0m - [1mHITTER lifecycle transition: tracking -> armed track_id=3 decision=armed[0m
[32m2026-09-10 15:06:10.474[0m | [33m[1mWARNING [0m | [36menvs.hitter[0m:[36m_log_hitter_safety_decision[0m:[36m1437[0m - [33m[1mHITTER lifecycle safety decision: decision=retained_discontinuity reason=OVERRIDE_DISCONTINUITY track_id=3 phase=armed consumed_track_ids=()[0m
[32m2026-09-10 15:06:10.751[0m | [33m[1mWARNING [0m | [36menvs.hitter[0m:[36m_log_hitter_safety_decision[0m:[36m1437[0m - [33m[1mHITTER lifecycle safety decision: decision=retained_failure reason=HIT_HEIGHT_OUT_OF_RANGE track_id=3 phase=armed consumed_track_ids=()[0m
[32m2026-09-10 15:06:11.168[0m | [33m[1mWARNING [0m | [36menvs.hitter[0m:[36m_log_hitter_safety_decision[0m:[36m1437[0m - [33m[1mHITTER lifecycle safety decision: decision=retained_committed reason=BALL_NOT_INCOMING track_id=3 phase=armed consumed_track_ids=()[0m
[32m2026-09-10 15:06:11.268[0m | [1mINFO    [0m | [36menvs.hitter[0m:[36m_log_hitter_strike_target[0m:[36m1146[0m - [1mHITTER strike target: track_id=3 generation=27 type=forehand strike_table_y_w=-0.0000 side_source=table_y p_racket_target_w_m=[0.0000,-0.0000,0.9145] raw_racket_normal_speed_mps=2.3897 commanded_racket_normal_speed_mps=2.3897 minimum_racket_normal_speed_mps=1.0000 racket_speed_floor_applied=false command_kind=planner_target_not_measured v_ball_in_w_mps=[-1.1072,0.0000,0.8924] speed_ball_in_mps=1.4221 v_ball_out_w_mps=[4.7622,0.8769,2.1392] speed_ball_out_mps=5.2937 v_racket_target_w_mps=[2.3130,0.3456,0.4913] speed_racket_mps=2.3897 v_racket_policy_w_mps=[2.3130,0.3456,0.4913] speed_racket_policy_mps=2.3897 policy_velocity_magnitude_increment_mps=0.0000 policy_vx_offset_mps=0.0000 policy_vy_offset_mps=0.0000[0m
[32m2026-09-10 15:06:11.268[0m | [1mINFO    [0m | [36menvs.hitter[0m:[36m_log_hitter_advance_transitions[0m:[36m1460[0m - [1mHITTER lifecycle transition: armed -> recovery[0m
[32m2026-09-10 15:06:12.168[0m | [1mINFO    [0m | [36menvs.hitter[0m:[36m_log_hitter_advance_transitions[0m:[36m1476[0m - [1mHITTER lifecycle transition: recovery -> waiting[0m

STARTUP_AUDIT: sending SIGINT after 28.0 seconds
something error, close!!!!!!!!!!!!!!!!!!!!!!!
Error executing job with overrides: ['sim=mujoco', 'device=cpu']
Traceback (most recent call last):
  File "/home/yhl/Desktop/BOB/Hitter/RobotBridge4_refactor/deploy/agents/hitter_agent.py", line 39, in run
    obs_buf_dict = self._run_iteration(obs_buf_dict)
  File "/home/yhl/Desktop/BOB/Hitter/RobotBridge4_refactor/deploy/agents/hitter_agent.py", line 31, in _run_iteration
    return self.env.step(action)
  File "/home/yhl/Desktop/BOB/Hitter/RobotBridge4_refactor/deploy/envs/hitter.py", line 334, in step
    return super().step(sim_action_batch)
  File "/home/yhl/Desktop/BOB/Hitter/RobotBridge4_refactor/deploy/envs/base_env.py", line 69, in step
    self._physics_step()
  File "/home/yhl/Desktop/BOB/Hitter/RobotBridge4_refactor/deploy/envs/hitter.py", line 1802, in _physics_step
    self.simulator.apply_action(self.action)
  File "/home/yhl/Desktop/BOB/Hitter/RobotBridge4_refactor/deploy/simulator/mujoco.py", line 461, in apply_action
    self.render()
  File "/home/yhl/Desktop/BOB/Hitter/RobotBridge4_refactor/deploy/simulator/mujoco.py", line 354, in render
    self.viewer.sync()
  File "/home/yhl/miniforge3/envs/isaaclab/lib/python3.10/site-packages/mujoco/viewer.py", line 236, in sync
    sim.sync(state_only)  # locks internally
KeyboardInterrupt

During handling of the above exception, another exception occurred:

Traceback (most recent call last):
  File "/home/yhl/Desktop/BOB/Hitter/RobotBridge4_refactor/deploy/run.py", line 34, in <module>
    main()
  File "/home/yhl/miniforge3/envs/isaaclab/lib/python3.10/site-packages/hydra/main.py", line 94, in decorated_main
    _run_hydra(
  File "/home/yhl/miniforge3/envs/isaaclab/lib/python3.10/site-packages/hydra/_internal/utils.py", line 394, in _run_hydra
    _run_app(
  File "/home/yhl/miniforge3/envs/isaaclab/lib/python3.10/site-packages/hydra/_internal/utils.py", line 457, in _run_app
    run_and_report(
  File "/home/yhl/miniforge3/envs/isaaclab/lib/python3.10/site-packages/hydra/_internal/utils.py", line 223, in run_and_report
    raise ex
  File "/home/yhl/miniforge3/envs/isaaclab/lib/python3.10/site-packages/hydra/_internal/utils.py", line 220, in run_and_report
    return func()
  File "/home/yhl/miniforge3/envs/isaaclab/lib/python3.10/site-packages/hydra/_internal/utils.py", line 458, in <lambda>
    lambda: hydra.run(
  File "/home/yhl/miniforge3/envs/isaaclab/lib/python3.10/site-packages/hydra/_internal/hydra.py", line 132, in run
    _ = ret.return_value
  File "/home/yhl/miniforge3/envs/isaaclab/lib/python3.10/site-packages/hydra/core/utils.py", line 260, in return_value
    raise self._return_value
  File "/home/yhl/miniforge3/envs/isaaclab/lib/python3.10/site-packages/hydra/core/utils.py", line 186, in run_job
    ret.return_value = task_function(task_cfg)
  File "/home/yhl/Desktop/BOB/Hitter/RobotBridge4_refactor/deploy/run.py", line 30, in main
    agent.run()
  File "/home/yhl/Desktop/BOB/Hitter/RobotBridge4_refactor/deploy/agents/hitter_agent.py", line 49, in run
    self.env.close()
  File "/home/yhl/Desktop/BOB/Hitter/RobotBridge4_refactor/deploy/envs/hitter.py", line 1882, in close
    raise first_error
  File "/home/yhl/Desktop/BOB/Hitter/RobotBridge4_refactor/deploy/envs/hitter.py", line 1865, in close
    simulator_closed = close_simulator() is not False
  File "/home/yhl/Desktop/BOB/Hitter/RobotBridge4_refactor/deploy/simulator/base_sim.py", line 167, in close
    self.lc.unsubscribe(self.joint_state_subscriber)
AttributeError: 'Mujoco' object has no attribute 'joint_state_subscriber'. Did you mean: 'teleop_state_subscriber'?
