2026-09-10 15:08:34.361 | INFO     | utils.motion_lib.torch_humanoid_batch:<module>:41 - Using Humanoid Batch
2026-09-10 15:08:34.655 | DEBUG    | utils.kinematics:__init__:34 - [MujocoKinematics] loaded model from ./data/assets/g1/g1_29dof_hitter_racket_table_tennis.xml
2026-09-10 15:08:34.655 | DEBUG    | utils.kinematics:update_joint_names_subset:94 - [MujocoKinematics] set fk with 29 joints
2026-09-10 15:08:34.655 | INFO     | simulator.base_sim:_setup:41 - Robot-level Control Frequency Set to 200.0HZ
2026-09-10 15:08:34.655 | INFO     | simulator.base_sim:_setup:42 - Policy-level Control Frequency Set to 50.0HZ
2026-09-10 15:08:34.656 | INFO     | simulator.base_sim:_load_asset:55 - Joint left_hip_pitch_joint  Default Angles -0.31200000643730164  P_gain 40.179237365722656  D_gain 2.557889938354492 
2026-09-10 15:08:34.656 | INFO     | simulator.base_sim:_load_asset:55 - Joint left_hip_roll_joint  Default Angles 0.0  P_gain 99.09842681884766  D_gain 6.308802127838135 
2026-09-10 15:08:34.656 | INFO     | simulator.base_sim:_load_asset:55 - Joint left_hip_yaw_joint  Default Angles 0.0  P_gain 40.179237365722656  D_gain 2.557889938354492 
2026-09-10 15:08:34.656 | INFO     | simulator.base_sim:_load_asset:55 - Joint left_knee_joint  Default Angles 0.6690000295639038  P_gain 99.09842681884766  D_gain 6.308802127838135 
2026-09-10 15:08:34.656 | INFO     | simulator.base_sim:_load_asset:55 - Joint left_ankle_pitch_joint  Default Angles -0.3630000054836273  P_gain 28.501245498657227  D_gain 1.814445972442627 
2026-09-10 15:08:34.656 | INFO     | simulator.base_sim:_load_asset:55 - Joint left_ankle_roll_joint  Default Angles 0.0  P_gain 28.501245498657227  D_gain 1.814445972442627 
2026-09-10 15:08:34.656 | INFO     | simulator.base_sim:_load_asset:55 - Joint right_hip_pitch_joint  Default Angles -0.31200000643730164  P_gain 40.179237365722656  D_gain 2.557889938354492 
2026-09-10 15:08:34.656 | INFO     | simulator.base_sim:_load_asset:55 - Joint right_hip_roll_joint  Default Angles 0.0  P_gain 99.09842681884766  D_gain 6.308802127838135 
2026-09-10 15:08:34.656 | INFO     | simulator.base_sim:_load_asset:55 - Joint right_hip_yaw_joint  Default Angles 0.0  P_gain 40.179237365722656  D_gain 2.557889938354492 
2026-09-10 15:08:34.656 | INFO     | simulator.base_sim:_load_asset:55 - Joint right_knee_joint  Default Angles 0.6690000295639038  P_gain 99.09842681884766  D_gain 6.308802127838135 
2026-09-10 15:08:34.656 | INFO     | simulator.base_sim:_load_asset:55 - Joint right_ankle_pitch_joint  Default Angles -0.3630000054836273  P_gain 28.501245498657227  D_gain 1.814445972442627 
2026-09-10 15:08:34.656 | INFO     | simulator.base_sim:_load_asset:55 - Joint right_ankle_roll_joint  Default Angles 0.0  P_gain 28.501245498657227  D_gain 1.814445972442627 
2026-09-10 15:08:34.656 | INFO     | simulator.base_sim:_load_asset:55 - Joint waist_yaw_joint  Default Angles 0.0  P_gain 40.179237365722656  D_gain 2.557889938354492 
2026-09-10 15:08:34.656 | INFO     | simulator.base_sim:_load_asset:55 - Joint waist_roll_joint  Default Angles 0.0  P_gain 28.501245498657227  D_gain 1.814445972442627 
2026-09-10 15:08:34.656 | INFO     | simulator.base_sim:_load_asset:55 - Joint waist_pitch_joint  Default Angles 0.0  P_gain 28.501245498657227  D_gain 1.814445972442627 
2026-09-10 15:08:34.656 | INFO     | simulator.base_sim:_load_asset:55 - Joint left_shoulder_pitch_joint  Default Angles 0.20000000298023224  P_gain 14.250622749328613  D_gain 0.9072229862213135 
2026-09-10 15:08:34.656 | INFO     | simulator.base_sim:_load_asset:55 - Joint left_shoulder_roll_joint  Default Angles 0.20000000298023224  P_gain 14.250622749328613  D_gain 0.9072229862213135 
2026-09-10 15:08:34.656 | INFO     | simulator.base_sim:_load_asset:55 - Joint left_shoulder_yaw_joint  Default Angles 0.0  P_gain 14.250622749328613  D_gain 0.9072229862213135 
2026-09-10 15:08:34.656 | INFO     | simulator.base_sim:_load_asset:55 - Joint left_elbow_joint  Default Angles 0.6000000238418579  P_gain 14.250622749328613  D_gain 0.9072229862213135 
2026-09-10 15:08:34.656 | INFO     | simulator.base_sim:_load_asset:55 - Joint left_wrist_roll_joint  Default Angles 0.0  P_gain 14.250622749328613  D_gain 0.9072229862213135 
2026-09-10 15:08:34.657 | INFO     | simulator.base_sim:_load_asset:55 - Joint left_wrist_pitch_joint  Default Angles 0.0  P_gain 16.77832794189453  D_gain 1.068142056465149 
2026-09-10 15:08:34.657 | INFO     | simulator.base_sim:_load_asset:55 - Joint left_wrist_yaw_joint  Default Angles 0.0  P_gain 16.77832794189453  D_gain 1.068142056465149 
2026-09-10 15:08:34.657 | INFO     | simulator.base_sim:_load_asset:55 - Joint right_shoulder_pitch_joint  Default Angles 0.20000000298023224  P_gain 14.250622749328613  D_gain 0.9072229862213135 
2026-09-10 15:08:34.657 | INFO     | simulator.base_sim:_load_asset:55 - Joint right_shoulder_roll_joint  Default Angles -0.20000000298023224  P_gain 14.250622749328613  D_gain 0.9072229862213135 
2026-09-10 15:08:34.657 | INFO     | simulator.base_sim:_load_asset:55 - Joint right_shoulder_yaw_joint  Default Angles 0.0  P_gain 14.250622749328613  D_gain 0.9072229862213135 
2026-09-10 15:08:34.657 | INFO     | simulator.base_sim:_load_asset:55 - Joint right_elbow_joint  Default Angles 0.6000000238418579  P_gain 14.250622749328613  D_gain 0.9072229862213135 
2026-09-10 15:08:34.657 | INFO     | simulator.base_sim:_load_asset:55 - Joint right_wrist_roll_joint  Default Angles 0.0  P_gain 14.250622749328613  D_gain 0.9072229862213135 
2026-09-10 15:08:34.657 | INFO     | simulator.base_sim:_load_asset:55 - Joint right_wrist_pitch_joint  Default Angles 0.0  P_gain 16.77832794189453  D_gain 1.068142056465149 
2026-09-10 15:08:34.657 | INFO     | simulator.base_sim:_load_asset:55 - Joint right_wrist_yaw_joint  Default Angles 0.0  P_gain 16.77832794189453  D_gain 1.068142056465149 
2026-09-10 15:08:34.657 | INFO     | simulator.base_sim:_load_asset:56 - Total Number of dof: 29
2026-09-10 15:08:34.657 | INFO     | simulator.base_sim:_load_asset:57 - Number of Action: 29
2026-09-10 15:08:34.748 | INFO     | simulator.mujoco:__init__:39 - Visualization Marker: True
2026-09-10 15:08:34.749 | INFO     | utils.history_handler:__init__:19 - History Handler initialized!
2026-09-10 15:08:34.750 | INFO     | envs.hitter:__init__:121 - HITTER ball planner configured.
2026-09-10 15:08:34.755 | INFO     | agents.base_agent:load_onnx_policy:22 - Loading ONNX Checkpoint from ./data/model/hitter/hitter_model20500_20260818_104.onnx
2026-09-10 15:08:34.755 | INFO     | envs.hitter:configure_from_modelmeta:172 - Applying HITTER joint configuration from ONNX model.
2026-09-10 15:08:34.758 | INFO     | envs.hitter:configure_from_modelmeta:214 - HITTER policy metadata configured, 29 degrees of freedom.
2026-09-10 15:08:34.758 | INFO     | agents.hitter_agent:load_onnx_policy:19 - HITTER policy metadata loaded. Joints: 29 Anchor body: pelvis
2026-09-10 15:08:34.758 | INFO     | simulator.mujoco:calibrate:500 - Resetting envs with ref_dof_pos=['-0.312', '0.000', '0.000', '0.669', '-0.363', '0.000', '-0.312', '0.000', '0.000', '0.669', '-0.363', '0.000', '0.000', '0.000', '0.000', '0.200', '0.200', '0.000', '0.600', '0.000', '0.000', '0.000', '0.200', '-0.200', '0.000', '0.600', '0.000', '0.000', '0.000']
2026-09-10 15:08:34.760 | INFO     | envs.hitter:_capture_hitter_waiting_base_target:738 - HITTER waiting base target captured at world position [-0.4000000059604645, 0.0, 0.7929999828338623].
2026-09-10 15:08:34.760 | INFO     | envs.base_env:_update_obs:92 - Receive observation: ['actions', 'root_quat', 'root_rpy', 'base_ang_vel', 'base_lin_vel', 'dof_pos', 'dof_vel', 'projected_gravity']
2026-09-10 15:08:34.761 | INFO     | envs.hitter:_update_mujoco_serve_schedule:430 - MuJoCo HITTER serve 1/2 at simulation time 0.000 s.
2026-09-10 15:08:34.773 | INFO     | envs.hitter:_log_hitter_lifecycle_transition:1413 - HITTER lifecycle transition: waiting -> tracking track_id=2 decision=tracking
2026-09-10 15:08:35.029 | INFO     | envs.hitter:_log_hitter_lifecycle_transition:1413 - HITTER lifecycle transition: tracking -> armed track_id=2 decision=armed
2026-09-10 15:08:35.103 | WARNING  | envs.hitter:_log_hitter_safety_decision:1437 - HITTER lifecycle safety decision: decision=retained_discontinuity reason=OVERRIDE_DISCONTINUITY track_id=2 phase=armed consumed_track_ids=()
2026-09-10 15:08:35.261 | WARNING  | envs.hitter:_log_hitter_safety_decision:1437 - HITTER lifecycle safety decision: decision=retained_failure reason=HIT_HEIGHT_OUT_OF_RANGE track_id=2 phase=armed consumed_track_ids=()
2026-09-10 15:08:35.497 | WARNING  | envs.hitter:_log_hitter_safety_decision:1437 - HITTER lifecycle safety decision: decision=retained_committed reason=BALL_NOT_INCOMING track_id=2 phase=armed consumed_track_ids=()
2026-09-10 15:08:35.506 | INFO     | envs.hitter:_log_hitter_strike_target:1146 - HITTER strike target: track_id=2 generation=26 type=forehand strike_table_y_w=-0.0000 side_source=table_y p_racket_target_w_m=[0.0000,-0.0000,0.9145] raw_racket_normal_speed_mps=2.3897 commanded_racket_normal_speed_mps=2.3897 minimum_racket_normal_speed_mps=1.0000 racket_speed_floor_applied=false command_kind=planner_target_not_measured v_ball_in_w_mps=[-1.1072,0.0000,0.8924] speed_ball_in_mps=1.4221 v_ball_out_w_mps=[4.7622,0.8769,2.1392] speed_ball_out_mps=5.2937 v_racket_target_w_mps=[2.3130,0.3456,0.4913] speed_racket_mps=2.3897 v_racket_policy_w_mps=[2.3130,0.3456,0.4913] speed_racket_policy_mps=2.3897 policy_velocity_magnitude_increment_mps=0.0000 policy_vx_offset_mps=0.0000 policy_vy_offset_mps=0.0000
2026-09-10 15:08:35.506 | INFO     | envs.hitter:_log_hitter_advance_transitions:1460 - HITTER lifecycle transition: armed -> recovery
2026-09-10 15:08:35.594 | INFO     | envs.hitter:_log_hitter_advance_transitions:1476 - HITTER lifecycle transition: recovery -> waiting
2026-09-10 15:08:37.498 | INFO     | envs.hitter:_update_mujoco_serve_schedule:430 - MuJoCo HITTER serve 2/2 at simulation time 20.000 s.
2026-09-10 15:08:37.509 | INFO     | envs.hitter:_log_hitter_lifecycle_transition:1413 - HITTER lifecycle transition: waiting -> tracking track_id=3 decision=tracking
2026-09-10 15:08:37.770 | INFO     | envs.hitter:_log_hitter_lifecycle_transition:1413 - HITTER lifecycle transition: tracking -> armed track_id=3 decision=armed
2026-09-10 15:08:37.843 | WARNING  | envs.hitter:_log_hitter_safety_decision:1437 - HITTER lifecycle safety decision: decision=retained_discontinuity reason=OVERRIDE_DISCONTINUITY track_id=3 phase=armed consumed_track_ids=()
2026-09-10 15:08:38.003 | WARNING  | envs.hitter:_log_hitter_safety_decision:1437 - HITTER lifecycle safety decision: decision=retained_failure reason=HIT_HEIGHT_OUT_OF_RANGE track_id=3 phase=armed consumed_track_ids=()
2026-09-10 15:08:38.239 | WARNING  | envs.hitter:_log_hitter_safety_decision:1437 - HITTER lifecycle safety decision: decision=retained_committed reason=BALL_NOT_INCOMING track_id=3 phase=armed consumed_track_ids=()
2026-09-10 15:08:38.248 | INFO     | envs.hitter:_log_hitter_strike_target:1146 - HITTER strike target: track_id=3 generation=27 type=forehand strike_table_y_w=-0.0000 side_source=table_y p_racket_target_w_m=[0.0000,-0.0000,0.9145] raw_racket_normal_speed_mps=2.3897 commanded_racket_normal_speed_mps=2.3897 minimum_racket_normal_speed_mps=1.0000 racket_speed_floor_applied=false command_kind=planner_target_not_measured v_ball_in_w_mps=[-1.1072,0.0000,0.8924] speed_ball_in_mps=1.4221 v_ball_out_w_mps=[4.7622,0.8769,2.1392] speed_ball_out_mps=5.2937 v_racket_target_w_mps=[2.3130,0.3456,0.4913] speed_racket_mps=2.3897 v_racket_policy_w_mps=[2.3130,0.3456,0.4913] speed_racket_policy_mps=2.3897 policy_velocity_magnitude_increment_mps=0.0000 policy_vx_offset_mps=0.0000 policy_vy_offset_mps=0.0000
2026-09-10 15:08:38.248 | INFO     | envs.hitter:_log_hitter_advance_transitions:1460 - HITTER lifecycle transition: armed -> recovery
mujoco time step :  0.005
{
  "root": "/home/yhl/Desktop/BOB/Hitter/RobotBridge4_refactor",
  "requested_steps": 1100,
  "completed_steps": 1100,
  "clock_mode": "controlled_simulation_clock",
  "agent": "agents.hitter_agent.HitterAgent",
  "env": "envs.hitter.HitterEnv",
  "simulator": "simulator.mujoco.Mujoco",
  "model_inputs": [
    {
      "name": "obs",
      "shape": [
        1,
        104
      ]
    }
  ],
  "model_outputs": [
    {
      "name": "actions",
      "shape": [
        1,
        29
      ]
    }
  ],
  "initial_observation_shapes": {
    "obs": [
      1,
      104
    ]
  },
  "initial_simulation_time_s": 0.0,
  "simulation_time_s": 21.999999999999908,
  "scheduled_serves_emitted": 2,
  "trajectory_sha256": "c647c05cfbeed76730618f059559ce08af7322b6628bc5c9b34f47f2c11a830c",
  "loop_passed": true,
  "close_exception": "Traceback (most recent call last):\n  File \"/home/yhl/Desktop/RobotBridge4_\u90e8\u7f72\u542f\u52a8\u6838\u9a8c/sim_loop.py\", line 78, in <module>\n    result['close_result'] = agent.env.close()\n  File \"/home/yhl/Desktop/BOB/Hitter/RobotBridge4_refactor/deploy/envs/hitter.py\", line 1882, in close\n    raise first_error\n  File \"/home/yhl/Desktop/BOB/Hitter/RobotBridge4_refactor/deploy/envs/hitter.py\", line 1865, in close\n    simulator_closed = close_simulator() is not False\n  File \"/home/yhl/Desktop/BOB/Hitter/RobotBridge4_refactor/deploy/simulator/base_sim.py\", line 167, in close\n    self.lc.unsubscribe(self.joint_state_subscriber)\nAttributeError: 'Mujoco' object has no attribute 'joint_state_subscriber'. Did you mean: 'teleop_state_subscriber'?\n",
  "wall_time_s": 4.795601597012137
}
