
Dynamic section at offset 0x1c9c38 contains 34 entries:
  标记        类型                         名称/值
 0x0000000000000001 (NEEDED)             共享库：[libddsc.so.0]
 0x0000000000000001 (NEEDED)             共享库：[libddscxx.so.0]
 0x0000000000000001 (NEEDED)             共享库：[liblcm.so.1]
 0x0000000000000001 (NEEDED)             共享库：[libstdc++.so.6]
 0x0000000000000001 (NEEDED)             共享库：[libgcc_s.so.1]
 0x0000000000000001 (NEEDED)             共享库：[libc.so.6]
 0x0000000000000001 (NEEDED)             共享库：[ld-linux-x86-64.so.2]
 0x000000000000001d (RUNPATH)            Library runpath: [/home/yhl/miniforge3/envs/isaaclab/lib/python3.10/site-packages/lib:/home/yhl/Desktop/BOB/Hitter/RobotBridge4_refactor/unitree_sdk2/thirdparty/lib/x86_64]
 0x000000000000000c (INIT)               0x3f000
 0x000000000000000d (FINI)               0x14ecc4
 0x0000000000000019 (INIT_ARRAY)         0x1c1d38
 0x000000000000001b (INIT_ARRAYSZ)       320 (bytes)
 0x000000000000001a (FINI_ARRAY)         0x1c1e78
 0x000000000000001c (FINI_ARRAYSZ)       8 (bytes)
 0x000000006ffffef5 (GNU_HASH)           0x3e8
 0x0000000000000005 (STRTAB)             0xab58
 0x0000000000000006 (SYMTAB)             0x1e40
 0x000000000000000a (STRSZ)              117421 (bytes)
 0x000000000000000b (SYMENT)             24 (bytes)
 0x0000000000000015 (DEBUG)              0x0
 0x0000000000000003 (PLTGOT)             0x1cae98
 0x0000000000000002 (PLTRELSZ)           12240 (bytes)
 0x0000000000000014 (PLTREL)             RELA
 0x0000000000000017 (JMPREL)             0x3bfb0
 0x0000000000000007 (RELA)               0x283a8
 0x0000000000000008 (RELASZ)             80904 (bytes)
 0x0000000000000009 (RELAENT)            24 (bytes)
 0x000000000000001e (FLAGS)              BIND_NOW
 0x000000006ffffffb (FLAGS_1)            标志： NOW PIE
 0x000000006ffffffe (VERNEED)            0x281c8
 0x000000006fffffff (VERNEEDNUM)         4
 0x000000006ffffff0 (VERSYM)             0x27606
 0x000000006ffffff9 (RELACOUNT)          2395
 0x0000000000000000 (NULL)               0x0
