-- The C compiler identification is GNU 11.4.0
-- The CXX compiler identification is GNU 11.4.0
-- Detecting C compiler ABI info
-- Detecting C compiler ABI info - done
-- Check for working C compiler: /usr/bin/cc - skipped
-- Detecting C compile features
-- Detecting C compile features - done
-- Detecting CXX compiler ABI info
-- Detecting CXX compiler ABI info - done
-- Check for working CXX compiler: /usr/bin/c++ - skipped
-- Detecting CXX compile features
-- Detecting CXX compile features - done
-- Current system architecture: x86_64
-- Looking for pthread.h
-- Looking for pthread.h - found
-- Performing Test CMAKE_HAVE_LIBC_PTHREAD
-- Performing Test CMAKE_HAVE_LIBC_PTHREAD - Success
-- Found Threads: TRUE  
-- Importing: /home/yhl/Desktop/BOB/Hitter/RobotBridge4_refactor/unitree_sdk2/thirdparty/lib/x86_64/libddsc.so
-- Importing: /home/yhl/Desktop/BOB/Hitter/RobotBridge4_refactor/unitree_sdk2/thirdparty/lib/x86_64/libddscxx.so
-- Unitree SDK library found at: /home/yhl/Desktop/BOB/Hitter/RobotBridge4_refactor/unitree_sdk2/lib/x86_64/libunitree_sdk2.a
-- Importing: /home/yhl/Desktop/BOB/Hitter/RobotBridge4_refactor/unitree_sdk2/lib/x86_64/libunitree_sdk2.a
-- Configuring done
-- Generating done
-- Build files have been written to: /home/yhl/Desktop/BOB/Hitter/RobotBridge4_refactor/unitree_sdk2/.build-robotbridge4-v2
