
Dynamic section at offset 0x4c48 contains 31 entries:
  标记        类型                         名称/值
 0x0000000000000001 (NEEDED)             共享库：[libViconDataStreamSDK_CPP.so]
 0x0000000000000001 (NEEDED)             共享库：[libstdc++.so.6]
 0x0000000000000001 (NEEDED)             共享库：[libgcc_s.so.1]
 0x0000000000000001 (NEEDED)             共享库：[libc.so.6]
 0x000000000000001d (RUNPATH)            Library runpath: [/home/yhl/Desktop/BOB/Hitter/RobotBridge4_refactor/vicon_datastream_sdk/linux64/Linux64:/home/yhl/miniforge3/envs/isaaclab/lib/python3.10/site-packages/lib]
 0x000000000000000c (INIT)               0x2000
 0x000000000000000d (FINI)               0x3ab4
 0x0000000000000019 (INIT_ARRAY)         0x5c30
 0x000000000000001b (INIT_ARRAYSZ)       16 (bytes)
 0x000000000000001a (FINI_ARRAY)         0x5c40
 0x000000000000001c (FINI_ARRAYSZ)       8 (bytes)
 0x000000006ffffef5 (GNU_HASH)           0x3b0
 0x0000000000000005 (STRTAB)             0x890
 0x0000000000000006 (SYMTAB)             0x3e0
 0x000000000000000a (STRSZ)              2185 (bytes)
 0x000000000000000b (SYMENT)             24 (bytes)
 0x0000000000000015 (DEBUG)              0x0
 0x0000000000000003 (PLTGOT)             0x5e78
 0x0000000000000002 (PLTRELSZ)           960 (bytes)
 0x0000000000000014 (PLTREL)             RELA
 0x0000000000000017 (JMPREL)             0x1398
 0x0000000000000007 (RELA)               0x1260
 0x0000000000000008 (RELASZ)             312 (bytes)
 0x0000000000000009 (RELAENT)            24 (bytes)
 0x000000000000001e (FLAGS)              BIND_NOW
 0x000000006ffffffb (FLAGS_1)            标志： NOW PIE
 0x000000006ffffffe (VERNEED)            0x1180
 0x000000006fffffff (VERNEEDNUM)         3
 0x000000006ffffff0 (VERSYM)             0x111a
 0x000000006ffffff9 (RELACOUNT)          4
 0x0000000000000000 (NULL)               0x0
