
Dynamic section at offset 0x63828 contains 33 entries:
  标记        类型                         名称/值
 0x0000000000000001 (NEEDED)             共享库：[libViconDataStreamSDK_CPP.so]
 0x0000000000000001 (NEEDED)             共享库：[liblcm.so.1]
 0x0000000000000001 (NEEDED)             共享库：[libstdc++.so.6]
 0x0000000000000001 (NEEDED)             共享库：[libm.so.6]
 0x0000000000000001 (NEEDED)             共享库：[libgcc_s.so.1]
 0x0000000000000001 (NEEDED)             共享库：[libc.so.6]
 0x000000000000001d (RUNPATH)            Library runpath: [/home/yhl/Desktop/BOB/Hitter/RobotBridge4_refactor/vicon_datastream_sdk/linux64/Linux64:/home/yhl/miniforge3/envs/isaaclab/lib/python3.10/site-packages/lib]
 0x000000000000000c (INIT)               0x7000
 0x000000000000000d (FINI)               0x4921c
 0x0000000000000019 (INIT_ARRAY)         0x63d78
 0x000000000000001b (INIT_ARRAYSZ)       32 (bytes)
 0x000000000000001a (FINI_ARRAY)         0x63d98
 0x000000000000001c (FINI_ARRAYSZ)       8 (bytes)
 0x000000006ffffef5 (GNU_HASH)           0x3b0
 0x0000000000000005 (STRTAB)             0x1920
 0x0000000000000006 (SYMTAB)             0x528
 0x000000000000000a (STRSZ)              8199 (bytes)
 0x000000000000000b (SYMENT)             24 (bytes)
 0x0000000000000015 (DEBUG)              0x0
 0x0000000000000003 (PLTGOT)             0x64a78
 0x0000000000000002 (PLTRELSZ)           3624 (bytes)
 0x0000000000000014 (PLTREL)             RELA
 0x0000000000000017 (JMPREL)             0x60a0
 0x0000000000000007 (RELA)               0x3c58
 0x0000000000000008 (RELASZ)             9288 (bytes)
 0x0000000000000009 (RELAENT)            24 (bytes)
 0x000000000000001e (FLAGS)              BIND_NOW
 0x000000006ffffffb (FLAGS_1)            标志： NOW PIE
 0x000000006ffffffe (VERNEED)            0x3ad8
 0x000000006fffffff (VERNEEDNUM)         4
 0x000000006ffffff0 (VERSYM)             0x3928
 0x000000006ffffff9 (RELACOUNT)          293
 0x0000000000000000 (NULL)               0x0
