[32m2026-08-08 13:15:27.296[0m | [1mINFO    [0m | [36m__main__[0m:[36mmain[0m:[36m27[0m - [1mLog saved to /home/loco1/BOB/Hitter/RobotBridge2-chingmu-ghost-mujoco-20260731/deploy/outputs/2026-08-08/13-15-27/eval.log[0m
[32m2026-08-08 13:15:28.154[0m | [1mINFO    [0m | [36mutils.motion_lib.torch_humanoid_batch[0m:[36m<module>[0m:[36m41[0m - [1mUsing Humanoid Batch[0m
[32m2026-08-08 13:15:28.274[0m | [1mINFO    [0m | [36msimulator.base_sim[0m:[36m_setup[0m:[36m41[0m - [1mRobot-level Control Frequency Set to 200.0HZ[0m
[32m2026-08-08 13:15:28.274[0m | [1mINFO    [0m | [36msimulator.base_sim[0m:[36m_setup[0m:[36m42[0m - [1mPolicy-level Control Frequency Set to 50.0HZ[0m
[32m2026-08-08 13:15:28.275[0m | [1mINFO    [0m | [36msimulator.base_sim[0m:[36m_load_asset[0m:[36m55[0m - [1mJoint left_hip_pitch_joint  Default Angles -0.31200000643730164  P_gain 40.179237365722656  D_gain 2.557889938354492 [0m
[32m2026-08-08 13:15:28.275[0m | [1mINFO    [0m | [36msimulator.base_sim[0m:[36m_load_asset[0m:[36m55[0m - [1mJoint left_hip_roll_joint  Default Angles 0.0  P_gain 99.09842681884766  D_gain 6.308802127838135 [0m
[32m2026-08-08 13:15:28.275[0m | [1mINFO    [0m | [36msimulator.base_sim[0m:[36m_load_asset[0m:[36m55[0m - [1mJoint left_hip_yaw_joint  Default Angles 0.0  P_gain 40.179237365722656  D_gain 2.557889938354492 [0m
[32m2026-08-08 13:15:28.275[0m | [1mINFO    [0m | [36msimulator.base_sim[0m:[36m_load_asset[0m:[36m55[0m - [1mJoint left_knee_joint  Default Angles 0.6690000295639038  P_gain 99.09842681884766  D_gain 6.308802127838135 [0m
[32m2026-08-08 13:15:28.275[0m | [1mINFO    [0m | [36msimulator.base_sim[0m:[36m_load_asset[0m:[36m55[0m - [1mJoint left_ankle_pitch_joint  Default Angles -0.3630000054836273  P_gain 28.501245498657227  D_gain 1.814445972442627 [0m
[32m2026-08-08 13:15:28.275[0m | [1mINFO    [0m | [36msimulator.base_sim[0m:[36m_load_asset[0m:[36m55[0m - [1mJoint left_ankle_roll_joint  Default Angles 0.0  P_gain 28.501245498657227  D_gain 1.814445972442627 [0m
[32m2026-08-08 13:15:28.275[0m | [1mINFO    [0m | [36msimulator.base_sim[0m:[36m_load_asset[0m:[36m55[0m - [1mJoint right_hip_pitch_joint  Default Angles -0.31200000643730164  P_gain 40.179237365722656  D_gain 2.557889938354492 [0m
[32m2026-08-08 13:15:28.275[0m | [1mINFO    [0m | [36msimulator.base_sim[0m:[36m_load_asset[0m:[36m55[0m - [1mJoint right_hip_roll_joint  Default Angles 0.0  P_gain 99.09842681884766  D_gain 6.308802127838135 [0m
[32m2026-08-08 13:15:28.275[0m | [1mINFO    [0m | [36msimulator.base_sim[0m:[36m_load_asset[0m:[36m55[0m - [1mJoint right_hip_yaw_joint  Default Angles 0.0  P_gain 40.179237365722656  D_gain 2.557889938354492 [0m
[32m2026-08-08 13:15:28.275[0m | [1mINFO    [0m | [36msimulator.base_sim[0m:[36m_load_asset[0m:[36m55[0m - [1mJoint right_knee_joint  Default Angles 0.6690000295639038  P_gain 99.09842681884766  D_gain 6.308802127838135 [0m
[32m2026-08-08 13:15:28.275[0m | [1mINFO    [0m | [36msimulator.base_sim[0m:[36m_load_asset[0m:[36m55[0m - [1mJoint right_ankle_pitch_joint  Default Angles -0.3630000054836273  P_gain 28.501245498657227  D_gain 1.814445972442627 [0m
[32m2026-08-08 13:15:28.275[0m | [1mINFO    [0m | [36msimulator.base_sim[0m:[36m_load_asset[0m:[36m55[0m - [1mJoint right_ankle_roll_joint  Default Angles 0.0  P_gain 28.501245498657227  D_gain 1.814445972442627 [0m
[32m2026-08-08 13:15:28.275[0m | [1mINFO    [0m | [36msimulator.base_sim[0m:[36m_load_asset[0m:[36m55[0m - [1mJoint waist_yaw_joint  Default Angles 0.0  P_gain 40.179237365722656  D_gain 2.557889938354492 [0m
[32m2026-08-08 13:15:28.275[0m | [1mINFO    [0m | [36msimulator.base_sim[0m:[36m_load_asset[0m:[36m55[0m - [1mJoint waist_roll_joint  Default Angles 0.0  P_gain 28.501245498657227  D_gain 1.814445972442627 [0m
[32m2026-08-08 13:15:28.275[0m | [1mINFO    [0m | [36msimulator.base_sim[0m:[36m_load_asset[0m:[36m55[0m - [1mJoint waist_pitch_joint  Default Angles 0.0  P_gain 28.501245498657227  D_gain 1.814445972442627 [0m
[32m2026-08-08 13:15:28.275[0m | [1mINFO    [0m | [36msimulator.base_sim[0m:[36m_load_asset[0m:[36m55[0m - [1mJoint left_shoulder_pitch_joint  Default Angles 0.20000000298023224  P_gain 14.250622749328613  D_gain 0.9072229862213135 [0m
[32m2026-08-08 13:15:28.275[0m | [1mINFO    [0m | [36msimulator.base_sim[0m:[36m_load_asset[0m:[36m55[0m - [1mJoint left_shoulder_roll_joint  Default Angles 0.20000000298023224  P_gain 14.250622749328613  D_gain 0.9072229862213135 [0m
[32m2026-08-08 13:15:28.275[0m | [1mINFO    [0m | [36msimulator.base_sim[0m:[36m_load_asset[0m:[36m55[0m - [1mJoint left_shoulder_yaw_joint  Default Angles 0.0  P_gain 14.250622749328613  D_gain 0.9072229862213135 [0m
[32m2026-08-08 13:15:28.275[0m | [1mINFO    [0m | [36msimulator.base_sim[0m:[36m_load_asset[0m:[36m55[0m - [1mJoint left_elbow_joint  Default Angles 0.6000000238418579  P_gain 14.250622749328613  D_gain 0.9072229862213135 [0m
[32m2026-08-08 13:15:28.275[0m | [1mINFO    [0m | [36msimulator.base_sim[0m:[36m_load_asset[0m:[36m55[0m - [1mJoint left_wrist_roll_joint  Default Angles 0.0  P_gain 14.250622749328613  D_gain 0.9072229862213135 [0m
[32m2026-08-08 13:15:28.275[0m | [1mINFO    [0m | [36msimulator.base_sim[0m:[36m_load_asset[0m:[36m55[0m - [1mJoint left_wrist_pitch_joint  Default Angles 0.0  P_gain 16.77832794189453  D_gain 1.068142056465149 [0m
[32m2026-08-08 13:15:28.275[0m | [1mINFO    [0m | [36msimulator.base_sim[0m:[36m_load_asset[0m:[36m55[0m - [1mJoint left_wrist_yaw_joint  Default Angles 0.0  P_gain 16.77832794189453  D_gain 1.068142056465149 [0m
[32m2026-08-08 13:15:28.275[0m | [1mINFO    [0m | [36msimulator.base_sim[0m:[36m_load_asset[0m:[36m55[0m - [1mJoint right_shoulder_pitch_joint  Default Angles 0.20000000298023224  P_gain 14.250622749328613  D_gain 0.9072229862213135 [0m
[32m2026-08-08 13:15:28.275[0m | [1mINFO    [0m | [36msimulator.base_sim[0m:[36m_load_asset[0m:[36m55[0m - [1mJoint right_shoulder_roll_joint  Default Angles -0.20000000298023224  P_gain 14.250622749328613  D_gain 0.9072229862213135 [0m
[32m2026-08-08 13:15:28.275[0m | [1mINFO    [0m | [36msimulator.base_sim[0m:[36m_load_asset[0m:[36m55[0m - [1mJoint right_shoulder_yaw_joint  Default Angles 0.0  P_gain 14.250622749328613  D_gain 0.9072229862213135 [0m
[32m2026-08-08 13:15:28.275[0m | [1mINFO    [0m | [36msimulator.base_sim[0m:[36m_load_asset[0m:[36m55[0m - [1mJoint right_elbow_joint  Default Angles 0.6000000238418579  P_gain 14.250622749328613  D_gain 0.9072229862213135 [0m
[32m2026-08-08 13:15:28.275[0m | [1mINFO    [0m | [36msimulator.base_sim[0m:[36m_load_asset[0m:[36m55[0m - [1mJoint right_wrist_roll_joint  Default Angles 0.0  P_gain 14.250622749328613  D_gain 0.9072229862213135 [0m
[32m2026-08-08 13:15:28.275[0m | [1mINFO    [0m | [36msimulator.base_sim[0m:[36m_load_asset[0m:[36m55[0m - [1mJoint right_wrist_pitch_joint  Default Angles 0.0  P_gain 16.77832794189453  D_gain 1.068142056465149 [0m
[32m2026-08-08 13:15:28.275[0m | [1mINFO    [0m | [36msimulator.base_sim[0m:[36m_load_asset[0m:[36m55[0m - [1mJoint right_wrist_yaw_joint  Default Angles 0.0  P_gain 16.77832794189453  D_gain 1.068142056465149 [0m
[32m2026-08-08 13:15:28.275[0m | [1mINFO    [0m | [36msimulator.base_sim[0m:[36m_load_asset[0m:[36m56[0m - [1mTotal Number of dof: 29[0m
[32m2026-08-08 13:15:28.275[0m | [1mINFO    [0m | [36msimulator.base_sim[0m:[36m_load_asset[0m:[36m57[0m - [1mNumber of Action: 29[0m
mujoco time step :  0.005
[32m2026-08-08 13:15:28.375[0m | [1mINFO    [0m | [36msimulator.mujoco[0m:[36m__init__[0m:[36m156[0m - [1mVisualization Marker: True[0m
[32m2026-08-08 13:15:30.539[0m | [1mINFO    [0m | [36msimulator.mujoco[0m:[36m_init_hitter_ball_input[0m:[36m798[0m - [1mHITTER HIL safety banner: simulator=Mujoco robot_backend=mujoco ball_pipeline=chingmu_ghost channel=vicon_state_data read_only=true ghost_collision=false control_publication_count=0[0m
[32m2026-08-08 13:15:30.540[0m | [1mINFO    [0m | [36mutils.history_handler[0m:[36m__init__[0m:[36m19[0m - [1mHistory Handler initialized![0m
[32m2026-08-08 13:15:30.542[0m | [1mINFO    [0m | [36menvs.hitter[0m:[36m__init__[0m:[36m110[0m - [1mHITTER ball planner configured.[0m
[32m2026-08-08 13:15:30.545[0m | [1mINFO    [0m | [36magents.base_agent[0m:[36mload_onnx_policy[0m:[36m22[0m - [1mLoading ONNX Checkpoint from /home/loco1/BOB/Hitter/RobotBridge2-chingmu-ghost-mujoco-20260731/deploy/data/model/hitter/hitter_model14100_8x4090_poswin001_velstd18_velwin003_104_20260808.onnx[0m
[32m2026-08-08 13:15:30.545[0m | [1mINFO    [0m | [36menvs.hitter[0m:[36mconfigure_from_modelmeta[0m:[36m161[0m - [1mApplying HITTER joint configuration from ONNX model.[0m
[32m2026-08-08 13:15:30.548[0m | [1mINFO    [0m | [36menvs.hitter[0m:[36mconfigure_from_modelmeta[0m:[36m203[0m - [1mHITTER policy metadata configured, 29 degrees of freedom.[0m
[32m2026-08-08 13:15:30.548[0m | [1mINFO    [0m | [36magents.hitter_agent[0m:[36mload_onnx_policy[0m:[36m22[0m - [1mHITTER policy metadata loaded. Joints: 29 Anchor body: pelvis[0m
In run
[32m2026-08-08 13:15:30.548[0m | [1mINFO    [0m | [36msimulator.mujoco[0m:[36mcalibrate[0m:[36m1098[0m - [1mResetting envs with ref_dof_pos=['-0.312', '0.000', '0.000', '0.669', '-0.363', '0.000', '-0.312', '0.000', '0.000', '0.669', '-0.363', '0.000', '0.000', '0.000', '0.000', '0.200', '0.200', '0.000', '0.600', '0.000', '0.000', '0.000', '0.200', '-0.200', '0.000', '0.600', '0.000', '0.000', '0.000'][0m
[32m2026-08-08 13:15:30.549[0m | [1mINFO    [0m | [36menvs.hitter[0m:[36m_capture_hitter_waiting_base_target[0m:[36m581[0m - [1mHITTER waiting base target captured at world position [-0.6000000238418579, 0.0, 0.7929999828338623].[0m
[32m2026-08-08 13:15:30.549[0m | [1mINFO    [0m | [36menvs.base_env[0m:[36m_update_obs[0m:[36m92[0m - [1mReceive observation: ['actions', 'root_quat', 'root_rpy', 'base_ang_vel', 'base_lin_vel', 'dof_pos', 'dof_vel', 'projected_gravity'][0m
[32m2026-08-08 13:15:30.550[0m | [1mINFO    [0m | [36menvs.hitter[0m:[36m_log_hitter_status[0m:[36m1016[0m - [1mHITTER realtime status: phase=waiting submitted=0 completed=0 failed=0 dropped=0 result_age_s=nan epoch=None generation=None policy_tts=0.920[0m
[32m2026-08-08 13:15:31.551[0m | [1mINFO    [0m | [36menvs.hitter[0m:[36m_log_hitter_status[0m:[36m1016[0m - [1mHITTER realtime status: phase=waiting submitted=0 completed=0 failed=0 dropped=0 result_age_s=nan epoch=None generation=None policy_tts=0.920[0m
[32m2026-08-08 13:15:32.551[0m | [1mINFO    [0m | [36menvs.hitter[0m:[36m_log_hitter_status[0m:[36m1016[0m - [1mHITTER realtime status: phase=waiting submitted=0 completed=0 failed=0 dropped=0 result_age_s=nan epoch=None generation=None policy_tts=0.920[0m
[32m2026-08-08 13:15:33.551[0m | [1mINFO    [0m | [36menvs.hitter[0m:[36m_log_hitter_status[0m:[36m1016[0m - [1mHITTER realtime status: phase=waiting submitted=0 completed=0 failed=0 dropped=0 result_age_s=nan epoch=None generation=None policy_tts=0.920[0m
[32m2026-08-08 13:15:34.551[0m | [1mINFO    [0m | [36menvs.hitter[0m:[36m_log_hitter_status[0m:[36m1016[0m - [1mHITTER realtime status: phase=waiting submitted=0 completed=0 failed=0 dropped=0 result_age_s=nan epoch=None generation=None policy_tts=0.920[0m
[32m2026-08-08 13:15:35.552[0m | [1mINFO    [0m | [36menvs.hitter[0m:[36m_log_hitter_status[0m:[36m1016[0m - [1mHITTER realtime status: phase=waiting submitted=0 completed=0 failed=0 dropped=0 result_age_s=nan epoch=None generation=None policy_tts=0.920[0m
[32m2026-08-08 13:15:36.571[0m | [1mINFO    [0m | [36menvs.hitter[0m:[36m_log_hitter_status[0m:[36m1016[0m - [1mHITTER realtime status: phase=waiting submitted=0 completed=0 failed=0 dropped=0 result_age_s=nan epoch=None generation=None policy_tts=0.920[0m
[32m2026-08-08 13:15:37.572[0m | [1mINFO    [0m | [36menvs.hitter[0m:[36m_log_hitter_status[0m:[36m1016[0m - [1mHITTER realtime status: phase=waiting submitted=0 completed=0 failed=0 dropped=0 result_age_s=nan epoch=None generation=None policy_tts=0.920[0m
[32m2026-08-08 13:15:38.572[0m | [1mINFO    [0m | [36menvs.hitter[0m:[36m_log_hitter_status[0m:[36m1016[0m - [1mHITTER realtime status: phase=waiting submitted=0 completed=0 failed=0 dropped=0 result_age_s=nan epoch=None generation=None policy_tts=0.920[0m
[32m2026-08-08 13:15:39.572[0m | [1mINFO    [0m | [36menvs.hitter[0m:[36m_log_hitter_status[0m:[36m1016[0m - [1mHITTER realtime status: phase=waiting submitted=0 completed=0 failed=0 dropped=0 result_age_s=nan epoch=None generation=None policy_tts=0.920[0m
[32m2026-08-08 13:15:40.591[0m | [1mINFO    [0m | [36menvs.hitter[0m:[36m_log_hitter_status[0m:[36m1016[0m - [1mHITTER realtime status: phase=waiting submitted=0 completed=0 failed=0 dropped=0 result_age_s=nan epoch=None generation=None policy_tts=0.920[0m
[32m2026-08-08 13:15:41.591[0m | [1mINFO    [0m | [36menvs.hitter[0m:[36m_log_hitter_status[0m:[36m1016[0m - [1mHITTER realtime status: phase=waiting submitted=0 completed=0 failed=0 dropped=0 result_age_s=nan epoch=None generation=None policy_tts=0.920[0m
[32m2026-08-08 13:15:42.592[0m | [1mINFO    [0m | [36menvs.hitter[0m:[36m_log_hitter_status[0m:[36m1016[0m - [1mHITTER realtime status: phase=waiting submitted=0 completed=0 failed=0 dropped=0 result_age_s=nan epoch=None generation=None policy_tts=0.920[0m
[32m2026-08-08 13:15:43.592[0m | [1mINFO    [0m | [36menvs.hitter[0m:[36m_log_hitter_status[0m:[36m1016[0m - [1mHITTER realtime status: phase=waiting submitted=0 completed=0 failed=0 dropped=0 result_age_s=nan epoch=None generation=None policy_tts=0.920[0m
[32m2026-08-08 13:15:44.592[0m | [1mINFO    [0m | [36menvs.hitter[0m:[36m_log_hitter_status[0m:[36m1016[0m - [1mHITTER realtime status: phase=waiting submitted=0 completed=0 failed=0 dropped=0 result_age_s=nan epoch=None generation=None policy_tts=0.920[0m
[32m2026-08-08 13:15:45.611[0m | [1mINFO    [0m | [36menvs.hitter[0m:[36m_log_hitter_status[0m:[36m1016[0m - [1mHITTER realtime status: phase=waiting submitted=0 completed=0 failed=0 dropped=0 result_age_s=nan epoch=None generation=None policy_tts=0.920[0m
[32m2026-08-08 13:15:46.612[0m | [1mINFO    [0m | [36menvs.hitter[0m:[36m_log_hitter_status[0m:[36m1016[0m - [1mHITTER realtime status: phase=waiting submitted=0 completed=0 failed=0 dropped=0 result_age_s=nan epoch=None generation=None policy_tts=0.920[0m
[32m2026-08-08 13:15:47.612[0m | [1mINFO    [0m | [36menvs.hitter[0m:[36m_log_hitter_status[0m:[36m1016[0m - [1mHITTER realtime status: phase=waiting submitted=0 completed=0 failed=0 dropped=0 result_age_s=nan epoch=None generation=None policy_tts=0.920[0m
[32m2026-08-08 13:15:48.612[0m | [1mINFO    [0m | [36menvs.hitter[0m:[36m_log_hitter_status[0m:[36m1016[0m - [1mHITTER realtime status: phase=waiting submitted=0 completed=0 failed=0 dropped=0 result_age_s=nan epoch=None generation=None policy_tts=0.920[0m
[32m2026-08-08 13:15:49.612[0m | [1mINFO    [0m | [36menvs.hitter[0m:[36m_log_hitter_status[0m:[36m1016[0m - [1mHITTER realtime status: phase=waiting submitted=0 completed=0 failed=0 dropped=0 result_age_s=nan epoch=None generation=None policy_tts=0.920[0m
[32m2026-08-08 13:15:50.631[0m | [1mINFO    [0m | [36menvs.hitter[0m:[36m_log_hitter_status[0m:[36m1016[0m - [1mHITTER realtime status: phase=waiting submitted=0 completed=0 failed=0 dropped=0 result_age_s=nan epoch=None generation=None policy_tts=0.920[0m
[32m2026-08-08 13:15:51.631[0m | [1mINFO    [0m | [36menvs.hitter[0m:[36m_log_hitter_status[0m:[36m1016[0m - [1mHITTER realtime status: phase=waiting submitted=0 completed=0 failed=0 dropped=0 result_age_s=nan epoch=None generation=None policy_tts=0.920[0m
[32m2026-08-08 13:15:52.631[0m | [1mINFO    [0m | [36menvs.hitter[0m:[36m_log_hitter_status[0m:[36m1016[0m - [1mHITTER realtime status: phase=waiting submitted=0 completed=0 failed=0 dropped=0 result_age_s=nan epoch=None generation=None policy_tts=0.920[0m
[32m2026-08-08 13:15:53.632[0m | [1mINFO    [0m | [36menvs.hitter[0m:[36m_log_hitter_status[0m:[36m1016[0m - [1mHITTER realtime status: phase=waiting submitted=0 completed=0 failed=0 dropped=0 result_age_s=nan epoch=None generation=None policy_tts=0.920[0m
[32m2026-08-08 13:15:54.632[0m | [1mINFO    [0m | [36menvs.hitter[0m:[36m_log_hitter_status[0m:[36m1016[0m - [1mHITTER realtime status: phase=waiting submitted=0 completed=0 failed=0 dropped=0 result_age_s=nan epoch=None generation=None policy_tts=0.920[0m
[32m2026-08-08 13:15:55.651[0m | [1mINFO    [0m | [36menvs.hitter[0m:[36m_log_hitter_status[0m:[36m1016[0m - [1mHITTER realtime status: phase=waiting submitted=0 completed=0 failed=0 dropped=0 result_age_s=nan epoch=None generation=None policy_tts=0.920[0m
[32m2026-08-08 13:15:56.651[0m | [1mINFO    [0m | [36menvs.hitter[0m:[36m_log_hitter_status[0m:[36m1016[0m - [1mHITTER realtime status: phase=waiting submitted=0 completed=0 failed=0 dropped=0 result_age_s=nan epoch=None generation=None policy_tts=0.920[0m
[32m2026-08-08 13:15:57.651[0m | [1mINFO    [0m | [36menvs.hitter[0m:[36m_log_hitter_status[0m:[36m1016[0m - [1mHITTER realtime status: phase=waiting submitted=0 completed=0 failed=0 dropped=0 result_age_s=nan epoch=None generation=None policy_tts=0.920[0m
[32m2026-08-08 13:15:58.651[0m | [1mINFO    [0m | [36menvs.hitter[0m:[36m_log_hitter_status[0m:[36m1016[0m - [1mHITTER realtime status: phase=waiting submitted=0 completed=0 failed=0 dropped=0 result_age_s=nan epoch=None generation=None policy_tts=0.920[0m
[32m2026-08-08 13:15:59.651[0m | [1mINFO    [0m | [36menvs.hitter[0m:[36m_log_hitter_status[0m:[36m1016[0m - [1mHITTER realtime status: phase=waiting submitted=0 completed=0 failed=0 dropped=0 result_age_s=nan epoch=None generation=None policy_tts=0.920[0m
[32m2026-08-08 13:16:00.652[0m | [1mINFO    [0m | [36menvs.hitter[0m:[36m_log_hitter_status[0m:[36m1016[0m - [1mHITTER realtime status: phase=waiting submitted=0 completed=0 failed=0 dropped=0 result_age_s=nan epoch=None generation=None policy_tts=0.920[0m
[32m2026-08-08 13:16:01.652[0m | [1mINFO    [0m | [36menvs.hitter[0m:[36m_log_hitter_status[0m:[36m1016[0m - [1mHITTER realtime status: phase=waiting submitted=0 completed=0 failed=0 dropped=0 result_age_s=nan epoch=None generation=None policy_tts=0.920[0m
[32m2026-08-08 13:16:02.671[0m | [1mINFO    [0m | [36menvs.hitter[0m:[36m_log_hitter_status[0m:[36m1016[0m - [1mHITTER realtime status: phase=waiting submitted=0 completed=0 failed=0 dropped=0 result_age_s=nan epoch=None generation=None policy_tts=0.920[0m
[32m2026-08-08 13:16:03.672[0m | [1mINFO    [0m | [36menvs.hitter[0m:[36m_log_hitter_status[0m:[36m1016[0m - [1mHITTER realtime status: phase=waiting submitted=0 completed=0 failed=0 dropped=0 result_age_s=nan epoch=None generation=None policy_tts=0.920[0m
[32m2026-08-08 13:16:04.672[0m | [1mINFO    [0m | [36menvs.hitter[0m:[36m_log_hitter_status[0m:[36m1016[0m - [1mHITTER realtime status: phase=waiting submitted=0 completed=0 failed=0 dropped=0 result_age_s=nan epoch=None generation=None policy_tts=0.920[0m
[32m2026-08-08 13:16:05.672[0m | [1mINFO    [0m | [36menvs.hitter[0m:[36m_log_hitter_status[0m:[36m1016[0m - [1mHITTER realtime status: phase=waiting submitted=0 completed=0 failed=0 dropped=0 result_age_s=nan epoch=None generation=None policy_tts=0.920[0m
[32m2026-08-08 13:16:06.672[0m | [1mINFO    [0m | [36menvs.hitter[0m:[36m_log_hitter_status[0m:[36m1016[0m - [1mHITTER realtime status: phase=waiting submitted=0 completed=0 failed=0 dropped=0 result_age_s=nan epoch=None generation=None policy_tts=0.920[0m
[32m2026-08-08 13:16:07.691[0m | [1mINFO    [0m | [36menvs.hitter[0m:[36m_log_hitter_status[0m:[36m1016[0m - [1mHITTER realtime status: phase=waiting submitted=0 completed=0 failed=0 dropped=0 result_age_s=nan epoch=None generation=None policy_tts=0.920[0m
[32m2026-08-08 13:16:08.691[0m | [1mINFO    [0m | [36menvs.hitter[0m:[36m_log_hitter_status[0m:[36m1016[0m - [1mHITTER realtime status: phase=waiting submitted=0 completed=0 failed=0 dropped=0 result_age_s=nan epoch=None generation=None policy_tts=0.920[0m
[32m2026-08-08 13:16:09.692[0m | [1mINFO    [0m | [36menvs.hitter[0m:[36m_log_hitter_status[0m:[36m1016[0m - [1mHITTER realtime status: phase=waiting submitted=0 completed=0 failed=0 dropped=0 result_age_s=nan epoch=None generation=None policy_tts=0.920[0m
[32m2026-08-08 13:16:10.692[0m | [1mINFO    [0m | [36menvs.hitter[0m:[36m_log_hitter_status[0m:[36m1016[0m - [1mHITTER realtime status: phase=waiting submitted=0 completed=0 failed=0 dropped=0 result_age_s=nan epoch=None generation=None policy_tts=0.920[0m
[32m2026-08-08 13:16:11.711[0m | [1mINFO    [0m | [36menvs.hitter[0m:[36m_log_hitter_status[0m:[36m1016[0m - [1mHITTER realtime status: phase=waiting submitted=0 completed=0 failed=0 dropped=0 result_age_s=nan epoch=None generation=None policy_tts=0.920[0m
[32m2026-08-08 13:16:12.711[0m | [1mINFO    [0m | [36menvs.hitter[0m:[36m_log_hitter_status[0m:[36m1016[0m - [1mHITTER realtime status: phase=waiting submitted=0 completed=0 failed=0 dropped=0 result_age_s=nan epoch=None generation=None policy_tts=0.920[0m
[32m2026-08-08 13:16:13.712[0m | [1mINFO    [0m | [36menvs.hitter[0m:[36m_log_hitter_status[0m:[36m1016[0m - [1mHITTER realtime status: phase=waiting submitted=0 completed=0 failed=0 dropped=0 result_age_s=nan epoch=None generation=None policy_tts=0.920[0m
[32m2026-08-08 13:16:14.713[0m | [1mINFO    [0m | [36menvs.hitter[0m:[36m_log_hitter_status[0m:[36m1016[0m - [1mHITTER realtime status: phase=waiting submitted=0 completed=0 failed=0 dropped=0 result_age_s=nan epoch=None generation=None policy_tts=0.920[0m
[32m2026-08-08 13:16:15.731[0m | [1mINFO    [0m | [36menvs.hitter[0m:[36m_log_hitter_status[0m:[36m1016[0m - [1mHITTER realtime status: phase=waiting submitted=0 completed=0 failed=0 dropped=0 result_age_s=nan epoch=None generation=None policy_tts=0.920[0m
[32m2026-08-08 13:16:16.731[0m | [1mINFO    [0m | [36menvs.hitter[0m:[36m_log_hitter_status[0m:[36m1016[0m - [1mHITTER realtime status: phase=waiting submitted=0 completed=0 failed=0 dropped=0 result_age_s=nan epoch=None generation=None policy_tts=0.920[0m
[32m2026-08-08 13:16:17.731[0m | [1mINFO    [0m | [36menvs.hitter[0m:[36m_log_hitter_status[0m:[36m1016[0m - [1mHITTER realtime status: phase=waiting submitted=0 completed=0 failed=0 dropped=0 result_age_s=nan epoch=None generation=None policy_tts=0.920[0m
[32m2026-08-08 13:16:18.731[0m | [1mINFO    [0m | [36menvs.hitter[0m:[36m_log_hitter_status[0m:[36m1016[0m - [1mHITTER realtime status: phase=waiting submitted=0 completed=0 failed=0 dropped=0 result_age_s=nan epoch=None generation=None policy_tts=0.920[0m
[32m2026-08-08 13:16:19.732[0m | [1mINFO    [0m | [36menvs.hitter[0m:[36m_log_hitter_status[0m:[36m1016[0m - [1mHITTER realtime status: phase=waiting submitted=0 completed=0 failed=0 dropped=0 result_age_s=nan epoch=None generation=None policy_tts=0.920[0m
[32m2026-08-08 13:16:20.732[0m | [1mINFO    [0m | [36menvs.hitter[0m:[36m_log_hitter_status[0m:[36m1016[0m - [1mHITTER realtime status: phase=waiting submitted=0 completed=0 failed=0 dropped=0 result_age_s=nan epoch=None generation=None policy_tts=0.920[0m
[32m2026-08-08 13:16:21.751[0m | [1mINFO    [0m | [36menvs.hitter[0m:[36m_log_hitter_status[0m:[36m1016[0m - [1mHITTER realtime status: phase=waiting submitted=0 completed=0 failed=0 dropped=0 result_age_s=nan epoch=None generation=None policy_tts=0.920[0m
[32m2026-08-08 13:16:22.751[0m | [1mINFO    [0m | [36menvs.hitter[0m:[36m_log_hitter_status[0m:[36m1016[0m - [1mHITTER realtime status: phase=waiting submitted=0 completed=0 failed=0 dropped=0 result_age_s=nan epoch=None generation=None policy_tts=0.920[0m
[32m2026-08-08 13:16:23.752[0m | [1mINFO    [0m | [36menvs.hitter[0m:[36m_log_hitter_status[0m:[36m1016[0m - [1mHITTER realtime status: phase=waiting submitted=0 completed=0 failed=0 dropped=0 result_age_s=nan epoch=None generation=None policy_tts=0.920[0m
[32m2026-08-08 13:16:24.771[0m | [1mINFO    [0m | [36menvs.hitter[0m:[36m_log_hitter_status[0m:[36m1016[0m - [1mHITTER realtime status: phase=waiting submitted=0 completed=0 failed=0 dropped=0 result_age_s=nan epoch=None generation=None policy_tts=0.920[0m
[32m2026-08-08 13:16:25.771[0m | [1mINFO    [0m | [36menvs.hitter[0m:[36m_log_hitter_status[0m:[36m1016[0m - [1mHITTER realtime status: phase=waiting submitted=0 completed=0 failed=0 dropped=0 result_age_s=nan epoch=None generation=None policy_tts=0.920[0m
[32m2026-08-08 13:16:26.772[0m | [1mINFO    [0m | [36menvs.hitter[0m:[36m_log_hitter_status[0m:[36m1016[0m - [1mHITTER realtime status: phase=waiting submitted=0 completed=0 failed=0 dropped=0 result_age_s=nan epoch=None generation=None policy_tts=0.920[0m
[32m2026-08-08 13:16:27.772[0m | [1mINFO    [0m | [36menvs.hitter[0m:[36m_log_hitter_status[0m:[36m1016[0m - [1mHITTER realtime status: phase=waiting submitted=0 completed=0 failed=0 dropped=0 result_age_s=nan epoch=None generation=None policy_tts=0.920[0m
[32m2026-08-08 13:16:28.791[0m | [1mINFO    [0m | [36menvs.hitter[0m:[36m_log_hitter_status[0m:[36m1016[0m - [1mHITTER realtime status: phase=waiting submitted=0 completed=0 failed=0 dropped=0 result_age_s=nan epoch=None generation=None policy_tts=0.920[0m
[32m2026-08-08 13:16:29.792[0m | [1mINFO    [0m | [36menvs.hitter[0m:[36m_log_hitter_status[0m:[36m1016[0m - [1mHITTER realtime status: phase=waiting submitted=0 completed=0 failed=0 dropped=0 result_age_s=nan epoch=None generation=None policy_tts=0.920[0m
[32m2026-08-08 13:16:30.811[0m | [1mINFO    [0m | [36menvs.hitter[0m:[36m_log_hitter_status[0m:[36m1016[0m - [1mHITTER realtime status: phase=waiting submitted=0 completed=0 failed=0 dropped=0 result_age_s=nan epoch=None generation=None policy_tts=0.920[0m
[32m2026-08-08 13:16:31.811[0m | [1mINFO    [0m | [36menvs.hitter[0m:[36m_log_hitter_status[0m:[36m1016[0m - [1mHITTER realtime status: phase=waiting submitted=0 completed=0 failed=0 dropped=0 result_age_s=nan epoch=None generation=None policy_tts=0.920[0m
[32m2026-08-08 13:16:32.812[0m | [1mINFO    [0m | [36menvs.hitter[0m:[36m_log_hitter_status[0m:[36m1016[0m - [1mHITTER realtime status: phase=waiting submitted=0 completed=0 failed=0 dropped=0 result_age_s=nan epoch=None generation=None policy_tts=0.920[0m
[32m2026-08-08 13:16:33.812[0m | [1mINFO    [0m | [36menvs.hitter[0m:[36m_log_hitter_status[0m:[36m1016[0m - [1mHITTER realtime status: phase=waiting submitted=0 completed=0 failed=0 dropped=0 result_age_s=nan epoch=None generation=None policy_tts=0.920[0m
[32m2026-08-08 13:16:34.812[0m | [1mINFO    [0m | [36menvs.hitter[0m:[36m_log_hitter_status[0m:[36m1016[0m - [1mHITTER realtime status: phase=waiting submitted=0 completed=0 failed=0 dropped=0 result_age_s=nan epoch=None generation=None policy_tts=0.920[0m
[32m2026-08-08 13:16:35.812[0m | [1mINFO    [0m | [36menvs.hitter[0m:[36m_log_hitter_status[0m:[36m1016[0m - [1mHITTER realtime status: phase=waiting submitted=0 completed=0 failed=0 dropped=0 result_age_s=nan epoch=None generation=None policy_tts=0.920[0m
[32m2026-08-08 13:16:36.812[0m | [1mINFO    [0m | [36menvs.hitter[0m:[36m_log_hitter_status[0m:[36m1016[0m - [1mHITTER realtime status: phase=waiting submitted=0 completed=0 failed=0 dropped=0 result_age_s=nan epoch=None generation=None policy_tts=0.920[0m
[32m2026-08-08 13:16:37.831[0m | [1mINFO    [0m | [36menvs.hitter[0m:[36m_log_hitter_status[0m:[36m1016[0m - [1mHITTER realtime status: phase=waiting submitted=0 completed=0 failed=0 dropped=0 result_age_s=nan epoch=None generation=None policy_tts=0.920[0m
[32m2026-08-08 13:16:38.831[0m | [1mINFO    [0m | [36menvs.hitter[0m:[36m_log_hitter_status[0m:[36m1016[0m - [1mHITTER realtime status: phase=waiting submitted=0 completed=0 failed=0 dropped=0 result_age_s=nan epoch=None generation=None policy_tts=0.920[0m
[32m2026-08-08 13:16:39.832[0m | [1mINFO    [0m | [36menvs.hitter[0m:[36m_log_hitter_status[0m:[36m1016[0m - [1mHITTER realtime status: phase=waiting submitted=0 completed=0 failed=0 dropped=0 result_age_s=nan epoch=None generation=None policy_tts=0.920[0m
[32m2026-08-08 13:16:40.832[0m | [1mINFO    [0m | [36menvs.hitter[0m:[36m_log_hitter_status[0m:[36m1016[0m - [1mHITTER realtime status: phase=waiting submitted=0 completed=0 failed=0 dropped=0 result_age_s=nan epoch=None generation=None policy_tts=0.920[0m
[32m2026-08-08 13:16:41.851[0m | [1mINFO    [0m | [36menvs.hitter[0m:[36m_log_hitter_status[0m:[36m1016[0m - [1mHITTER realtime status: phase=waiting submitted=0 completed=0 failed=0 dropped=0 result_age_s=nan epoch=None generation=None policy_tts=0.920[0m
[32m2026-08-08 13:16:42.851[0m | [1mINFO    [0m | [36menvs.hitter[0m:[36m_log_hitter_status[0m:[36m1016[0m - [1mHITTER realtime status: phase=waiting submitted=0 completed=0 failed=0 dropped=0 result_age_s=nan epoch=None generation=None policy_tts=0.920[0m
[32m2026-08-08 13:16:43.852[0m | [1mINFO    [0m | [36menvs.hitter[0m:[36m_log_hitter_status[0m:[36m1016[0m - [1mHITTER realtime status: phase=waiting submitted=0 completed=0 failed=0 dropped=0 result_age_s=nan epoch=None generation=None policy_tts=0.920[0m
[32m2026-08-08 13:16:44.871[0m | [1mINFO    [0m | [36menvs.hitter[0m:[36m_log_hitter_status[0m:[36m1016[0m - [1mHITTER realtime status: phase=waiting submitted=0 completed=0 failed=0 dropped=0 result_age_s=nan epoch=None generation=None policy_tts=0.920[0m
[32m2026-08-08 13:16:45.872[0m | [1mINFO    [0m | [36menvs.hitter[0m:[36m_log_hitter_status[0m:[36m1016[0m - [1mHITTER realtime status: phase=waiting submitted=0 completed=0 failed=0 dropped=0 result_age_s=nan epoch=None generation=None policy_tts=0.920[0m
[32m2026-08-08 13:16:46.872[0m | [1mINFO    [0m | [36menvs.hitter[0m:[36m_log_hitter_status[0m:[36m1016[0m - [1mHITTER realtime status: phase=waiting submitted=0 completed=0 failed=0 dropped=0 result_age_s=nan epoch=None generation=None policy_tts=0.920[0m
[32m2026-08-08 13:16:47.891[0m | [1mINFO    [0m | [36menvs.hitter[0m:[36m_log_hitter_status[0m:[36m1016[0m - [1mHITTER realtime status: phase=waiting submitted=0 completed=0 failed=0 dropped=0 result_age_s=nan epoch=None generation=None policy_tts=0.920[0m
[32m2026-08-08 13:16:48.892[0m | [1mINFO    [0m | [36menvs.hitter[0m:[36m_log_hitter_status[0m:[36m1016[0m - [1mHITTER realtime status: phase=waiting submitted=0 completed=0 failed=0 dropped=0 result_age_s=nan epoch=None generation=None policy_tts=0.920[0m
[32m2026-08-08 13:16:49.892[0m | [1mINFO    [0m | [36menvs.hitter[0m:[36m_log_hitter_status[0m:[36m1016[0m - [1mHITTER realtime status: phase=waiting submitted=0 completed=0 failed=0 dropped=0 result_age_s=nan epoch=None generation=None policy_tts=0.920[0m
[32m2026-08-08 13:16:50.911[0m | [1mINFO    [0m | [36menvs.hitter[0m:[36m_log_hitter_status[0m:[36m1016[0m - [1mHITTER realtime status: phase=waiting submitted=0 completed=0 failed=0 dropped=0 result_age_s=nan epoch=None generation=None policy_tts=0.920[0m
[32m2026-08-08 13:16:51.912[0m | [1mINFO    [0m | [36menvs.hitter[0m:[36m_log_hitter_status[0m:[36m1016[0m - [1mHITTER realtime status: phase=waiting submitted=0 completed=0 failed=0 dropped=0 result_age_s=nan epoch=None generation=None policy_tts=0.920[0m
[32m2026-08-08 13:16:52.931[0m | [1mINFO    [0m | [36menvs.hitter[0m:[36m_log_hitter_status[0m:[36m1016[0m - [1mHITTER realtime status: phase=waiting submitted=0 completed=0 failed=0 dropped=0 result_age_s=nan epoch=None generation=None policy_tts=0.920[0m
[32m2026-08-08 13:16:53.931[0m | [1mINFO    [0m | [36menvs.hitter[0m:[36m_log_hitter_status[0m:[36m1016[0m - [1mHITTER realtime status: phase=waiting submitted=0 completed=0 failed=0 dropped=0 result_age_s=nan epoch=None generation=None policy_tts=0.920[0m
[32m2026-08-08 13:16:54.931[0m | [1mINFO    [0m | [36menvs.hitter[0m:[36m_log_hitter_status[0m:[36m1016[0m - [1mHITTER realtime status: phase=waiting submitted=0 completed=0 failed=0 dropped=0 result_age_s=nan epoch=None generation=None policy_tts=0.920[0m
[32m2026-08-08 13:16:55.932[0m | [1mINFO    [0m | [36menvs.hitter[0m:[36m_log_hitter_status[0m:[36m1016[0m - [1mHITTER realtime status: phase=waiting submitted=0 completed=0 failed=0 dropped=0 result_age_s=nan epoch=None generation=None policy_tts=0.920[0m
[32m2026-08-08 13:16:56.951[0m | [1mINFO    [0m | [36menvs.hitter[0m:[36m_log_hitter_status[0m:[36m1016[0m - [1mHITTER realtime status: phase=waiting submitted=0 completed=0 failed=0 dropped=0 result_age_s=nan epoch=None generation=None policy_tts=0.920[0m
[32m2026-08-08 13:16:57.951[0m | [1mINFO    [0m | [36menvs.hitter[0m:[36m_log_hitter_status[0m:[36m1016[0m - [1mHITTER realtime status: phase=waiting submitted=0 completed=0 failed=0 dropped=0 result_age_s=nan epoch=None generation=None policy_tts=0.920[0m
[32m2026-08-08 13:16:58.952[0m | [1mINFO    [0m | [36menvs.hitter[0m:[36m_log_hitter_status[0m:[36m1016[0m - [1mHITTER realtime status: phase=waiting submitted=0 completed=0 failed=0 dropped=0 result_age_s=nan epoch=None generation=None policy_tts=0.920[0m
[32m2026-08-08 13:16:59.971[0m | [1mINFO    [0m | [36menvs.hitter[0m:[36m_log_hitter_status[0m:[36m1016[0m - [1mHITTER realtime status: phase=waiting submitted=0 completed=0 failed=0 dropped=0 result_age_s=nan epoch=None generation=None policy_tts=0.920[0m
[32m2026-08-08 13:17:00.971[0m | [1mINFO    [0m | [36menvs.hitter[0m:[36m_log_hitter_status[0m:[36m1016[0m - [1mHITTER realtime status: phase=waiting submitted=0 completed=0 failed=0 dropped=0 result_age_s=nan epoch=None generation=None policy_tts=0.920[0m
[32m2026-08-08 13:17:01.971[0m | [1mINFO    [0m | [36menvs.hitter[0m:[36m_log_hitter_status[0m:[36m1016[0m - [1mHITTER realtime status: phase=waiting submitted=0 completed=0 failed=0 dropped=0 result_age_s=nan epoch=None generation=None policy_tts=0.920[0m
[32m2026-08-08 13:17:02.972[0m | [1mINFO    [0m | [36menvs.hitter[0m:[36m_log_hitter_status[0m:[36m1016[0m - [1mHITTER realtime status: phase=waiting submitted=0 completed=0 failed=0 dropped=0 result_age_s=nan epoch=None generation=None policy_tts=0.920[0m
[32m2026-08-08 13:17:03.991[0m | [1mINFO    [0m | [36menvs.hitter[0m:[36m_log_hitter_status[0m:[36m1016[0m - [1mHITTER realtime status: phase=waiting submitted=0 completed=0 failed=0 dropped=0 result_age_s=nan epoch=None generation=None policy_tts=0.920[0m
[32m2026-08-08 13:17:04.991[0m | [1mINFO    [0m | [36menvs.hitter[0m:[36m_log_hitter_status[0m:[36m1016[0m - [1mHITTER realtime status: phase=waiting submitted=0 completed=0 failed=0 dropped=0 result_age_s=nan epoch=None generation=None policy_tts=0.920[0m
[32m2026-08-08 13:17:05.991[0m | [1mINFO    [0m | [36menvs.hitter[0m:[36m_log_hitter_status[0m:[36m1016[0m - [1mHITTER realtime status: phase=waiting submitted=0 completed=0 failed=0 dropped=0 result_age_s=nan epoch=None generation=None policy_tts=0.920[0m
[32m2026-08-08 13:17:06.991[0m | [1mINFO    [0m | [36menvs.hitter[0m:[36m_log_hitter_status[0m:[36m1016[0m - [1mHITTER realtime status: phase=waiting submitted=0 completed=0 failed=0 dropped=0 result_age_s=nan epoch=None generation=None policy_tts=0.920[0m
[32m2026-08-08 13:17:07.992[0m | [1mINFO    [0m | [36menvs.hitter[0m:[36m_log_hitter_status[0m:[36m1016[0m - [1mHITTER realtime status: phase=waiting submitted=0 completed=0 failed=0 dropped=0 result_age_s=nan epoch=None generation=None policy_tts=0.920[0m
[32m2026-08-08 13:17:09.011[0m | [1mINFO    [0m | [36menvs.hitter[0m:[36m_log_hitter_status[0m:[36m1016[0m - [1mHITTER realtime status: phase=waiting submitted=0 completed=0 failed=0 dropped=0 result_age_s=nan epoch=None generation=None policy_tts=0.920[0m
[32m2026-08-08 13:17:10.011[0m | [1mINFO    [0m | [36menvs.hitter[0m:[36m_log_hitter_status[0m:[36m1016[0m - [1mHITTER realtime status: phase=waiting submitted=0 completed=0 failed=0 dropped=0 result_age_s=nan epoch=None generation=None policy_tts=0.920[0m
[32m2026-08-08 13:17:11.011[0m | [1mINFO    [0m | [36menvs.hitter[0m:[36m_log_hitter_status[0m:[36m1016[0m - [1mHITTER realtime status: phase=waiting submitted=0 completed=0 failed=0 dropped=0 result_age_s=nan epoch=None generation=None policy_tts=0.920[0m
[32m2026-08-08 13:17:12.012[0m | [1mINFO    [0m | [36menvs.hitter[0m:[36m_log_hitter_status[0m:[36m1016[0m - [1mHITTER realtime status: phase=waiting submitted=0 completed=0 failed=0 dropped=0 result_age_s=nan epoch=None generation=None policy_tts=0.920[0m
[32m2026-08-08 13:17:13.031[0m | [1mINFO    [0m | [36menvs.hitter[0m:[36m_log_hitter_status[0m:[36m1016[0m - [1mHITTER realtime status: phase=waiting submitted=0 completed=0 failed=0 dropped=0 result_age_s=nan epoch=None generation=None policy_tts=0.920[0m
[32m2026-08-08 13:17:14.031[0m | [1mINFO    [0m | [36menvs.hitter[0m:[36m_log_hitter_status[0m:[36m1016[0m - [1mHITTER realtime status: phase=waiting submitted=0 completed=0 failed=0 dropped=0 result_age_s=nan epoch=None generation=None policy_tts=0.920[0m
[32m2026-08-08 13:17:15.031[0m | [1mINFO    [0m | [36menvs.hitter[0m:[36m_log_hitter_status[0m:[36m1016[0m - [1mHITTER realtime status: phase=waiting submitted=0 completed=0 failed=0 dropped=0 result_age_s=nan epoch=None generation=None policy_tts=0.920[0m
[32m2026-08-08 13:17:16.032[0m | [1mINFO    [0m | [36menvs.hitter[0m:[36m_log_hitter_status[0m:[36m1016[0m - [1mHITTER realtime status: phase=waiting submitted=0 completed=0 failed=0 dropped=0 result_age_s=nan epoch=None generation=None policy_tts=0.920[0m
[32m2026-08-08 13:17:17.032[0m | [1mINFO    [0m | [36menvs.hitter[0m:[36m_log_hitter_status[0m:[36m1016[0m - [1mHITTER realtime status: phase=waiting submitted=0 completed=0 failed=0 dropped=0 result_age_s=nan epoch=None generation=None policy_tts=0.920[0m
[32m2026-08-08 13:17:18.032[0m | [1mINFO    [0m | [36menvs.hitter[0m:[36m_log_hitter_status[0m:[36m1016[0m - [1mHITTER realtime status: phase=waiting submitted=0 completed=0 failed=0 dropped=0 result_age_s=nan epoch=None generation=None policy_tts=0.920[0m
[32m2026-08-08 13:17:19.051[0m | [1mINFO    [0m | [36menvs.hitter[0m:[36m_log_hitter_status[0m:[36m1016[0m - [1mHITTER realtime status: phase=waiting submitted=0 completed=0 failed=0 dropped=0 result_age_s=nan epoch=None generation=None policy_tts=0.920[0m
[32m2026-08-08 13:17:20.052[0m | [1mINFO    [0m | [36menvs.hitter[0m:[36m_log_hitter_status[0m:[36m1016[0m - [1mHITTER realtime status: phase=waiting submitted=0 completed=0 failed=0 dropped=0 result_age_s=nan epoch=None generation=None policy_tts=0.920[0m
[32m2026-08-08 13:17:21.071[0m | [1mINFO    [0m | [36menvs.hitter[0m:[36m_log_hitter_status[0m:[36m1016[0m - [1mHITTER realtime status: phase=waiting submitted=0 completed=0 failed=0 dropped=0 result_age_s=nan epoch=None generation=None policy_tts=0.920[0m
[32m2026-08-08 13:17:22.071[0m | [1mINFO    [0m | [36menvs.hitter[0m:[36m_log_hitter_status[0m:[36m1016[0m - [1mHITTER realtime status: phase=waiting submitted=0 completed=0 failed=0 dropped=0 result_age_s=nan epoch=None generation=None policy_tts=0.920[0m
[32m2026-08-08 13:17:23.072[0m | [1mINFO    [0m | [36menvs.hitter[0m:[36m_log_hitter_status[0m:[36m1016[0m - [1mHITTER realtime status: phase=waiting submitted=0 completed=0 failed=0 dropped=0 result_age_s=nan epoch=None generation=None policy_tts=0.920[0m
[32m2026-08-08 13:17:24.072[0m | [1mINFO    [0m | [36menvs.hitter[0m:[36m_log_hitter_status[0m:[36m1016[0m - [1mHITTER realtime status: phase=waiting submitted=0 completed=0 failed=0 dropped=0 result_age_s=nan epoch=None generation=None policy_tts=0.920[0m
[32m2026-08-08 13:17:25.091[0m | [1mINFO    [0m | [36menvs.hitter[0m:[36m_log_hitter_status[0m:[36m1016[0m - [1mHITTER realtime status: phase=waiting submitted=0 completed=0 failed=0 dropped=0 result_age_s=nan epoch=None generation=None policy_tts=0.920[0m
[32m2026-08-08 13:17:26.091[0m | [1mINFO    [0m | [36menvs.hitter[0m:[36m_log_hitter_status[0m:[36m1016[0m - [1mHITTER realtime status: phase=waiting submitted=0 completed=0 failed=0 dropped=0 result_age_s=nan epoch=None generation=None policy_tts=0.920[0m
[32m2026-08-08 13:17:27.091[0m | [1mINFO    [0m | [36menvs.hitter[0m:[36m_log_hitter_status[0m:[36m1016[0m - [1mHITTER realtime status: phase=waiting submitted=0 completed=0 failed=0 dropped=0 result_age_s=nan epoch=None generation=None policy_tts=0.920[0m
[32m2026-08-08 13:17:28.092[0m | [1mINFO    [0m | [36menvs.hitter[0m:[36m_log_hitter_status[0m:[36m1016[0m - [1mHITTER realtime status: phase=waiting submitted=0 completed=0 failed=0 dropped=0 result_age_s=nan epoch=None generation=None policy_tts=0.920[0m
[32m2026-08-08 13:17:29.092[0m | [1mINFO    [0m | [36menvs.hitter[0m:[36m_log_hitter_status[0m:[36m1016[0m - [1mHITTER realtime status: phase=waiting submitted=0 completed=0 failed=0 dropped=0 result_age_s=nan epoch=None generation=None policy_tts=0.920[0m
[32m2026-08-08 13:17:30.111[0m | [1mINFO    [0m | [36menvs.hitter[0m:[36m_log_hitter_status[0m:[36m1016[0m - [1mHITTER realtime status: phase=waiting submitted=0 completed=0 failed=0 dropped=0 result_age_s=nan epoch=None generation=None policy_tts=0.920[0m
[32m2026-08-08 13:17:31.112[0m | [1mINFO    [0m | [36menvs.hitter[0m:[36m_log_hitter_status[0m:[36m1016[0m - [1mHITTER realtime status: phase=waiting submitted=0 completed=0 failed=0 dropped=0 result_age_s=nan epoch=None generation=None policy_tts=0.920[0m
[32m2026-08-08 13:17:32.112[0m | [1mINFO    [0m | [36menvs.hitter[0m:[36m_log_hitter_status[0m:[36m1016[0m - [1mHITTER realtime status: phase=waiting submitted=0 completed=0 failed=0 dropped=0 result_age_s=nan epoch=None generation=None policy_tts=0.920[0m
[32m2026-08-08 13:17:33.131[0m | [1mINFO    [0m | [36menvs.hitter[0m:[36m_log_hitter_status[0m:[36m1016[0m - [1mHITTER realtime status: phase=waiting submitted=0 completed=0 failed=0 dropped=0 result_age_s=nan epoch=None generation=None policy_tts=0.920[0m
[32m2026-08-08 13:17:34.131[0m | [1mINFO    [0m | [36menvs.hitter[0m:[36m_log_hitter_status[0m:[36m1016[0m - [1mHITTER realtime status: phase=waiting submitted=0 completed=0 failed=0 dropped=0 result_age_s=nan epoch=None generation=None policy_tts=0.920[0m
[32m2026-08-08 13:17:35.132[0m | [1mINFO    [0m | [36menvs.hitter[0m:[36m_log_hitter_status[0m:[36m1016[0m - [1mHITTER realtime status: phase=waiting submitted=0 completed=0 failed=0 dropped=0 result_age_s=nan epoch=None generation=None policy_tts=0.920[0m
[32m2026-08-08 13:17:36.151[0m | [1mINFO    [0m | [36menvs.hitter[0m:[36m_log_hitter_status[0m:[36m1016[0m - [1mHITTER realtime status: phase=waiting submitted=0 completed=0 failed=0 dropped=0 result_age_s=nan epoch=None generation=None policy_tts=0.920[0m
[32m2026-08-08 13:17:37.152[0m | [1mINFO    [0m | [36menvs.hitter[0m:[36m_log_hitter_status[0m:[36m1016[0m - [1mHITTER realtime status: phase=waiting submitted=0 completed=0 failed=0 dropped=0 result_age_s=nan epoch=None generation=None policy_tts=0.920[0m
[32m2026-08-08 13:17:38.152[0m | [1mINFO    [0m | [36menvs.hitter[0m:[36m_log_hitter_status[0m:[36m1016[0m - [1mHITTER realtime status: phase=waiting submitted=0 completed=0 failed=0 dropped=0 result_age_s=nan epoch=None generation=None policy_tts=0.920[0m
[32m2026-08-08 13:17:39.171[0m | [1mINFO    [0m | [36menvs.hitter[0m:[36m_log_hitter_status[0m:[36m1016[0m - [1mHITTER realtime status: phase=waiting submitted=0 completed=0 failed=0 dropped=0 result_age_s=nan epoch=None generation=None policy_tts=0.920[0m
[32m2026-08-08 13:17:40.172[0m | [1mINFO    [0m | [36menvs.hitter[0m:[36m_log_hitter_status[0m:[36m1016[0m - [1mHITTER realtime status: phase=waiting submitted=0 completed=0 failed=0 dropped=0 result_age_s=nan epoch=None generation=None policy_tts=0.920[0m
[32m2026-08-08 13:17:41.191[0m | [1mINFO    [0m | [36menvs.hitter[0m:[36m_log_hitter_status[0m:[36m1016[0m - [1mHITTER realtime status: phase=waiting submitted=0 completed=0 failed=0 dropped=0 result_age_s=nan epoch=None generation=None policy_tts=0.920[0m
[32m2026-08-08 13:17:42.191[0m | [1mINFO    [0m | [36menvs.hitter[0m:[36m_log_hitter_status[0m:[36m1016[0m - [1mHITTER realtime status: phase=waiting submitted=0 completed=0 failed=0 dropped=0 result_age_s=nan epoch=None generation=None policy_tts=0.920[0m
[32m2026-08-08 13:17:43.192[0m | [1mINFO    [0m | [36menvs.hitter[0m:[36m_log_hitter_status[0m:[36m1016[0m - [1mHITTER realtime status: phase=waiting submitted=0 completed=0 failed=0 dropped=0 result_age_s=nan epoch=None generation=None policy_tts=0.920[0m
[32m2026-08-08 13:17:44.211[0m | [1mINFO    [0m | [36menvs.hitter[0m:[36m_log_hitter_status[0m:[36m1016[0m - [1mHITTER realtime status: phase=waiting submitted=0 completed=0 failed=0 dropped=0 result_age_s=nan epoch=None generation=None policy_tts=0.920[0m
[32m2026-08-08 13:17:45.212[0m | [1mINFO    [0m | [36menvs.hitter[0m:[36m_log_hitter_status[0m:[36m1016[0m - [1mHITTER realtime status: phase=waiting submitted=0 completed=0 failed=0 dropped=0 result_age_s=nan epoch=None generation=None policy_tts=0.920[0m
[32m2026-08-08 13:17:46.231[0m | [1mINFO    [0m | [36menvs.hitter[0m:[36m_log_hitter_status[0m:[36m1016[0m - [1mHITTER realtime status: phase=waiting submitted=0 completed=0 failed=0 dropped=0 result_age_s=nan epoch=None generation=None policy_tts=0.920[0m
[32m2026-08-08 13:17:47.231[0m | [1mINFO    [0m | [36menvs.hitter[0m:[36m_log_hitter_status[0m:[36m1016[0m - [1mHITTER realtime status: phase=waiting submitted=0 completed=0 failed=0 dropped=0 result_age_s=nan epoch=None generation=None policy_tts=0.920[0m
[32m2026-08-08 13:17:48.232[0m | [1mINFO    [0m | [36menvs.hitter[0m:[36m_log_hitter_status[0m:[36m1016[0m - [1mHITTER realtime status: phase=waiting submitted=0 completed=0 failed=0 dropped=0 result_age_s=nan epoch=None generation=None policy_tts=0.920[0m
[32m2026-08-08 13:17:49.232[0m | [1mINFO    [0m | [36menvs.hitter[0m:[36m_log_hitter_status[0m:[36m1016[0m - [1mHITTER realtime status: phase=waiting submitted=0 completed=0 failed=0 dropped=0 result_age_s=nan epoch=None generation=None policy_tts=0.920[0m
[32m2026-08-08 13:17:50.251[0m | [1mINFO    [0m | [36menvs.hitter[0m:[36m_log_hitter_status[0m:[36m1016[0m - [1mHITTER realtime status: phase=waiting submitted=0 completed=0 failed=0 dropped=0 result_age_s=nan epoch=None generation=None policy_tts=0.920[0m
[32m2026-08-08 13:17:51.252[0m | [1mINFO    [0m | [36menvs.hitter[0m:[36m_log_hitter_status[0m:[36m1016[0m - [1mHITTER realtime status: phase=waiting submitted=0 completed=0 failed=0 dropped=0 result_age_s=nan epoch=None generation=None policy_tts=0.920[0m
[32m2026-08-08 13:17:52.271[0m | [1mINFO    [0m | [36menvs.hitter[0m:[36m_log_hitter_status[0m:[36m1016[0m - [1mHITTER realtime status: phase=waiting submitted=0 completed=0 failed=0 dropped=0 result_age_s=nan epoch=None generation=None policy_tts=0.920[0m
[32m2026-08-08 13:17:53.271[0m | [1mINFO    [0m | [36menvs.hitter[0m:[36m_log_hitter_status[0m:[36m1016[0m - [1mHITTER realtime status: phase=waiting submitted=0 completed=0 failed=0 dropped=0 result_age_s=nan epoch=None generation=None policy_tts=0.920[0m
[32m2026-08-08 13:17:54.272[0m | [1mINFO    [0m | [36menvs.hitter[0m:[36m_log_hitter_status[0m:[36m1016[0m - [1mHITTER realtime status: phase=waiting submitted=0 completed=0 failed=0 dropped=0 result_age_s=nan epoch=None generation=None policy_tts=0.920[0m
[32m2026-08-08 13:17:55.272[0m | [1mINFO    [0m | [36menvs.hitter[0m:[36m_log_hitter_status[0m:[36m1016[0m - [1mHITTER realtime status: phase=waiting submitted=0 completed=0 failed=0 dropped=0 result_age_s=nan epoch=None generation=None policy_tts=0.920[0m
[32m2026-08-08 13:17:56.272[0m | [1mINFO    [0m | [36menvs.hitter[0m:[36m_log_hitter_status[0m:[36m1016[0m - [1mHITTER realtime status: phase=waiting submitted=0 completed=0 failed=0 dropped=0 result_age_s=nan epoch=None generation=None policy_tts=0.920[0m
[32m2026-08-08 13:17:57.272[0m | [1mINFO    [0m | [36menvs.hitter[0m:[36m_log_hitter_status[0m:[36m1016[0m - [1mHITTER realtime status: phase=waiting submitted=0 completed=0 failed=0 dropped=0 result_age_s=nan epoch=None generation=None policy_tts=0.920[0m
[32m2026-08-08 13:17:58.291[0m | [1mINFO    [0m | [36menvs.hitter[0m:[36m_log_hitter_status[0m:[36m1016[0m - [1mHITTER realtime status: phase=waiting submitted=0 completed=0 failed=0 dropped=0 result_age_s=nan epoch=None generation=None policy_tts=0.920[0m
[32m2026-08-08 13:17:59.292[0m | [1mINFO    [0m | [36menvs.hitter[0m:[36m_log_hitter_status[0m:[36m1016[0m - [1mHITTER realtime status: phase=waiting submitted=0 completed=0 failed=0 dropped=0 result_age_s=nan epoch=None generation=None policy_tts=0.920[0m
[32m2026-08-08 13:18:00.292[0m | [1mINFO    [0m | [36menvs.hitter[0m:[36m_log_hitter_status[0m:[36m1016[0m - [1mHITTER realtime status: phase=waiting submitted=0 completed=0 failed=0 dropped=0 result_age_s=nan epoch=None generation=None policy_tts=0.920[0m
[32m2026-08-08 13:18:01.292[0m | [1mINFO    [0m | [36menvs.hitter[0m:[36m_log_hitter_status[0m:[36m1016[0m - [1mHITTER realtime status: phase=waiting submitted=0 completed=0 failed=0 dropped=0 result_age_s=nan epoch=None generation=None policy_tts=0.920[0m
[32m2026-08-08 13:18:02.311[0m | [1mINFO    [0m | [36menvs.hitter[0m:[36m_log_hitter_status[0m:[36m1016[0m - [1mHITTER realtime status: phase=waiting submitted=0 completed=0 failed=0 dropped=0 result_age_s=nan epoch=None generation=None policy_tts=0.920[0m
[32m2026-08-08 13:18:03.311[0m | [1mINFO    [0m | [36menvs.hitter[0m:[36m_log_hitter_status[0m:[36m1016[0m - [1mHITTER realtime status: phase=waiting submitted=0 completed=0 failed=0 dropped=0 result_age_s=nan epoch=None generation=None policy_tts=0.920[0m
[32m2026-08-08 13:18:04.312[0m | [1mINFO    [0m | [36menvs.hitter[0m:[36m_log_hitter_status[0m:[36m1016[0m - [1mHITTER realtime status: phase=waiting submitted=0 completed=0 failed=0 dropped=0 result_age_s=nan epoch=None generation=None policy_tts=0.920[0m
[32m2026-08-08 13:18:05.312[0m | [1mINFO    [0m | [36menvs.hitter[0m:[36m_log_hitter_status[0m:[36m1016[0m - [1mHITTER realtime status: phase=waiting submitted=0 completed=0 failed=0 dropped=0 result_age_s=nan epoch=None generation=None policy_tts=0.920[0m
[32m2026-08-08 13:18:06.331[0m | [1mINFO    [0m | [36menvs.hitter[0m:[36m_log_hitter_status[0m:[36m1016[0m - [1mHITTER realtime status: phase=waiting submitted=0 completed=0 failed=0 dropped=0 result_age_s=nan epoch=None generation=None policy_tts=0.920[0m
[32m2026-08-08 13:18:07.331[0m | [1mINFO    [0m | [36menvs.hitter[0m:[36m_log_hitter_status[0m:[36m1016[0m - [1mHITTER realtime status: phase=waiting submitted=0 completed=0 failed=0 dropped=0 result_age_s=nan epoch=None generation=None policy_tts=0.920[0m
[32m2026-08-08 13:18:08.332[0m | [1mINFO    [0m | [36menvs.hitter[0m:[36m_log_hitter_status[0m:[36m1016[0m - [1mHITTER realtime status: phase=waiting submitted=0 completed=0 failed=0 dropped=0 result_age_s=nan epoch=None generation=None policy_tts=0.920[0m
[32m2026-08-08 13:18:09.332[0m | [1mINFO    [0m | [36menvs.hitter[0m:[36m_log_hitter_status[0m:[36m1016[0m - [1mHITTER realtime status: phase=waiting submitted=0 completed=0 failed=0 dropped=0 result_age_s=nan epoch=None generation=None policy_tts=0.920[0m
[32m2026-08-08 13:18:10.351[0m | [1mINFO    [0m | [36menvs.hitter[0m:[36m_log_hitter_status[0m:[36m1016[0m - [1mHITTER realtime status: phase=waiting submitted=0 completed=0 failed=0 dropped=0 result_age_s=nan epoch=None generation=None policy_tts=0.920[0m
[32m2026-08-08 13:18:11.352[0m | [1mINFO    [0m | [36menvs.hitter[0m:[36m_log_hitter_status[0m:[36m1016[0m - [1mHITTER realtime status: phase=waiting submitted=0 completed=0 failed=0 dropped=0 result_age_s=nan epoch=None generation=None policy_tts=0.920[0m
[32m2026-08-08 13:18:12.352[0m | [1mINFO    [0m | [36menvs.hitter[0m:[36m_log_hitter_status[0m:[36m1016[0m - [1mHITTER realtime status: phase=waiting submitted=0 completed=0 failed=0 dropped=0 result_age_s=nan epoch=None generation=None policy_tts=0.920[0m
[32m2026-08-08 13:18:13.371[0m | [1mINFO    [0m | [36menvs.hitter[0m:[36m_log_hitter_status[0m:[36m1016[0m - [1mHITTER realtime status: phase=waiting submitted=0 completed=0 failed=0 dropped=0 result_age_s=nan epoch=None generation=None policy_tts=0.920[0m
[32m2026-08-08 13:18:14.371[0m | [1mINFO    [0m | [36menvs.hitter[0m:[36m_log_hitter_status[0m:[36m1016[0m - [1mHITTER realtime status: phase=waiting submitted=0 completed=0 failed=0 dropped=0 result_age_s=nan epoch=None generation=None policy_tts=0.920[0m
[32m2026-08-08 13:18:15.372[0m | [1mINFO    [0m | [36menvs.hitter[0m:[36m_log_hitter_status[0m:[36m1016[0m - [1mHITTER realtime status: phase=waiting submitted=0 completed=0 failed=0 dropped=0 result_age_s=nan epoch=None generation=None policy_tts=0.920[0m
[32m2026-08-08 13:18:16.391[0m | [1mINFO    [0m | [36menvs.hitter[0m:[36m_log_hitter_status[0m:[36m1016[0m - [1mHITTER realtime status: phase=waiting submitted=0 completed=0 failed=0 dropped=0 result_age_s=nan epoch=None generation=None policy_tts=0.920[0m
[32m2026-08-08 13:18:17.391[0m | [1mINFO    [0m | [36menvs.hitter[0m:[36m_log_hitter_status[0m:[36m1016[0m - [1mHITTER realtime status: phase=waiting submitted=0 completed=0 failed=0 dropped=0 result_age_s=nan epoch=None generation=None policy_tts=0.920[0m
[32m2026-08-08 13:18:18.392[0m | [1mINFO    [0m | [36menvs.hitter[0m:[36m_log_hitter_status[0m:[36m1016[0m - [1mHITTER realtime status: phase=waiting submitted=0 completed=0 failed=0 dropped=0 result_age_s=nan epoch=None generation=None policy_tts=0.920[0m
[32m2026-08-08 13:18:19.411[0m | [1mINFO    [0m | [36menvs.hitter[0m:[36m_log_hitter_status[0m:[36m1016[0m - [1mHITTER realtime status: phase=waiting submitted=0 completed=0 failed=0 dropped=0 result_age_s=nan epoch=None generation=None policy_tts=0.920[0m
[32m2026-08-08 13:18:20.412[0m | [1mINFO    [0m | [36menvs.hitter[0m:[36m_log_hitter_status[0m:[36m1016[0m - [1mHITTER realtime status: phase=waiting submitted=0 completed=0 failed=0 dropped=0 result_age_s=nan epoch=None generation=None policy_tts=0.920[0m
[32m2026-08-08 13:18:21.431[0m | [1mINFO    [0m | [36menvs.hitter[0m:[36m_log_hitter_status[0m:[36m1016[0m - [1mHITTER realtime status: phase=waiting submitted=0 completed=0 failed=0 dropped=0 result_age_s=nan epoch=None generation=None policy_tts=0.920[0m
[32m2026-08-08 13:18:22.431[0m | [1mINFO    [0m | [36menvs.hitter[0m:[36m_log_hitter_status[0m:[36m1016[0m - [1mHITTER realtime status: phase=waiting submitted=0 completed=0 failed=0 dropped=0 result_age_s=nan epoch=None generation=None policy_tts=0.920[0m
[32m2026-08-08 13:18:23.432[0m | [1mINFO    [0m | [36menvs.hitter[0m:[36m_log_hitter_status[0m:[36m1016[0m - [1mHITTER realtime status: phase=waiting submitted=0 completed=0 failed=0 dropped=0 result_age_s=nan epoch=None generation=None policy_tts=0.920[0m
[32m2026-08-08 13:18:24.432[0m | [1mINFO    [0m | [36menvs.hitter[0m:[36m_log_hitter_status[0m:[36m1016[0m - [1mHITTER realtime status: phase=waiting submitted=0 completed=0 failed=0 dropped=0 result_age_s=nan epoch=None generation=None policy_tts=0.920[0m
[32m2026-08-08 13:18:25.451[0m | [1mINFO    [0m | [36menvs.hitter[0m:[36m_log_hitter_status[0m:[36m1016[0m - [1mHITTER realtime status: phase=waiting submitted=0 completed=0 failed=0 dropped=0 result_age_s=nan epoch=None generation=None policy_tts=0.920[0m
[32m2026-08-08 13:18:26.451[0m | [1mINFO    [0m | [36menvs.hitter[0m:[36m_log_hitter_status[0m:[36m1016[0m - [1mHITTER realtime status: phase=waiting submitted=0 completed=0 failed=0 dropped=0 result_age_s=nan epoch=None generation=None policy_tts=0.920[0m
[32m2026-08-08 13:18:27.451[0m | [1mINFO    [0m | [36menvs.hitter[0m:[36m_log_hitter_status[0m:[36m1016[0m - [1mHITTER realtime status: phase=waiting submitted=0 completed=0 failed=0 dropped=0 result_age_s=nan epoch=None generation=None policy_tts=0.920[0m
[32m2026-08-08 13:18:28.452[0m | [1mINFO    [0m | [36menvs.hitter[0m:[36m_log_hitter_status[0m:[36m1016[0m - [1mHITTER realtime status: phase=waiting submitted=0 completed=0 failed=0 dropped=0 result_age_s=nan epoch=None generation=None policy_tts=0.920[0m
[32m2026-08-08 13:18:29.452[0m | [1mINFO    [0m | [36menvs.hitter[0m:[36m_log_hitter_status[0m:[36m1016[0m - [1mHITTER realtime status: phase=waiting submitted=0 completed=0 failed=0 dropped=0 result_age_s=nan epoch=None generation=None policy_tts=0.920[0m
[32m2026-08-08 13:18:30.471[0m | [1mINFO    [0m | [36menvs.hitter[0m:[36m_log_hitter_status[0m:[36m1016[0m - [1mHITTER realtime status: phase=waiting submitted=0 completed=0 failed=0 dropped=0 result_age_s=nan epoch=None generation=None policy_tts=0.920[0m
[32m2026-08-08 13:18:31.471[0m | [1mINFO    [0m | [36menvs.hitter[0m:[36m_log_hitter_status[0m:[36m1016[0m - [1mHITTER realtime status: phase=waiting submitted=0 completed=0 failed=0 dropped=0 result_age_s=nan epoch=None generation=None policy_tts=0.920[0m
[32m2026-08-08 13:18:32.471[0m | [1mINFO    [0m | [36menvs.hitter[0m:[36m_log_hitter_status[0m:[36m1016[0m - [1mHITTER realtime status: phase=waiting submitted=0 completed=0 failed=0 dropped=0 result_age_s=nan epoch=None generation=None policy_tts=0.920[0m
