Make sure the robot is hung up!
The transition layer will hold current joint positions after lowstate is received.
Use --listen-only to observe lowstate/remote buttons without writing lowcmd.
Press [L2 + B] once to force software damping mode.
Press [L2 + B] again while damping to exit the transition layer.
Press [L2 + Y] to recover from software damping to hold-current mode.
Do not start the policy layer until this transition layer is stable.
Press Enter to continue ...
Default command buffer initialized.
Listen-only mode enabled: subscribing to robot state and remote buttons without writing lowcmd.
Communication built successfully between transition layer and robot!
Initial lowstate received; holding current joint positions.
Commnication built successfully between transition layer and odometer!
G1 type: 5
Communication built successfully between transition layer and robot!
Commnication built successfully between transition layer and odometer!
Remote buttons raw=512 L1=0 L2=0 R1=0 R2=0 A=0 B=1 X=0 Y=0
Remote buttons raw=544 L1=0 L2=1 R1=0 R2=0 A=0 B=1 X=0 Y=0
Remote buttons raw=32 L1=0 L2=1 R1=0 R2=0 A=0 B=0 X=0 Y=0
Remote buttons raw=0 L1=0 L2=0 R1=0 R2=0 A=0 B=0 X=0 Y=0
Remote buttons raw=32 L1=0 L2=1 R1=0 R2=0 A=0 B=0 X=0 Y=0
Remote buttons raw=544 L1=0 L2=1 R1=0 R2=0 A=0 B=1 X=0 Y=0
Remote buttons raw=32 L1=0 L2=1 R1=0 R2=0 A=0 B=0 X=0 Y=0
Remote buttons raw=0 L1=0 L2=0 R1=0 R2=0 A=0 B=0 X=0 Y=0
Remote buttons raw=512 L1=0 L2=0 R1=0 R2=0 A=0 B=1 X=0 Y=0
Remote buttons raw=544 L1=0 L2=1 R1=0 R2=0 A=0 B=1 X=0 Y=0
Remote buttons raw=32 L1=0 L2=1 R1=0 R2=0 A=0 B=0 X=0 Y=0
Remote buttons raw=0 L1=0 L2=0 R1=0 R2=0 A=0 B=0 X=0 Y=0
Remote buttons raw=544 L1=0 L2=1 R1=0 R2=0 A=0 B=1 X=0 Y=0
Remote buttons raw=32 L1=0 L2=1 R1=0 R2=0 A=0 B=0 X=0 Y=0
Remote buttons raw=0 L1=0 L2=0 R1=0 R2=0 A=0 B=0 X=0 Y=0
Remote buttons raw=272 L1=0 L2=0 R1=0 R2=1 A=1 B=0 X=0 Y=0
Remote buttons raw=256 L1=0 L2=0 R1=0 R2=0 A=1 B=0 X=0 Y=0
Remote buttons raw=0 L1=0 L2=0 R1=0 R2=0 A=0 B=0 X=0 Y=0
Remote buttons raw=272 L1=0 L2=0 R1=0 R2=1 A=1 B=0 X=0 Y=0
Remote buttons raw=0 L1=0 L2=0 R1=0 R2=0 A=0 B=0 X=0 Y=0
Remote buttons raw=272 L1=0 L2=0 R1=0 R2=1 A=1 B=0 X=0 Y=0
Remote buttons raw=16 L1=0 L2=0 R1=0 R2=1 A=0 B=0 X=0 Y=0
Remote buttons raw=0 L1=0 L2=0 R1=0 R2=0 A=0 B=0 X=0 Y=0
Remote buttons raw=272 L1=0 L2=0 R1=0 R2=1 A=1 B=0 X=0 Y=0
Remote buttons raw=0 L1=0 L2=0 R1=0 R2=0 A=0 B=0 X=0 Y=0
Remote buttons raw=256 L1=0 L2=0 R1=0 R2=0 A=1 B=0 X=0 Y=0
Remote buttons raw=272 L1=0 L2=0 R1=0 R2=1 A=1 B=0 X=0 Y=0
Remote buttons raw=256 L1=0 L2=0 R1=0 R2=0 A=1 B=0 X=0 Y=0
Remote buttons raw=0 L1=0 L2=0 R1=0 R2=0 A=0 B=0 X=0 Y=0
Remote buttons raw=272 L1=0 L2=0 R1=0 R2=1 A=1 B=0 X=0 Y=0
Remote buttons raw=256 L1=0 L2=0 R1=0 R2=0 A=1 B=0 X=0 Y=0
Remote buttons raw=0 L1=0 L2=0 R1=0 R2=0 A=0 B=0 X=0 Y=0
Remote buttons raw=272 L1=0 L2=0 R1=0 R2=1 A=1 B=0 X=0 Y=0
Remote buttons raw=0 L1=0 L2=0 R1=0 R2=0 A=0 B=0 X=0 Y=0
Remote buttons raw=272 L1=0 L2=0 R1=0 R2=1 A=1 B=0 X=0 Y=0
Remote buttons raw=256 L1=0 L2=0 R1=0 R2=0 A=1 B=0 X=0 Y=0
Remote buttons raw=0 L1=0 L2=0 R1=0 R2=0 A=0 B=0 X=0 Y=0
Remote buttons raw=272 L1=0 L2=0 R1=0 R2=1 A=1 B=0 X=0 Y=0
Remote buttons raw=0 L1=0 L2=0 R1=0 R2=0 A=0 B=0 X=0 Y=0
Remote buttons raw=256 L1=0 L2=0 R1=0 R2=0 A=1 B=0 X=0 Y=0
Remote buttons raw=272 L1=0 L2=0 R1=0 R2=1 A=1 B=0 X=0 Y=0
Remote buttons raw=256 L1=0 L2=0 R1=0 R2=0 A=1 B=0 X=0 Y=0
Remote buttons raw=0 L1=0 L2=0 R1=0 R2=0 A=0 B=0 X=0 Y=0
Remote buttons raw=256 L1=0 L2=0 R1=0 R2=0 A=1 B=0 X=0 Y=0
Remote buttons raw=272 L1=0 L2=0 R1=0 R2=1 A=1 B=0 X=0 Y=0
Remote buttons raw=256 L1=0 L2=0 R1=0 R2=0 A=1 B=0 X=0 Y=0
Remote buttons raw=0 L1=0 L2=0 R1=0 R2=0 A=0 B=0 X=0 Y=0
Remote buttons raw=256 L1=0 L2=0 R1=0 R2=0 A=1 B=0 X=0 Y=0
Remote buttons raw=272 L1=0 L2=0 R1=0 R2=1 A=1 B=0 X=0 Y=0
Remote buttons raw=0 L1=0 L2=0 R1=0 R2=0 A=0 B=0 X=0 Y=0
Remote buttons raw=256 L1=0 L2=0 R1=0 R2=0 A=1 B=0 X=0 Y=0
Remote buttons raw=272 L1=0 L2=0 R1=0 R2=1 A=1 B=0 X=0 Y=0
Remote buttons raw=256 L1=0 L2=0 R1=0 R2=0 A=1 B=0 X=0 Y=0
Remote buttons raw=0 L1=0 L2=0 R1=0 R2=0 A=0 B=0 X=0 Y=0
Remote buttons raw=272 L1=0 L2=0 R1=0 R2=1 A=1 B=0 X=0 Y=0
Remote buttons raw=0 L1=0 L2=0 R1=0 R2=0 A=0 B=0 X=0 Y=0
Remote buttons raw=256 L1=0 L2=0 R1=0 R2=0 A=1 B=0 X=0 Y=0
Remote buttons raw=272 L1=0 L2=0 R1=0 R2=1 A=1 B=0 X=0 Y=0
Remote buttons raw=256 L1=0 L2=0 R1=0 R2=0 A=1 B=0 X=0 Y=0
Remote buttons raw=0 L1=0 L2=0 R1=0 R2=0 A=0 B=0 X=0 Y=0
Remote buttons raw=272 L1=0 L2=0 R1=0 R2=1 A=1 B=0 X=0 Y=0
Remote buttons raw=256 L1=0 L2=0 R1=0 R2=0 A=1 B=0 X=0 Y=0
Remote buttons raw=0 L1=0 L2=0 R1=0 R2=0 A=0 B=0 X=0 Y=0
Remote buttons raw=32 L1=0 L2=1 R1=0 R2=0 A=0 B=0 X=0 Y=0
Remote buttons raw=544 L1=0 L2=1 R1=0 R2=0 A=0 B=1 X=0 Y=0
Remote buttons raw=512 L1=0 L2=0 R1=0 R2=0 A=0 B=1 X=0 Y=0
Remote buttons raw=0 L1=0 L2=0 R1=0 R2=0 A=0 B=0 X=0 Y=0
Remote buttons raw=512 L1=0 L2=0 R1=0 R2=0 A=0 B=1 X=0 Y=0
Remote buttons raw=544 L1=0 L2=1 R1=0 R2=0 A=0 B=1 X=0 Y=0
Remote buttons raw=0 L1=0 L2=0 R1=0 R2=0 A=0 B=0 X=0 Y=0
Remote buttons raw=32 L1=0 L2=1 R1=0 R2=0 A=0 B=0 X=0 Y=0
Remote buttons raw=2080 L1=0 L2=1 R1=0 R2=0 A=0 B=0 X=0 Y=1
Remote buttons raw=2048 L1=0 L2=0 R1=0 R2=0 A=0 B=0 X=0 Y=1
Remote buttons raw=0 L1=0 L2=0 R1=0 R2=0 A=0 B=0 X=0 Y=0
Remote buttons raw=2080 L1=0 L2=1 R1=0 R2=0 A=0 B=0 X=0 Y=1
Remote buttons raw=2048 L1=0 L2=0 R1=0 R2=0 A=0 B=0 X=0 Y=1
Remote buttons raw=0 L1=0 L2=0 R1=0 R2=0 A=0 B=0 X=0 Y=0
Remote buttons raw=4096 L1=0 L2=0 R1=0 R2=0 A=0 B=0 X=0 Y=0
Remote buttons raw=4128 L1=0 L2=1 R1=0 R2=0 A=0 B=0 X=0 Y=0
Remote buttons raw=0 L1=0 L2=0 R1=0 R2=0 A=0 B=0 X=0 Y=0
Remote buttons raw=2080 L1=0 L2=1 R1=0 R2=0 A=0 B=0 X=0 Y=1
Remote buttons raw=32 L1=0 L2=1 R1=0 R2=0 A=0 B=0 X=0 Y=0
Remote buttons raw=0 L1=0 L2=0 R1=0 R2=0 A=0 B=0 X=0 Y=0
Remote buttons raw=2080 L1=0 L2=1 R1=0 R2=0 A=0 B=0 X=0 Y=1
Remote buttons raw=0 L1=0 L2=0 R1=0 R2=0 A=0 B=0 X=0 Y=0
Remote buttons raw=2048 L1=0 L2=0 R1=0 R2=0 A=0 B=0 X=0 Y=1
Remote buttons raw=2080 L1=0 L2=1 R1=0 R2=0 A=0 B=0 X=0 Y=1
Remote buttons raw=32 L1=0 L2=1 R1=0 R2=0 A=0 B=0 X=0 Y=0
Remote buttons raw=0 L1=0 L2=0 R1=0 R2=0 A=0 B=0 X=0 Y=0
Remote buttons raw=2048 L1=0 L2=0 R1=0 R2=0 A=0 B=0 X=0 Y=1
Remote buttons raw=2080 L1=0 L2=1 R1=0 R2=0 A=0 B=0 X=0 Y=1
Remote buttons raw=32 L1=0 L2=1 R1=0 R2=0 A=0 B=0 X=0 Y=0
Remote buttons raw=0 L1=0 L2=0 R1=0 R2=0 A=0 B=0 X=0 Y=0
Remote buttons raw=2080 L1=0 L2=1 R1=0 R2=0 A=0 B=0 X=0 Y=1
Remote buttons raw=32 L1=0 L2=1 R1=0 R2=0 A=0 B=0 X=0 Y=0
Remote buttons raw=0 L1=0 L2=0 R1=0 R2=0 A=0 B=0 X=0 Y=0
Remote buttons raw=2080 L1=0 L2=1 R1=0 R2=0 A=0 B=0 X=0 Y=1
Remote buttons raw=32 L1=0 L2=1 R1=0 R2=0 A=0 B=0 X=0 Y=0
Remote buttons raw=0 L1=0 L2=0 R1=0 R2=0 A=0 B=0 X=0 Y=0
Remote buttons raw=32 L1=0 L2=1 R1=0 R2=0 A=0 B=0 X=0 Y=0
Remote buttons raw=2080 L1=0 L2=1 R1=0 R2=0 A=0 B=0 X=0 Y=1
Remote buttons raw=0 L1=0 L2=0 R1=0 R2=0 A=0 B=0 X=0 Y=0
Remote buttons raw=32 L1=0 L2=1 R1=0 R2=0 A=0 B=0 X=0 Y=0
Remote buttons raw=2080 L1=0 L2=1 R1=0 R2=0 A=0 B=0 X=0 Y=1
Remote buttons raw=32 L1=0 L2=1 R1=0 R2=0 A=0 B=0 X=0 Y=0
Remote buttons raw=0 L1=0 L2=0 R1=0 R2=0 A=0 B=0 X=0 Y=0
Remote buttons raw=2048 L1=0 L2=0 R1=0 R2=0 A=0 B=0 X=0 Y=1
Remote buttons raw=2080 L1=0 L2=1 R1=0 R2=0 A=0 B=0 X=0 Y=1
Remote buttons raw=32 L1=0 L2=1 R1=0 R2=0 A=0 B=0 X=0 Y=0
Remote buttons raw=0 L1=0 L2=0 R1=0 R2=0 A=0 B=0 X=0 Y=0
Remote buttons raw=32 L1=0 L2=1 R1=0 R2=0 A=0 B=0 X=0 Y=0
Remote buttons raw=2080 L1=0 L2=1 R1=0 R2=0 A=0 B=0 X=0 Y=1
Remote buttons raw=32 L1=0 L2=1 R1=0 R2=0 A=0 B=0 X=0 Y=0
Remote buttons raw=0 L1=0 L2=0 R1=0 R2=0 A=0 B=0 X=0 Y=0
Remote buttons raw=32 L1=0 L2=1 R1=0 R2=0 A=0 B=0 X=0 Y=0
Remote buttons raw=2080 L1=0 L2=1 R1=0 R2=0 A=0 B=0 X=0 Y=1
Remote buttons raw=0 L1=0 L2=0 R1=0 R2=0 A=0 B=0 X=0 Y=0
Remote buttons raw=2048 L1=0 L2=0 R1=0 R2=0 A=0 B=0 X=0 Y=1
Remote buttons raw=2080 L1=0 L2=1 R1=0 R2=0 A=0 B=0 X=0 Y=1
Remote buttons raw=32 L1=0 L2=1 R1=0 R2=0 A=0 B=0 X=0 Y=0
Remote buttons raw=0 L1=0 L2=0 R1=0 R2=0 A=0 B=0 X=0 Y=0
Remote buttons raw=32 L1=0 L2=1 R1=0 R2=0 A=0 B=0 X=0 Y=0
Remote buttons raw=2080 L1=0 L2=1 R1=0 R2=0 A=0 B=0 X=0 Y=1
Remote buttons raw=32 L1=0 L2=1 R1=0 R2=0 A=0 B=0 X=0 Y=0
Remote buttons raw=0 L1=0 L2=0 R1=0 R2=0 A=0 B=0 X=0 Y=0
Remote buttons raw=2080 L1=0 L2=1 R1=0 R2=0 A=0 B=0 X=0 Y=1
Remote buttons raw=32 L1=0 L2=1 R1=0 R2=0 A=0 B=0 X=0 Y=0
Remote buttons raw=0 L1=0 L2=0 R1=0 R2=0 A=0 B=0 X=0 Y=0
Remote buttons raw=32 L1=0 L2=1 R1=0 R2=0 A=0 B=0 X=0 Y=0
Remote buttons raw=2080 L1=0 L2=1 R1=0 R2=0 A=0 B=0 X=0 Y=1
Remote buttons raw=32 L1=0 L2=1 R1=0 R2=0 A=0 B=0 X=0 Y=0
Remote buttons raw=0 L1=0 L2=0 R1=0 R2=0 A=0 B=0 X=0 Y=0
Remote buttons raw=32 L1=0 L2=1 R1=0 R2=0 A=0 B=0 X=0 Y=0
Remote buttons raw=2080 L1=0 L2=1 R1=0 R2=0 A=0 B=0 X=0 Y=1
Remote buttons raw=32 L1=0 L2=1 R1=0 R2=0 A=0 B=0 X=0 Y=0
Remote buttons raw=0 L1=0 L2=0 R1=0 R2=0 A=0 B=0 X=0 Y=0
Remote buttons raw=2048 L1=0 L2=0 R1=0 R2=0 A=0 B=0 X=0 Y=1
Remote buttons raw=2080 L1=0 L2=1 R1=0 R2=0 A=0 B=0 X=0 Y=1
Remote buttons raw=32 L1=0 L2=1 R1=0 R2=0 A=0 B=0 X=0 Y=0
Remote buttons raw=0 L1=0 L2=0 R1=0 R2=0 A=0 B=0 X=0 Y=0
Remote buttons raw=2080 L1=0 L2=1 R1=0 R2=0 A=0 B=0 X=0 Y=1
Remote buttons raw=32 L1=0 L2=1 R1=0 R2=0 A=0 B=0 X=0 Y=0
Remote buttons raw=0 L1=0 L2=0 R1=0 R2=0 A=0 B=0 X=0 Y=0
Remote buttons raw=2080 L1=0 L2=1 R1=0 R2=0 A=0 B=0 X=0 Y=1
Remote buttons raw=32 L1=0 L2=1 R1=0 R2=0 A=0 B=0 X=0 Y=0
Remote buttons raw=0 L1=0 L2=0 R1=0 R2=0 A=0 B=0 X=0 Y=0
Remote buttons raw=32 L1=0 L2=1 R1=0 R2=0 A=0 B=0 X=0 Y=0
Remote buttons raw=2080 L1=0 L2=1 R1=0 R2=0 A=0 B=0 X=0 Y=1
Remote buttons raw=32 L1=0 L2=1 R1=0 R2=0 A=0 B=0 X=0 Y=0
Remote buttons raw=0 L1=0 L2=0 R1=0 R2=0 A=0 B=0 X=0 Y=0
Remote buttons raw=2080 L1=0 L2=1 R1=0 R2=0 A=0 B=0 X=0 Y=1
Remote buttons raw=32 L1=0 L2=1 R1=0 R2=0 A=0 B=0 X=0 Y=0
Remote buttons raw=0 L1=0 L2=0 R1=0 R2=0 A=0 B=0 X=0 Y=0
Remote buttons raw=2048 L1=0 L2=0 R1=0 R2=0 A=0 B=0 X=0 Y=1
Remote buttons raw=2080 L1=0 L2=1 R1=0 R2=0 A=0 B=0 X=0 Y=1
Remote buttons raw=32 L1=0 L2=1 R1=0 R2=0 A=0 B=0 X=0 Y=0
Remote buttons raw=0 L1=0 L2=0 R1=0 R2=0 A=0 B=0 X=0 Y=0
Remote buttons raw=2080 L1=0 L2=1 R1=0 R2=0 A=0 B=0 X=0 Y=1
Remote buttons raw=32 L1=0 L2=1 R1=0 R2=0 A=0 B=0 X=0 Y=0
Remote buttons raw=0 L1=0 L2=0 R1=0 R2=0 A=0 B=0 X=0 Y=0
Remote buttons raw=2080 L1=0 L2=1 R1=0 R2=0 A=0 B=0 X=0 Y=1
Remote buttons raw=32 L1=0 L2=1 R1=0 R2=0 A=0 B=0 X=0 Y=0
Remote buttons raw=0 L1=0 L2=0 R1=0 R2=0 A=0 B=0 X=0 Y=0
Remote buttons raw=2080 L1=0 L2=1 R1=0 R2=0 A=0 B=0 X=0 Y=1
Remote buttons raw=32 L1=0 L2=1 R1=0 R2=0 A=0 B=0 X=0 Y=0
Remote buttons raw=0 L1=0 L2=0 R1=0 R2=0 A=0 B=0 X=0 Y=0
Remote buttons raw=2048 L1=0 L2=0 R1=0 R2=0 A=0 B=0 X=0 Y=1
Remote buttons raw=2080 L1=0 L2=1 R1=0 R2=0 A=0 B=0 X=0 Y=1
Remote buttons raw=32 L1=0 L2=1 R1=0 R2=0 A=0 B=0 X=0 Y=0
Remote buttons raw=0 L1=0 L2=0 R1=0 R2=0 A=0 B=0 X=0 Y=0
Remote buttons raw=32 L1=0 L2=1 R1=0 R2=0 A=0 B=0 X=0 Y=0
Remote buttons raw=2080 L1=0 L2=1 R1=0 R2=0 A=0 B=0 X=0 Y=1
Remote buttons raw=0 L1=0 L2=0 R1=0 R2=0 A=0 B=0 X=0 Y=0
Remote buttons raw=2048 L1=0 L2=0 R1=0 R2=0 A=0 B=0 X=0 Y=1
Remote buttons raw=2080 L1=0 L2=1 R1=0 R2=0 A=0 B=0 X=0 Y=1
Remote buttons raw=32 L1=0 L2=1 R1=0 R2=0 A=0 B=0 X=0 Y=0
Remote buttons raw=0 L1=0 L2=0 R1=0 R2=0 A=0 B=0 X=0 Y=0
Remote buttons raw=16 L1=0 L2=0 R1=0 R2=1 A=0 B=0 X=0 Y=0
Remote buttons raw=48 L1=0 L2=1 R1=0 R2=1 A=0 B=0 X=0 Y=0
Remote buttons raw=32 L1=0 L2=1 R1=0 R2=0 A=0 B=0 X=0 Y=0
Remote buttons raw=0 L1=0 L2=0 R1=0 R2=0 A=0 B=0 X=0 Y=0
Remote buttons raw=32 L1=0 L2=1 R1=0 R2=0 A=0 B=0 X=0 Y=0
Remote buttons raw=288 L1=0 L2=1 R1=0 R2=0 A=1 B=0 X=0 Y=0
Remote buttons raw=32 L1=0 L2=1 R1=0 R2=0 A=0 B=0 X=0 Y=0
Remote buttons raw=0 L1=0 L2=0 R1=0 R2=0 A=0 B=0 X=0 Y=0
