[32m2026-07-31 16:22:05.901[0m | [1mINFO    [0m | [36m__main__[0m:[36mmain[0m:[36m27[0m - [1mLog saved to /home/loco1/BOB/Hitter/RobotBridge2-chingmu-ghost-mujoco-20260731/deploy/outputs/2026-07-31/16-22-05/eval.log[0m
[2026-07-31 16:22:06,645][OpenGL.acceleratesupport][INFO] - No OpenGL_accelerate module loaded: No module named 'OpenGL_accelerate'
[32m2026-07-31 16:22:06.760[0m | [1mINFO    [0m | [36mutils.motion_lib.torch_humanoid_batch[0m:[36m<module>[0m:[36m41[0m - [1mUsing Humanoid Batch[0m
[32m2026-07-31 16:22:06.964[0m | [1mINFO    [0m | [36msimulator.base_sim[0m:[36m_setup[0m:[36m41[0m - [1mRobot-level Control Frequency Set to 200.0HZ[0m
[32m2026-07-31 16:22:06.964[0m | [1mINFO    [0m | [36msimulator.base_sim[0m:[36m_setup[0m:[36m42[0m - [1mPolicy-level Control Frequency Set to 50.0HZ[0m
[32m2026-07-31 16:22:06.965[0m | [1mINFO    [0m | [36msimulator.base_sim[0m:[36m_load_asset[0m:[36m55[0m - [1mJoint left_hip_pitch_joint  Default Angles -0.31200000643730164  P_gain 40.179237365722656  D_gain 2.557889938354492 [0m
[32m2026-07-31 16:22:06.965[0m | [1mINFO    [0m | [36msimulator.base_sim[0m:[36m_load_asset[0m:[36m55[0m - [1mJoint left_hip_roll_joint  Default Angles 0.0  P_gain 99.09842681884766  D_gain 6.308802127838135 [0m
[32m2026-07-31 16:22:06.965[0m | [1mINFO    [0m | [36msimulator.base_sim[0m:[36m_load_asset[0m:[36m55[0m - [1mJoint left_hip_yaw_joint  Default Angles 0.0  P_gain 40.179237365722656  D_gain 2.557889938354492 [0m
[32m2026-07-31 16:22:06.965[0m | [1mINFO    [0m | [36msimulator.base_sim[0m:[36m_load_asset[0m:[36m55[0m - [1mJoint left_knee_joint  Default Angles 0.6690000295639038  P_gain 99.09842681884766  D_gain 6.308802127838135 [0m
[32m2026-07-31 16:22:06.965[0m | [1mINFO    [0m | [36msimulator.base_sim[0m:[36m_load_asset[0m:[36m55[0m - [1mJoint left_ankle_pitch_joint  Default Angles -0.3630000054836273  P_gain 28.501245498657227  D_gain 1.814445972442627 [0m
[32m2026-07-31 16:22:06.965[0m | [1mINFO    [0m | [36msimulator.base_sim[0m:[36m_load_asset[0m:[36m55[0m - [1mJoint left_ankle_roll_joint  Default Angles 0.0  P_gain 28.501245498657227  D_gain 1.814445972442627 [0m
[32m2026-07-31 16:22:06.965[0m | [1mINFO    [0m | [36msimulator.base_sim[0m:[36m_load_asset[0m:[36m55[0m - [1mJoint right_hip_pitch_joint  Default Angles -0.31200000643730164  P_gain 40.179237365722656  D_gain 2.557889938354492 [0m
[32m2026-07-31 16:22:06.965[0m | [1mINFO    [0m | [36msimulator.base_sim[0m:[36m_load_asset[0m:[36m55[0m - [1mJoint right_hip_roll_joint  Default Angles 0.0  P_gain 99.09842681884766  D_gain 6.308802127838135 [0m
[32m2026-07-31 16:22:06.965[0m | [1mINFO    [0m | [36msimulator.base_sim[0m:[36m_load_asset[0m:[36m55[0m - [1mJoint right_hip_yaw_joint  Default Angles 0.0  P_gain 40.179237365722656  D_gain 2.557889938354492 [0m
[32m2026-07-31 16:22:06.965[0m | [1mINFO    [0m | [36msimulator.base_sim[0m:[36m_load_asset[0m:[36m55[0m - [1mJoint right_knee_joint  Default Angles 0.6690000295639038  P_gain 99.09842681884766  D_gain 6.308802127838135 [0m
[32m2026-07-31 16:22:06.965[0m | [1mINFO    [0m | [36msimulator.base_sim[0m:[36m_load_asset[0m:[36m55[0m - [1mJoint right_ankle_pitch_joint  Default Angles -0.3630000054836273  P_gain 28.501245498657227  D_gain 1.814445972442627 [0m
[32m2026-07-31 16:22:06.965[0m | [1mINFO    [0m | [36msimulator.base_sim[0m:[36m_load_asset[0m:[36m55[0m - [1mJoint right_ankle_roll_joint  Default Angles 0.0  P_gain 28.501245498657227  D_gain 1.814445972442627 [0m
[32m2026-07-31 16:22:06.965[0m | [1mINFO    [0m | [36msimulator.base_sim[0m:[36m_load_asset[0m:[36m55[0m - [1mJoint waist_yaw_joint  Default Angles 0.0  P_gain 40.179237365722656  D_gain 2.557889938354492 [0m
[32m2026-07-31 16:22:06.965[0m | [1mINFO    [0m | [36msimulator.base_sim[0m:[36m_load_asset[0m:[36m55[0m - [1mJoint waist_roll_joint  Default Angles 0.0  P_gain 28.501245498657227  D_gain 1.814445972442627 [0m
[32m2026-07-31 16:22:06.965[0m | [1mINFO    [0m | [36msimulator.base_sim[0m:[36m_load_asset[0m:[36m55[0m - [1mJoint waist_pitch_joint  Default Angles 0.0  P_gain 28.501245498657227  D_gain 1.814445972442627 [0m
[32m2026-07-31 16:22:06.965[0m | [1mINFO    [0m | [36msimulator.base_sim[0m:[36m_load_asset[0m:[36m55[0m - [1mJoint left_shoulder_pitch_joint  Default Angles 0.20000000298023224  P_gain 14.250622749328613  D_gain 0.9072229862213135 [0m
[32m2026-07-31 16:22:06.965[0m | [1mINFO    [0m | [36msimulator.base_sim[0m:[36m_load_asset[0m:[36m55[0m - [1mJoint left_shoulder_roll_joint  Default Angles 0.20000000298023224  P_gain 14.250622749328613  D_gain 0.9072229862213135 [0m
[32m2026-07-31 16:22:06.965[0m | [1mINFO    [0m | [36msimulator.base_sim[0m:[36m_load_asset[0m:[36m55[0m - [1mJoint left_shoulder_yaw_joint  Default Angles 0.0  P_gain 14.250622749328613  D_gain 0.9072229862213135 [0m
[32m2026-07-31 16:22:06.965[0m | [1mINFO    [0m | [36msimulator.base_sim[0m:[36m_load_asset[0m:[36m55[0m - [1mJoint left_elbow_joint  Default Angles 0.6000000238418579  P_gain 14.250622749328613  D_gain 0.9072229862213135 [0m
[32m2026-07-31 16:22:06.965[0m | [1mINFO    [0m | [36msimulator.base_sim[0m:[36m_load_asset[0m:[36m55[0m - [1mJoint left_wrist_roll_joint  Default Angles 0.0  P_gain 14.250622749328613  D_gain 0.9072229862213135 [0m
[32m2026-07-31 16:22:06.965[0m | [1mINFO    [0m | [36msimulator.base_sim[0m:[36m_load_asset[0m:[36m55[0m - [1mJoint left_wrist_pitch_joint  Default Angles 0.0  P_gain 16.77832794189453  D_gain 1.068142056465149 [0m
[32m2026-07-31 16:22:06.965[0m | [1mINFO    [0m | [36msimulator.base_sim[0m:[36m_load_asset[0m:[36m55[0m - [1mJoint left_wrist_yaw_joint  Default Angles 0.0  P_gain 16.77832794189453  D_gain 1.068142056465149 [0m
[32m2026-07-31 16:22:06.965[0m | [1mINFO    [0m | [36msimulator.base_sim[0m:[36m_load_asset[0m:[36m55[0m - [1mJoint right_shoulder_pitch_joint  Default Angles 0.20000000298023224  P_gain 14.250622749328613  D_gain 0.9072229862213135 [0m
[32m2026-07-31 16:22:06.965[0m | [1mINFO    [0m | [36msimulator.base_sim[0m:[36m_load_asset[0m:[36m55[0m - [1mJoint right_shoulder_roll_joint  Default Angles -0.20000000298023224  P_gain 14.250622749328613  D_gain 0.9072229862213135 [0m
[32m2026-07-31 16:22:06.965[0m | [1mINFO    [0m | [36msimulator.base_sim[0m:[36m_load_asset[0m:[36m55[0m - [1mJoint right_shoulder_yaw_joint  Default Angles 0.0  P_gain 14.250622749328613  D_gain 0.9072229862213135 [0m
[32m2026-07-31 16:22:06.965[0m | [1mINFO    [0m | [36msimulator.base_sim[0m:[36m_load_asset[0m:[36m55[0m - [1mJoint right_elbow_joint  Default Angles 0.6000000238418579  P_gain 14.250622749328613  D_gain 0.9072229862213135 [0m
[32m2026-07-31 16:22:06.965[0m | [1mINFO    [0m | [36msimulator.base_sim[0m:[36m_load_asset[0m:[36m55[0m - [1mJoint right_wrist_roll_joint  Default Angles 0.0  P_gain 14.250622749328613  D_gain 0.9072229862213135 [0m
[32m2026-07-31 16:22:06.965[0m | [1mINFO    [0m | [36msimulator.base_sim[0m:[36m_load_asset[0m:[36m55[0m - [1mJoint right_wrist_pitch_joint  Default Angles 0.0  P_gain 16.77832794189453  D_gain 1.068142056465149 [0m
[32m2026-07-31 16:22:06.965[0m | [1mINFO    [0m | [36msimulator.base_sim[0m:[36m_load_asset[0m:[36m55[0m - [1mJoint right_wrist_yaw_joint  Default Angles 0.0  P_gain 16.77832794189453  D_gain 1.068142056465149 [0m
[32m2026-07-31 16:22:06.965[0m | [1mINFO    [0m | [36msimulator.base_sim[0m:[36m_load_asset[0m:[36m56[0m - [1mTotal Number of dof: 29[0m
[32m2026-07-31 16:22:06.965[0m | [1mINFO    [0m | [36msimulator.base_sim[0m:[36m_load_asset[0m:[36m57[0m - [1mNumber of Action: 29[0m
mujoco time step :  0.005
[32m2026-07-31 16:22:07.059[0m | [1mINFO    [0m | [36msimulator.mujoco[0m:[36m__init__[0m:[36m156[0m - [1mVisualization Marker: True[0m
[32m2026-07-31 16:22:07.060[0m | [1mINFO    [0m | [36msimulator.mujoco[0m:[36m_init_hitter_ball_input[0m:[36m798[0m - [1mHITTER HIL safety banner: simulator=Mujoco robot_backend=mujoco ball_pipeline=chingmu_ghost channel=vicon_state_data read_only=true ghost_collision=false control_publication_count=0[0m
[32m2026-07-31 16:22:07.061[0m | [1mINFO    [0m | [36mutils.history_handler[0m:[36m__init__[0m:[36m19[0m - [1mHistory Handler initialized![0m
[32m2026-07-31 16:22:07.062[0m | [1mINFO    [0m | [36menvs.hitter[0m:[36m__init__[0m:[36m110[0m - [1mHITTER ball planner configured.[0m
[32m2026-07-31 16:22:07.065[0m | [1mINFO    [0m | [36magents.base_agent[0m:[36mload_onnx_policy[0m:[36m22[0m - [1mLoading ONNX Checkpoint from /home/loco1/BOB/Hitter/RobotBridge2-chingmu-ghost-mujoco-20260731/deploy/data/model/hitter/hitter_model8000_oldmotion_104_20260725.onnx[0m
[32m2026-07-31 16:22:07.066[0m | [1mINFO    [0m | [36menvs.hitter[0m:[36mconfigure_from_modelmeta[0m:[36m161[0m - [1mApplying HITTER joint configuration from ONNX model.[0m
[32m2026-07-31 16:22:07.069[0m | [1mINFO    [0m | [36menvs.hitter[0m:[36mconfigure_from_modelmeta[0m:[36m203[0m - [1mHITTER policy metadata configured, 29 degrees of freedom.[0m
[32m2026-07-31 16:22:07.069[0m | [1mINFO    [0m | [36magents.hitter_agent[0m:[36mload_onnx_policy[0m:[36m22[0m - [1mHITTER policy metadata loaded. Joints: 29 Anchor body: pelvis[0m
In run
[32m2026-07-31 16:22:07.069[0m | [1mINFO    [0m | [36msimulator.mujoco[0m:[36mcalibrate[0m:[36m1098[0m - [1mResetting envs with ref_dof_pos=['-0.312', '0.000', '0.000', '0.669', '-0.363', '0.000', '-0.312', '0.000', '0.000', '0.669', '-0.363', '0.000', '0.000', '0.000', '0.000', '0.200', '0.200', '0.000', '0.600', '0.000', '0.000', '0.000', '0.200', '-0.200', '0.000', '0.600', '0.000', '0.000', '0.000'][0m
[32m2026-07-31 16:22:07.070[0m | [1mINFO    [0m | [36menvs.hitter[0m:[36m_capture_hitter_waiting_base_target[0m:[36m581[0m - [1mHITTER waiting base target captured at world position [-0.4000000059604645, 0.0, 0.7929999828338623].[0m
[32m2026-07-31 16:22:07.071[0m | [1mINFO    [0m | [36menvs.base_env[0m:[36m_update_obs[0m:[36m92[0m - [1mReceive observation: ['actions', 'root_quat', 'root_rpy', 'base_ang_vel', 'base_lin_vel', 'dof_pos', 'dof_vel', 'projected_gravity'][0m
[32m2026-07-31 16:22:07.072[0m | [1mINFO    [0m | [36menvs.hitter[0m:[36m_log_hitter_status[0m:[36m1016[0m - [1mHITTER realtime status: phase=waiting submitted=0 completed=0 failed=0 dropped=0 result_age_s=nan epoch=None generation=None policy_tts=0.920[0m
[32m2026-07-31 16:22:08.073[0m | [1mINFO    [0m | [36menvs.hitter[0m:[36m_log_hitter_status[0m:[36m1016[0m - [1mHITTER realtime status: phase=waiting submitted=0 completed=0 failed=0 dropped=0 result_age_s=nan epoch=None generation=None policy_tts=0.920[0m
[32m2026-07-31 16:22:09.074[0m | [1mINFO    [0m | [36menvs.hitter[0m:[36m_log_hitter_status[0m:[36m1016[0m - [1mHITTER realtime status: phase=waiting submitted=0 completed=0 failed=0 dropped=0 result_age_s=nan epoch=None generation=None policy_tts=0.920[0m
[32m2026-07-31 16:22:10.074[0m | [1mINFO    [0m | [36menvs.hitter[0m:[36m_log_hitter_status[0m:[36m1016[0m - [1mHITTER realtime status: phase=waiting submitted=0 completed=0 failed=0 dropped=0 result_age_s=nan epoch=None generation=None policy_tts=0.920[0m
[32m2026-07-31 16:22:11.093[0m | [1mINFO    [0m | [36menvs.hitter[0m:[36m_log_hitter_status[0m:[36m1016[0m - [1mHITTER realtime status: phase=waiting submitted=0 completed=0 failed=0 dropped=0 result_age_s=nan epoch=None generation=None policy_tts=0.920[0m
[32m2026-07-31 16:22:12.093[0m | [1mINFO    [0m | [36menvs.hitter[0m:[36m_log_hitter_status[0m:[36m1016[0m - [1mHITTER realtime status: phase=waiting submitted=0 completed=0 failed=0 dropped=0 result_age_s=nan epoch=None generation=None policy_tts=0.920[0m
[32m2026-07-31 16:22:13.095[0m | [1mINFO    [0m | [36menvs.hitter[0m:[36m_log_hitter_status[0m:[36m1016[0m - [1mHITTER realtime status: phase=waiting submitted=0 completed=0 failed=0 dropped=0 result_age_s=nan epoch=None generation=None policy_tts=0.920[0m
[32m2026-07-31 16:22:14.113[0m | [1mINFO    [0m | [36menvs.hitter[0m:[36m_log_hitter_status[0m:[36m1016[0m - [1mHITTER realtime status: phase=waiting submitted=0 completed=0 failed=0 dropped=0 result_age_s=nan epoch=None generation=None policy_tts=0.920[0m
[32m2026-07-31 16:22:15.115[0m | [1mINFO    [0m | [36menvs.hitter[0m:[36m_log_hitter_status[0m:[36m1016[0m - [1mHITTER realtime status: phase=waiting submitted=0 completed=0 failed=0 dropped=0 result_age_s=nan epoch=None generation=None policy_tts=0.920[0m
[32m2026-07-31 16:22:16.115[0m | [1mINFO    [0m | [36menvs.hitter[0m:[36m_log_hitter_status[0m:[36m1016[0m - [1mHITTER realtime status: phase=waiting submitted=0 completed=0 failed=0 dropped=0 result_age_s=nan epoch=None generation=None policy_tts=0.920[0m
[32m2026-07-31 16:22:17.133[0m | [1mINFO    [0m | [36menvs.hitter[0m:[36m_log_hitter_status[0m:[36m1016[0m - [1mHITTER realtime status: phase=waiting submitted=0 completed=0 failed=0 dropped=0 result_age_s=nan epoch=None generation=None policy_tts=0.920[0m
[32m2026-07-31 16:22:18.134[0m | [1mINFO    [0m | [36menvs.hitter[0m:[36m_log_hitter_status[0m:[36m1016[0m - [1mHITTER realtime status: phase=waiting submitted=0 completed=0 failed=0 dropped=0 result_age_s=nan epoch=None generation=None policy_tts=0.920[0m
[32m2026-07-31 16:22:19.135[0m | [1mINFO    [0m | [36menvs.hitter[0m:[36m_log_hitter_status[0m:[36m1016[0m - [1mHITTER realtime status: phase=waiting submitted=0 completed=0 failed=0 dropped=0 result_age_s=nan epoch=None generation=None policy_tts=0.920[0m
[32m2026-07-31 16:22:20.153[0m | [1mINFO    [0m | [36menvs.hitter[0m:[36m_log_hitter_status[0m:[36m1016[0m - [1mHITTER realtime status: phase=waiting submitted=0 completed=0 failed=0 dropped=0 result_age_s=nan epoch=None generation=None policy_tts=0.920[0m
[32m2026-07-31 16:22:21.153[0m | [1mINFO    [0m | [36menvs.hitter[0m:[36m_log_hitter_status[0m:[36m1016[0m - [1mHITTER realtime status: phase=waiting submitted=0 completed=0 failed=0 dropped=0 result_age_s=nan epoch=None generation=None policy_tts=0.920[0m
[32m2026-07-31 16:22:22.154[0m | [1mINFO    [0m | [36menvs.hitter[0m:[36m_log_hitter_status[0m:[36m1016[0m - [1mHITTER realtime status: phase=waiting submitted=0 completed=0 failed=0 dropped=0 result_age_s=nan epoch=None generation=None policy_tts=0.920[0m
[32m2026-07-31 16:22:23.154[0m | [1mINFO    [0m | [36menvs.hitter[0m:[36m_log_hitter_status[0m:[36m1016[0m - [1mHITTER realtime status: phase=waiting submitted=0 completed=0 failed=0 dropped=0 result_age_s=nan epoch=None generation=None policy_tts=0.920[0m
[32m2026-07-31 16:22:24.155[0m | [1mINFO    [0m | [36menvs.hitter[0m:[36m_log_hitter_status[0m:[36m1016[0m - [1mHITTER realtime status: phase=waiting submitted=0 completed=0 failed=0 dropped=0 result_age_s=nan epoch=None generation=None policy_tts=0.920[0m
[32m2026-07-31 16:22:25.173[0m | [1mINFO    [0m | [36menvs.hitter[0m:[36m_log_hitter_status[0m:[36m1016[0m - [1mHITTER realtime status: phase=waiting submitted=0 completed=0 failed=0 dropped=0 result_age_s=nan epoch=None generation=None policy_tts=0.920[0m
[32m2026-07-31 16:22:26.173[0m | [1mINFO    [0m | [36menvs.hitter[0m:[36m_log_hitter_status[0m:[36m1016[0m - [1mHITTER realtime status: phase=waiting submitted=0 completed=0 failed=0 dropped=0 result_age_s=nan epoch=None generation=None policy_tts=0.920[0m
[32m2026-07-31 16:22:27.175[0m | [1mINFO    [0m | [36menvs.hitter[0m:[36m_log_hitter_status[0m:[36m1016[0m - [1mHITTER realtime status: phase=waiting submitted=0 completed=0 failed=0 dropped=0 result_age_s=nan epoch=None generation=None policy_tts=0.920[0m
[32m2026-07-31 16:22:28.176[0m | [1mINFO    [0m | [36menvs.hitter[0m:[36m_log_hitter_status[0m:[36m1016[0m - [1mHITTER realtime status: phase=waiting submitted=0 completed=0 failed=0 dropped=0 result_age_s=nan epoch=None generation=None policy_tts=0.920[0m
[32m2026-07-31 16:22:29.193[0m | [1mINFO    [0m | [36menvs.hitter[0m:[36m_log_hitter_status[0m:[36m1016[0m - [1mHITTER realtime status: phase=waiting submitted=0 completed=0 failed=0 dropped=0 result_age_s=nan epoch=None generation=None policy_tts=0.920[0m
[32m2026-07-31 16:22:30.194[0m | [1mINFO    [0m | [36menvs.hitter[0m:[36m_log_hitter_status[0m:[36m1016[0m - [1mHITTER realtime status: phase=waiting submitted=0 completed=0 failed=0 dropped=0 result_age_s=nan epoch=None generation=None policy_tts=0.920[0m
[32m2026-07-31 16:22:31.195[0m | [1mINFO    [0m | [36menvs.hitter[0m:[36m_log_hitter_status[0m:[36m1016[0m - [1mHITTER realtime status: phase=waiting submitted=0 completed=0 failed=0 dropped=0 result_age_s=nan epoch=None generation=None policy_tts=0.920[0m
[32m2026-07-31 16:22:32.195[0m | [1mINFO    [0m | [36menvs.hitter[0m:[36m_log_hitter_status[0m:[36m1016[0m - [1mHITTER realtime status: phase=waiting submitted=0 completed=0 failed=0 dropped=0 result_age_s=nan epoch=None generation=None policy_tts=0.920[0m
[32m2026-07-31 16:22:33.213[0m | [1mINFO    [0m | [36menvs.hitter[0m:[36m_log_hitter_status[0m:[36m1016[0m - [1mHITTER realtime status: phase=waiting submitted=0 completed=0 failed=0 dropped=0 result_age_s=nan epoch=None generation=None policy_tts=0.920[0m
[32m2026-07-31 16:22:34.214[0m | [1mINFO    [0m | [36menvs.hitter[0m:[36m_log_hitter_status[0m:[36m1016[0m - [1mHITTER realtime status: phase=waiting submitted=0 completed=0 failed=0 dropped=0 result_age_s=nan epoch=None generation=None policy_tts=0.920[0m
[32m2026-07-31 16:22:35.233[0m | [1mINFO    [0m | [36menvs.hitter[0m:[36m_log_hitter_status[0m:[36m1016[0m - [1mHITTER realtime status: phase=waiting submitted=0 completed=0 failed=0 dropped=0 result_age_s=nan epoch=None generation=None policy_tts=0.920[0m
[32m2026-07-31 16:22:35.639[0m | [1mINFO    [0m | [36magents.hitter_agent[0m:[36mrun[0m:[36m58[0m - [1mHITTER agent interrupted; shutting down cleanly.[0m
[32m2026-07-31 16:22:35.639[0m | [1mINFO    [0m | [36magents.hitter_agent[0m:[36mrun[0m:[36m60[0m - [1mHITTER agent closing environment.[0m
[32m2026-07-31 16:22:35.643[0m | [1mINFO    [0m | [36msimulator.mujoco[0m:[36mclose[0m:[36m873[0m - [1mHITTER HIL shutdown: control_publication_count=0[0m
