[INFO][AppLauncher]: Using device: cuda:0
[INFO][AppLauncher]: Loading experience file: /home/sijie/third_party/IsaacLab/apps/isaaclab.python.headless.kit
[Warning] [simulation_app.simulation_app] Modules: ['omni.kit_app'] were loaded before SimulationApp was started and might not be loaded correctly.
[Warning] [simulation_app.simulation_app] Please check to make sure no extra omniverse or pxr modules are imported before the call to SimulationApp(...)
Loading user config located at: '/home/sijie/.venvs/isaaclab-mosaic/lib/python3.10/site-packages/omni/data/Kit/Isaac-Sim/4.5/user.config.json'
[Info] [carb] Logging to file: /home/sijie/.venvs/isaaclab-mosaic/lib/python3.10/site-packages/omni/logs/Kit/Isaac-Sim/4.5/kit_20260625_174800.log
2026-06-25 09:48:00 [0ms] [Warning] [omni.kit.app.plugin] No crash reporter present, dumps uploading isn't available.
2026-06-25 09:48:00 [3ms] [Warning] [omni.ext.plugin] [ext: rendering_modes] Extensions config 'extension.toml' doesn't exist '/home/sijie/third_party/IsaacLab/apps/rendering_modes' or '/home/sijie/third_party/IsaacLab/apps/rendering_modes/config'
2026-06-25 09:48:00 [121ms] [Warning] [omni.usd_config.extension] Enable omni.materialx.libs extension to use MaterialX
2026-06-25 09:48:00 [330ms] [Warning] [omni.datastore] OmniHub is inaccessible
2026-06-25 09:48:00 [382ms] [Warning] [omni.isaac.dynamic_control] omni.isaac.dynamic_control is deprecated as of Isaac Sim 4.5. No action is needed from end-users.

|---------------------------------------------------------------------------------------------|
| Driver Version: 580.159.03    | Graphics API: Vulkan
|=============================================================================================|
| GPU | Name                             | Active | LDA | GPU Memory | Vendor-ID | LUID       |
|     |                                  |        |     |            | Device-ID | UUID       |
|     |                                  |        |     |            | Bus-ID    |            |
|---------------------------------------------------------------------------------------------|
| 0   | NVIDIA GeForce RTX 4090          | Yes: 0 |     | 24564   MB | 10de      | 0          |
|     |                                  |        |     |            | 2684      | 61102075.. |
|     |                                  |        |     |            | 1         |            |
|=============================================================================================|
| OS: 22.04.5 LTS (Jammy Jellyfish) ubuntu, Version: 22.04.5, Kernel: 6.8.0-111-generic
| XServer Vendor: The X.Org Foundation, XServer Version: 12101004 (1.21.1.4)
| Processor: Intel(R) Core(TM) i9-14900K
| Cores: 24 | Logical Cores: 32
|---------------------------------------------------------------------------------------------|
| Total Memory (MB): 128551 | Free Memory: 97499
| Total Page/Swap (MB): 2047 | Free Page/Swap: 1172
|---------------------------------------------------------------------------------------------|
2026-06-25 09:48:08 [8,515ms] [Warning] [gpu.foundation.plugin] IOMMU is enabled.
[INFO]: Parsing configuration from: <class 'whole_body_tracking.tasks.hitter.config.g1.flat_env_cfg.G1HitterStrikingPlannerDomainFlatEnvCfg'>
[INFO]: Parsing configuration from: whole_body_tracking.tasks.hitter.config.g1.agents.rsl_rl_ppo_cfg:G1HitterStrikingPlannerDomainPPORunnerCfg
Traceback (most recent call last):
  File "/home/sijie/.venvs/isaaclab-mosaic/lib/python3.10/site-packages/hydra/_internal/config_loader_impl.py", line 390, in _apply_overrides_to_config
    OmegaConf.update(cfg, key, value, merge=True)
  File "/home/sijie/.venvs/isaaclab-mosaic/lib/python3.10/site-packages/omegaconf/omegaconf.py", line 716, in update
    root[key_] = {}
  File "/home/sijie/.venvs/isaaclab-mosaic/lib/python3.10/site-packages/omegaconf/dictconfig.py", line 310, in __setitem__
    self._format_and_raise(
  File "/home/sijie/.venvs/isaaclab-mosaic/lib/python3.10/site-packages/omegaconf/base.py", line 231, in _format_and_raise
    format_and_raise(
  File "/home/sijie/.venvs/isaaclab-mosaic/lib/python3.10/site-packages/omegaconf/_utils.py", line 819, in format_and_raise
    _raise(ex, cause)
  File "/home/sijie/.venvs/isaaclab-mosaic/lib/python3.10/site-packages/omegaconf/_utils.py", line 797, in _raise
    raise ex.with_traceback(sys.exc_info()[2])  # set env var OC_CAUSE=1 for full trace
  File "/home/sijie/.venvs/isaaclab-mosaic/lib/python3.10/site-packages/omegaconf/dictconfig.py", line 308, in __setitem__
    self.__set_impl(key=key, value=value)
  File "/home/sijie/.venvs/isaaclab-mosaic/lib/python3.10/site-packages/omegaconf/dictconfig.py", line 318, in __set_impl
    self._set_item_impl(key, value)
  File "/home/sijie/.venvs/isaaclab-mosaic/lib/python3.10/site-packages/omegaconf/basecontainer.py", line 549, in _set_item_impl
    self._validate_set(key, value)
  File "/home/sijie/.venvs/isaaclab-mosaic/lib/python3.10/site-packages/omegaconf/dictconfig.py", line 180, in _validate_set
    target = self._get_node(key) if key is not None else self
  File "/home/sijie/.venvs/isaaclab-mosaic/lib/python3.10/site-packages/omegaconf/dictconfig.py", line 475, in _get_node
    self._validate_get(key)
  File "/home/sijie/.venvs/isaaclab-mosaic/lib/python3.10/site-packages/omegaconf/dictconfig.py", line 164, in _validate_get
    self._format_and_raise(
  File "/home/sijie/.venvs/isaaclab-mosaic/lib/python3.10/site-packages/omegaconf/base.py", line 231, in _format_and_raise
    format_and_raise(
  File "/home/sijie/.venvs/isaaclab-mosaic/lib/python3.10/site-packages/omegaconf/_utils.py", line 899, in format_and_raise
    _raise(ex, cause)
  File "/home/sijie/.venvs/isaaclab-mosaic/lib/python3.10/site-packages/omegaconf/_utils.py", line 797, in _raise
    raise ex.with_traceback(sys.exc_info()[2])  # set env var OC_CAUSE=1 for full trace
omegaconf.errors.ConfigKeyError: Key 'commands' is not in struct
    full_key: commands
    object_type=dict

The above exception was the direct cause of the following exception:

Traceback (most recent call last):
  File "/home/sijie/Hitter/MOSAIC-main/scripts/rsl_rl/train.py", line 208, in <module>
    main()
  File "/home/sijie/third_party/IsaacLab/source/isaaclab_tasks/isaaclab_tasks/utils/hydra.py", line 104, in wrapper
    hydra_main()
  File "/home/sijie/.venvs/isaaclab-mosaic/lib/python3.10/site-packages/hydra/main.py", line 94, in decorated_main
    _run_hydra(
  File "/home/sijie/.venvs/isaaclab-mosaic/lib/python3.10/site-packages/hydra/_internal/utils.py", line 394, in _run_hydra
    _run_app(
  File "/home/sijie/.venvs/isaaclab-mosaic/lib/python3.10/site-packages/hydra/_internal/utils.py", line 457, in _run_app
    run_and_report(
  File "/home/sijie/.venvs/isaaclab-mosaic/lib/python3.10/site-packages/hydra/_internal/utils.py", line 223, in run_and_report
    raise ex
  File "/home/sijie/.venvs/isaaclab-mosaic/lib/python3.10/site-packages/hydra/_internal/utils.py", line 220, in run_and_report
    return func()
  File "/home/sijie/.venvs/isaaclab-mosaic/lib/python3.10/site-packages/hydra/_internal/utils.py", line 458, in <lambda>
    lambda: hydra.run(
  File "/home/sijie/.venvs/isaaclab-mosaic/lib/python3.10/site-packages/hydra/_internal/hydra.py", line 105, in run
    cfg = self.compose_config(
  File "/home/sijie/.venvs/isaaclab-mosaic/lib/python3.10/site-packages/hydra/_internal/hydra.py", line 594, in compose_config
    cfg = self.config_loader.load_configuration(
  File "/home/sijie/.venvs/isaaclab-mosaic/lib/python3.10/site-packages/hydra/_internal/config_loader_impl.py", line 142, in load_configuration
    return self._load_configuration_impl(
  File "/home/sijie/.venvs/isaaclab-mosaic/lib/python3.10/site-packages/hydra/_internal/config_loader_impl.py", line 276, in _load_configuration_impl
    ConfigLoaderImpl._apply_overrides_to_config(config_overrides, cfg)
  File "/home/sijie/.venvs/isaaclab-mosaic/lib/python3.10/site-packages/hydra/_internal/config_loader_impl.py", line 392, in _apply_overrides_to_config
    raise ConfigCompositionException(
hydra.errors.ConfigCompositionException: Could not override 'commands.motion.force_strike_type'.
To append to your config use +commands.motion.force_strike_type=backhand
2026-06-25 09:48:10 [9,942ms] [Warning] [omni.fabric.plugin] gFabricState->gUsdStageToSimStageWithHistoryMap had 1 outstanding SimStageWithHistory(s) at shutdown
2026-06-25 09:48:10 [9,992ms] [Warning] [carb] Recursive unloadAllPlugins() detected!
