Connecting to 192.168.10.1:801 ...
Captured G1Pelvis template with 5 markers: G1pelvis1 G1pelvis2 G1pelvis3 G1pelvis4 G1pelvis5
Calibrating table from unlabeled markers for 3 s ...
Stable unlabeled clusters (8):
  #0 count=900 raw_mm=[-1025.7, 1803.6, 750.4]
  #1 count=900 raw_mm=[481.7, 1747.2, 761.0]
  #2 count=900 raw_mm=[573.3, 4476.5, 739.7]
  #3 count=900 raw_mm=[-932.1, 4528.4, 738.8]
  #4 count=383 raw_mm=[60645.3, 81555.1, 2075.4]
  #5 count=290 raw_mm=[60687.1, 81609.7, 2074.6]
  #6 count=106 raw_mm=[60598.6, 81493.6, 2076.2]
  #7 count=105 raw_mm=[60728.9, 81664.1, 2074.0]
Saved table calibration to deploy/mocap_bridge/calibrations/table_frame_latest.json
Table rectangle score=0.1171 center_raw_m=[-0.2257, 3.1389, 0.7475] x_axis_raw=[0.0331, 0.9995, 0.0000] y_axis_raw=[-0.9995, 0.0331, 0.0000]
Table-world convention: robot-side edge x=0.0000 m, far edge x=2.7400 m, expected G1Pelvis x ~= -0.4000 m
  table_corner_0_world_m=[0.0090, 0.7554, 0.7629]
  table_corner_1_world_m=[0.0024, -0.7530, 0.7735]
  table_corner_2_world_m=[2.7332, -0.7544, 0.7522]
  table_corner_3_world_m=[2.7354, 0.7520, 0.7514]
Base initial measured_world_m=[-0.7128, -0.2180, 0.8693] anchor_initial_world_m=[-0.7128, -0.2180, 0.8693] raw
Monitoring only on vicon_state_data via udpm://239.255.76.67:7667?ttl=255
frame=130594464 hz=1000000.0 base_valid=1 base_markers=5 base_rms_mm=0.10 base_measured_m=[-0.7121, -0.2182, 0.8693] base_world_m=[-0.7121, -0.2182, 0.8693] base_edge_error_m=-0.3121 base_quat_xyzw=[0.0000, 0.0000, -0.0002, 1.0000] unlabeled_count=5 raw_ignore_count=0 ball_valid=0 ball_missed_frames=0
frame=130594615 hz=302.6 base_valid=1 base_markers=5 base_rms_mm=0.11 base_measured_m=[-0.7124, -0.2172, 0.8692] base_world_m=[-0.7124, -0.2172, 0.8692] base_edge_error_m=-0.3124 base_quat_xyzw=[0.0000, 0.0000, 0.0002, 1.0000] unlabeled_count=5 raw_ignore_count=0 ball_valid=0 ball_missed_frames=0
