[32m2026-07-31 16:20:26.847[0m | [1mINFO    [0m | [36m__main__[0m:[36mmain[0m:[36m27[0m - [1mLog saved to /home/loco1/BOB/Hitter/RobotBridge2-chingmu-ghost-mujoco-20260731/deploy/outputs/2026-07-31/16-20-26/eval.log[0m
[2026-07-31 16:20:27,519][OpenGL.acceleratesupport][INFO] - No OpenGL_accelerate module loaded: No module named 'OpenGL_accelerate'
[32m2026-07-31 16:20:27.633[0m | [1mINFO    [0m | [36mutils.motion_lib.torch_humanoid_batch[0m:[36m<module>[0m:[36m41[0m - [1mUsing Humanoid Batch[0m
[32m2026-07-31 16:20:27.870[0m | [1mINFO    [0m | [36msimulator.base_sim[0m:[36m_setup[0m:[36m41[0m - [1mRobot-level Control Frequency Set to 200.0HZ[0m
[32m2026-07-31 16:20:27.870[0m | [1mINFO    [0m | [36msimulator.base_sim[0m:[36m_setup[0m:[36m42[0m - [1mPolicy-level Control Frequency Set to 50.0HZ[0m
[32m2026-07-31 16:20:27.871[0m | [1mINFO    [0m | [36msimulator.base_sim[0m:[36m_load_asset[0m:[36m55[0m - [1mJoint left_hip_pitch_joint  Default Angles -0.31200000643730164  P_gain 40.179237365722656  D_gain 2.557889938354492 [0m
[32m2026-07-31 16:20:27.871[0m | [1mINFO    [0m | [36msimulator.base_sim[0m:[36m_load_asset[0m:[36m55[0m - [1mJoint left_hip_roll_joint  Default Angles 0.0  P_gain 99.09842681884766  D_gain 6.308802127838135 [0m
[32m2026-07-31 16:20:27.871[0m | [1mINFO    [0m | [36msimulator.base_sim[0m:[36m_load_asset[0m:[36m55[0m - [1mJoint left_hip_yaw_joint  Default Angles 0.0  P_gain 40.179237365722656  D_gain 2.557889938354492 [0m
[32m2026-07-31 16:20:27.871[0m | [1mINFO    [0m | [36msimulator.base_sim[0m:[36m_load_asset[0m:[36m55[0m - [1mJoint left_knee_joint  Default Angles 0.6690000295639038  P_gain 99.09842681884766  D_gain 6.308802127838135 [0m
[32m2026-07-31 16:20:27.871[0m | [1mINFO    [0m | [36msimulator.base_sim[0m:[36m_load_asset[0m:[36m55[0m - [1mJoint left_ankle_pitch_joint  Default Angles -0.3630000054836273  P_gain 28.501245498657227  D_gain 1.814445972442627 [0m
[32m2026-07-31 16:20:27.871[0m | [1mINFO    [0m | [36msimulator.base_sim[0m:[36m_load_asset[0m:[36m55[0m - [1mJoint left_ankle_roll_joint  Default Angles 0.0  P_gain 28.501245498657227  D_gain 1.814445972442627 [0m
[32m2026-07-31 16:20:27.871[0m | [1mINFO    [0m | [36msimulator.base_sim[0m:[36m_load_asset[0m:[36m55[0m - [1mJoint right_hip_pitch_joint  Default Angles -0.31200000643730164  P_gain 40.179237365722656  D_gain 2.557889938354492 [0m
[32m2026-07-31 16:20:27.871[0m | [1mINFO    [0m | [36msimulator.base_sim[0m:[36m_load_asset[0m:[36m55[0m - [1mJoint right_hip_roll_joint  Default Angles 0.0  P_gain 99.09842681884766  D_gain 6.308802127838135 [0m
[32m2026-07-31 16:20:27.871[0m | [1mINFO    [0m | [36msimulator.base_sim[0m:[36m_load_asset[0m:[36m55[0m - [1mJoint right_hip_yaw_joint  Default Angles 0.0  P_gain 40.179237365722656  D_gain 2.557889938354492 [0m
[32m2026-07-31 16:20:27.871[0m | [1mINFO    [0m | [36msimulator.base_sim[0m:[36m_load_asset[0m:[36m55[0m - [1mJoint right_knee_joint  Default Angles 0.6690000295639038  P_gain 99.09842681884766  D_gain 6.308802127838135 [0m
[32m2026-07-31 16:20:27.871[0m | [1mINFO    [0m | [36msimulator.base_sim[0m:[36m_load_asset[0m:[36m55[0m - [1mJoint right_ankle_pitch_joint  Default Angles -0.3630000054836273  P_gain 28.501245498657227  D_gain 1.814445972442627 [0m
[32m2026-07-31 16:20:27.871[0m | [1mINFO    [0m | [36msimulator.base_sim[0m:[36m_load_asset[0m:[36m55[0m - [1mJoint right_ankle_roll_joint  Default Angles 0.0  P_gain 28.501245498657227  D_gain 1.814445972442627 [0m
[32m2026-07-31 16:20:27.871[0m | [1mINFO    [0m | [36msimulator.base_sim[0m:[36m_load_asset[0m:[36m55[0m - [1mJoint waist_yaw_joint  Default Angles 0.0  P_gain 40.179237365722656  D_gain 2.557889938354492 [0m
[32m2026-07-31 16:20:27.871[0m | [1mINFO    [0m | [36msimulator.base_sim[0m:[36m_load_asset[0m:[36m55[0m - [1mJoint waist_roll_joint  Default Angles 0.0  P_gain 28.501245498657227  D_gain 1.814445972442627 [0m
[32m2026-07-31 16:20:27.871[0m | [1mINFO    [0m | [36msimulator.base_sim[0m:[36m_load_asset[0m:[36m55[0m - [1mJoint waist_pitch_joint  Default Angles 0.0  P_gain 28.501245498657227  D_gain 1.814445972442627 [0m
[32m2026-07-31 16:20:27.871[0m | [1mINFO    [0m | [36msimulator.base_sim[0m:[36m_load_asset[0m:[36m55[0m - [1mJoint left_shoulder_pitch_joint  Default Angles 0.20000000298023224  P_gain 14.250622749328613  D_gain 0.9072229862213135 [0m
[32m2026-07-31 16:20:27.871[0m | [1mINFO    [0m | [36msimulator.base_sim[0m:[36m_load_asset[0m:[36m55[0m - [1mJoint left_shoulder_roll_joint  Default Angles 0.20000000298023224  P_gain 14.250622749328613  D_gain 0.9072229862213135 [0m
[32m2026-07-31 16:20:27.871[0m | [1mINFO    [0m | [36msimulator.base_sim[0m:[36m_load_asset[0m:[36m55[0m - [1mJoint left_shoulder_yaw_joint  Default Angles 0.0  P_gain 14.250622749328613  D_gain 0.9072229862213135 [0m
[32m2026-07-31 16:20:27.871[0m | [1mINFO    [0m | [36msimulator.base_sim[0m:[36m_load_asset[0m:[36m55[0m - [1mJoint left_elbow_joint  Default Angles 0.6000000238418579  P_gain 14.250622749328613  D_gain 0.9072229862213135 [0m
[32m2026-07-31 16:20:27.871[0m | [1mINFO    [0m | [36msimulator.base_sim[0m:[36m_load_asset[0m:[36m55[0m - [1mJoint left_wrist_roll_joint  Default Angles 0.0  P_gain 14.250622749328613  D_gain 0.9072229862213135 [0m
[32m2026-07-31 16:20:27.871[0m | [1mINFO    [0m | [36msimulator.base_sim[0m:[36m_load_asset[0m:[36m55[0m - [1mJoint left_wrist_pitch_joint  Default Angles 0.0  P_gain 16.77832794189453  D_gain 1.068142056465149 [0m
[32m2026-07-31 16:20:27.871[0m | [1mINFO    [0m | [36msimulator.base_sim[0m:[36m_load_asset[0m:[36m55[0m - [1mJoint left_wrist_yaw_joint  Default Angles 0.0  P_gain 16.77832794189453  D_gain 1.068142056465149 [0m
[32m2026-07-31 16:20:27.871[0m | [1mINFO    [0m | [36msimulator.base_sim[0m:[36m_load_asset[0m:[36m55[0m - [1mJoint right_shoulder_pitch_joint  Default Angles 0.20000000298023224  P_gain 14.250622749328613  D_gain 0.9072229862213135 [0m
[32m2026-07-31 16:20:27.871[0m | [1mINFO    [0m | [36msimulator.base_sim[0m:[36m_load_asset[0m:[36m55[0m - [1mJoint right_shoulder_roll_joint  Default Angles -0.20000000298023224  P_gain 14.250622749328613  D_gain 0.9072229862213135 [0m
[32m2026-07-31 16:20:27.871[0m | [1mINFO    [0m | [36msimulator.base_sim[0m:[36m_load_asset[0m:[36m55[0m - [1mJoint right_shoulder_yaw_joint  Default Angles 0.0  P_gain 14.250622749328613  D_gain 0.9072229862213135 [0m
[32m2026-07-31 16:20:27.871[0m | [1mINFO    [0m | [36msimulator.base_sim[0m:[36m_load_asset[0m:[36m55[0m - [1mJoint right_elbow_joint  Default Angles 0.6000000238418579  P_gain 14.250622749328613  D_gain 0.9072229862213135 [0m
[32m2026-07-31 16:20:27.871[0m | [1mINFO    [0m | [36msimulator.base_sim[0m:[36m_load_asset[0m:[36m55[0m - [1mJoint right_wrist_roll_joint  Default Angles 0.0  P_gain 14.250622749328613  D_gain 0.9072229862213135 [0m
[32m2026-07-31 16:20:27.871[0m | [1mINFO    [0m | [36msimulator.base_sim[0m:[36m_load_asset[0m:[36m55[0m - [1mJoint right_wrist_pitch_joint  Default Angles 0.0  P_gain 16.77832794189453  D_gain 1.068142056465149 [0m
[32m2026-07-31 16:20:27.871[0m | [1mINFO    [0m | [36msimulator.base_sim[0m:[36m_load_asset[0m:[36m55[0m - [1mJoint right_wrist_yaw_joint  Default Angles 0.0  P_gain 16.77832794189453  D_gain 1.068142056465149 [0m
[32m2026-07-31 16:20:27.871[0m | [1mINFO    [0m | [36msimulator.base_sim[0m:[36m_load_asset[0m:[36m56[0m - [1mTotal Number of dof: 29[0m
[32m2026-07-31 16:20:27.871[0m | [1mINFO    [0m | [36msimulator.base_sim[0m:[36m_load_asset[0m:[36m57[0m - [1mNumber of Action: 29[0m
mujoco time step :  0.005
[32m2026-07-31 16:20:27.969[0m | [1mINFO    [0m | [36msimulator.mujoco[0m:[36m__init__[0m:[36m149[0m - [1mVisualization Marker: True[0m
[32m2026-07-31 16:20:27.971[0m | [1mINFO    [0m | [36mutils.history_handler[0m:[36m__init__[0m:[36m19[0m - [1mHistory Handler initialized![0m
[32m2026-07-31 16:20:27.974[0m | [1mINFO    [0m | [36menvs.hitter[0m:[36m__init__[0m:[36m110[0m - [1mHITTER ball planner configured.[0m
[32m2026-07-31 16:20:27.978[0m | [1mINFO    [0m | [36magents.base_agent[0m:[36mload_onnx_policy[0m:[36m22[0m - [1mLoading ONNX Checkpoint from /home/loco1/BOB/Hitter/RobotBridge2-chingmu-ghost-mujoco-20260731/deploy/data/model/hitter/hitter_model8000_oldmotion_104_20260725.onnx[0m
[32m2026-07-31 16:20:27.978[0m | [1mINFO    [0m | [36menvs.hitter[0m:[36mconfigure_from_modelmeta[0m:[36m161[0m - [1mApplying HITTER joint configuration from ONNX model.[0m
[32m2026-07-31 16:20:27.981[0m | [1mINFO    [0m | [36menvs.hitter[0m:[36mconfigure_from_modelmeta[0m:[36m203[0m - [1mHITTER policy metadata configured, 29 degrees of freedom.[0m
[32m2026-07-31 16:20:27.981[0m | [1mINFO    [0m | [36magents.hitter_agent[0m:[36mload_onnx_policy[0m:[36m22[0m - [1mHITTER policy metadata loaded. Joints: 29 Anchor body: pelvis[0m
In run
[32m2026-07-31 16:20:27.981[0m | [1mINFO    [0m | [36msimulator.mujoco[0m:[36mcalibrate[0m:[36m1074[0m - [1mResetting envs with ref_dof_pos=['-0.312', '0.000', '0.000', '0.669', '-0.363', '0.000', '-0.312', '0.000', '0.000', '0.669', '-0.363', '0.000', '0.000', '0.000', '0.000', '0.200', '0.200', '0.000', '0.600', '0.000', '0.000', '0.000', '0.200', '-0.200', '0.000', '0.600', '0.000', '0.000', '0.000'][0m
[32m2026-07-31 16:20:27.982[0m | [1mINFO    [0m | [36menvs.hitter[0m:[36m_capture_hitter_waiting_base_target[0m:[36m581[0m - [1mHITTER waiting base target captured at world position [-0.4000000059604645, 0.0, 0.7929999828338623].[0m
[32m2026-07-31 16:20:27.983[0m | [1mINFO    [0m | [36menvs.base_env[0m:[36m_update_obs[0m:[36m92[0m - [1mReceive observation: ['actions', 'root_quat', 'root_rpy', 'base_ang_vel', 'base_lin_vel', 'dof_pos', 'dof_vel', 'projected_gravity'][0m
[32m2026-07-31 16:20:27.984[0m | [1mINFO    [0m | [36menvs.hitter[0m:[36m_log_hitter_status[0m:[36m1016[0m - [1mHITTER realtime status: phase=waiting submitted=0 completed=0 failed=0 dropped=0 result_age_s=nan epoch=None generation=None policy_tts=0.920[0m
[32m2026-07-31 16:20:28.985[0m | [1mINFO    [0m | [36menvs.hitter[0m:[36m_log_hitter_status[0m:[36m1016[0m - [1mHITTER realtime status: phase=waiting submitted=0 completed=0 failed=0 dropped=0 result_age_s=nan epoch=None generation=None policy_tts=0.920[0m
[32m2026-07-31 16:20:29.987[0m | [1mINFO    [0m | [36menvs.hitter[0m:[36m_log_hitter_status[0m:[36m1016[0m - [1mHITTER realtime status: phase=waiting submitted=0 completed=0 failed=0 dropped=0 result_age_s=nan epoch=None generation=None policy_tts=0.920[0m
[32m2026-07-31 16:20:30.988[0m | [1mINFO    [0m | [36menvs.hitter[0m:[36m_log_hitter_status[0m:[36m1016[0m - [1mHITTER realtime status: phase=waiting submitted=0 completed=0 failed=0 dropped=0 result_age_s=nan epoch=None generation=None policy_tts=0.920[0m
[32m2026-07-31 16:20:31.988[0m | [1mINFO    [0m | [36menvs.hitter[0m:[36m_log_hitter_status[0m:[36m1016[0m - [1mHITTER realtime status: phase=waiting submitted=0 completed=0 failed=0 dropped=0 result_age_s=nan epoch=None generation=None policy_tts=0.920[0m
[32m2026-07-31 16:20:33.005[0m | [1mINFO    [0m | [36menvs.hitter[0m:[36m_log_hitter_status[0m:[36m1016[0m - [1mHITTER realtime status: phase=waiting submitted=0 completed=0 failed=0 dropped=0 result_age_s=nan epoch=None generation=None policy_tts=0.920[0m
[32m2026-07-31 16:20:34.007[0m | [1mINFO    [0m | [36menvs.hitter[0m:[36m_log_hitter_status[0m:[36m1016[0m - [1mHITTER realtime status: phase=waiting submitted=0 completed=0 failed=0 dropped=0 result_age_s=nan epoch=None generation=None policy_tts=0.920[0m
[32m2026-07-31 16:20:35.025[0m | [1mINFO    [0m | [36menvs.hitter[0m:[36m_log_hitter_status[0m:[36m1016[0m - [1mHITTER realtime status: phase=waiting submitted=0 completed=0 failed=0 dropped=0 result_age_s=nan epoch=None generation=None policy_tts=0.920[0m
[32m2026-07-31 16:20:36.027[0m | [1mINFO    [0m | [36menvs.hitter[0m:[36m_log_hitter_status[0m:[36m1016[0m - [1mHITTER realtime status: phase=waiting submitted=0 completed=0 failed=0 dropped=0 result_age_s=nan epoch=None generation=None policy_tts=0.920[0m
[32m2026-07-31 16:20:37.028[0m | [1mINFO    [0m | [36menvs.hitter[0m:[36m_log_hitter_status[0m:[36m1016[0m - [1mHITTER realtime status: phase=waiting submitted=0 completed=0 failed=0 dropped=0 result_age_s=nan epoch=None generation=None policy_tts=0.920[0m
[32m2026-07-31 16:20:38.045[0m | [1mINFO    [0m | [36menvs.hitter[0m:[36m_log_hitter_status[0m:[36m1016[0m - [1mHITTER realtime status: phase=waiting submitted=0 completed=0 failed=0 dropped=0 result_age_s=nan epoch=None generation=None policy_tts=0.920[0m
[32m2026-07-31 16:20:39.045[0m | [1mINFO    [0m | [36menvs.hitter[0m:[36m_log_hitter_status[0m:[36m1016[0m - [1mHITTER realtime status: phase=waiting submitted=0 completed=0 failed=0 dropped=0 result_age_s=nan epoch=None generation=None policy_tts=0.920[0m
[32m2026-07-31 16:20:40.048[0m | [1mINFO    [0m | [36menvs.hitter[0m:[36m_log_hitter_status[0m:[36m1016[0m - [1mHITTER realtime status: phase=waiting submitted=0 completed=0 failed=0 dropped=0 result_age_s=nan epoch=None generation=None policy_tts=0.920[0m
[32m2026-07-31 16:20:41.065[0m | [1mINFO    [0m | [36menvs.hitter[0m:[36m_log_hitter_status[0m:[36m1016[0m - [1mHITTER realtime status: phase=waiting submitted=0 completed=0 failed=0 dropped=0 result_age_s=nan epoch=None generation=None policy_tts=0.920[0m
[32m2026-07-31 16:20:42.065[0m | [1mINFO    [0m | [36menvs.hitter[0m:[36m_log_hitter_status[0m:[36m1016[0m - [1mHITTER realtime status: phase=waiting submitted=0 completed=0 failed=0 dropped=0 result_age_s=nan epoch=None generation=None policy_tts=0.920[0m
[32m2026-07-31 16:20:43.068[0m | [1mINFO    [0m | [36menvs.hitter[0m:[36m_log_hitter_status[0m:[36m1016[0m - [1mHITTER realtime status: phase=waiting submitted=0 completed=0 failed=0 dropped=0 result_age_s=nan epoch=None generation=None policy_tts=0.920[0m
[32m2026-07-31 16:20:44.085[0m | [1mINFO    [0m | [36menvs.hitter[0m:[36m_log_hitter_status[0m:[36m1016[0m - [1mHITTER realtime status: phase=waiting submitted=0 completed=0 failed=0 dropped=0 result_age_s=nan epoch=None generation=None policy_tts=0.920[0m
[32m2026-07-31 16:20:45.088[0m | [1mINFO    [0m | [36menvs.hitter[0m:[36m_log_hitter_status[0m:[36m1016[0m - [1mHITTER realtime status: phase=waiting submitted=0 completed=0 failed=0 dropped=0 result_age_s=nan epoch=None generation=None policy_tts=0.920[0m
[32m2026-07-31 16:20:46.105[0m | [1mINFO    [0m | [36menvs.hitter[0m:[36m_log_hitter_status[0m:[36m1016[0m - [1mHITTER realtime status: phase=waiting submitted=0 completed=0 failed=0 dropped=0 result_age_s=nan epoch=None generation=None policy_tts=0.920[0m
[32m2026-07-31 16:20:47.105[0m | [1mINFO    [0m | [36menvs.hitter[0m:[36m_log_hitter_status[0m:[36m1016[0m - [1mHITTER realtime status: phase=waiting submitted=0 completed=0 failed=0 dropped=0 result_age_s=nan epoch=None generation=None policy_tts=0.920[0m
[32m2026-07-31 16:20:48.108[0m | [1mINFO    [0m | [36menvs.hitter[0m:[36m_log_hitter_status[0m:[36m1016[0m - [1mHITTER realtime status: phase=waiting submitted=0 completed=0 failed=0 dropped=0 result_age_s=nan epoch=None generation=None policy_tts=0.920[0m
[32m2026-07-31 16:20:49.125[0m | [1mINFO    [0m | [36menvs.hitter[0m:[36m_log_hitter_status[0m:[36m1016[0m - [1mHITTER realtime status: phase=waiting submitted=0 completed=0 failed=0 dropped=0 result_age_s=nan epoch=None generation=None policy_tts=0.920[0m
[32m2026-07-31 16:20:50.125[0m | [1mINFO    [0m | [36menvs.hitter[0m:[36m_log_hitter_status[0m:[36m1016[0m - [1mHITTER realtime status: phase=waiting submitted=0 completed=0 failed=0 dropped=0 result_age_s=nan epoch=None generation=None policy_tts=0.920[0m
[32m2026-07-31 16:20:51.127[0m | [1mINFO    [0m | [36menvs.hitter[0m:[36m_log_hitter_status[0m:[36m1016[0m - [1mHITTER realtime status: phase=waiting submitted=0 completed=0 failed=0 dropped=0 result_age_s=nan epoch=None generation=None policy_tts=0.920[0m
[32m2026-07-31 16:20:52.127[0m | [1mINFO    [0m | [36menvs.hitter[0m:[36m_log_hitter_status[0m:[36m1016[0m - [1mHITTER realtime status: phase=waiting submitted=0 completed=0 failed=0 dropped=0 result_age_s=nan epoch=None generation=None policy_tts=0.920[0m
[32m2026-07-31 16:20:53.145[0m | [1mINFO    [0m | [36menvs.hitter[0m:[36m_log_hitter_status[0m:[36m1016[0m - [1mHITTER realtime status: phase=waiting submitted=0 completed=0 failed=0 dropped=0 result_age_s=nan epoch=None generation=None policy_tts=0.920[0m
[32m2026-07-31 16:20:54.147[0m | [1mINFO    [0m | [36menvs.hitter[0m:[36m_log_hitter_status[0m:[36m1016[0m - [1mHITTER realtime status: phase=waiting submitted=0 completed=0 failed=0 dropped=0 result_age_s=nan epoch=None generation=None policy_tts=0.920[0m
[32m2026-07-31 16:20:55.148[0m | [1mINFO    [0m | [36menvs.hitter[0m:[36m_log_hitter_status[0m:[36m1016[0m - [1mHITTER realtime status: phase=waiting submitted=0 completed=0 failed=0 dropped=0 result_age_s=nan epoch=None generation=None policy_tts=0.920[0m
[32m2026-07-31 16:20:56.165[0m | [1mINFO    [0m | [36menvs.hitter[0m:[36m_log_hitter_status[0m:[36m1016[0m - [1mHITTER realtime status: phase=waiting submitted=0 completed=0 failed=0 dropped=0 result_age_s=nan epoch=None generation=None policy_tts=0.920[0m
[32m2026-07-31 16:20:56.592[0m | [1mINFO    [0m | [36magents.hitter_agent[0m:[36mrun[0m:[36m58[0m - [1mHITTER agent interrupted; shutting down cleanly.[0m
[32m2026-07-31 16:20:56.592[0m | [1mINFO    [0m | [36magents.hitter_agent[0m:[36mrun[0m:[36m60[0m - [1mHITTER agent closing environment.[0m
