sending incremental file list
.d..t...... ./
<fcst...... deploy/run.py
.d..t...... deploy/agents/
<fcst...... deploy/agents/__init__.py
<fcst...... deploy/agents/hitter_agent.py
<f+++++++++ deploy/agents/loco_hitter_agent.py
.d..t...... deploy/config/
<f+++++++++ deploy/config/hitter_real.yaml
<f+++++++++ deploy/config/loco_hitter.yaml
<f+++++++++ deploy/config/loco_hitter_locomotion_only.yaml
<f+++++++++ deploy/config/loco_hitter_stand_hold.yaml
.d..t...... deploy/config/agent/
<fcst...... deploy/config/agent/hitter.yaml
<f+++++++++ deploy/config/agent/loco_hitter.yaml
.d..t...... deploy/config/env/
<f+++++++++ deploy/config/env/loco_hitter.yaml
<fcst...... deploy/config/mimic/hitter.yaml
<fcst...... deploy/config/sim/real_world.yaml
.d..t...... deploy/data/
cd+++++++++ deploy/data/model/
cd+++++++++ deploy/data/model/locomotion/
<f+++++++++ deploy/data/model/locomotion/loco_level.pt
.d..t...... deploy/envs/
<fcst...... deploy/envs/__init__.py
<fcst...... deploy/envs/hitter.py
<f+++++++++ deploy/envs/loco_hitter.py
<fcst...... deploy/envs/mosaic.py
.d..t...... deploy/mocap_bridge/
<fcst...... deploy/mocap_bridge/build_cpp_probe.sh
<f+++++++++ deploy/mocap_bridge/evaluate_planner_paper_style.py
<f+++++++++ deploy/mocap_bridge/fit_ball_dynamics.py
<f+++++++++ deploy/mocap_bridge/hitter_vicon_policy_dryrun.py
<f+++++++++ deploy/mocap_bridge/monitor_vicon_lcm.py
<f+++++++++ deploy/mocap_bridge/select_ball_segments.py
<f+++++++++ deploy/mocap_bridge/vicon_rigid_unlabeled_probe.cpp
<f+++++++++ deploy/mocap_bridge/vicon_table_lcm_bridge.cpp
<f+++++++++ deploy/mocap_bridge/visualize_ball_trajectory.py
.d..t...... deploy/mocap_bridge/bin/
<fc.t...... deploy/mocap_bridge/bin/nexus_probe_cpp
<f+++++++++ deploy/mocap_bridge/bin/vicon_rigid_unlabeled_probe
<f+++++++++ deploy/mocap_bridge/bin/vicon_table_lcm_bridge
cd+++++++++ deploy/mocap_bridge/calibrations/
<f+++++++++ deploy/mocap_bridge/calibrations/table_calibration_20260624_154050.json
<f+++++++++ deploy/mocap_bridge/calibrations/table_calibration_20260624_154050.log
<f+++++++++ deploy/mocap_bridge/calibrations/table_frame_latest.json
<fcst...... deploy/simulator/real_world.py
<fcst...... deploy/utils/hitter_planner.py
cd+++++++++ docs/
cd+++++++++ docs/superpowers/
cd+++++++++ docs/superpowers/plans/
<f+++++++++ docs/superpowers/plans/2026-06-26-manual-ball-segment-selector.md
cd+++++++++ docs/superpowers/specs/
<f+++++++++ docs/superpowers/specs/2026-06-26-manual-ball-segment-selector-design.md
cd+++++++++ tests/
<f+++++++++ tests/test_evaluate_planner_paper_style.py
<f+++++++++ tests/test_fit_ball_dynamics.py
<f+++++++++ tests/test_hitter_agent_startup.py
<f+++++++++ tests/test_hitter_env_planner_wait.py
<f+++++++++ tests/test_loco_hitter_switch.py
<f+++++++++ tests/test_real_world_ball_filter.py
<f+++++++++ tests/test_real_world_startup_defaults.py
<f+++++++++ tests/test_run_single_instance_lock.py
<f+++++++++ tests/test_select_ball_segments.py
<f+++++++++ tests/test_trans_startup_interpolation.py
<f+++++++++ tests/test_visualize_ball_trajectory.py
cd+++++++++ tests/cpp/
<f+++++++++ tests/cpp/test_vicon_table_lcm_bridge_raw_ignore.cpp
.d..t...... unitree_sdk2/
<fcst...... unitree_sdk2/CMakeLists.txt
<f+++++++++ unitree_sdk2/g1_loco_mode.cpp
<f+++++++++ unitree_sdk2/g1_loco_mode_options.hpp
<fcst...... unitree_sdk2/trans.cpp
.d..t...... unitree_sdk2/lcm_types/
<fcst...... unitree_sdk2/lcm_types/transformation_t.hpp
<fcst...... unitree_sdk2/lcm_types/transformation_t.lcm
<fcst...... unitree_sdk2/lcm_types/transformation_t.py
<fcst...... vicon_datastream_sdk/setup_env.sh

sent 1,755,427 bytes  received 3,168 bytes  703,438.00 bytes/sec
total size is 774,081,470  speedup is 440.17
