RUN_NAME=hitter_mix_aligned_backhand_strike43_m4400_to_std010_keepnoise_freezenorm_lr1e4_nomdl_swanlab_2xa100_env50000_20260611_184424
SESSION=hitter_mix_aligned_backhand_strike43_m4400_to_std010_keepnoise_freezenorm_lr1e4_nomdl_swanlab_2xa100_env50000_20260611_184424_train
LOG=/root/Hitter/MOSAIC-main/logs/tmux/hitter_mix_aligned_backhand_strike43_m4400_to_std010_keepnoise_freezenorm_lr1e4_nomdl_swanlab_2xa100_env50000_20260611_184424.log
CKPT=/root/Hitter/MOSAIC-main/logs/rsl_rl/hitter_striking_g1/2026-06-11_13-50-29_hitter_mix_aligned_backhand_strike43_m2200_to_std012_keepnoise_freezenorm_lr1e4_swanlab_2xa100_env50000_20260611_135014/model_4400.pt
W0611 18:44:27.004000 1499252 torch/distributed/run.py:793] 
W0611 18:44:27.004000 1499252 torch/distributed/run.py:793] *****************************************
W0611 18:44:27.004000 1499252 torch/distributed/run.py:793] Setting OMP_NUM_THREADS environment variable for each process to be 1 in default, to avoid your system being overloaded, please further tune the variable for optimal performance in your application as needed. 
W0611 18:44:27.004000 1499252 torch/distributed/run.py:793] *****************************************
[INFO][AppLauncher]: Using device: cuda:0
[INFO][AppLauncher]: Loading experience file: /root/.venvs/isaaclab-mosaic/lib/python3.10/site-packages/isaaclab/apps/isaaclab.python.headless.kit
[Warning] [simulation_app.simulation_app] Modules: ['omni.kit_app'] were loaded before SimulationApp was started and might not be loaded correctly.
[Warning] [simulation_app.simulation_app] Please check to make sure no extra omniverse or pxr modules are imported before the call to SimulationApp(...)
[INFO][AppLauncher]: Using device: cuda:1
[INFO][AppLauncher]: Loading experience file: /root/.venvs/isaaclab-mosaic/lib/python3.10/site-packages/isaaclab/apps/isaaclab.python.headless.kit
[Warning] [simulation_app.simulation_app] Modules: ['omni.kit_app'] were loaded before SimulationApp was started and might not be loaded correctly.
[Warning] [simulation_app.simulation_app] Please check to make sure no extra omniverse or pxr modules are imported before the call to SimulationApp(...)
Loading user config located at: '/root/.venvs/isaaclab-mosaic/lib/python3.10/site-packages/omni/data/Kit/Isaac-Sim/4.5/user.config.json'
[Info] [carb] Logging to file: /root/.venvs/isaaclab-mosaic/lib/python3.10/site-packages/omni/logs/Kit/Isaac-Sim/4.5/kit_20260611_184427.log
2026-06-11 10:44:27 [0ms] [Warning] [omni.kit.app.plugin] No crash reporter present, dumps uploading isn't available.
Loading user config located at: '/root/.venvs/isaaclab-mosaic/lib/python3.10/site-packages/omni/data/Kit/Isaac-Sim/4.5/user.config.json'
[Info] [carb] Logging to file: /root/.venvs/isaaclab-mosaic/lib/python3.10/site-packages/omni/logs/Kit/Isaac-Sim/4.5/kit_20260611_184427.log
2026-06-11 10:44:27 [0ms] [Warning] [omni.kit.app.plugin] No crash reporter present, dumps uploading isn't available.
2026-06-11 10:44:27 [12ms] [Warning] [omni.ext.plugin] [ext: rendering_modes] Extensions config 'extension.toml' doesn't exist '/root/.venvs/isaaclab-mosaic/lib/python3.10/site-packages/isaaclab/apps/rendering_modes' or '/root/.venvs/isaaclab-mosaic/lib/python3.10/site-packages/isaaclab/apps/rendering_modes/config'
2026-06-11 10:44:27 [19ms] [Warning] [omni.ext.plugin] [ext: rendering_modes] Extensions config 'extension.toml' doesn't exist '/root/.venvs/isaaclab-mosaic/lib/python3.10/site-packages/isaaclab/apps/rendering_modes' or '/root/.venvs/isaaclab-mosaic/lib/python3.10/site-packages/isaaclab/apps/rendering_modes/config'
2026-06-11 10:44:27 [300ms] [Warning] [omni.usd_config.extension] Enable omni.materialx.libs extension to use MaterialX
2026-06-11 10:44:27 [320ms] [Warning] [omni.usd_config.extension] Enable omni.materialx.libs extension to use MaterialX
2026-06-11 10:44:27 [591ms] [Warning] [omni.platforminfo.plugin] failed to open the default display.  Can't verify X Server version.
2026-06-11 10:44:27 [614ms] [Warning] [omni.platforminfo.plugin] failed to open the default display.  Can't verify X Server version.
2026-06-11 10:44:27 [807ms] [Warning] [omni.datastore] OmniHub is inaccessible
2026-06-11 10:44:28 [822ms] [Warning] [omni.datastore] OmniHub is inaccessible
2026-06-11 10:44:28 [962ms] [Warning] [omni.isaac.dynamic_control] omni.isaac.dynamic_control is deprecated as of Isaac Sim 4.5. No action is needed from end-users.
2026-06-11 10:44:28 [1,033ms] [Warning] [omni.isaac.dynamic_control] omni.isaac.dynamic_control is deprecated as of Isaac Sim 4.5. No action is needed from end-users.

|---------------------------------------------------------------------------------------------|
| Driver Version: 535.161.08    | Graphics API: Vulkan
|=============================================================================================|
| GPU | Name                             | Active | LDA | GPU Memory | Vendor-ID | LUID       |
|     |                                  |        |     |            | Device-ID | UUID       |
|     |                                  |        |     |            | Bus-ID    |            |
|---------------------------------------------------------------------------------------------|
| 0   | NVIDIA A100-SXM4-40GB            | Yes: 0 |     | 40960   MB | 10de      | 0          |
|     |                                  |        |     |            | 20b0      | d7b2f38c.. |
|     |                                  |        |     |            | 7         |            |
|---------------------------------------------------------------------------------------------|
| 1   | NVIDIA A100-SXM4-40GB            |        |     | 40960   MB | 10de      | 0          |
|     |                                  |        |     |            | 20b0      | 2765dc13.. |
|     |                                  |        |     |            | f         |            |
|=============================================================================================|
| OS: 22.04.4 LTS (Jammy Jellyfish) ubuntu, Version: 22.04.4, Kernel: 5.15.0-1053-nvidia
| Processor: AMD EPYC 7742 64-Core Processor
| Bare Metal Cores: 128 | Bare Metal Logical Cores: 256
| Core Usage Quota: 45
|---------------------------------------------------------------------------------------------|
| Total Memory (MB): 184320 | Free Memory: 167002
| Total Page/Swap (MB): 0 | Free Page/Swap: 0
|---------------------------------------------------------------------------------------------|

|---------------------------------------------------------------------------------------------|
| Driver Version: 535.161.08    | Graphics API: Vulkan
|=============================================================================================|
| GPU | Name                             | Active | LDA | GPU Memory | Vendor-ID | LUID       |
|     |                                  |        |     |            | Device-ID | UUID       |
|     |                                  |        |     |            | Bus-ID    |            |
|---------------------------------------------------------------------------------------------|
| 0   | NVIDIA A100-SXM4-40GB            |        |     | 40960   MB | 10de      | 0          |
|     |                                  |        |     |            | 20b0      | d7b2f38c.. |
|     |                                  |        |     |            | 7         |            |
|---------------------------------------------------------------------------------------------|
| 1   | NVIDIA A100-SXM4-40GB            | Yes: 0 |     | 40960   MB | 10de      | 0          |
|     |                                  |        |     |            | 20b0      | 2765dc13.. |
|     |                                  |        |     |            | f         |            |
|=============================================================================================|
| OS: 22.04.4 LTS (Jammy Jellyfish) ubuntu, Version: 22.04.4, Kernel: 5.15.0-1053-nvidia
| Processor: AMD EPYC 7742 64-Core Processor
| Bare Metal Cores: 128 | Bare Metal Logical Cores: 256
| Core Usage Quota: 45
|---------------------------------------------------------------------------------------------|
| Total Memory (MB): 184320 | Free Memory: 167003
| Total Page/Swap (MB): 0 | Free Page/Swap: 0
|---------------------------------------------------------------------------------------------|
2026-06-11 10:44:36 [8,892ms] [Warning] [gpu.foundation.plugin] ECC is enabled on physical device 0
2026-06-11 10:44:36 [8,890ms] [Warning] [gpu.foundation.plugin] ECC is enabled on physical device 1
2026-06-11 10:44:36 [8,894ms] [Warning] [gpu.foundation.plugin] IOMMU is enabled.
2026-06-11 10:44:36 [8,894ms] [Warning] [gpu.foundation.plugin] Detected IOMMU is enabled. Running CUDA peer-to-peer bandwidth and latency validation.
Cuda failure ../../../source/plugins/carb.cudainterop/p2pBandwidthLatencyTest/p2pBandwidthLatencyTest.cu:681: 'peer access is already enabled'
2026-06-11 10:44:36 [8,891ms] [Warning] [gpu.foundation.plugin] IOMMU is enabled.
2026-06-11 10:44:36 [8,891ms] [Warning] [gpu.foundation.plugin] Detected IOMMU is enabled. Running CUDA peer-to-peer bandwidth and latency validation.
Cuda failure ../../../source/plugins/carb.cudainterop/p2pBandwidthLatencyTest/p2pBandwidthLatencyTest.cu:681: 'peer access is already enabled'
2026-06-11 10:44:36 [8,929ms] [Warning] [omni.kvdb.plugin] Disabling key-value database because another kit process is locking it
[INFO]: Parsing configuration from: <class 'whole_body_tracking.tasks.hitter.config.g1.flat_env_cfg.G1HitterStrikingPlannerDomainFlatEnvCfg'>
[INFO]: Parsing configuration from: whole_body_tracking.tasks.hitter.config.g1.agents.rsl_rl_ppo_cfg:G1HitterStrikingPlannerDomainPPORunnerCfg
[INFO]: Parsing configuration from: <class 'whole_body_tracking.tasks.hitter.config.g1.flat_env_cfg.G1HitterStrikingPlannerDomainFlatEnvCfg'>
[INFO]: Parsing configuration from: whole_body_tracking.tasks.hitter.config.g1.agents.rsl_rl_ppo_cfg:G1HitterStrikingPlannerDomainPPORunnerCfg
[CLI] Simplified resume from CLI: /root/Hitter/MOSAIC-main/logs/rsl_rl/hitter_striking_g1/2026-06-11_13-50-29_hitter_mix_aligned_backhand_strike43_m2200_to_std012_keepnoise_freezenorm_lr1e4_swanlab_2xa100_env50000_20260611_135014/model_4400.pt
[CLI]   - load_run: 2026-06-11_13-50-29_hitter_mix_aligned_backhand_strike43_m2200_to_std012_keepnoise_freezenorm_lr1e4_swanlab_2xa100_env50000_20260611_135014
[CLI]   - checkpoint: model_4400.pt
[INFO] Distributed seeding: base_seed=42, rank=0, env_seed=42 (stride=1000)
[INFO] Logging experiment in directory: /root/Hitter/MOSAIC-main/logs/rsl_rl/hitter_striking_g1
Setting seed: 42
[CLI] Simplified resume from CLI: /root/Hitter/MOSAIC-main/logs/rsl_rl/hitter_striking_g1/2026-06-11_13-50-29_hitter_mix_aligned_backhand_strike43_m2200_to_std012_keepnoise_freezenorm_lr1e4_swanlab_2xa100_env50000_20260611_135014/model_4400.pt
[CLI]   - load_run: 2026-06-11_13-50-29_hitter_mix_aligned_backhand_strike43_m2200_to_std012_keepnoise_freezenorm_lr1e4_swanlab_2xa100_env50000_20260611_135014
[CLI]   - checkpoint: model_4400.pt
[INFO] Distributed seeding: base_seed=42, rank=1, env_seed=1042 (stride=1000)
[INFO] Logging experiment in directory: /root/Hitter/MOSAIC-main/logs/rsl_rl/hitter_striking_g1
Setting seed: 1042
[INFO]: Base environment:
	Environment device    : cuda:0
	Environment seed      : 42
	Physics step-size     : 0.005
	Rendering step-size   : 0.02
	Environment step-size : 0.02
[INFO]: Base environment:
	Environment device    : cuda:1
	Environment seed      : 1042
	Physics step-size     : 0.005
	Rendering step-size   : 0.02
	Environment step-size : 0.02
2026-06-11 10:45:25 [58,762ms] [Warning] [omni.usd] Warning: in _ReportErrors at line 2890 of /builds/omniverse/usd-ci/USD/pxr/usd/usd/stage.cpp -- In </World/ground/terrain>: Could not open asset @http://omniverse-content-production.s3-us-west-2.amazonaws.com/Assets/Isaac/4.5/Isaac/Environments/Grid/default_environment.usd@ for reference introduced by @anon:0x55ec2de385a0:World0.usd@</World/ground/terrain>. (recomposing stage on stage @anon:0x55ec2de385a0:World0.usd@ <0x55ec2de3d320>)

[INFO]: Time taken for scene creation : 46.617066 seconds
Error executing job with overrides: ['env.commands.motion.motion_dataset_shard_across_gpus=False', 'env.rewards.racket_pos.params.std=0.10', 'agent.reset_noise_std_on_resume=False', 'agent.freeze_normalizer_on_resume=True', 'agent.algorithm.learning_rate=1.0e-4', 'agent.algorithm.schedule=fixed', 'env.scene.terrain.visual_material=null']
Traceback (most recent call last):
  File "/root/.venvs/isaaclab-mosaic/lib/python3.10/site-packages/isaaclab/source/isaaclab_tasks/isaaclab_tasks/utils/hydra.py", line 101, in hydra_main
    func(env_cfg, agent_cfg, *args, **kwargs)
  File "/root/Hitter/MOSAIC-main/scripts/rsl_rl/train.py", line 145, in main
    env = gym.make(args_cli.task, cfg=env_cfg, render_mode="rgb_array" if args_cli.video else None)
  File "/root/.venvs/isaaclab-mosaic/lib/python3.10/site-packages/gymnasium/envs/registration.py", line 735, in make
    env = env_creator(**env_spec_kwargs)
  File "/root/.venvs/isaaclab-mosaic/lib/python3.10/site-packages/isaaclab/source/isaaclab/isaaclab/envs/manager_based_rl_env.py", line 79, in __init__
    super().__init__(cfg=cfg)
  File "/root/.venvs/isaaclab-mosaic/lib/python3.10/site-packages/isaaclab/source/isaaclab/isaaclab/envs/manager_based_env.py", line 130, in __init__
    self.scene = InteractiveScene(self.cfg.scene)
  File "/root/.venvs/isaaclab-mosaic/lib/python3.10/site-packages/isaaclab/source/isaaclab/isaaclab/scene/interactive_scene.py", line 151, in __init__
    self._add_entities_from_cfg()
  File "/root/.venvs/isaaclab-mosaic/lib/python3.10/site-packages/isaaclab/source/isaaclab/isaaclab/scene/interactive_scene.py", line 648, in _add_entities_from_cfg
    self._terrain = asset_cfg.class_type(asset_cfg)
  File "/root/.venvs/isaaclab-mosaic/lib/python3.10/site-packages/isaaclab/source/isaaclab/isaaclab/terrains/terrain_importer.py", line 103, in __init__
    self.import_ground_plane("terrain")
  File "/root/.venvs/isaaclab-mosaic/lib/python3.10/site-packages/isaaclab/source/isaaclab/isaaclab/terrains/terrain_importer.py", line 217, in import_ground_plane
    ground_plane_cfg.func(prim_path, ground_plane_cfg)
  File "/root/.venvs/isaaclab-mosaic/lib/python3.10/site-packages/isaaclab/source/isaaclab/isaaclab/sim/spawners/from_files/from_files.py", line 145, in spawn_ground_plane
    collision_prim_path = prim_utils.get_prim_path(
  File "/root/.venvs/isaaclab-mosaic/lib/python3.10/site-packages/isaacsim/exts/isaacsim.core.utils/isaacsim/core/utils/prims.py", line 611, in get_prim_path
    return prim.GetPath()
AttributeError: 'NoneType' object has no attribute 'GetPath'

Set the environment variable HYDRA_FULL_ERROR=1 for a complete stack trace.
2026-06-11 10:45:26 [58,875ms] [Warning] [omni.fabric.plugin] gFabricState->gUsdStageToSimStageWithHistoryMap had 1 outstanding SimStageWithHistory(s) at shutdown
2026-06-11 10:45:26 [59,037ms] [Warning] [carb] Recursive unloadAllPlugins() detected!
W0611 18:45:26.752000 1499252 torch/distributed/elastic/multiprocessing/api.py:897] Sending process 1499320 closing signal SIGTERM
2026-06-11 10:45:39 [71,977ms] [Warning] [omni.usd] Warning: in _ReportErrors at line 2890 of /builds/omniverse/usd-ci/USD/pxr/usd/usd/stage.cpp -- In </World/ground/terrain>: Could not open asset @http://omniverse-content-production.s3-us-west-2.amazonaws.com/Assets/Isaac/4.5/Isaac/Environments/Grid/default_environment.usd@ for reference introduced by @anon:0x563f39d93270:World0.usd@</World/ground/terrain>. (recomposing stage on stage @anon:0x563f39d93270:World0.usd@ <0x563f39d97db0>)

E0611 18:45:39.985000 1499252 torch/distributed/elastic/multiprocessing/api.py:869] failed (exitcode: 1) local_rank: 0 (pid: 1499319) of binary: /root/.venvs/isaaclab-mosaic/bin/python
Traceback (most recent call last):
  File "/root/.venvs/isaaclab-mosaic/bin/torchrun", line 6, in <module>
    sys.exit(main())
  File "/root/.venvs/isaaclab-mosaic/lib/python3.10/site-packages/torch/distributed/elastic/multiprocessing/errors/__init__.py", line 355, in wrapper
    return f(*args, **kwargs)
  File "/root/.venvs/isaaclab-mosaic/lib/python3.10/site-packages/torch/distributed/run.py", line 919, in main
    run(args)
  File "/root/.venvs/isaaclab-mosaic/lib/python3.10/site-packages/torch/distributed/run.py", line 910, in run
    elastic_launch(
  File "/root/.venvs/isaaclab-mosaic/lib/python3.10/site-packages/torch/distributed/launcher/api.py", line 138, in __call__
    return launch_agent(self._config, self._entrypoint, list(args))
  File "/root/.venvs/isaaclab-mosaic/lib/python3.10/site-packages/torch/distributed/launcher/api.py", line 269, in launch_agent
    raise ChildFailedError(
torch.distributed.elastic.multiprocessing.errors.ChildFailedError: 
============================================================
scripts/rsl_rl/train.py FAILED
------------------------------------------------------------
Failures:
  <NO_OTHER_FAILURES>
------------------------------------------------------------
Root Cause (first observed failure):
[0]:
  time      : 2026-06-11_18:45:26
  host      : job-1ce9e8b3-193b-44e7-beb3-9d6e1102bd47-master-0
  rank      : 0 (local_rank: 0)
  exitcode  : 1 (pid: 1499319)
  error_file: <N/A>
  traceback : To enable traceback see: https://pytorch.org/docs/stable/elastic/errors.html
============================================================
