[LAUNCH_HOST] job-1ce9e8b3-193b-44e7-beb3-9d6e1102bd47-master-0
[LAUNCH_TIME] Wed Jun  3 15:18:21 CST 2026
[LAUNCH_PWD] /root/Hitter/MOSAIC-main
[CUDA_VISIBLE_DEVICES] 0,1
[PYTHONPATH] /root/Hitter/MOSAIC-main/source/whole_body_tracking:
0, NVIDIA A100-SXM4-40GB, 0, 40960
1, NVIDIA A100-SXM4-40GB, 0, 40960
Traceback (most recent call last):
  File "<stdin>", line 1, in <module>
  File "/root/Hitter/MOSAIC-main/source/whole_body_tracking/whole_body_tracking/__init__.py", line 6, in <module>
    from .tasks import *
  File "/root/Hitter/MOSAIC-main/source/whole_body_tracking/whole_body_tracking/tasks/__init__.py", line 3, in <module>
    from isaaclab_tasks.utils import import_packages
  File "/root/.venvs/isaaclab-mosaic/lib/python3.10/site-packages/isaaclab/source/isaaclab_tasks/isaaclab_tasks/__init__.py", line 25, in <module>
    from .utils import import_packages
  File "/root/.venvs/isaaclab-mosaic/lib/python3.10/site-packages/isaaclab/source/isaaclab_tasks/isaaclab_tasks/utils/__init__.py", line 9, in <module>
    from .parse_cfg import get_checkpoint_path, load_cfg_from_registry, parse_env_cfg
  File "/root/.venvs/isaaclab-mosaic/lib/python3.10/site-packages/isaaclab/source/isaaclab_tasks/isaaclab_tasks/utils/parse_cfg.py", line 16, in <module>
    from isaaclab.envs import DirectRLEnvCfg, ManagerBasedRLEnvCfg
ModuleNotFoundError: No module named 'isaaclab.envs'
