RUN_DIR=logs/rsl_rl/hitter_striking_g1/2026-06-11_20-33-44_hitter_mix_aligned_backhand_strike43_m5000_to_std050_keepnoise_freezenorm_lr1e4_tensorboard_2xa100_env50000_20260611_203330
PORT=16090
LOG=/root/Hitter/MOSAIC-main/logs/tmux/hitter_std010_localusd_tensorboard_16090.log
TensorFlow installation not found - running with reduced feature set.

NOTE: Using experimental fast data loading logic. To disable, pass
    "--load_fast=false" and report issues on GitHub. More details:
    https://github.com/tensorflow/tensorboard/issues/4784

TensorBoard 2.20.0 at http://127.0.0.1:16090/ (Press CTRL+C to quit)
TensorFlow installation not found - running with reduced feature set.
usage: tensorboard [-h] [--helpfull] [--logdir PATH] [--logdir_spec PATH_SPEC]
                   [--host ADDR] [--bind_all] [--port PORT]
                   [--reuse_port BOOL] [--load_fast {false,auto,true}]
                   [--extra_data_server_flags EXTRA_DATA_SERVER_FLAGS]
                   [--grpc_creds_type {local,ssl,ssl_dev}]
                   [--grpc_data_provider PORT] [--purge_orphaned_data BOOL]
                   [--db URI] [--db_import] [--inspect] [--version_tb]
                   [--tag TAG] [--event_file PATH] [--path_prefix PATH]
                   [--window_title TEXT] [--max_reload_threads COUNT]
                   [--reload_interval SECONDS] [--reload_task TYPE]
                   [--reload_multifile BOOL]
                   [--reload_multifile_inactive_secs SECONDS]
                   [--generic_data TYPE]
                   [--samples_per_plugin SAMPLES_PER_PLUGIN]
                   [--detect_file_replacement BOOL]
                   {serve} ...
tensorboard: error: argument --logdir: expected one argument
TensorFlow installation not found - running with reduced feature set.

NOTE: Using experimental fast data loading logic. To disable, pass
    "--load_fast=false" and report issues on GitHub. More details:
    https://github.com/tensorflow/tensorboard/issues/4784

TensorBoard 2.20.0 at http://127.0.0.1:16090/ (Press CTRL+C to quit)
