render_session=hitter_model1300_render20_20260607_0001
checkpoint=/root/Hitter/MOSAIC-main/logs/rsl_rl/hitter_striking_g1/2026-06-06_12-29-09_hitter_userchanges_oldbaai_2xa100_env50000_20260606_122855/model_1300.pt
started_at=Sun Jun 7 15:06:32 CST 2026
[INFO][AppLauncher]: Using device: cuda:0
[INFO][AppLauncher]: Loading experience file: /root/.venvs/isaaclab-mosaic/lib/python3.10/site-packages/isaaclab/apps/isaaclab.python.headless.rendering.kit
[Warning] [simulation_app.simulation_app] Modules: ['omni.kit_app'] were loaded before SimulationApp was started and might not be loaded correctly.
[Warning] [simulation_app.simulation_app] Please check to make sure no extra omniverse or pxr modules are imported before the call to SimulationApp(...)
Loading user config located at: '/root/.venvs/isaaclab-mosaic/lib/python3.10/site-packages/omni/data/Kit/Isaac-Sim/4.5/user.config.json'
[Info] [carb] Logging to file: /root/.venvs/isaaclab-mosaic/lib/python3.10/site-packages/omni/logs/Kit/Isaac-Sim/4.5/kit_20260607_150632.log
2026-06-07 07:06:32 [0ms] [Warning] [omni.kit.app.plugin] No crash reporter present, dumps uploading isn't available.
2026-06-07 07:06:32 [14ms] [Warning] [omni.ext.plugin] [ext: rendering_modes] Extensions config 'extension.toml' doesn't exist '/root/.venvs/isaaclab-mosaic/lib/python3.10/site-packages/isaaclab/apps/rendering_modes' or '/root/.venvs/isaaclab-mosaic/lib/python3.10/site-packages/isaaclab/apps/rendering_modes/config'
2026-06-07 07:06:32 [371ms] [Warning] [omni.datastore] OmniHub is inaccessible
2026-06-07 07:06:32 [398ms] [Warning] [carb.windowing-glfw.plugin] GLFW initialization failed.
2026-06-07 07:06:32 [398ms] [Warning] [carb] Failed to startup plugin carb.windowing-glfw.plugin (interfaces: [carb::windowing::IGLContext v1.0],[carb::windowing::IWindowing v1.5]) (impl: carb.windowing-glfw.plugin)
2026-06-07 07:06:33 [524ms] [Warning] [omni.platforminfo.plugin] failed to open the default display.  Can't verify X Server version.
2026-06-07 07:06:33 [1,126ms] [Warning] [carb.windowing-glfw.plugin] GLFW initialization failed.
2026-06-07 07:06:33 [1,126ms] [Warning] [carb] Failed to startup plugin carb.windowing-glfw.plugin (interfaces: [carb::windowing::IGLContext v1.0],[carb::windowing::IWindowing v1.5]) (impl: carb.windowing-glfw.plugin)
2026-06-07 07:06:33 [1,126ms] [Error] [carb.glinterop.plugin] GLInteropContext::init: carb::windowing is not available

|---------------------------------------------------------------------------------------------|
| Driver Version: 535.161.08    | Graphics API: Vulkan
|=============================================================================================|
| GPU | Name                             | Active | LDA | GPU Memory | Vendor-ID | LUID       |
|     |                                  |        |     |            | Device-ID | UUID       |
|     |                                  |        |     |            | Bus-ID    |            |
|---------------------------------------------------------------------------------------------|
| 0   | NVIDIA A100-SXM4-40GB            | Yes: 0 |     | 40960   MB | 10de      | 0          |
|     |                                  |        |     |            | 20b0      | d7b2f38c.. |
|     |                                  |        |     |            | 7         |            |
|---------------------------------------------------------------------------------------------|
| 1   | NVIDIA A100-SXM4-40GB            |        |     | 40960   MB | 10de      | 0          |
|     |                                  |        |     |            | 20b0      | 2765dc13.. |
|     |                                  |        |     |            | f         |            |
|=============================================================================================|
| OS: 22.04.4 LTS (Jammy Jellyfish) ubuntu, Version: 22.04.4, Kernel: 5.15.0-1053-nvidia
| Processor: AMD EPYC 7742 64-Core Processor
| Bare Metal Cores: 128 | Bare Metal Logical Cores: 256
| Core Usage Quota: 45
|---------------------------------------------------------------------------------------------|
| Total Memory (MB): 184320 | Free Memory: 153146
| Total Page/Swap (MB): 0 | Free Page/Swap: 0
|---------------------------------------------------------------------------------------------|
2026-06-07 07:06:35 [2,622ms] [Warning] [gpu.foundation.plugin] ECC is enabled on physical device 0
2026-06-07 07:06:35 [2,624ms] [Warning] [gpu.foundation.plugin] IOMMU is enabled.
2026-06-07 07:06:35 [2,624ms] [Warning] [gpu.foundation.plugin] Detected IOMMU is enabled. Running CUDA peer-to-peer bandwidth and latency validation.
Unidirectional P2P=Enabled Bandwidth (P2P Writes) Matrix (GB/s)
   D\D     0      1 
     0 1275.02 262.14 
     1 277.56 1290.29 
P2P=Enabled Latency (P2P Writes) Matrix (us)
   GPU     0      1 
     0   2.48   3.31 
     1   3.48   3.12 

   CPU     0      1 
     0   3.55   2.89 
     1   2.87   3.31 
2026-06-07 07:06:36 [3,794ms] [Warning] [carb.windowing-glfw.plugin] GLFW initialization failed.
2026-06-07 07:06:36 [3,794ms] [Warning] [carb] Failed to startup plugin carb.windowing-glfw.plugin (interfaces: [carb::windowing::IGLContext v1.0],[carb::windowing::IWindowing v1.5]) (impl: carb.windowing-glfw.plugin)
2026-06-07 07:06:36 [3,815ms] [Warning] [carb.windowing-glfw.plugin] GLFW initialization failed.
2026-06-07 07:06:36 [3,815ms] [Warning] [carb] Failed to startup plugin carb.windowing-glfw.plugin (interfaces: [carb::windowing::IGLContext v1.0],[carb::windowing::IWindowing v1.5]) (impl: carb.windowing-glfw.plugin)
2026-06-07 07:06:36 [3,824ms] [Warning] [carb.windowing-glfw.plugin] GLFW initialization failed.
2026-06-07 07:06:36 [3,824ms] [Warning] [carb] Failed to startup plugin carb.windowing-glfw.plugin (interfaces: [carb::windowing::IGLContext v1.0],[carb::windowing::IWindowing v1.5]) (impl: carb.windowing-glfw.plugin)
2026-06-07 07:06:36 [3,843ms] [Warning] [carb.windowing-glfw.plugin] GLFW initialization failed.
2026-06-07 07:06:36 [3,843ms] [Warning] [carb] Failed to startup plugin carb.windowing-glfw.plugin (interfaces: [carb::windowing::IGLContext v1.0],[carb::windowing::IWindowing v1.5]) (impl: carb.windowing-glfw.plugin)
2026-06-07 07:06:36 [3,845ms] [Warning] [carb.windowing-glfw.plugin] GLFW initialization failed.
2026-06-07 07:06:36 [3,845ms] [Warning] [carb] Failed to startup plugin carb.windowing-glfw.plugin (interfaces: [carb::windowing::IGLContext v1.0],[carb::windowing::IWindowing v1.5]) (impl: carb.windowing-glfw.plugin)
2026-06-07 07:06:36 [3,845ms] [Warning] [carb.windowing-glfw.plugin] GLFW initialization failed.
2026-06-07 07:06:36 [3,845ms] [Warning] [carb] Failed to startup plugin carb.windowing-glfw.plugin (interfaces: [carb::windowing::IGLContext v1.0],[carb::windowing::IWindowing v1.5]) (impl: carb.windowing-glfw.plugin)
2026-06-07 07:06:36 [4,326ms] [Warning] [omni.log] Source: omni.hydra was already registered.
2026-06-07 07:06:36 [4,356ms] [Warning] [omni.isaac.dynamic_control] omni.isaac.dynamic_control is deprecated as of Isaac Sim 4.5. No action is needed from end-users.
2026-06-07 07:06:39 [7,047ms] [Warning] [omni.replicator.core.scripts.extension] No material configuration file, adding configuration to material settings directly.
2026-06-07 07:06:42 [9,828ms] [Warning] [omni.usd-abi.plugin] No setting was found for '/rtx-defaults/ambientOcclusion/enabled'
2026-06-07 07:06:42 [9,829ms] [Warning] [omni.usd-abi.plugin] No setting was found for '/rtx-defaults/directLighting/sampledLighting/enabled'
2026-06-07 07:06:42 [9,829ms] [Warning] [omni.usd-abi.plugin] No setting was found for '/rtx-defaults/indirectDiffuse/enabled'
2026-06-07 07:06:42 [9,829ms] [Warning] [omni.usd-abi.plugin] No setting was found for '/rtx-defaults/raytracing/cached/enabled'
2026-06-07 07:06:42 [9,829ms] [Warning] [omni.usd-abi.plugin] No setting was found for '/rtx-defaults/reflections/enabled'
2026-06-07 07:06:42 [9,829ms] [Warning] [omni.usd-abi.plugin] No setting was found for '/rtx-defaults/sceneDb/ambientLightIntensity'
2026-06-07 07:06:42 [9,829ms] [Warning] [omni.usd-abi.plugin] No setting was found for '/rtx-defaults/translucency/enabled'
2026-06-07 07:06:42 [9,829ms] [Warning] [omni.usd-abi.plugin] No setting was found for '/rtx-defaults/viewTile/limit'
2026-06-07 07:06:42 [10,009ms] [Warning] [rtx.neuraylib.plugin] [IRAY:RENDER]   1.1   IRAY   rend warn : CUDA device 0 (NVIDIA A100-SXM4-40GB): ECC is enabled, this will reduce rendering performance (it is strongly recommended to disable ECC with iray)
2026-06-07 07:06:42 [10,011ms] [Warning] [rtx.neuraylib.plugin] [IRAY:RENDER]   1.1   IRAY   rend warn : CUDA device 1 (NVIDIA A100-SXM4-40GB): ECC is enabled, this will reduce rendering performance (it is strongly recommended to disable ECC with iray)
2026-06-07 07:06:42 [10,033ms] [Warning] [rtx.scenedb.plugin] SceneDbContext : TLAS limit buffer size 6998088704
2026-06-07 07:06:42 [10,033ms] [Warning] [rtx.scenedb.plugin] SceneDbContext : TLAS limit : valid false, within: false
2026-06-07 07:06:42 [10,033ms] [Warning] [rtx.scenedb.plugin] SceneDbContext : TLAS limit : decrement: 167690, decrement size: 6928108032
2026-06-07 07:06:42 [10,033ms] [Warning] [rtx.scenedb.plugin] SceneDbContext : New limit 10281689 (slope: 417, intercept: 5405696)
2026-06-07 07:06:42 [10,033ms] [Warning] [rtx.scenedb.plugin] SceneDbContext : TLAS limit buffer size 4290779520
2026-06-07 07:06:42 [10,033ms] [Warning] [rtx.scenedb.plugin] SceneDbContext : TLAS limit : valid true, within: true
2026-06-07 07:07:21 [49,010ms] [Warning] [omni.usd-abi.plugin] No setting was found for '/rtx-defaults/directLighting/sampledLighting/samplesPerPixel'
2026-06-07 07:07:21 [49,010ms] [Warning] [omni.usd-abi.plugin] No setting was found for '/rtx-defaults/pathtracing/maxSamplesPerLaunch'
2026-06-07 07:07:21 [49,010ms] [Warning] [omni.usd-abi.plugin] No setting was found for '/rtx-defaults-transient/meshlights/forceDisable'
2026-06-07 07:07:21 [49,087ms] [Warning] [omni.usd-abi.plugin] No setting was found for '/rtx-defaults/post/dlss/execMode'
2026-06-07 07:07:24 [52,139ms] [Warning] [rtx.postprocessing.plugin] DLSS-RR is not supported in the current build due to some known bugs with this GPU: NVIDIA A100-SXM4-40GB.Note that RTX Real-Time raytracing mode will not be able to denoise the output correctly.
[INFO]: Parsing configuration from: <class 'whole_body_tracking.tasks.hitter.config.g1.flat_env_cfg.G1HitterStrikingPlannerDomainFlatEnvCfg'>
[INFO]: Parsing configuration from: whole_body_tracking.tasks.hitter.config.g1.agents.rsl_rl_ppo_cfg:G1HitterStrikingPlannerDomainPPORunnerCfg
[INFO]: Parsing configuration from: whole_body_tracking.tasks.hitter.config.g1.agents.rsl_rl_ppo_cfg:G1HitterStrikingPlannerDomainPPORunnerCfg
[CLI] Simplified resume from CLI: /root/Hitter/MOSAIC-main/logs/rsl_rl/hitter_striking_g1/2026-06-06_12-29-09_hitter_userchanges_oldbaai_2xa100_env50000_20260606_122855/model_1300.pt
[CLI]   - load_run: 2026-06-06_12-29-09_hitter_userchanges_oldbaai_2xa100_env50000_20260606_122855
[CLI]   - checkpoint: model_1300.pt
[INFO] Loading experiment from directory: /root/Hitter/MOSAIC-main/logs/rsl_rl/hitter_striking_g1
[INFO]: Loading model checkpoint from: /root/Hitter/MOSAIC-main/logs/rsl_rl/hitter_striking_g1/2026-06-06_12-29-09_hitter_userchanges_oldbaai_2xa100_env50000_20260606_122855/model_1300.pt
[INFO]: Using motion directory or file from CLI: data/hitter_motions/iphone_manual_hitter_g1_npz_strike43_clean
[INFO]: Forcing motion playback to start from frame 10.
[INFO]: Raised motion_dataset_load_cap to 2 so every motion group is available during playback.
[INFO]: Zeroed motion randomization ranges for evaluation.
[INFO]: Disabled observation corruption/noise for evaluation.
[INFO]: Disabled event terms for evaluation.
[INFO]: Disabling timeout termination for playback run.
2026-06-07 07:07:27 [55,345ms] [Warning] [isaaclab.envs.manager_based_env] Seed not set for the environment. The environment creation may not be deterministic.
[INFO]: Base environment:
	Environment device    : cuda:0
	Environment seed      : None
	Physics step-size     : 0.005
	Rendering step-size   : 0.02
	Environment step-size : 0.02
2026-06-07 07:07:29 [56,512ms] [Warning] [isaaclab.terrains.terrain_importer] Visual material specified for ground plane but no diffuse color found. Using default color: (0.0, 0.0, 0.0)
