command=SWANLAB_MODE=cloud SWANLAB_TAGS=connector,m10699,skipopt,lr3e4,env56000 HITTER_RACKET_POS_REWARD_WEIGHT=120 HITTER_RACKET_VEL_REWARD_WEIGHT=120 PYTHONPATH=/root/Hitter/MOSAIC-main/source/whole_body_tracking /root/.venvs/isaaclab-mosaic/bin/torchrun --standalone --nnodes=1 --nproc_per_node=2 scripts/rsl_rl/train.py --task=Hitter-Striking-PlannerDomain-Flat-G1-v0 --motion=data/hitter_motions/iphone_manual_hitter_g1_npz_strike43_clean --num_envs=56000 --max_iterations=10000 --run_name=hitter_connector_m10699_skipopt_lr3e4_2xa100_env56000_20260617_004844 --logger=swanlab --log_project_name=hitter_striking_g1 --save_interval=100 --resume_student_checkpoint=/root/Hitter/MOSAIC-main/logs/rsl_rl/hitter_striking_g1/2026-06-16_17-08-12_hitter_wbc_m7700_fullrange_skipopt_lr3e4_swanlab_2xa100_env50000_20260616_170756/model_10699.pt --resume_skip_optimizer --headless agent.reset_noise_std_on_resume=False agent.freeze_normalizer_on_resume=False agent.algorithm.learning_rate=3.0e-4 agent.algorithm.schedule=fixed
W0617 00:48:45.469000 1819633 torch/distributed/run.py:793] 
W0617 00:48:45.469000 1819633 torch/distributed/run.py:793] *****************************************
W0617 00:48:45.469000 1819633 torch/distributed/run.py:793] Setting OMP_NUM_THREADS environment variable for each process to be 1 in default, to avoid your system being overloaded, please further tune the variable for optimal performance in your application as needed. 
W0617 00:48:45.469000 1819633 torch/distributed/run.py:793] *****************************************
[INFO][AppLauncher]: Using device: cuda:1
[INFO][AppLauncher]: Loading experience file: /root/.venvs/isaaclab-mosaic/lib/python3.10/site-packages/isaaclab/apps/isaaclab.python.headless.kit
[INFO][AppLauncher]: Using device: cuda:0
[INFO][AppLauncher]: Loading experience file: /root/.venvs/isaaclab-mosaic/lib/python3.10/site-packages/isaaclab/apps/isaaclab.python.headless.kit
[Warning] [simulation_app.simulation_app] Modules: ['omni.kit_app'] were loaded before SimulationApp was started and might not be loaded correctly.
[Warning] [simulation_app.simulation_app] Please check to make sure no extra omniverse or pxr modules are imported before the call to SimulationApp(...)
[Warning] [simulation_app.simulation_app] Modules: ['omni.kit_app'] were loaded before SimulationApp was started and might not be loaded correctly.
[Warning] [simulation_app.simulation_app] Please check to make sure no extra omniverse or pxr modules are imported before the call to SimulationApp(...)
Loading user config located at: '/root/.venvs/isaaclab-mosaic/lib/python3.10/site-packages/omni/data/Kit/Isaac-Sim/4.5/user.config.json'
Loading user config located at: '/root/.venvs/isaaclab-mosaic/lib/python3.10/site-packages/omni/data/Kit/Isaac-Sim/4.5/user.config.json'
[Info] [carb] Logging to file: /root/.venvs/isaaclab-mosaic/lib/python3.10/site-packages/omni/logs/Kit/Isaac-Sim/4.5/kit_20260617_004845.log
[Info] [carb] Logging to file: /root/.venvs/isaaclab-mosaic/lib/python3.10/site-packages/omni/logs/Kit/Isaac-Sim/4.5/kit_20260617_004845.log
2026-06-16 16:48:45 [0ms] [Warning] [omni.kit.app.plugin] No crash reporter present, dumps uploading isn't available.
2026-06-16 16:48:45 [0ms] [Warning] [omni.kit.app.plugin] No crash reporter present, dumps uploading isn't available.
2026-06-16 16:48:45 [35ms] [Warning] [omni.ext.plugin] [ext: rendering_modes] Extensions config 'extension.toml' doesn't exist '/root/.venvs/isaaclab-mosaic/lib/python3.10/site-packages/isaaclab/apps/rendering_modes' or '/root/.venvs/isaaclab-mosaic/lib/python3.10/site-packages/isaaclab/apps/rendering_modes/config'
2026-06-16 16:48:45 [35ms] [Warning] [omni.ext.plugin] [ext: rendering_modes] Extensions config 'extension.toml' doesn't exist '/root/.venvs/isaaclab-mosaic/lib/python3.10/site-packages/isaaclab/apps/rendering_modes' or '/root/.venvs/isaaclab-mosaic/lib/python3.10/site-packages/isaaclab/apps/rendering_modes/config'
2026-06-16 16:48:46 [284ms] [Warning] [omni.usd_config.extension] Enable omni.materialx.libs extension to use MaterialX
2026-06-16 16:48:46 [313ms] [Warning] [omni.usd_config.extension] Enable omni.materialx.libs extension to use MaterialX
2026-06-16 16:48:46 [563ms] [Warning] [omni.platforminfo.plugin] failed to open the default display.  Can't verify X Server version.
2026-06-16 16:48:46 [597ms] [Warning] [omni.platforminfo.plugin] failed to open the default display.  Can't verify X Server version.
2026-06-16 16:48:46 [789ms] [Warning] [omni.datastore] OmniHub is inaccessible
2026-06-16 16:48:46 [808ms] [Warning] [omni.datastore] OmniHub is inaccessible
2026-06-16 16:48:46 [978ms] [Warning] [omni.isaac.dynamic_control] omni.isaac.dynamic_control is deprecated as of Isaac Sim 4.5. No action is needed from end-users.
2026-06-16 16:48:46 [1,005ms] [Warning] [omni.isaac.dynamic_control] omni.isaac.dynamic_control is deprecated as of Isaac Sim 4.5. No action is needed from end-users.

|---------------------------------------------------------------------------------------------|
| Driver Version: 535.161.08    | Graphics API: Vulkan
|=============================================================================================|
| GPU | Name                             | Active | LDA | GPU Memory | Vendor-ID | LUID       |
|     |                                  |        |     |            | Device-ID | UUID       |
|     |                                  |        |     |            | Bus-ID    |            |
|---------------------------------------------------------------------------------------------|
| 0   | NVIDIA A100-SXM4-40GB            | Yes: 0 |     | 40960   MB | 10de      | 0          |
|     |                                  |        |     |            | 20b0      | d7b2f38c.. |
|     |                                  |        |     |            | 7         |            |
|---------------------------------------------------------------------------------------------|
| 1   | NVIDIA A100-SXM4-40GB            |        |     | 40960   MB | 10de      | 0          |
|     |                                  |        |     |            | 20b0      | 2765dc13.. |
|     |                                  |        |     |            | f         |            |
|=============================================================================================|
| OS: 22.04.4 LTS (Jammy Jellyfish) ubuntu, Version: 22.04.4, Kernel: 5.15.0-1053-nvidia
| Processor: AMD EPYC 7742 64-Core Processor
| Bare Metal Cores: 128 | Bare Metal Logical Cores: 256
| Core Usage Quota: 45
|---------------------------------------------------------------------------------------------|
| Total Memory (MB): 184320 | Free Memory: 165427
| Total Page/Swap (MB): 0 | Free Page/Swap: 0
|---------------------------------------------------------------------------------------------|

|---------------------------------------------------------------------------------------------|
| Driver Version: 535.161.08    | Graphics API: Vulkan
|=============================================================================================|
| GPU | Name                             | Active | LDA | GPU Memory | Vendor-ID | LUID       |
|     |                                  |        |     |            | Device-ID | UUID       |
|     |                                  |        |     |            | Bus-ID    |            |
|---------------------------------------------------------------------------------------------|
| 0   | NVIDIA A100-SXM4-40GB            |        |     | 40960   MB | 10de      | 0          |
|     |                                  |        |     |            | 20b0      | d7b2f38c.. |
|     |                                  |        |     |            | 7         |            |
|---------------------------------------------------------------------------------------------|
| 1   | NVIDIA A100-SXM4-40GB            | Yes: 0 |     | 40960   MB | 10de      | 0          |
|     |                                  |        |     |            | 20b0      | 2765dc13.. |
|     |                                  |        |     |            | f         |            |
|=============================================================================================|
| OS: 22.04.4 LTS (Jammy Jellyfish) ubuntu, Version: 22.04.4, Kernel: 5.15.0-1053-nvidia
| Processor: AMD EPYC 7742 64-Core Processor
| Bare Metal Cores: 128 | Bare Metal Logical Cores: 256
| Core Usage Quota: 45
|---------------------------------------------------------------------------------------------|
| Total Memory (MB): 184320 | Free Memory: 165427
| Total Page/Swap (MB): 0 | Free Page/Swap: 0
|---------------------------------------------------------------------------------------------|
2026-06-16 16:48:54 [9,080ms] [Warning] [gpu.foundation.plugin] ECC is enabled on physical device 0
2026-06-16 16:48:54 [9,080ms] [Warning] [gpu.foundation.plugin] ECC is enabled on physical device 1
2026-06-16 16:48:54 [9,082ms] [Warning] [gpu.foundation.plugin] IOMMU is enabled.
2026-06-16 16:48:54 [9,082ms] [Warning] [gpu.foundation.plugin] Detected IOMMU is enabled. Running CUDA peer-to-peer bandwidth and latency validation.
Cuda failure ../../../source/plugins/carb.cudainterop/p2pBandwidthLatencyTest/p2pBandwidthLatencyTest.cu:681: 'peer access is already enabled'
2026-06-16 16:48:54 [9,082ms] [Warning] [gpu.foundation.plugin] IOMMU is enabled.
2026-06-16 16:48:54 [9,082ms] [Warning] [gpu.foundation.plugin] Detected IOMMU is enabled. Running CUDA peer-to-peer bandwidth and latency validation.
Cuda failure ../../../source/plugins/carb.cudainterop/p2pBandwidthLatencyTest/p2pBandwidthLatencyTest.cu:681: 'peer access is already enabled'
2026-06-16 16:48:54 [9,116ms] [Warning] [omni.kvdb.plugin] Disabling key-value database because another kit process is locking it
[INFO]: Parsing configuration from: <class 'whole_body_tracking.tasks.hitter.config.g1.flat_env_cfg.G1HitterStrikingPlannerDomainFlatEnvCfg'>
[INFO]: Parsing configuration from: whole_body_tracking.tasks.hitter.config.g1.agents.rsl_rl_ppo_cfg:G1HitterStrikingPlannerDomainPPORunnerCfg
[INFO]: Parsing configuration from: <class 'whole_body_tracking.tasks.hitter.config.g1.flat_env_cfg.G1HitterStrikingPlannerDomainFlatEnvCfg'>
[INFO]: Parsing configuration from: whole_body_tracking.tasks.hitter.config.g1.agents.rsl_rl_ppo_cfg:G1HitterStrikingPlannerDomainPPORunnerCfg
[CLI] Simplified resume from CLI: /root/Hitter/MOSAIC-main/logs/rsl_rl/hitter_striking_g1/2026-06-16_17-08-12_hitter_wbc_m7700_fullrange_skipopt_lr3e4_swanlab_2xa100_env50000_20260616_170756/model_10699.pt
[CLI]   - load_run: 2026-06-16_17-08-12_hitter_wbc_m7700_fullrange_skipopt_lr3e4_swanlab_2xa100_env50000_20260616_170756
[CLI]   - checkpoint: model_10699.pt
[CLI] Simplified resume from CLI: /root/Hitter/MOSAIC-main/logs/rsl_rl/hitter_striking_g1/2026-06-16_17-08-12_hitter_wbc_m7700_fullrange_skipopt_lr3e4_swanlab_2xa100_env50000_20260616_170756/model_10699.pt
[CLI]   - load_run: 2026-06-16_17-08-12_hitter_wbc_m7700_fullrange_skipopt_lr3e4_swanlab_2xa100_env50000_20260616_170756
[CLI]   - checkpoint: model_10699.pt
[INFO] Distributed seeding: base_seed=42, rank=0, env_seed=42 (stride=1000)
[INFO] Logging experiment in directory: /root/Hitter/MOSAIC-main/logs/rsl_rl/hitter_striking_g1
Setting seed: 42
[INFO] Distributed seeding: base_seed=42, rank=1, env_seed=1042 (stride=1000)
[INFO] Logging experiment in directory: /root/Hitter/MOSAIC-main/logs/rsl_rl/hitter_striking_g1
Setting seed: 1042
[INFO]: Base environment:
	Environment device    : cuda:1
	Environment seed      : 1042
	Physics step-size     : 0.005
	Rendering step-size   : 0.02
	Environment step-size : 0.02
[INFO]: Base environment:
	Environment device    : cuda:0
	Environment seed      : 42
	Physics step-size     : 0.005
	Rendering step-size   : 0.02
	Environment step-size : 0.02
[INFO]: Time taken for scene creation : 54.342842 seconds
[INFO]: Scene manager:  <class InteractiveScene>
	Number of environments: 56000
	Environment spacing   : 2.5
	Source prim name      : /World/envs/env_0
	Global prim paths     : ['/World/ground']
	Replicate physics     : True
[INFO]: Starting the simulation. This may take a few seconds. Please wait...
[INFO]: Time taken for scene creation : 56.352462 seconds
[INFO]: Scene manager:  <class InteractiveScene>
	Number of environments: 56000
	Environment spacing   : 2.5
	Source prim name      : /World/envs/env_0
	Global prim paths     : ['/World/ground']
	Replicate physics     : True
[INFO]: Starting the simulation. This may take a few seconds. Please wait...
[INFO]: Time taken for simulation start : 211.199909 seconds
2026-06-16 16:53:25 [280,027ms] [Warning] [carb.windowing-glfw.plugin] GLFW initialization failed.
2026-06-16 16:53:25 [280,027ms] [Warning] [carb] Failed to startup plugin carb.windowing-glfw.plugin (interfaces: [carb::windowing::IGLContext v1.0],[carb::windowing::IWindowing v1.5]) (impl: carb.windowing-glfw.plugin)
2026-06-16 16:53:25 [280,031ms] [Error] [gpu.foundation.plugin] DriverShaderCacheManager::init() called without a shutdown()!

|---------------------------------------------------------------------------------------------|
| Driver Version: 535.161.08    | Graphics API: Vulkan
|=============================================================================================|
| GPU | Name                             | Active | LDA | GPU Memory | Vendor-ID | LUID       |
|     |                                  |        |     |            | Device-ID | UUID       |
|     |                                  |        |     |            | Bus-ID    |            |
|---------------------------------------------------------------------------------------------|
| 0   | NVIDIA A100-SXM4-40GB            |        |     | 40960   MB | 10de      | 0          |
|     |                                  |        |     |            | 20b0      | d7b2f38c.. |
|     |                                  |        |     |            | 7         |            |
|---------------------------------------------------------------------------------------------|
| 1   | NVIDIA A100-SXM4-40GB            | Yes: 0 |     | 40960   MB | 10de      | 0          |
|     |                                  |        |     |            | 20b0      | 2765dc13.. |
|     |                                  |        |     |            | f         |            |
|=============================================================================================|
| OS: 22.04.4 LTS (Jammy Jellyfish) ubuntu, Version: 22.04.4, Kernel: 5.15.0-1053-nvidia
| Processor: AMD EPYC 7742 64-Core Processor
| Bare Metal Cores: 128 | Bare Metal Logical Cores: 256
| Core Usage Quota: 45
|---------------------------------------------------------------------------------------------|
| Total Memory (MB): 184320 | Free Memory: 106451
| Total Page/Swap (MB): 0 | Free Page/Swap: 0
|---------------------------------------------------------------------------------------------|
2026-06-16 16:53:27 [281,478ms] [Warning] [gpu.foundation.plugin] ECC is enabled on physical device 1
Unidirectional P2P=Enabled Bandwidth (P2P Writes) Matrix (GB/s)
   D\D     0      1 
     0 1267.43  16.32 
     1  14.16 1288.93 
P2P=Enabled Latency (P2P Writes) Matrix (us)
   GPU     0      1 
     0   3.11  86.13 
     1  24.50   2.73 

   CPU     0      1 
     0   3.17   9.45 
     1   9.53   3.35 
2026-06-16 16:53:27 [281,629ms] [Warning] [gpu.foundation.plugin] CUDA peer-to-peer observed bandwidth: 14.2 GB/s.
2026-06-16 16:53:27 [281,629ms] [Warning] [gpu.foundation.plugin] CUDA peer-to-peer observed latency: 86.1 us.
2026-06-16 16:53:27 [281,629ms] [Warning] [gpu.foundation.plugin] Please verify if observed bandwidth and latency are expected.
2026-06-16 16:53:27 [281,630ms] [Warning] [gpu.foundation.plugin] IOMMU is enabled.
2026-06-16 16:53:27 [281,630ms] [Warning] [gpu.foundation.plugin] Detected IOMMU is enabled. Running CUDA peer-to-peer bandwidth and latency validation.
Unidirectional P2P=Enabled Bandwidth (P2P Writes) Matrix (GB/s)
   D\D     0      1 
     0 1285.05  15.77 
     1  14.30 1291.59 
P2P=Enabled Latency (P2P Writes) Matrix (us)
   GPU     0      1 
     0   2.40  84.15 
     1  20.34   2.63 

   CPU     0      1 
     0   3.10   9.41 
     1   9.67   3.34 
2026-06-16 16:53:27 [281,773ms] [Warning] [gpu.foundation.plugin] CUDA peer-to-peer observed bandwidth: 14.3 GB/s.
2026-06-16 16:53:27 [281,773ms] [Warning] [gpu.foundation.plugin] CUDA peer-to-peer observed latency: 84.1 us.
2026-06-16 16:53:27 [281,773ms] [Warning] [gpu.foundation.plugin] Please verify if observed bandwidth and latency are expected.
[INFO]: Time taken for simulation start : 215.433833 seconds
2026-06-16 16:53:28 [282,244ms] [Warning] [carb.windowing-glfw.plugin] GLFW initialization failed.
2026-06-16 16:53:28 [282,244ms] [Warning] [carb] Failed to startup plugin carb.windowing-glfw.plugin (interfaces: [carb::windowing::IGLContext v1.0],[carb::windowing::IWindowing v1.5]) (impl: carb.windowing-glfw.plugin)
2026-06-16 16:53:28 [282,249ms] [Error] [gpu.foundation.plugin] DriverShaderCacheManager::init() called without a shutdown()!
2026-06-16 16:53:28 [282,373ms] [Warning] [carb.windowing-glfw.plugin] GLFW initialization failed.
2026-06-16 16:53:28 [282,373ms] [Warning] [carb] Failed to startup plugin carb.windowing-glfw.plugin (interfaces: [carb::windowing::IGLContext v1.0],[carb::windowing::IWindowing v1.5]) (impl: carb.windowing-glfw.plugin)
2026-06-16 16:53:28 [282,412ms] [Warning] [carb.windowing-glfw.plugin] GLFW initialization failed.
2026-06-16 16:53:28 [282,412ms] [Warning] [carb] Failed to startup plugin carb.windowing-glfw.plugin (interfaces: [carb::windowing::IGLContext v1.0],[carb::windowing::IWindowing v1.5]) (impl: carb.windowing-glfw.plugin)
2026-06-16 16:53:28 [282,422ms] [Warning] [carb.windowing-glfw.plugin] GLFW initialization failed.
2026-06-16 16:53:28 [282,422ms] [Warning] [carb] Failed to startup plugin carb.windowing-glfw.plugin (interfaces: [carb::windowing::IGLContext v1.0],[carb::windowing::IWindowing v1.5]) (impl: carb.windowing-glfw.plugin)
2026-06-16 16:53:28 [282,436ms] [Warning] [carb.windowing-glfw.plugin] GLFW initialization failed.
2026-06-16 16:53:28 [282,436ms] [Warning] [carb] Failed to startup plugin carb.windowing-glfw.plugin (interfaces: [carb::windowing::IGLContext v1.0],[carb::windowing::IWindowing v1.5]) (impl: carb.windowing-glfw.plugin)
2026-06-16 16:53:28 [282,438ms] [Warning] [carb.windowing-glfw.plugin] GLFW initialization failed.
2026-06-16 16:53:28 [282,438ms] [Warning] [carb] Failed to startup plugin carb.windowing-glfw.plugin (interfaces: [carb::windowing::IGLContext v1.0],[carb::windowing::IWindowing v1.5]) (impl: carb.windowing-glfw.plugin)
2026-06-16 16:53:28 [282,440ms] [Warning] [carb.windowing-glfw.plugin] GLFW initialization failed.
2026-06-16 16:53:28 [282,440ms] [Warning] [carb] Failed to startup plugin carb.windowing-glfw.plugin (interfaces: [carb::windowing::IGLContext v1.0],[carb::windowing::IWindowing v1.5]) (impl: carb.windowing-glfw.plugin)
2026-06-16 16:53:29 [283,367ms] [Warning] [omni.graph.visualization.nodes._impl.extension] No Viewport Window to add omni.graph.visualization.nodes-2.1.1 scene to

|---------------------------------------------------------------------------------------------|
| Driver Version: 535.161.08    | Graphics API: Vulkan
|=============================================================================================|
| GPU | Name                             | Active | LDA | GPU Memory | Vendor-ID | LUID       |
|     |                                  |        |     |            | Device-ID | UUID       |
|     |                                  |        |     |            | Bus-ID    |            |
|---------------------------------------------------------------------------------------------|
| 0   | NVIDIA A100-SXM4-40GB            | Yes: 0 |     | 40960   MB | 10de      | 0          |
|     |                                  |        |     |            | 20b0      | d7b2f38c.. |
|     |                                  |        |     |            | 7         |            |
|---------------------------------------------------------------------------------------------|
| 1   | NVIDIA A100-SXM4-40GB            |        |     | 40960   MB | 10de      | 0          |
|     |                                  |        |     |            | 20b0      | 2765dc13.. |
|     |                                  |        |     |            | f         |            |
|=============================================================================================|
| OS: 22.04.4 LTS (Jammy Jellyfish) ubuntu, Version: 22.04.4, Kernel: 5.15.0-1053-nvidia
| Processor: AMD EPYC 7742 64-Core Processor
| Bare Metal Cores: 128 | Bare Metal Logical Cores: 256
| Core Usage Quota: 45
|---------------------------------------------------------------------------------------------|
| Total Memory (MB): 184320 | Free Memory: 106347
| Total Page/Swap (MB): 0 | Free Page/Swap: 0
|---------------------------------------------------------------------------------------------|
2026-06-16 16:53:29 [283,697ms] [Warning] [gpu.foundation.plugin] ECC is enabled on physical device 0
Unidirectional P2P=Enabled Bandwidth (P2P Writes) Matrix (GB/s)
   D\D     0      1 
     0 1280.84  15.14 
     1  17.50 1276.98 
P2P=Enabled Latency (P2P Writes) Matrix (us)
   GPU     0      1 
     0   2.40  84.16 
     1  23.64   2.82 

   CPU     0      1 
     0   3.00   8.03 
     1   7.83   2.82 
2026-06-16 16:53:29 [283,836ms] [Warning] [gpu.foundation.plugin] CUDA peer-to-peer observed bandwidth: 15.1 GB/s.
2026-06-16 16:53:29 [283,836ms] [Warning] [gpu.foundation.plugin] CUDA peer-to-peer observed latency: 84.2 us.
2026-06-16 16:53:29 [283,836ms] [Warning] [gpu.foundation.plugin] Please verify if observed bandwidth and latency are expected.
2026-06-16 16:53:29 [283,837ms] [Warning] [gpu.foundation.plugin] IOMMU is enabled.
2026-06-16 16:53:29 [283,837ms] [Warning] [gpu.foundation.plugin] Detected IOMMU is enabled. Running CUDA peer-to-peer bandwidth and latency validation.
Unidirectional P2P=Enabled Bandwidth (P2P Writes) Matrix (GB/s)
   D\D     0      1 
     0 1289.16  15.95 
     1  15.76 1289.03 
P2P=Enabled Latency (P2P Writes) Matrix (us)
2026-06-16 16:53:29 [283,958ms] [Warning] [omni.usd] Warning: in GetNodeDiscoveryResults at line 136 of /builds/omniverse/usd-ci/USD/pxr/usd/usdShade/shaderDefUtils.cpp -- Unable to resolve info:sourceAsset </UsdPreviewSurface.info:mdl:sourceAsset> with value @UsdPreviewSurface.mdl@.

2026-06-16 16:53:29 [283,958ms] [Warning] [omni.usd] Warning: in GetNodeDiscoveryResults at line 136 of /builds/omniverse/usd-ci/USD/pxr/usd/usdShade/shaderDefUtils.cpp -- Unable to resolve info:sourceAsset </UsdUVTexture.info:mdl:sourceAsset> with value @UsdPreviewSurface.mdl@.

2026-06-16 16:53:29 [283,959ms] [Warning] [omni.usd] Warning: in GetNodeDiscoveryResults at line 136 of /builds/omniverse/usd-ci/USD/pxr/usd/usdShade/shaderDefUtils.cpp -- Unable to resolve info:sourceAsset </UsdPrimvarReader_float.info:mdl:sourceAsset> with value @UsdPreviewSurface.mdl@.

2026-06-16 16:53:29 [283,959ms] [Warning] [omni.usd] Warning: in GetNodeDiscoveryResults at line 136 of /builds/omniverse/usd-ci/USD/pxr/usd/usdShade/shaderDefUtils.cpp -- Unable to resolve info:sourceAsset </UsdPrimvarReader_float2.info:mdl:sourceAsset> with value @UsdPreviewSurface.mdl@.

2026-06-16 16:53:29 [283,959ms] [Warning] [omni.usd] Warning: in GetNodeDiscoveryResults at line 136 of /builds/omniverse/usd-ci/USD/pxr/usd/usdShade/shaderDefUtils.cpp -- Unable to resolve info:sourceAsset </UsdPrimvarReader_float3.info:mdl:sourceAsset> with value @UsdPreviewSurface.mdl@.

2026-06-16 16:53:29 [283,959ms] [Warning] [omni.usd] Warning: in GetNodeDiscoveryResults at line 136 of /builds/omniverse/usd-ci/USD/pxr/usd/usdShade/shaderDefUtils.cpp -- Unable to resolve info:sourceAsset </UsdPrimvarReader_float4.info:mdl:sourceAsset> with value @UsdPreviewSurface.mdl@.

2026-06-16 16:53:29 [283,959ms] [Warning] [omni.usd] Warning: in GetNodeDiscoveryResults at line 136 of /builds/omniverse/usd-ci/USD/pxr/usd/usdShade/shaderDefUtils.cpp -- Unable to resolve info:sourceAsset </UsdPrimvarReader_int.info:mdl:sourceAsset> with value @UsdPreviewSurface.mdl@.

2026-06-16 16:53:29 [283,959ms] [Warning] [omni.usd] Warning: in GetNodeDiscoveryResults at line 136 of /builds/omniverse/usd-ci/USD/pxr/usd/usdShade/shaderDefUtils.cpp -- Unable to resolve info:sourceAsset </UsdPrimvarReader_string.info:mdl:sourceAsset> with value @UsdPreviewSurface.mdl@.

2026-06-16 16:53:29 [283,960ms] [Warning] [omni.usd] Warning: in GetNodeDiscoveryResults at line 136 of /builds/omniverse/usd-ci/USD/pxr/usd/usdShade/shaderDefUtils.cpp -- Unable to resolve info:sourceAsset </UsdPrimvarReader_normal.info:mdl:sourceAsset> with value @UsdPreviewSurface.mdl@.

2026-06-16 16:53:29 [283,960ms] [Warning] [omni.usd] Warning: in GetNodeDiscoveryResults at line 136 of /builds/omniverse/usd-ci/USD/pxr/usd/usdShade/shaderDefUtils.cpp -- Unable to resolve info:sourceAsset </UsdPrimvarReader_point.info:mdl:sourceAsset> with value @UsdPreviewSurface.mdl@.

2026-06-16 16:53:29 [283,960ms] [Warning] [omni.usd] Warning: in GetNodeDiscoveryResults at line 136 of /builds/omniverse/usd-ci/USD/pxr/usd/usdShade/shaderDefUtils.cpp -- Unable to resolve info:sourceAsset </UsdPrimvarReader_vector.info:mdl:sourceAsset> with value @UsdPreviewSurface.mdl@.

2026-06-16 16:53:29 [283,960ms] [Warning] [omni.usd] Warning: in GetNodeDiscoveryResults at line 136 of /builds/omniverse/usd-ci/USD/pxr/usd/usdShade/shaderDefUtils.cpp -- Unable to resolve info:sourceAsset </UsdPrimvarReader_matrix.info:mdl:sourceAsset> with value @UsdPreviewSurface.mdl@.

2026-06-16 16:53:29 [283,960ms] [Warning] [omni.usd] Warning: in GetNodeDiscoveryResults at line 136 of /builds/omniverse/usd-ci/USD/pxr/usd/usdShade/shaderDefUtils.cpp -- Unable to resolve info:sourceAsset </UsdTransform2d.info:mdl:sourceAsset> with value @UsdPreviewSurface.mdl@.

   GPU     0      1 
     0   2.41  60.11 
     1  23.55   2.20 

   CPU     0      1 
     0   3.04   7.89 
     1   7.90   2.80 
2026-06-16 16:53:29 [283,972ms] [Warning] [gpu.foundation.plugin] CUDA peer-to-peer observed bandwidth: 15.8 GB/s.
2026-06-16 16:53:29 [283,972ms] [Warning] [gpu.foundation.plugin] CUDA peer-to-peer observed latency: 60.1 us.
2026-06-16 16:53:29 [283,972ms] [Warning] [gpu.foundation.plugin] Please verify if observed bandwidth and latency are expected.
[MultiMotionLoader] Motion group distribution:
  - backhand: 3 motions
  - forehand: 3 motions
[MultiMotionCommand] Registered motion groups: ['backhand', 'forehand']
[MultiMotionCommand]   - Group 'backhand': 3 motions
[MultiMotionCommand]   - Group 'forehand': 3 motions
[MultiMotionCommand] Assigning 56000 environments with ratios: backhand=28000/56000, forehand=28000/56000
2026-06-16 16:53:30 [284,548ms] [Warning] [carb.windowing-glfw.plugin] GLFW initialization failed.
2026-06-16 16:53:30 [284,548ms] [Warning] [carb] Failed to startup plugin carb.windowing-glfw.plugin (interfaces: [carb::windowing::IGLContext v1.0],[carb::windowing::IWindowing v1.5]) (impl: carb.windowing-glfw.plugin)
2026-06-16 16:53:30 [284,635ms] [Warning] [carb.windowing-glfw.plugin] GLFW initialization failed.
2026-06-16 16:53:30 [284,635ms] [Warning] [carb] Failed to startup plugin carb.windowing-glfw.plugin (interfaces: [carb::windowing::IGLContext v1.0],[carb::windowing::IWindowing v1.5]) (impl: carb.windowing-glfw.plugin)
2026-06-16 16:53:30 [284,644ms] [Warning] [carb.windowing-glfw.plugin] GLFW initialization failed.
2026-06-16 16:53:30 [284,644ms] [Warning] [carb] Failed to startup plugin carb.windowing-glfw.plugin (interfaces: [carb::windowing::IGLContext v1.0],[carb::windowing::IWindowing v1.5]) (impl: carb.windowing-glfw.plugin)
2026-06-16 16:53:30 [284,659ms] [Warning] [carb.windowing-glfw.plugin] GLFW initialization failed.
2026-06-16 16:53:30 [284,659ms] [Warning] [carb] Failed to startup plugin carb.windowing-glfw.plugin (interfaces: [carb::windowing::IGLContext v1.0],[carb::windowing::IWindowing v1.5]) (impl: carb.windowing-glfw.plugin)
2026-06-16 16:53:30 [284,661ms] [Warning] [carb.windowing-glfw.plugin] GLFW initialization failed.
2026-06-16 16:53:30 [284,661ms] [Warning] [carb] Failed to startup plugin carb.windowing-glfw.plugin (interfaces: [carb::windowing::IGLContext v1.0],[carb::windowing::IWindowing v1.5]) (impl: carb.windowing-glfw.plugin)
2026-06-16 16:53:30 [284,662ms] [Warning] [carb.windowing-glfw.plugin] GLFW initialization failed.
2026-06-16 16:53:30 [284,662ms] [Warning] [carb] Failed to startup plugin carb.windowing-glfw.plugin (interfaces: [carb::windowing::IGLContext v1.0],[carb::windowing::IWindowing v1.5]) (impl: carb.windowing-glfw.plugin)
[INFO] Command Manager:  <CommandManager> contains 1 active terms.
+----------------------------------------+
|          Active Command Terms          |
+-------+--------+-----------------------+
| Index | Name   |          Type         |
+-------+--------+-----------------------+
|   0   | motion | HitterStrikingCommand |
+-------+--------+-----------------------+

[INFO] Event Manager:  <EventManager> contains 2 active terms.
+---------------------------------------+
| Active Event Terms in Mode: 'startup' |
+---------+-----------------------------+
|  Index  | Name                        |
+---------+-----------------------------+
|    0    | physics_material            |
|    1    | add_joint_default_pos       |
|    2    | base_com                    |
+---------+-----------------------------+
+----------------------------------------------+
|    Active Event Terms in Mode: 'interval'    |
+-------+------------+-------------------------+
| Index | Name       | Interval time range (s) |
+-------+------------+-------------------------+
|   0   | push_robot |        (1.0, 3.0)       |
+-------+------------+-------------------------+

[INFO] Recorder Manager:  <RecorderManager> contains 0 active terms.
+---------------------+
| Active Recorder Terms |
+-----------+---------+
|   Index   | Name    |
+-----------+---------+
+-----------+---------+

[INFO] Action Manager:  <ActionManager> contains 1 active terms.
+------------------------------------+
|  Active Action Terms (shape: 29)   |
+--------+-------------+-------------+
| Index  | Name        |   Dimension |
+--------+-------------+-------------+
|   0    | joint_pos   |          29 |
+--------+-------------+-------------+

2026-06-16 16:53:31 [285,702ms] [Warning] [omni.graph.visualization.nodes._impl.extension] No Viewport Window to add omni.graph.visualization.nodes-2.1.1 scene to
2026-06-16 16:53:31 [286,043ms] [Warning] [omni.usd] Warning: in GetNodeDiscoveryResults at line 136 of /builds/omniverse/usd-ci/USD/pxr/usd/usdShade/shaderDefUtils.cpp -- Unable to resolve info:sourceAsset </UsdPreviewSurface.info:mdl:sourceAsset> with value @UsdPreviewSurface.mdl@.

2026-06-16 16:53:31 [286,043ms] [Warning] [omni.usd] Warning: in GetNodeDiscoveryResults at line 136 of /builds/omniverse/usd-ci/USD/pxr/usd/usdShade/shaderDefUtils.cpp -- Unable to resolve info:sourceAsset </UsdUVTexture.info:mdl:sourceAsset> with value @UsdPreviewSurface.mdl@.

2026-06-16 16:53:31 [286,044ms] [Warning] [omni.usd] Warning: in GetNodeDiscoveryResults at line 136 of /builds/omniverse/usd-ci/USD/pxr/usd/usdShade/shaderDefUtils.cpp -- Unable to resolve info:sourceAsset </UsdPrimvarReader_float.info:mdl:sourceAsset> with value @UsdPreviewSurface.mdl@.

2026-06-16 16:53:31 [286,044ms] [Warning] [omni.usd] Warning: in GetNodeDiscoveryResults at line 136 of /builds/omniverse/usd-ci/USD/pxr/usd/usdShade/shaderDefUtils.cpp -- Unable to resolve info:sourceAsset </UsdPrimvarReader_float2.info:mdl:sourceAsset> with value @UsdPreviewSurface.mdl@.

2026-06-16 16:53:31 [286,044ms] [Warning] [omni.usd] Warning: in GetNodeDiscoveryResults at line 136 of /builds/omniverse/usd-ci/USD/pxr/usd/usdShade/shaderDefUtils.cpp -- Unable to resolve info:sourceAsset </UsdPrimvarReader_float3.info:mdl:sourceAsset> with value @UsdPreviewSurface.mdl@.

2026-06-16 16:53:31 [286,044ms] [Warning] [omni.usd] Warning: in GetNodeDiscoveryResults at line 136 of /builds/omniverse/usd-ci/USD/pxr/usd/usdShade/shaderDefUtils.cpp -- Unable to resolve info:sourceAsset </UsdPrimvarReader_float4.info:mdl:sourceAsset> with value @UsdPreviewSurface.mdl@.

2026-06-16 16:53:31 [286,044ms] [Warning] [omni.usd] Warning: in GetNodeDiscoveryResults at line 136 of /builds/omniverse/usd-ci/USD/pxr/usd/usdShade/shaderDefUtils.cpp -- Unable to resolve info:sourceAsset </UsdPrimvarReader_int.info:mdl:sourceAsset> with value @UsdPreviewSurface.mdl@.

2026-06-16 16:53:31 [286,045ms] [Warning] [omni.usd] Warning: in GetNodeDiscoveryResults at line 136 of /builds/omniverse/usd-ci/USD/pxr/usd/usdShade/shaderDefUtils.cpp -- Unable to resolve info:sourceAsset </UsdPrimvarReader_string.info:mdl:sourceAsset> with value @UsdPreviewSurface.mdl@.

2026-06-16 16:53:31 [286,045ms] [Warning] [omni.usd] Warning: in GetNodeDiscoveryResults at line 136 of /builds/omniverse/usd-ci/USD/pxr/usd/usdShade/shaderDefUtils.cpp -- Unable to resolve info:sourceAsset </UsdPrimvarReader_normal.info:mdl:sourceAsset> with value @UsdPreviewSurface.mdl@.

2026-06-16 16:53:31 [286,045ms] [Warning] [omni.usd] Warning: in GetNodeDiscoveryResults at line 136 of /builds/omniverse/usd-ci/USD/pxr/usd/usdShade/shaderDefUtils.cpp -- Unable to resolve info:sourceAsset </UsdPrimvarReader_point.info:mdl:sourceAsset> with value @UsdPreviewSurface.mdl@.

2026-06-16 16:53:31 [286,045ms] [Warning] [omni.usd] Warning: in GetNodeDiscoveryResults at line 136 of /builds/omniverse/usd-ci/USD/pxr/usd/usdShade/shaderDefUtils.cpp -- Unable to resolve info:sourceAsset </UsdPrimvarReader_vector.info:mdl:sourceAsset> with value @UsdPreviewSurface.mdl@.

2026-06-16 16:53:31 [286,045ms] [Warning] [omni.usd] Warning: in GetNodeDiscoveryResults at line 136 of /builds/omniverse/usd-ci/USD/pxr/usd/usdShade/shaderDefUtils.cpp -- Unable to resolve info:sourceAsset </UsdPrimvarReader_matrix.info:mdl:sourceAsset> with value @UsdPreviewSurface.mdl@.

2026-06-16 16:53:31 [286,045ms] [Warning] [omni.usd] Warning: in GetNodeDiscoveryResults at line 136 of /builds/omniverse/usd-ci/USD/pxr/usd/usdShade/shaderDefUtils.cpp -- Unable to resolve info:sourceAsset </UsdTransform2d.info:mdl:sourceAsset> with value @UsdPreviewSurface.mdl@.

[MultiMotionLoader] Motion group distribution:
  - backhand: 4 motions
  - forehand: 4 motions
[MultiMotionCommand] Registered motion groups: ['backhand', 'forehand']
[MultiMotionCommand]   - Group 'backhand': 4 motions
[MultiMotionCommand]   - Group 'forehand': 4 motions
[MultiMotionCommand] Assigning 56000 environments with ratios: backhand=28000/56000, forehand=28000/56000
[INFO] Command Manager:  <CommandManager> contains 1 active terms.
+----------------------------------------+
|          Active Command Terms          |
+-------+--------+-----------------------+
| Index | Name   |          Type         |
+-------+--------+-----------------------+
|   0   | motion | HitterStrikingCommand |
+-------+--------+-----------------------+

[INFO] Event Manager:  <EventManager> contains 2 active terms.
+---------------------------------------+
| Active Event Terms in Mode: 'startup' |
+---------+-----------------------------+
|  Index  | Name                        |
+---------+-----------------------------+
|    0    | physics_material            |
|    1    | add_joint_default_pos       |
|    2    | base_com                    |
+---------+-----------------------------+
+----------------------------------------------+
|    Active Event Terms in Mode: 'interval'    |
+-------+------------+-------------------------+
| Index | Name       | Interval time range (s) |
+-------+------------+-------------------------+
|   0   | push_robot |        (1.0, 3.0)       |
+-------+------------+-------------------------+

[INFO] Recorder Manager:  <RecorderManager> contains 0 active terms.
+---------------------+
| Active Recorder Terms |
+-----------+---------+
|   Index   | Name    |
+-----------+---------+
+-----------+---------+

[INFO] Action Manager:  <ActionManager> contains 1 active terms.
+------------------------------------+
|  Active Action Terms (shape: 29)   |
+--------+-------------+-------------+
| Index  | Name        |   Dimension |
+--------+-------------+-------------+
|   0    | joint_pos   |          29 |
+--------+-------------+-------------+

[INFO] Observation Manager: <ObservationManager> contains 2 groups.
+---------------------------------------------------------+
| Active Observation Terms in Group: 'policy' (shape: (105,)) |
+-----------+---------------------------------+-----------+
|   Index   | Name                            |   Shape   |
+-----------+---------------------------------+-----------+
|     0     | base_ang_vel                    |    (3,)   |
|     1     | projected_gravity               |    (3,)   |
|     2     | base_forward_xy                 |    (2,)   |
|     3     | base_target_pos                 |    (3,)   |
|     4     | racket_target_pos               |    (3,)   |
|     5     | racket_target_vel               |    (3,)   |
|     6     | time_to_strike                  |    (1,)   |
|     7     | joint_pos                       |   (29,)   |
|     8     | joint_vel                       |   (29,)   |
|     9     | actions                         |   (29,)   |
+-----------+---------------------------------+-----------+
+------------------------------------------------------------+
| Active Observation Terms in Group: 'critic' (shape: (302,)) |
+----------+------------------------------------+------------+
|  Index   | Name                               |   Shape    |
+----------+------------------------------------+------------+
|    0     | base_ang_vel                       |    (3,)    |
|    1     | projected_gravity                  |    (3,)    |
|    2     | base_forward_xy                    |    (2,)    |
|    3     | motion_anchor_pos_b                |    (3,)    |
|    4     | motion_anchor_ori_b                |    (6,)    |
|    5     | base_target_pos                    |    (3,)    |
|    6     | racket_target_pos                  |    (3,)    |
|    7     | racket_target_vel                  |    (3,)    |
|    8     | time_to_strike                     |    (1,)    |
|    9     | joint_pos                          |   (29,)    |
|    10    | joint_vel                          |   (29,)    |
|    11    | actions                            |   (29,)    |
|    12    | base_lin_vel                       |    (3,)    |
|    13    | body_pose                          |   (126,)   |
|    14    | time_left                          |    (1,)    |
|    15    | reference_joint_state              |   (58,)    |
+----------+------------------------------------+------------+

[INFO] Termination Manager:  <TerminationManager> contains 3 active terms.
+-------------------------------+
|    Active Termination Terms   |
+-------+------------+----------+
| Index | Name       | Time Out |
+-------+------------+----------+
|   0   | time_out   |   True   |
|   1   | anchor_pos |  False   |
|   2   | anchor_ori |  False   |
+-------+------------+----------+

[INFO] Observation Manager: <ObservationManager> contains 2 groups.
+---------------------------------------------------------+
| Active Observation Terms in Group: 'policy' (shape: (105,)) |
+-----------+---------------------------------+-----------+
|   Index   | Name                            |   Shape   |
+-----------+---------------------------------+-----------+
|     0     | base_ang_vel                    |    (3,)   |
|     1     | projected_gravity               |    (3,)   |
|     2     | base_forward_xy                 |    (2,)   |
|     3     | base_target_pos                 |    (3,)   |
|     4     | racket_target_pos               |    (3,)   |
|     5     | racket_target_vel               |    (3,)   |
|     6     | time_to_strike                  |    (1,)   |
|     7     | joint_pos                       |   (29,)   |
|     8     | joint_vel                       |   (29,)   |
|     9     | actions                         |   (29,)   |
+-----------+---------------------------------+-----------+
+------------------------------------------------------------+
| Active Observation Terms in Group: 'critic' (shape: (302,)) |
+----------+------------------------------------+------------+
|  Index   | Name                               |   Shape    |
+----------+------------------------------------+------------+
|    0     | base_ang_vel                       |    (3,)    |
|    1     | projected_gravity                  |    (3,)    |
|    2     | base_forward_xy                    |    (2,)    |
|    3     | motion_anchor_pos_b                |    (3,)    |
|    4     | motion_anchor_ori_b                |    (6,)    |
|    5     | base_target_pos                    |    (3,)    |
|    6     | racket_target_pos                  |    (3,)    |
|    7     | racket_target_vel                  |    (3,)    |
|    8     | time_to_strike                     |    (1,)    |
|    9     | joint_pos                          |   (29,)    |
|    10    | joint_vel                          |   (29,)    |
|    11    | actions                            |   (29,)    |
|    12    | base_lin_vel                       |    (3,)    |
|    13    | body_pose                          |   (126,)   |
|    14    | time_left                          |    (1,)    |
|    15    | reference_joint_state              |   (58,)    |
+----------+------------------------------------+------------+

[INFO] Termination Manager:  <TerminationManager> contains 3 active terms.
+-------------------------------+
|    Active Termination Terms   |
+-------+------------+----------+
| Index | Name       | Time Out |
+-------+------------+----------+
|   0   | time_out   |   True   |
|   1   | anchor_pos |  False   |
|   2   | anchor_ori |  False   |
+-------+------------+----------+

[INFO] Reward Manager:  <RewardManager> contains 22 active terms.
+------------------------------------------------+
|              Active Reward Terms               |
+-------+-----------------------------+----------+
| Index | Name                        |   Weight |
+-------+-----------------------------+----------+
|   0   | motion_global_anchor_pos    |      0.5 |
|   1   | motion_global_anchor_ori    |      0.5 |
|   2   | motion_body_pos             |      1.0 |
|   3   | motion_body_ori             |      1.0 |
|   4   | motion_body_lin_vel         |      1.5 |
|   5   | motion_body_ang_vel         |      1.5 |
|   6   | motion_anchor_lin_vel       |      1.0 |
|   7   | base_pos                    |      5.0 |
|   8   | racket_pos                  |    120.0 |
|   9   | racket_vel                  |    120.0 |
|   10  | racket_ori                  |     30.0 |
|   11  | torso_forward_lean_l2       |     -2.0 |
|   12  | base_ang_vel_xy_l2          |     -0.4 |
|   13  | undesired_contacts          |    -0.05 |
|   14  | hitter_foot_slip_l2         |     -2.0 |
|   15  | hitter_hit_unstable_support |     -6.0 |
|   16  | hitter_foot_edge_drag       |     -1.0 |
|   17  | hip_yaw_default             |      2.0 |
|   18  | action_rate_l2              |     -0.1 |
|   19  | joint_limit                 |    -10.0 |
|   20  | joint_acc                   | -2.5e-07 |
|   21  | joint_torque                |   -1e-05 |
+-------+-----------------------------+----------+

[INFO] Curriculum Manager:  <CurriculumManager> contains 0 active terms.
+----------------------+
| Active Curriculum Terms |
+-----------+----------+
|   Index   | Name     |
+-----------+----------+
+-----------+----------+

[INFO] Reward Manager:  <RewardManager> contains 22 active terms.
+------------------------------------------------+
|              Active Reward Terms               |
+-------+-----------------------------+----------+
| Index | Name                        |   Weight |
+-------+-----------------------------+----------+
|   0   | motion_global_anchor_pos    |      0.5 |
|   1   | motion_global_anchor_ori    |      0.5 |
|   2   | motion_body_pos             |      1.0 |
|   3   | motion_body_ori             |      1.0 |
|   4   | motion_body_lin_vel         |      1.5 |
|   5   | motion_body_ang_vel         |      1.5 |
|   6   | motion_anchor_lin_vel       |      1.0 |
|   7   | base_pos                    |      5.0 |
|   8   | racket_pos                  |    120.0 |
|   9   | racket_vel                  |    120.0 |
|   10  | racket_ori                  |     30.0 |
|   11  | torso_forward_lean_l2       |     -2.0 |
|   12  | base_ang_vel_xy_l2          |     -0.4 |
|   13  | undesired_contacts          |    -0.05 |
|   14  | hitter_foot_slip_l2         |     -2.0 |
|   15  | hitter_hit_unstable_support |     -6.0 |
|   16  | hitter_foot_edge_drag       |     -1.0 |
|   17  | hip_yaw_default             |      2.0 |
|   18  | action_rate_l2              |     -0.1 |
|   19  | joint_limit                 |    -10.0 |
|   20  | joint_acc                   | -2.5e-07 |
|   21  | joint_torque                |   -1e-05 |
+-------+-----------------------------+----------+

[INFO] Curriculum Manager:  <CurriculumManager> contains 0 active terms.
+----------------------+
| Active Curriculum Terms |
+-----------+----------+
|   Index   | Name     |
+-----------+----------+
+-----------+----------+

[INFO]: Completed setting up the environment...
Actor MLP: Sequential(
  (0): Linear(in_features=105, out_features=512, bias=True)
  (1): ELU(alpha=1.0)
  (2): Linear(in_features=512, out_features=256, bias=True)
  (3): ELU(alpha=1.0)
  (4): Linear(in_features=256, out_features=128, bias=True)
  (5): ELU(alpha=1.0)
  (6): Linear(in_features=128, out_features=29, bias=True)
)
Critic MLP: Sequential(
  (0): Linear(in_features=302, out_features=512, bias=True)
  (1): ELU(alpha=1.0)
  (2): Linear(in_features=512, out_features=256, bias=True)
  (3): ELU(alpha=1.0)
  (4): Linear(in_features=256, out_features=128, bias=True)
  (5): ELU(alpha=1.0)
  (6): Linear(in_features=128, out_features=1, bias=True)
)
[INFO]: Loading model checkpoint from: /root/Hitter/MOSAIC-main/logs/rsl_rl/hitter_striking_g1/2026-06-16_17-08-12_hitter_wbc_m7700_fullrange_skipopt_lr3e4_swanlab_2xa100_env50000_20260616_170756/model_10699.pt
[INFO]: Optimizer load disabled; optimizer will be initialized from scratch.
[Runner] reset_noise_std_on_resume = False
[Runner] freeze_normalizer_on_resume = False
Synchronizing parameters for rank 1...
[INFO]: Completed setting up the environment...
Actor MLP: Sequential(
  (0): Linear(in_features=105, out_features=512, bias=True)
  (1): ELU(alpha=1.0)
  (2): Linear(in_features=512, out_features=256, bias=True)
  (3): ELU(alpha=1.0)
  (4): Linear(in_features=256, out_features=128, bias=True)
  (5): ELU(alpha=1.0)
  (6): Linear(in_features=128, out_features=29, bias=True)
)
Critic MLP: Sequential(
  (0): Linear(in_features=302, out_features=512, bias=True)
  (1): ELU(alpha=1.0)
  (2): Linear(in_features=512, out_features=256, bias=True)
  (3): ELU(alpha=1.0)
  (4): Linear(in_features=256, out_features=128, bias=True)
  (5): ELU(alpha=1.0)
  (6): Linear(in_features=128, out_features=1, bias=True)
)
[INFO]: Loading model checkpoint from: /root/Hitter/MOSAIC-main/logs/rsl_rl/hitter_striking_g1/2026-06-16_17-08-12_hitter_wbc_m7700_fullrange_skipopt_lr3e4_swanlab_2xa100_env50000_20260616_170756/model_10699.pt
[INFO]: Optimizer load disabled; optimizer will be initialized from scratch.
[Runner] reset_noise_std_on_resume = False
[Runner] freeze_normalizer_on_resume = False
swanlab: The environment variable SWANLAB_MODE will be overwritten by the 
parameter mode
swanlab: swanlab version 0.8.3 is available!  Upgrade: `pip install -U swanlab`
swanlab: Tracking run with swanlab version 0.7.16
swanlab: Run data will be saved locally in 
/root/Hitter/MOSAIC-main/logs/rsl_rl/hitter_striking_g1/2026-06-17_00-48-58_hitt
er_connector_m10699_skipopt_lr3e4_2xa100_env56000_20260617_004844/swanlog/run-20
260617_005349-fgpwae6ap1t909rhmjgyn
swanlab: 👋 Hi Jianghe111,welcome to swanlab!
swanlab: Syncing run 
2026-06-17_00-48-58_hitter_connector_m10699_skipopt_lr3e4_2xa100_env56000_202606
17_004844 to the cloud
swanlab: 🏠 View project at https://swanlab.cn/@Jianghe111/hitter_striking_g1
swanlab: 🚀 View run at 
https://swanlab.cn/@Jianghe111/hitter_striking_g1/runs/fgpwae6ap1t909rhmjgyn
Synchronizing parameters for rank 0...
################################################################################
                    [1m Learning iteration 10699/20699 [0m                    

                       Computation: 217658 steps/s (collection: 10.821s, learning 1.529s)
             Mean action noise std: 0.44
          Mean value_function loss: 0.1964
               Mean surrogate loss: 0.1484
                 Mean entropy loss: 15.3350
               Mean approx_kl loss: 0.8126
           Mean clip_fraction loss: 0.7579
              Mean ratio_mean loss: 0.9903
          Mean advantage_mean loss: -0.0000
           Mean advantage_std loss: 1.0000
      Mean explained_variance loss: 0.9902
                       Mean reward: 2.92
               Mean episode length: 24.00
Episode_Reward/motion_global_anchor_pos: 0.0110
Episode_Reward/motion_global_anchor_ori: 0.0119
    Episode_Reward/motion_body_pos: 0.0221
    Episode_Reward/motion_body_ori: 0.0187
Episode_Reward/motion_body_lin_vel: 0.0233
Episode_Reward/motion_body_ang_vel: 0.0201
Episode_Reward/motion_anchor_lin_vel: 0.0164
           Episode_Reward/base_pos: 0.0480
         Episode_Reward/racket_pos: 0.0000
         Episode_Reward/racket_vel: 0.0000
         Episode_Reward/racket_ori: 0.0000
Episode_Reward/torso_forward_lean_l2: -0.0008
 Episode_Reward/base_ang_vel_xy_l2: -0.0084
 Episode_Reward/undesired_contacts: -0.0000
Episode_Reward/hitter_foot_slip_l2: -0.0097
Episode_Reward/hitter_hit_unstable_support: 0.0000
Episode_Reward/hitter_foot_edge_drag: -0.0016
    Episode_Reward/hip_yaw_default: 0.0470
     Episode_Reward/action_rate_l2: -0.0358
        Episode_Reward/joint_limit: -0.0012
          Episode_Reward/joint_acc: -0.0030
       Episode_Reward/joint_torque: -0.0012
   Metrics/motion/error_anchor_pos: 0.1236
   Metrics/motion/error_anchor_rot: 0.0800
Metrics/motion/error_anchor_lin_vel: 0.7080
Metrics/motion/error_anchor_ang_vel: 1.2094
     Metrics/motion/error_body_pos: 9.8103
     Metrics/motion/error_body_rot: 0.1878
 Metrics/motion/error_body_lin_vel: 0.7297
 Metrics/motion/error_body_ang_vel: 2.1291
    Metrics/motion/error_joint_pos: 0.8911
    Metrics/motion/error_joint_vel: 11.3811
   Metrics/motion/sampling_entropy: 0.0000
 Metrics/motion/sampling_top1_prob: 0.0000
  Metrics/motion/sampling_top1_bin: 0.0000
Metrics/motion/motion_sampling_prob_mean: 0.1198
Metrics/motion/motion_sampling_prob_std: 0.0000
Metrics/motion/motion_sampling_prob_min: 0.1198
Metrics/motion/motion_sampling_prob_max: 0.1198
Metrics/motion/motion_sampling_prob_entropy: 0.9583
Metrics/motion/hitter_strike_racket_pos_error: 0.0000
Metrics/motion/hitter_strike_racket_vel_error: 0.0000
Metrics/motion/hitter_strike_racket_ori_error: 0.0000
      Episode_Termination/time_out: 113.3750
    Episode_Termination/anchor_pos: 0.0000
    Episode_Termination/anchor_ori: 0.0000
--------------------------------------------------------------------------------
                   Total timesteps: 2688000
                    Iteration time: 12.35s
                      Time elapsed: 00:00:12
                               ETA: 10:18:16

Could not find git repository in /root/Hitter/MOSAIC-main/source/rsl_rl/rsl_rl/__init__.py. Skipping.
Could not find git repository in /root/Hitter/MOSAIC-main/scripts/rsl_rl/train.py. Skipping.
################################################################################
                    [1m Learning iteration 10700/20699 [0m                    

                       Computation: 323630 steps/s (collection: 7.516s, learning 0.790s)
             Mean action noise std: 0.44
          Mean value_function loss: 0.6894
               Mean surrogate loss: 0.0325
                 Mean entropy loss: 15.3877
               Mean approx_kl loss: 0.0696
           Mean clip_fraction loss: 0.4260
              Mean ratio_mean loss: 1.0000
          Mean advantage_mean loss: -0.0000
           Mean advantage_std loss: 1.0000
      Mean explained_variance loss: 0.9753
                       Mean reward: 16.73
               Mean episode length: 48.00
Episode_Reward/motion_global_anchor_pos: 0.0234
Episode_Reward/motion_global_anchor_ori: 0.0335
    Episode_Reward/motion_body_pos: 0.0663
    Episode_Reward/motion_body_ori: 0.0480
Episode_Reward/motion_body_lin_vel: 0.0638
Episode_Reward/motion_body_ang_vel: 0.0538
Episode_Reward/motion_anchor_lin_vel: 0.0477
           Episode_Reward/base_pos: 0.1915
         Episode_Reward/racket_pos: 0.0686
         Episode_Reward/racket_vel: 0.1307
         Episode_Reward/racket_ori: 0.0369
Episode_Reward/torso_forward_lean_l2: -0.0034
 Episode_Reward/base_ang_vel_xy_l2: -0.0282
 Episode_Reward/undesired_contacts: -0.0000
Episode_Reward/hitter_foot_slip_l2: -0.0292
Episode_Reward/hitter_hit_unstable_support: -0.0011
Episode_Reward/hitter_foot_edge_drag: -0.0052
    Episode_Reward/hip_yaw_default: 0.1339
     Episode_Reward/action_rate_l2: -0.1057
        Episode_Reward/joint_limit: -0.0037
          Episode_Reward/joint_acc: -0.0082
       Episode_Reward/joint_torque: -0.0031
   Metrics/motion/error_anchor_pos: 0.3783
   Metrics/motion/error_anchor_rot: 0.1732
Metrics/motion/error_anchor_lin_vel: 0.4720
Metrics/motion/error_anchor_ang_vel: 3.3831
     Metrics/motion/error_body_pos: 0.0848
     Metrics/motion/error_body_rot: 0.3996
 Metrics/motion/error_body_lin_vel: 0.6813
 Metrics/motion/error_body_ang_vel: 3.3600
    Metrics/motion/error_joint_pos: 1.3279
    Metrics/motion/error_joint_vel: 14.6687
   Metrics/motion/sampling_entropy: 0.0000
 Metrics/motion/sampling_top1_prob: 0.0000
  Metrics/motion/sampling_top1_bin: 0.0000
Metrics/motion/motion_sampling_prob_mean: 0.1250
Metrics/motion/motion_sampling_prob_std: 0.0000
Metrics/motion/motion_sampling_prob_min: 0.1250
Metrics/motion/motion_sampling_prob_max: 0.1250
Metrics/motion/motion_sampling_prob_entropy: 1.0000
Metrics/motion/hitter_strike_racket_pos_error: 0.0091
Metrics/motion/hitter_strike_racket_vel_error: 0.0707
Metrics/motion/hitter_strike_racket_ori_error: 0.0082
      Episode_Termination/time_out: 112.5000
    Episode_Termination/anchor_pos: 0.0000
    Episode_Termination/anchor_ori: 0.0000
--------------------------------------------------------------------------------
                   Total timesteps: 5376000
                    Iteration time: 8.31s
                      Time elapsed: 00:00:20
                               ETA: 04:41:06

################################################################################
                    [1m Learning iteration 10701/20699 [0m                    

                       Computation: 334192 steps/s (collection: 7.199s, learning 0.844s)
             Mean action noise std: 0.44
          Mean value_function loss: 0.1067
               Mean surrogate loss: 0.0105
                 Mean entropy loss: 15.3463
               Mean approx_kl loss: 0.0240
           Mean clip_fraction loss: 0.2339
              Mean ratio_mean loss: 0.9997
          Mean advantage_mean loss: 0.0000
           Mean advantage_std loss: 1.0000
      Mean explained_variance loss: 0.9945
                       Mean reward: 19.20
               Mean episode length: 72.00
Episode_Reward/motion_global_anchor_pos: 0.0322
Episode_Reward/motion_global_anchor_ori: 0.0519
    Episode_Reward/motion_body_pos: 0.1088
    Episode_Reward/motion_body_ori: 0.0690
Episode_Reward/motion_body_lin_vel: 0.1116
Episode_Reward/motion_body_ang_vel: 0.0787
Episode_Reward/motion_anchor_lin_vel: 0.0903
           Episode_Reward/base_pos: 0.2486
         Episode_Reward/racket_pos: 0.3263
         Episode_Reward/racket_vel: 0.6181
         Episode_Reward/racket_ori: 0.1744
Episode_Reward/torso_forward_lean_l2: -0.0057
 Episode_Reward/base_ang_vel_xy_l2: -0.0535
 Episode_Reward/undesired_contacts: -0.0001
Episode_Reward/hitter_foot_slip_l2: -0.0506
Episode_Reward/hitter_hit_unstable_support: -0.0049
Episode_Reward/hitter_foot_edge_drag: -0.0085
    Episode_Reward/hip_yaw_default: 0.2149
     Episode_Reward/action_rate_l2: -0.1802
        Episode_Reward/joint_limit: -0.0055
          Episode_Reward/joint_acc: -0.0112
       Episode_Reward/joint_torque: -0.0045
   Metrics/motion/error_anchor_pos: 0.4040
   Metrics/motion/error_anchor_rot: 0.1630
Metrics/motion/error_anchor_lin_vel: 0.2700
Metrics/motion/error_anchor_ang_vel: 1.2567
     Metrics/motion/error_body_pos: 0.0576
     Metrics/motion/error_body_rot: 0.2620
 Metrics/motion/error_body_lin_vel: 0.4277
 Metrics/motion/error_body_ang_vel: 2.4196
    Metrics/motion/error_joint_pos: 0.9628
    Metrics/motion/error_joint_vel: 9.7300
   Metrics/motion/sampling_entropy: 0.0000
 Metrics/motion/sampling_top1_prob: 0.0000
  Metrics/motion/sampling_top1_bin: 0.0000
Metrics/motion/motion_sampling_prob_mean: 0.1250
Metrics/motion/motion_sampling_prob_std: 0.0000
Metrics/motion/motion_sampling_prob_min: 0.1250
Metrics/motion/motion_sampling_prob_max: 0.1250
Metrics/motion/motion_sampling_prob_entropy: 1.0000
Metrics/motion/hitter_strike_racket_pos_error: 0.0546
Metrics/motion/hitter_strike_racket_vel_error: 0.4274
Metrics/motion/hitter_strike_racket_ori_error: 0.0511
      Episode_Termination/time_out: 111.9167
    Episode_Termination/anchor_pos: 0.0417
    Episode_Termination/anchor_ori: 0.0000
--------------------------------------------------------------------------------
                   Total timesteps: 8064000
                    Iteration time: 8.04s
                      Time elapsed: 00:00:28
                               ETA: 02:34:03

################################################################################
                    [1m Learning iteration 10702/20699 [0m                    

                       Computation: 341745 steps/s (collection: 7.166s, learning 0.700s)
             Mean action noise std: 0.44
          Mean value_function loss: 1.1820
               Mean surrogate loss: 0.0122
                 Mean entropy loss: 15.3529
               Mean approx_kl loss: 0.0251
           Mean clip_fraction loss: 0.2734
              Mean ratio_mean loss: 0.9999
          Mean advantage_mean loss: 0.0000
           Mean advantage_std loss: 1.0000
      Mean explained_variance loss: 0.9009
                       Mean reward: 21.90
               Mean episode length: 96.00
Episode_Reward/motion_global_anchor_pos: 0.0421
Episode_Reward/motion_global_anchor_ori: 0.0736
    Episode_Reward/motion_body_pos: 0.1543
    Episode_Reward/motion_body_ori: 0.0983
Episode_Reward/motion_body_lin_vel: 0.1710
Episode_Reward/motion_body_ang_vel: 0.1180
Episode_Reward/motion_anchor_lin_vel: 0.1337
           Episode_Reward/base_pos: 0.2552
         Episode_Reward/racket_pos: 0.3264
         Episode_Reward/racket_vel: 0.6185
         Episode_Reward/racket_ori: 0.1743
Episode_Reward/torso_forward_lean_l2: -0.0066
 Episode_Reward/base_ang_vel_xy_l2: -0.0696
 Episode_Reward/undesired_contacts: -0.0001
Episode_Reward/hitter_foot_slip_l2: -0.0659
Episode_Reward/hitter_hit_unstable_support: -0.0046
Episode_Reward/hitter_foot_edge_drag: -0.0117
    Episode_Reward/hip_yaw_default: 0.3083
     Episode_Reward/action_rate_l2: -0.2336
        Episode_Reward/joint_limit: -0.0058
          Episode_Reward/joint_acc: -0.0133
       Episode_Reward/joint_torque: -0.0055
   Metrics/motion/error_anchor_pos: 0.3515
   Metrics/motion/error_anchor_rot: 0.0977
Metrics/motion/error_anchor_lin_vel: 0.3584
Metrics/motion/error_anchor_ang_vel: 1.2547
     Metrics/motion/error_body_pos: 0.0677
     Metrics/motion/error_body_rot: 0.2590
 Metrics/motion/error_body_lin_vel: 0.4350
 Metrics/motion/error_body_ang_vel: 2.2188
    Metrics/motion/error_joint_pos: 1.0944
    Metrics/motion/error_joint_vel: 8.9819
   Metrics/motion/sampling_entropy: 0.0000
 Metrics/motion/sampling_top1_prob: 0.0000
  Metrics/motion/sampling_top1_bin: 0.0000
Metrics/motion/motion_sampling_prob_mean: 0.1250
Metrics/motion/motion_sampling_prob_std: 0.0000
Metrics/motion/motion_sampling_prob_min: 0.1250
Metrics/motion/motion_sampling_prob_max: 0.1250
Metrics/motion/motion_sampling_prob_entropy: 1.0000
Metrics/motion/hitter_strike_racket_pos_error: 0.0547
Metrics/motion/hitter_strike_racket_vel_error: 0.4266
Metrics/motion/hitter_strike_racket_ori_error: 0.0513
      Episode_Termination/time_out: 113.6250
    Episode_Termination/anchor_pos: 0.0833
    Episode_Termination/anchor_ori: 0.0000
--------------------------------------------------------------------------------
                   Total timesteps: 10752000
                    Iteration time: 7.87s
                      Time elapsed: 00:00:36
                               ETA: 01:23:02

################################################################################
                    [1m Learning iteration 10703/20699 [0m                    

                       Computation: 318802 steps/s (collection: 7.734s, learning 0.698s)
             Mean action noise std: 0.44
          Mean value_function loss: 0.1928
               Mean surrogate loss: 0.0064
                 Mean entropy loss: 15.3453
               Mean approx_kl loss: 0.0222
           Mean clip_fraction loss: 0.2462
              Mean ratio_mean loss: 0.9999
          Mean advantage_mean loss: -0.0000
           Mean advantage_std loss: 1.0000
      Mean explained_variance loss: 0.9862
                       Mean reward: 24.63
               Mean episode length: 120.00
Episode_Reward/motion_global_anchor_pos: 0.0514
Episode_Reward/motion_global_anchor_ori: 0.0961
    Episode_Reward/motion_body_pos: 0.1981
    Episode_Reward/motion_body_ori: 0.1287
Episode_Reward/motion_body_lin_vel: 0.2156
Episode_Reward/motion_body_ang_vel: 0.1546
Episode_Reward/motion_anchor_lin_vel: 0.1649
           Episode_Reward/base_pos: 0.3105
         Episode_Reward/racket_pos: 0.3265
         Episode_Reward/racket_vel: 0.6183
         Episode_Reward/racket_ori: 0.1746
Episode_Reward/torso_forward_lean_l2: -0.0079
 Episode_Reward/base_ang_vel_xy_l2: -0.0858
 Episode_Reward/undesired_contacts: -0.0001
Episode_Reward/hitter_foot_slip_l2: -0.0822
Episode_Reward/hitter_hit_unstable_support: -0.0047
Episode_Reward/hitter_foot_edge_drag: -0.0150
    Episode_Reward/hip_yaw_default: 0.4002
     Episode_Reward/action_rate_l2: -0.2961
        Episode_Reward/joint_limit: -0.0086
          Episode_Reward/joint_acc: -0.0166
       Episode_Reward/joint_torque: -0.0078
   Metrics/motion/error_anchor_pos: 0.3120
   Metrics/motion/error_anchor_rot: 0.0980
Metrics/motion/error_anchor_lin_vel: 0.8931
Metrics/motion/error_anchor_ang_vel: 1.2276
     Metrics/motion/error_body_pos: 0.0805
     Metrics/motion/error_body_rot: 0.2266
 Metrics/motion/error_body_lin_vel: 0.8954
 Metrics/motion/error_body_ang_vel: 2.3180
    Metrics/motion/error_joint_pos: 1.1724
    Metrics/motion/error_joint_vel: 11.9472
   Metrics/motion/sampling_entropy: 0.0000
 Metrics/motion/sampling_top1_prob: 0.0000
  Metrics/motion/sampling_top1_bin: 0.0000
Metrics/motion/motion_sampling_prob_mean: 0.1250
Metrics/motion/motion_sampling_prob_std: 0.0000
Metrics/motion/motion_sampling_prob_min: 0.1250
Metrics/motion/motion_sampling_prob_max: 0.1250
Metrics/motion/motion_sampling_prob_entropy: 1.0000
Metrics/motion/hitter_strike_racket_pos_error: 0.0545
Metrics/motion/hitter_strike_racket_vel_error: 0.4306
Metrics/motion/hitter_strike_racket_ori_error: 0.0493
      Episode_Termination/time_out: 110.6667
    Episode_Termination/anchor_pos: 0.0417
    Episode_Termination/anchor_ori: 0.0000
--------------------------------------------------------------------------------
                   Total timesteps: 13440000
                    Iteration time: 8.43s
                      Time elapsed: 00:00:44
                               ETA: 00:59:15

################################################################################
                    [1m Learning iteration 10704/20699 [0m                    

                       Computation: 322477 steps/s (collection: 7.667s, learning 0.668s)
             Mean action noise std: 0.44
          Mean value_function loss: 0.7821
               Mean surrogate loss: 0.0327
                 Mean entropy loss: 15.3880
               Mean approx_kl loss: 0.0651
           Mean clip_fraction loss: 0.3044
              Mean ratio_mean loss: 0.9999
          Mean advantage_mean loss: 0.0000
           Mean advantage_std loss: 1.0000
      Mean explained_variance loss: 0.9761
                       Mean reward: 38.20
               Mean episode length: 144.00
Episode_Reward/motion_global_anchor_pos: 0.0624
Episode_Reward/motion_global_anchor_ori: 0.1171
    Episode_Reward/motion_body_pos: 0.2418
    Episode_Reward/motion_body_ori: 0.1556
Episode_Reward/motion_body_lin_vel: 0.2561
Episode_Reward/motion_body_ang_vel: 0.1859
Episode_Reward/motion_anchor_lin_vel: 0.1977
           Episode_Reward/base_pos: 0.4647
         Episode_Reward/racket_pos: 0.4386
         Episode_Reward/racket_vel: 0.8307
         Episode_Reward/racket_ori: 0.2331
Episode_Reward/torso_forward_lean_l2: -0.0108
 Episode_Reward/base_ang_vel_xy_l2: -0.1074
 Episode_Reward/undesired_contacts: -0.0002
Episode_Reward/hitter_foot_slip_l2: -0.1017
Episode_Reward/hitter_hit_unstable_support: -0.0072
Episode_Reward/hitter_foot_edge_drag: -0.0188
    Episode_Reward/hip_yaw_default: 0.4850
     Episode_Reward/action_rate_l2: -0.3665
        Episode_Reward/joint_limit: -0.0107
          Episode_Reward/joint_acc: -0.0221
       Episode_Reward/joint_torque: -0.0095
   Metrics/motion/error_anchor_pos: 0.4106
   Metrics/motion/error_anchor_rot: 0.1911
Metrics/motion/error_anchor_lin_vel: 0.4323
Metrics/motion/error_anchor_ang_vel: 3.3630
     Metrics/motion/error_body_pos: 0.0869
     Metrics/motion/error_body_rot: 0.4200
 Metrics/motion/error_body_lin_vel: 0.6788
 Metrics/motion/error_body_ang_vel: 3.4704
    Metrics/motion/error_joint_pos: 1.3588
    Metrics/motion/error_joint_vel: 14.7252
   Metrics/motion/sampling_entropy: 0.0000
 Metrics/motion/sampling_top1_prob: 0.0000
  Metrics/motion/sampling_top1_bin: 0.0000
Metrics/motion/motion_sampling_prob_mean: 0.1250
Metrics/motion/motion_sampling_prob_std: 0.0000
Metrics/motion/motion_sampling_prob_min: 0.1250
Metrics/motion/motion_sampling_prob_max: 0.1250
Metrics/motion/motion_sampling_prob_entropy: 1.0000
Metrics/motion/hitter_strike_racket_pos_error: 0.0534
Metrics/motion/hitter_strike_racket_vel_error: 0.4236
Metrics/motion/hitter_strike_racket_ori_error: 0.0499
      Episode_Termination/time_out: 113.5000
    Episode_Termination/anchor_pos: 0.0000
    Episode_Termination/anchor_ori: 0.0000
--------------------------------------------------------------------------------
                   Total timesteps: 16128000
                    Iteration time: 8.34s
                      Time elapsed: 00:00:53
                               ETA: 00:40:40

################################################################################
                    [1m Learning iteration 10705/20699 [0m                    

                       Computation: 329851 steps/s (collection: 7.479s, learning 0.670s)
             Mean action noise std: 0.44
          Mean value_function loss: 0.1407
               Mean surrogate loss: 0.0020
                 Mean entropy loss: 15.3667
               Mean approx_kl loss: 0.0093
           Mean clip_fraction loss: 0.0934
              Mean ratio_mean loss: 1.0001
          Mean advantage_mean loss: -0.0000
           Mean advantage_std loss: 1.0000
      Mean explained_variance loss: 0.9927
                       Mean reward: 40.58
               Mean episode length: 168.00
Episode_Reward/motion_global_anchor_pos: 0.0698
Episode_Reward/motion_global_anchor_ori: 0.1358
    Episode_Reward/motion_body_pos: 0.2848
    Episode_Reward/motion_body_ori: 0.1783
Episode_Reward/motion_body_lin_vel: 0.3044
Episode_Reward/motion_body_ang_vel: 0.2126
Episode_Reward/motion_anchor_lin_vel: 0.2398
           Episode_Reward/base_pos: 0.5119
         Episode_Reward/racket_pos: 0.6652
         Episode_Reward/racket_vel: 1.2487
         Episode_Reward/racket_ori: 0.3492
Episode_Reward/torso_forward_lean_l2: -0.0129
 Episode_Reward/base_ang_vel_xy_l2: -0.1320
 Episode_Reward/undesired_contacts: -0.0002
Episode_Reward/hitter_foot_slip_l2: -0.1225
Episode_Reward/hitter_hit_unstable_support: -0.0122
Episode_Reward/hitter_foot_edge_drag: -0.0223
    Episode_Reward/hip_yaw_default: 0.5684
     Episode_Reward/action_rate_l2: -0.4383
        Episode_Reward/joint_limit: -0.0126
          Episode_Reward/joint_acc: -0.0252
       Episode_Reward/joint_torque: -0.0109
   Metrics/motion/error_anchor_pos: 0.4370
   Metrics/motion/error_anchor_rot: 0.1527
Metrics/motion/error_anchor_lin_vel: 0.2883
Metrics/motion/error_anchor_ang_vel: 1.3000
     Metrics/motion/error_body_pos: 0.0557
     Metrics/motion/error_body_rot: 0.2493
 Metrics/motion/error_body_lin_vel: 0.4216
 Metrics/motion/error_body_ang_vel: 2.3218
    Metrics/motion/error_joint_pos: 0.9344
    Metrics/motion/error_joint_vel: 9.4359
   Metrics/motion/sampling_entropy: 0.0000
 Metrics/motion/sampling_top1_prob: 0.0000
  Metrics/motion/sampling_top1_bin: 0.0000
Metrics/motion/motion_sampling_prob_mean: 0.1250
Metrics/motion/motion_sampling_prob_std: 0.0000
Metrics/motion/motion_sampling_prob_min: 0.1250
Metrics/motion/motion_sampling_prob_max: 0.1250
Metrics/motion/motion_sampling_prob_entropy: 1.0000
Metrics/motion/hitter_strike_racket_pos_error: 0.0524
Metrics/motion/hitter_strike_racket_vel_error: 0.4113
Metrics/motion/hitter_strike_racket_ori_error: 0.0495
      Episode_Termination/time_out: 106.9167
    Episode_Termination/anchor_pos: 0.0417
    Episode_Termination/anchor_ori: 0.0000
--------------------------------------------------------------------------------
                   Total timesteps: 18816000
                    Iteration time: 8.15s
                      Time elapsed: 00:01:01
                               ETA: 00:22:56

################################################################################
                    [1m Learning iteration 10706/20699 [0m                    

                       Computation: 322335 steps/s (collection: 7.319s, learning 1.021s)
             Mean action noise std: 0.44
          Mean value_function loss: 1.0936
               Mean surrogate loss: 0.0024
                 Mean entropy loss: 15.2972
               Mean approx_kl loss: 0.0087
           Mean clip_fraction loss: 0.0947
              Mean ratio_mean loss: 1.0000
          Mean advantage_mean loss: 0.0000
           Mean advantage_std loss: 1.0000
      Mean explained_variance loss: 0.9261
                       Mean reward: 43.62
               Mean episode length: 192.00
Episode_Reward/motion_global_anchor_pos: 0.0780
Episode_Reward/motion_global_anchor_ori: 0.1574
    Episode_Reward/motion_body_pos: 0.3299
    Episode_Reward/motion_body_ori: 0.2070
Episode_Reward/motion_body_lin_vel: 0.3627
Episode_Reward/motion_body_ang_vel: 0.2510
Episode_Reward/motion_anchor_lin_vel: 0.2823
           Episode_Reward/base_pos: 0.5133
         Episode_Reward/racket_pos: 0.6668
         Episode_Reward/racket_vel: 1.2508
         Episode_Reward/racket_ori: 0.3493
Episode_Reward/torso_forward_lean_l2: -0.0137
 Episode_Reward/base_ang_vel_xy_l2: -0.1481
 Episode_Reward/undesired_contacts: -0.0002
Episode_Reward/hitter_foot_slip_l2: -0.1383
Episode_Reward/hitter_hit_unstable_support: -0.0118
Episode_Reward/hitter_foot_edge_drag: -0.0255
    Episode_Reward/hip_yaw_default: 0.6608
     Episode_Reward/action_rate_l2: -0.4924
        Episode_Reward/joint_limit: -0.0133
          Episode_Reward/joint_acc: -0.0273
       Episode_Reward/joint_torque: -0.0120
   Metrics/motion/error_anchor_pos: 0.3924
   Metrics/motion/error_anchor_rot: 0.0953
Metrics/motion/error_anchor_lin_vel: 0.3982
Metrics/motion/error_anchor_ang_vel: 1.2415
     Metrics/motion/error_body_pos: 0.0728
     Metrics/motion/error_body_rot: 0.2532
 Metrics/motion/error_body_lin_vel: 0.4631
 Metrics/motion/error_body_ang_vel: 2.2427
    Metrics/motion/error_joint_pos: 1.1381
    Metrics/motion/error_joint_vel: 9.2180
   Metrics/motion/sampling_entropy: 0.0000
 Metrics/motion/sampling_top1_prob: 0.0000
  Metrics/motion/sampling_top1_bin: 0.0000
Metrics/motion/motion_sampling_prob_mean: 0.1250
Metrics/motion/motion_sampling_prob_std: 0.0000
Metrics/motion/motion_sampling_prob_min: 0.1250
Metrics/motion/motion_sampling_prob_max: 0.1250
Metrics/motion/motion_sampling_prob_entropy: 1.0000
Metrics/motion/hitter_strike_racket_pos_error: 0.0522
Metrics/motion/hitter_strike_racket_vel_error: 0.4079
Metrics/motion/hitter_strike_racket_ori_error: 0.0493
      Episode_Termination/time_out: 111.3333
    Episode_Termination/anchor_pos: 0.0000
    Episode_Termination/anchor_ori: 0.0000
--------------------------------------------------------------------------------
                   Total timesteps: 21504000
                    Iteration time: 8.34s
                      Time elapsed: 00:01:09
                               ETA: 00:13:33

################################################################################
                    [1m Learning iteration 10707/20699 [0m                    

                       Computation: 307690 steps/s (collection: 7.690s, learning 1.046s)
             Mean action noise std: 0.44
          Mean value_function loss: 0.2431
               Mean surrogate loss: 0.0075
                 Mean entropy loss: 15.3106
               Mean approx_kl loss: 0.0206
           Mean clip_fraction loss: 0.2370
              Mean ratio_mean loss: 0.9998
          Mean advantage_mean loss: 0.0000
           Mean advantage_std loss: 1.0000
      Mean explained_variance loss: 0.9830
                       Mean reward: 46.66
               Mean episode length: 216.00
Episode_Reward/motion_global_anchor_pos: 0.0876
Episode_Reward/motion_global_anchor_ori: 0.1798
    Episode_Reward/motion_body_pos: 0.3734
    Episode_Reward/motion_body_ori: 0.2372
Episode_Reward/motion_body_lin_vel: 0.4058
Episode_Reward/motion_body_ang_vel: 0.2878
Episode_Reward/motion_anchor_lin_vel: 0.3128
           Episode_Reward/base_pos: 0.5815
         Episode_Reward/racket_pos: 0.6680
         Episode_Reward/racket_vel: 1.2546
         Episode_Reward/racket_ori: 0.3494
Episode_Reward/torso_forward_lean_l2: -0.0153
 Episode_Reward/base_ang_vel_xy_l2: -0.1640
 Episode_Reward/undesired_contacts: -0.0002
Episode_Reward/hitter_foot_slip_l2: -0.1537
Episode_Reward/hitter_hit_unstable_support: -0.0117
Episode_Reward/hitter_foot_edge_drag: -0.0285
    Episode_Reward/hip_yaw_default: 0.7524
     Episode_Reward/action_rate_l2: -0.5550
        Episode_Reward/joint_limit: -0.0160
          Episode_Reward/joint_acc: -0.0306
       Episode_Reward/joint_torque: -0.0143
   Metrics/motion/error_anchor_pos: 0.3357
   Metrics/motion/error_anchor_rot: 0.0993
Metrics/motion/error_anchor_lin_vel: 0.9110
Metrics/motion/error_anchor_ang_vel: 1.2235
     Metrics/motion/error_body_pos: 0.0784
     Metrics/motion/error_body_rot: 0.2300
 Metrics/motion/error_body_lin_vel: 0.9333
 Metrics/motion/error_body_ang_vel: 2.2934
    Metrics/motion/error_joint_pos: 1.1536
    Metrics/motion/error_joint_vel: 11.9575
   Metrics/motion/sampling_entropy: 0.0000
 Metrics/motion/sampling_top1_prob: 0.0000
  Metrics/motion/sampling_top1_bin: 0.0000
Metrics/motion/motion_sampling_prob_mean: 0.1250
Metrics/motion/motion_sampling_prob_std: 0.0000
Metrics/motion/motion_sampling_prob_min: 0.1250
Metrics/motion/motion_sampling_prob_max: 0.1250
Metrics/motion/motion_sampling_prob_entropy: 1.0000
Metrics/motion/hitter_strike_racket_pos_error: 0.0519
Metrics/motion/hitter_strike_racket_vel_error: 0.4033
Metrics/motion/hitter_strike_racket_ori_error: 0.0490
      Episode_Termination/time_out: 107.5000
    Episode_Termination/anchor_pos: 0.0417
    Episode_Termination/anchor_ori: 0.0000
--------------------------------------------------------------------------------
                   Total timesteps: 24192000
                    Iteration time: 8.74s
                      Time elapsed: 00:01:18
                               ETA: 00:13:34

################################################################################
                    [1m Learning iteration 10708/20699 [0m                    

                       Computation: 309880 steps/s (collection: 7.610s, learning 1.064s)
             Mean action noise std: 0.44
          Mean value_function loss: 0.5103
               Mean surrogate loss: 0.0052
                 Mean entropy loss: 15.2699
               Mean approx_kl loss: 0.0147
           Mean clip_fraction loss: 0.1495
              Mean ratio_mean loss: 0.9998
          Mean advantage_mean loss: 0.0000
           Mean advantage_std loss: 1.0000
      Mean explained_variance loss: 0.9825
                       Mean reward: 61.38
               Mean episode length: 240.00
Episode_Reward/motion_global_anchor_pos: 0.0969
Episode_Reward/motion_global_anchor_ori: 0.2002
    Episode_Reward/motion_body_pos: 0.4163
    Episode_Reward/motion_body_ori: 0.2617
Episode_Reward/motion_body_lin_vel: 0.4452
Episode_Reward/motion_body_ang_vel: 0.3167
Episode_Reward/motion_anchor_lin_vel: 0.3462
           Episode_Reward/base_pos: 0.7306
         Episode_Reward/racket_pos: 0.8226
         Episode_Reward/racket_vel: 1.5421
         Episode_Reward/racket_ori: 0.4280
Episode_Reward/torso_forward_lean_l2: -0.0184
 Episode_Reward/base_ang_vel_xy_l2: -0.1879
 Episode_Reward/undesired_contacts: -0.0003
Episode_Reward/hitter_foot_slip_l2: -0.1757
Episode_Reward/hitter_hit_unstable_support: -0.0155
Episode_Reward/hitter_foot_edge_drag: -0.0326
    Episode_Reward/hip_yaw_default: 0.8348
     Episode_Reward/action_rate_l2: -0.6294
        Episode_Reward/joint_limit: -0.0184
          Episode_Reward/joint_acc: -0.0361
       Episode_Reward/joint_torque: -0.0160
   Metrics/motion/error_anchor_pos: 0.4122
   Metrics/motion/error_anchor_rot: 0.2096
Metrics/motion/error_anchor_lin_vel: 0.4126
Metrics/motion/error_anchor_ang_vel: 3.4239
     Metrics/motion/error_body_pos: 0.0874
     Metrics/motion/error_body_rot: 0.4275
 Metrics/motion/error_body_lin_vel: 0.6727
 Metrics/motion/error_body_ang_vel: 3.5364
    Metrics/motion/error_joint_pos: 1.3707
    Metrics/motion/error_joint_vel: 14.8282
   Metrics/motion/sampling_entropy: 0.0000
 Metrics/motion/sampling_top1_prob: 0.0000
  Metrics/motion/sampling_top1_bin: 0.0000
Metrics/motion/motion_sampling_prob_mean: 0.1250
Metrics/motion/motion_sampling_prob_std: 0.0000
Metrics/motion/motion_sampling_prob_min: 0.1250
Metrics/motion/motion_sampling_prob_max: 0.1250
Metrics/motion/motion_sampling_prob_entropy: 1.0000
Metrics/motion/hitter_strike_racket_pos_error: 0.0520
Metrics/motion/hitter_strike_racket_vel_error: 0.4028
Metrics/motion/hitter_strike_racket_ori_error: 0.0498
      Episode_Termination/time_out: 108.7500
    Episode_Termination/anchor_pos: 0.0417
    Episode_Termination/anchor_ori: 0.0000
--------------------------------------------------------------------------------
                   Total timesteps: 26880000
                    Iteration time: 8.67s
                      Time elapsed: 00:01:27
                               ETA: 00:12:31

################################################################################
                    [1m Learning iteration 10709/20699 [0m                    

                       Computation: 330368 steps/s (collection: 7.468s, learning 0.669s)
             Mean action noise std: 0.44
          Mean value_function loss: 0.2334
               Mean surrogate loss: 0.0134
                 Mean entropy loss: 15.2463
               Mean approx_kl loss: 0.0389
           Mean clip_fraction loss: 0.2906
              Mean ratio_mean loss: 0.9998
          Mean advantage_mean loss: -0.0000
           Mean advantage_std loss: 1.0000
      Mean explained_variance loss: 0.9899
                       Mean reward: 62.55
               Mean episode length: 264.00
Episode_Reward/motion_global_anchor_pos: 0.1049
Episode_Reward/motion_global_anchor_ori: 0.2192
    Episode_Reward/motion_body_pos: 0.4598
    Episode_Reward/motion_body_ori: 0.2858
Episode_Reward/motion_body_lin_vel: 0.4948
Episode_Reward/motion_body_ang_vel: 0.3458
Episode_Reward/motion_anchor_lin_vel: 0.3878
           Episode_Reward/base_pos: 0.7596
         Episode_Reward/racket_pos: 1.0133
         Episode_Reward/racket_vel: 1.8921
         Episode_Reward/racket_ori: 0.5230
Episode_Reward/torso_forward_lean_l2: -0.0201
 Episode_Reward/base_ang_vel_xy_l2: -0.2104
 Episode_Reward/undesired_contacts: -0.0003
Episode_Reward/hitter_foot_slip_l2: -0.1949
Episode_Reward/hitter_hit_unstable_support: -0.0192
Episode_Reward/hitter_foot_edge_drag: -0.0359
    Episode_Reward/hip_yaw_default: 0.9204
     Episode_Reward/action_rate_l2: -0.6971
        Episode_Reward/joint_limit: -0.0199
          Episode_Reward/joint_acc: -0.0390
       Episode_Reward/joint_torque: -0.0174
   Metrics/motion/error_anchor_pos: 0.4193
   Metrics/motion/error_anchor_rot: 0.1455
Metrics/motion/error_anchor_lin_vel: 0.2819
Metrics/motion/error_anchor_ang_vel: 1.3431
     Metrics/motion/error_body_pos: 0.0562
     Metrics/motion/error_body_rot: 0.2514
 Metrics/motion/error_body_lin_vel: 0.4061
 Metrics/motion/error_body_ang_vel: 2.2655
    Metrics/motion/error_joint_pos: 0.9262
    Metrics/motion/error_joint_vel: 9.2553
   Metrics/motion/sampling_entropy: 0.0000
 Metrics/motion/sampling_top1_prob: 0.0000
  Metrics/motion/sampling_top1_bin: 0.0000
Metrics/motion/motion_sampling_prob_mean: 0.1250
Metrics/motion/motion_sampling_prob_std: 0.0000
Metrics/motion/motion_sampling_prob_min: 0.1250
Metrics/motion/motion_sampling_prob_max: 0.1250
Metrics/motion/motion_sampling_prob_entropy: 1.0000
Metrics/motion/hitter_strike_racket_pos_error: 0.0512
Metrics/motion/hitter_strike_racket_vel_error: 0.3889
Metrics/motion/hitter_strike_racket_ori_error: 0.0503
      Episode_Termination/time_out: 110.6250
    Episode_Termination/anchor_pos: 0.1250
    Episode_Termination/anchor_ori: 0.0000
--------------------------------------------------------------------------------
                   Total timesteps: 29568000
                    Iteration time: 8.14s
                      Time elapsed: 00:01:35
                               ETA: 00:03:29

################################################################################
                    [1m Learning iteration 10710/20699 [0m                    

                       Computation: 330911 steps/s (collection: 7.454s, learning 0.669s)
             Mean action noise std: 0.44
          Mean value_function loss: 0.9252
               Mean surrogate loss: 0.0102
                 Mean entropy loss: 15.2959
               Mean approx_kl loss: 0.0209
           Mean clip_fraction loss: 0.2141
              Mean ratio_mean loss: 1.0000
          Mean advantage_mean loss: 0.0000
           Mean advantage_std loss: 1.0000
      Mean explained_variance loss: 0.9439
                       Mean reward: 66.25
               Mean episode length: 288.00
Episode_Reward/motion_global_anchor_pos: 0.1137
Episode_Reward/motion_global_anchor_ori: 0.2412
    Episode_Reward/motion_body_pos: 0.5047
    Episode_Reward/motion_body_ori: 0.3147
Episode_Reward/motion_body_lin_vel: 0.5517
Episode_Reward/motion_body_ang_vel: 0.3846
Episode_Reward/motion_anchor_lin_vel: 0.4289
           Episode_Reward/base_pos: 0.7634
         Episode_Reward/racket_pos: 1.0141
         Episode_Reward/racket_vel: 1.8932
         Episode_Reward/racket_ori: 0.5232
Episode_Reward/torso_forward_lean_l2: -0.0208
 Episode_Reward/base_ang_vel_xy_l2: -0.2265
 Episode_Reward/undesired_contacts: -0.0003
Episode_Reward/hitter_foot_slip_l2: -0.2111
Episode_Reward/hitter_hit_unstable_support: -0.0201
Episode_Reward/hitter_foot_edge_drag: -0.0393
    Episode_Reward/hip_yaw_default: 1.0129
     Episode_Reward/action_rate_l2: -0.7531
        Episode_Reward/joint_limit: -0.0208
          Episode_Reward/joint_acc: -0.0416
       Episode_Reward/joint_torque: -0.0187
   Metrics/motion/error_anchor_pos: 0.3827
   Metrics/motion/error_anchor_rot: 0.0960
Metrics/motion/error_anchor_lin_vel: 0.4775
Metrics/motion/error_anchor_ang_vel: 1.2599
     Metrics/motion/error_body_pos: 0.0763
     Metrics/motion/error_body_rot: 0.2463
 Metrics/motion/error_body_lin_vel: 0.5274
 Metrics/motion/error_body_ang_vel: 2.2893
    Metrics/motion/error_joint_pos: 1.1743
    Metrics/motion/error_joint_vel: 9.7402
   Metrics/motion/sampling_entropy: 0.0000
 Metrics/motion/sampling_top1_prob: 0.0000
  Metrics/motion/sampling_top1_bin: 0.0000
Metrics/motion/motion_sampling_prob_mean: 0.1250
Metrics/motion/motion_sampling_prob_std: 0.0000
Metrics/motion/motion_sampling_prob_min: 0.1250
Metrics/motion/motion_sampling_prob_max: 0.1250
Metrics/motion/motion_sampling_prob_entropy: 1.0000
Metrics/motion/hitter_strike_racket_pos_error: 0.0509
Metrics/motion/hitter_strike_racket_vel_error: 0.3909
Metrics/motion/hitter_strike_racket_ori_error: 0.0501
      Episode_Termination/time_out: 117.0000
    Episode_Termination/anchor_pos: 0.0833
    Episode_Termination/anchor_ori: 0.0000
--------------------------------------------------------------------------------
                   Total timesteps: 32256000
                    Iteration time: 8.12s
                      Time elapsed: 00:01:43
                               ETA: 23:55:46

################################################################################
                    [1m Learning iteration 10711/20699 [0m                    

                       Computation: 311428 steps/s (collection: 7.631s, learning 1.000s)
             Mean action noise std: 0.44
          Mean value_function loss: 0.3463
               Mean surrogate loss: 0.0081
                 Mean entropy loss: 15.3261
               Mean approx_kl loss: 0.0212
           Mean clip_fraction loss: 0.2398
              Mean ratio_mean loss: 1.0000
          Mean advantage_mean loss: -0.0000
           Mean advantage_std loss: 1.0000
      Mean explained_variance loss: 0.9767
                       Mean reward: 69.07
               Mean episode length: 312.00
Episode_Reward/motion_global_anchor_pos: 0.1219
Episode_Reward/motion_global_anchor_ori: 0.2633
    Episode_Reward/motion_body_pos: 0.5484
    Episode_Reward/motion_body_ori: 0.3461
Episode_Reward/motion_body_lin_vel: 0.5918
Episode_Reward/motion_body_ang_vel: 0.4212
Episode_Reward/motion_anchor_lin_vel: 0.4573
           Episode_Reward/base_pos: 0.8424
         Episode_Reward/racket_pos: 1.0201
         Episode_Reward/racket_vel: 1.8977
         Episode_Reward/racket_ori: 0.5235
Episode_Reward/torso_forward_lean_l2: -0.0224
 Episode_Reward/base_ang_vel_xy_l2: -0.2429
 Episode_Reward/undesired_contacts: -0.0003
Episode_Reward/hitter_foot_slip_l2: -0.2285
Episode_Reward/hitter_hit_unstable_support: -0.0194
Episode_Reward/hitter_foot_edge_drag: -0.0425
    Episode_Reward/hip_yaw_default: 1.1042
     Episode_Reward/action_rate_l2: -0.8156
        Episode_Reward/joint_limit: -0.0235
          Episode_Reward/joint_acc: -0.0460
       Episode_Reward/joint_torque: -0.0210
   Metrics/motion/error_anchor_pos: 0.3387
   Metrics/motion/error_anchor_rot: 0.1067
Metrics/motion/error_anchor_lin_vel: 0.8900
Metrics/motion/error_anchor_ang_vel: 1.3433
     Metrics/motion/error_body_pos: 0.0767
     Metrics/motion/error_body_rot: 0.2403
 Metrics/motion/error_body_lin_vel: 0.9297
 Metrics/motion/error_body_ang_vel: 2.3630
    Metrics/motion/error_joint_pos: 1.1435
    Metrics/motion/error_joint_vel: 12.0991
   Metrics/motion/sampling_entropy: 0.0000
 Metrics/motion/sampling_top1_prob: 0.0000
  Metrics/motion/sampling_top1_bin: 0.0000
Metrics/motion/motion_sampling_prob_mean: 0.1250
Metrics/motion/motion_sampling_prob_std: 0.0000
Metrics/motion/motion_sampling_prob_min: 0.1250
Metrics/motion/motion_sampling_prob_max: 0.1250
Metrics/motion/motion_sampling_prob_entropy: 1.0000
Metrics/motion/hitter_strike_racket_pos_error: 0.0505
Metrics/motion/hitter_strike_racket_vel_error: 0.3897
Metrics/motion/hitter_strike_racket_ori_error: 0.0503
      Episode_Termination/time_out: 110.0833
    Episode_Termination/anchor_pos: 0.0417
    Episode_Termination/anchor_ori: 0.0000
--------------------------------------------------------------------------------
                   Total timesteps: 34944000
                    Iteration time: 8.63s
                      Time elapsed: 00:01:52
                               ETA: 23:55:42

W0617 00:55:52.475000 1819633 torch/distributed/elastic/agent/server/api.py:704] Received Signals.SIGHUP death signal, shutting down workers
W0617 00:55:52.476000 1819633 torch/distributed/elastic/multiprocessing/api.py:897] Sending process 1819702 closing signal SIGHUP
W0617 00:55:52.477000 1819633 torch/distributed/elastic/multiprocessing/api.py:897] Sending process 1819703 closing signal SIGHUP
Traceback (most recent call last):
  File "/root/.venvs/isaaclab-mosaic/bin/torchrun", line 6, in <module>
    sys.exit(main())
  File "/root/.venvs/isaaclab-mosaic/lib/python3.10/site-packages/torch/distributed/elastic/multiprocessing/errors/__init__.py", line 355, in wrapper
    return f(*args, **kwargs)
  File "/root/.venvs/isaaclab-mosaic/lib/python3.10/site-packages/torch/distributed/run.py", line 919, in main
    run(args)
  File "/root/.venvs/isaaclab-mosaic/lib/python3.10/site-packages/torch/distributed/run.py", line 910, in run
    elastic_launch(
  File "/root/.venvs/isaaclab-mosaic/lib/python3.10/site-packages/torch/distributed/launcher/api.py", line 138, in __call__
    return launch_agent(self._config, self._entrypoint, list(args))
  File "/root/.venvs/isaaclab-mosaic/lib/python3.10/site-packages/torch/distributed/launcher/api.py", line 260, in launch_agent
    result = agent.run()
  File "/root/.venvs/isaaclab-mosaic/lib/python3.10/site-packages/torch/distributed/elastic/metrics/api.py", line 137, in wrapper
    result = f(*args, **kwargs)
  File "/root/.venvs/isaaclab-mosaic/lib/python3.10/site-packages/torch/distributed/elastic/agent/server/api.py", line 696, in run
    result = self._invoke_run(role)
  File "/root/.venvs/isaaclab-mosaic/lib/python3.10/site-packages/torch/distributed/elastic/agent/server/api.py", line 855, in _invoke_run
    time.sleep(monitor_interval)
  File "/root/.venvs/isaaclab-mosaic/lib/python3.10/site-packages/torch/distributed/elastic/multiprocessing/api.py", line 84, in _terminate_process_handler
    raise SignalException(f"Process {os.getpid()} got signal: {sigval}", sigval=sigval)
torch.distributed.elastic.multiprocessing.api.SignalException: Process 1819633 got signal: 1
