[INFO][AppLauncher]: Using device: cuda:0
[INFO][AppLauncher]: Loading experience file: /root/.venvs/isaaclab-mosaic/lib/python3.10/site-packages/isaaclab/apps/isaaclab.python.headless.rendering.kit
[Warning] [simulation_app.simulation_app] Modules: ['omni.kit_app'] were loaded before SimulationApp was started and might not be loaded correctly.
[Warning] [simulation_app.simulation_app] Please check to make sure no extra omniverse or pxr modules are imported before the call to SimulationApp(...)
Loading user config located at: '/root/.venvs/isaaclab-mosaic/lib/python3.10/site-packages/omni/data/Kit/Isaac-Sim/4.5/user.config.json'
[Info] [carb] Logging to file: /root/.venvs/isaaclab-mosaic/lib/python3.10/site-packages/omni/logs/Kit/Isaac-Sim/4.5/kit_20260608_203306.log
2026-06-08 12:33:07 [0ms] [Warning] [omni.kit.app.plugin] No crash reporter present, dumps uploading isn't available.
2026-06-08 12:33:07 [16ms] [Warning] [omni.ext.plugin] [ext: rendering_modes] Extensions config 'extension.toml' doesn't exist '/root/.venvs/isaaclab-mosaic/lib/python3.10/site-packages/isaaclab/apps/rendering_modes' or '/root/.venvs/isaaclab-mosaic/lib/python3.10/site-packages/isaaclab/apps/rendering_modes/config'
2026-06-08 12:33:07 [407ms] [Warning] [omni.datastore] OmniHub is inaccessible
2026-06-08 12:33:07 [464ms] [Warning] [carb.windowing-glfw.plugin] GLFW initialization failed.
2026-06-08 12:33:07 [464ms] [Warning] [carb] Failed to startup plugin carb.windowing-glfw.plugin (interfaces: [carb::windowing::IGLContext v1.0],[carb::windowing::IWindowing v1.5]) (impl: carb.windowing-glfw.plugin)
2026-06-08 12:33:07 [671ms] [Warning] [omni.platforminfo.plugin] failed to open the default display.  Can't verify X Server version.
2026-06-08 12:33:08 [1,395ms] [Warning] [carb.windowing-glfw.plugin] GLFW initialization failed.
2026-06-08 12:33:08 [1,395ms] [Warning] [carb] Failed to startup plugin carb.windowing-glfw.plugin (interfaces: [carb::windowing::IGLContext v1.0],[carb::windowing::IWindowing v1.5]) (impl: carb.windowing-glfw.plugin)
2026-06-08 12:33:08 [1,395ms] [Error] [carb.glinterop.plugin] GLInteropContext::init: carb::windowing is not available

|---------------------------------------------------------------------------------------------|
| Driver Version: 535.161.08    | Graphics API: Vulkan
|=============================================================================================|
| GPU | Name                             | Active | LDA | GPU Memory | Vendor-ID | LUID       |
|     |                                  |        |     |            | Device-ID | UUID       |
|     |                                  |        |     |            | Bus-ID    |            |
|---------------------------------------------------------------------------------------------|
| 0   | NVIDIA A100-SXM4-40GB            | Yes: 0 |     | 40960   MB | 10de      | 0          |
|     |                                  |        |     |            | 20b0      | d7b2f38c.. |
|     |                                  |        |     |            | 7         |            |
|---------------------------------------------------------------------------------------------|
| 1   | NVIDIA A100-SXM4-40GB            |        |     | 40960   MB | 10de      | 0          |
|     |                                  |        |     |            | 20b0      | 2765dc13.. |
|     |                                  |        |     |            | f         |            |
|=============================================================================================|
| OS: 22.04.4 LTS (Jammy Jellyfish) ubuntu, Version: 22.04.4, Kernel: 5.15.0-1053-nvidia
| Processor: AMD EPYC 7742 64-Core Processor
| Bare Metal Cores: 128 | Bare Metal Logical Cores: 256
| Core Usage Quota: 45
|---------------------------------------------------------------------------------------------|
| Total Memory (MB): 184320 | Free Memory: 153400
| Total Page/Swap (MB): 0 | Free Page/Swap: 0
|---------------------------------------------------------------------------------------------|
2026-06-08 12:33:10 [3,625ms] [Warning] [gpu.foundation.plugin] ECC is enabled on physical device 0
2026-06-08 12:33:10 [3,627ms] [Warning] [gpu.foundation.plugin] IOMMU is enabled.
2026-06-08 12:33:10 [3,627ms] [Warning] [gpu.foundation.plugin] Detected IOMMU is enabled. Running CUDA peer-to-peer bandwidth and latency validation.
Unidirectional P2P=Enabled Bandwidth (P2P Writes) Matrix (GB/s)
   D\D     0      1 
     0 1272.43 262.30 
     1 275.43 1292.49 
P2P=Enabled Latency (P2P Writes) Matrix (us)
   GPU     0      1 
     0   2.53   3.38 
     1   3.56   3.03 

   CPU     0      1 
     0   3.68   3.12 
     1   2.98   3.31 
2026-06-08 12:33:11 [4,779ms] [Warning] [carb.windowing-glfw.plugin] GLFW initialization failed.
2026-06-08 12:33:11 [4,779ms] [Warning] [carb] Failed to startup plugin carb.windowing-glfw.plugin (interfaces: [carb::windowing::IGLContext v1.0],[carb::windowing::IWindowing v1.5]) (impl: carb.windowing-glfw.plugin)
2026-06-08 12:33:11 [4,890ms] [Warning] [carb.windowing-glfw.plugin] GLFW initialization failed.
2026-06-08 12:33:11 [4,890ms] [Warning] [carb] Failed to startup plugin carb.windowing-glfw.plugin (interfaces: [carb::windowing::IGLContext v1.0],[carb::windowing::IWindowing v1.5]) (impl: carb.windowing-glfw.plugin)
2026-06-08 12:33:11 [4,942ms] [Warning] [carb.windowing-glfw.plugin] GLFW initialization failed.
2026-06-08 12:33:11 [4,942ms] [Warning] [carb] Failed to startup plugin carb.windowing-glfw.plugin (interfaces: [carb::windowing::IGLContext v1.0],[carb::windowing::IWindowing v1.5]) (impl: carb.windowing-glfw.plugin)
2026-06-08 12:33:12 [4,999ms] [Warning] [carb.windowing-glfw.plugin] GLFW initialization failed.
2026-06-08 12:33:12 [4,999ms] [Warning] [carb] Failed to startup plugin carb.windowing-glfw.plugin (interfaces: [carb::windowing::IGLContext v1.0],[carb::windowing::IWindowing v1.5]) (impl: carb.windowing-glfw.plugin)
2026-06-08 12:33:12 [5,031ms] [Warning] [carb.windowing-glfw.plugin] GLFW initialization failed.
2026-06-08 12:33:12 [5,031ms] [Warning] [carb] Failed to startup plugin carb.windowing-glfw.plugin (interfaces: [carb::windowing::IGLContext v1.0],[carb::windowing::IWindowing v1.5]) (impl: carb.windowing-glfw.plugin)
2026-06-08 12:33:12 [5,061ms] [Warning] [carb.windowing-glfw.plugin] GLFW initialization failed.
2026-06-08 12:33:12 [5,061ms] [Warning] [carb] Failed to startup plugin carb.windowing-glfw.plugin (interfaces: [carb::windowing::IGLContext v1.0],[carb::windowing::IWindowing v1.5]) (impl: carb.windowing-glfw.plugin)
2026-06-08 12:33:12 [5,583ms] [Warning] [omni.log] Source: omni.hydra was already registered.
2026-06-08 12:33:12 [5,630ms] [Warning] [omni.isaac.dynamic_control] omni.isaac.dynamic_control is deprecated as of Isaac Sim 4.5. No action is needed from end-users.
xcb_connection_has_error() returned true
2026-06-08 12:33:15 [8,722ms] [Warning] [omni.replicator.core.scripts.extension] No material configuration file, adding configuration to material settings directly.
2026-06-08 12:33:18 [11,636ms] [Warning] [omni.usd-abi.plugin] No setting was found for '/rtx-defaults/ambientOcclusion/enabled'
2026-06-08 12:33:18 [11,636ms] [Warning] [omni.usd-abi.plugin] No setting was found for '/rtx-defaults/directLighting/sampledLighting/enabled'
2026-06-08 12:33:18 [11,637ms] [Warning] [omni.usd-abi.plugin] No setting was found for '/rtx-defaults/indirectDiffuse/enabled'
2026-06-08 12:33:18 [11,637ms] [Warning] [omni.usd-abi.plugin] No setting was found for '/rtx-defaults/raytracing/cached/enabled'
2026-06-08 12:33:18 [11,637ms] [Warning] [omni.usd-abi.plugin] No setting was found for '/rtx-defaults/reflections/enabled'
2026-06-08 12:33:18 [11,637ms] [Warning] [omni.usd-abi.plugin] No setting was found for '/rtx-defaults/sceneDb/ambientLightIntensity'
2026-06-08 12:33:18 [11,637ms] [Warning] [omni.usd-abi.plugin] No setting was found for '/rtx-defaults/translucency/enabled'
2026-06-08 12:33:18 [11,637ms] [Warning] [omni.usd-abi.plugin] No setting was found for '/rtx-defaults/viewTile/limit'
2026-06-08 12:33:18 [11,854ms] [Warning] [rtx.neuraylib.plugin] [IRAY:RENDER]   1.1   IRAY   rend warn : CUDA device 0 (NVIDIA A100-SXM4-40GB): ECC is enabled, this will reduce rendering performance (it is strongly recommended to disable ECC with iray)
2026-06-08 12:33:18 [11,856ms] [Warning] [rtx.neuraylib.plugin] [IRAY:RENDER]   1.1   IRAY   rend warn : CUDA device 1 (NVIDIA A100-SXM4-40GB): ECC is enabled, this will reduce rendering performance (it is strongly recommended to disable ECC with iray)
2026-06-08 12:33:18 [11,865ms] [Warning] [rtx.scenedb.plugin] SceneDbContext : TLAS limit buffer size 6998088704
2026-06-08 12:33:18 [11,865ms] [Warning] [rtx.scenedb.plugin] SceneDbContext : TLAS limit : valid false, within: false
2026-06-08 12:33:18 [11,865ms] [Warning] [rtx.scenedb.plugin] SceneDbContext : TLAS limit : decrement: 167690, decrement size: 6928108032
2026-06-08 12:33:18 [11,865ms] [Warning] [rtx.scenedb.plugin] SceneDbContext : New limit 10281689 (slope: 417, intercept: 5405696)
2026-06-08 12:33:18 [11,865ms] [Warning] [rtx.scenedb.plugin] SceneDbContext : TLAS limit buffer size 4290779520
2026-06-08 12:33:18 [11,865ms] [Warning] [rtx.scenedb.plugin] SceneDbContext : TLAS limit : valid true, within: true
2026-06-08 12:33:59 [52,681ms] [Warning] [omni.usd-abi.plugin] No setting was found for '/rtx-defaults/directLighting/sampledLighting/samplesPerPixel'
2026-06-08 12:33:59 [52,682ms] [Warning] [omni.usd-abi.plugin] No setting was found for '/rtx-defaults/pathtracing/maxSamplesPerLaunch'
2026-06-08 12:33:59 [52,682ms] [Warning] [omni.usd-abi.plugin] No setting was found for '/rtx-defaults-transient/meshlights/forceDisable'
2026-06-08 12:33:59 [52,774ms] [Warning] [omni.usd-abi.plugin] No setting was found for '/rtx-defaults/post/dlss/execMode'
2026-06-08 12:34:03 [56,276ms] [Warning] [rtx.postprocessing.plugin] DLSS-RR is not supported in the current build due to some known bugs with this GPU: NVIDIA A100-SXM4-40GB.Note that RTX Real-Time raytracing mode will not be able to denoise the output correctly.
[INFO]: Parsing configuration from: <class 'whole_body_tracking.tasks.hitter.config.g1.flat_env_cfg.G1HitterStrikingPlannerDomainFlatEnvCfg'>
[INFO]: Parsing configuration from: whole_body_tracking.tasks.hitter.config.g1.agents.rsl_rl_ppo_cfg:G1HitterStrikingPlannerDomainPPORunnerCfg
2026-06-08 12:34:07 [60,038ms] [Warning] [isaaclab.envs.manager_based_env] Seed not set for the environment. The environment creation may not be deterministic.
[INFO]: Base environment:
	Environment device    : cuda:0
	Environment seed      : None
	Physics step-size     : 0.005
	Rendering step-size   : 0.02
	Environment step-size : 0.02
2026-06-08 12:34:08 [61,297ms] [Warning] [isaaclab.terrains.terrain_importer] Visual material specified for ground plane but no diffuse color found. Using default color: (0.0, 0.0, 0.0)
[INFO]: Time taken for scene creation : 1.463936 seconds
[INFO]: Scene manager:  <class InteractiveScene>
	Number of environments: 6
	Environment spacing   : 2.5
	Source prim name      : /World/envs/env_0
	Global prim paths     : ['/World/ground']
	Replicate physics     : True
[INFO]: Starting the simulation. This may take a few seconds. Please wait...
2026-06-08 12:34:12 [65,310ms] [Warning] [omni.hydra.scene_delegate.plugin] Calling getBypassRenderSkelMeshProcessing for prim /World/envs/env_0/Robot/left_ankle_pitch_link/visuals.proto_mesh_id0 that has not been populated
[INFO]: Time taken for simulation start : 3.057341 seconds
[MultiMotionLoader] Motion group distribution:
  - backhand: 3 motions
  - forehand: 3 motions
[MultiMotionCommand] Registered motion groups: ['backhand', 'forehand']
[MultiMotionCommand]   - Group 'backhand': 3 motions
[MultiMotionCommand]   - Group 'forehand': 3 motions
[INFO] Command Manager:  <CommandManager> contains 1 active terms.
+----------------------------------------+
|          Active Command Terms          |
+-------+--------+-----------------------+
| Index | Name   |          Type         |
+-------+--------+-----------------------+
|   0   | motion | HitterStrikingCommand |
+-------+--------+-----------------------+

[INFO] Event Manager:  <EventManager> contains 0 active terms.

[INFO] Recorder Manager:  <RecorderManager> contains 0 active terms.
+---------------------+
| Active Recorder Terms |
+-----------+---------+
|   Index   | Name    |
+-----------+---------+
+-----------+---------+

[INFO] Action Manager:  <ActionManager> contains 1 active terms.
+------------------------------------+
|  Active Action Terms (shape: 29)   |
+--------+-------------+-------------+
| Index  | Name        |   Dimension |
+--------+-------------+-------------+
|   0    | joint_pos   |          29 |
+--------+-------------+-------------+

[INFO] Observation Manager: <ObservationManager> contains 2 groups.
+---------------------------------------------------------+
| Active Observation Terms in Group: 'policy' (shape: (104,)) |
+-----------+---------------------------------+-----------+
|   Index   | Name                            |   Shape   |
+-----------+---------------------------------+-----------+
|     0     | base_ang_vel                    |    (3,)   |
|     1     | projected_gravity               |    (3,)   |
|     2     | base_forward_xy                 |    (2,)   |
|     3     | base_target_xy                  |    (2,)   |
|     4     | racket_target_pos               |    (3,)   |
|     5     | racket_target_vel               |    (3,)   |
|     6     | time_to_strike                  |    (1,)   |
|     7     | joint_pos                       |   (29,)   |
|     8     | joint_vel                       |   (29,)   |
|     9     | actions                         |   (29,)   |
+-----------+---------------------------------+-----------+
+------------------------------------------------------------+
| Active Observation Terms in Group: 'critic' (shape: (301,)) |
+----------+------------------------------------+------------+
|  Index   | Name                               |   Shape    |
+----------+------------------------------------+------------+
|    0     | base_ang_vel                       |    (3,)    |
|    1     | projected_gravity                  |    (3,)    |
|    2     | base_forward_xy                    |    (2,)    |
|    3     | motion_anchor_pos_b                |    (3,)    |
|    4     | motion_anchor_ori_b                |    (6,)    |
|    5     | base_target_xy                     |    (2,)    |
|    6     | racket_target_pos                  |    (3,)    |
|    7     | racket_target_vel                  |    (3,)    |
|    8     | time_to_strike                     |    (1,)    |
|    9     | joint_pos                          |   (29,)    |
|    10    | joint_vel                          |   (29,)    |
|    11    | actions                            |   (29,)    |
|    12    | base_lin_vel                       |    (3,)    |
|    13    | body_pose                          |   (126,)   |
|    14    | time_left                          |    (1,)    |
|    15    | reference_joint_state              |   (58,)    |
+----------+------------------------------------+------------+

[INFO] Termination Manager:  <TerminationManager> contains 0 active terms.
+----------------------------+
|  Active Termination Terms  |
+--------+-------+-----------+
| Index  | Name  |  Time Out |
+--------+-------+-----------+
+--------+-------+-----------+

[INFO] Reward Manager:  <RewardManager> contains 22 active terms.
+------------------------------------------------+
|              Active Reward Terms               |
+-------+-----------------------------+----------+
| Index | Name                        |   Weight |
+-------+-----------------------------+----------+
|   0   | motion_global_anchor_pos    |      0.5 |
|   1   | motion_global_anchor_ori    |      0.5 |
|   2   | motion_body_pos             |      1.0 |
|   3   | motion_body_ori             |      1.0 |
|   4   | motion_body_lin_vel         |      1.5 |
|   5   | motion_body_ang_vel         |      1.5 |
|   6   | motion_anchor_lin_vel       |      1.0 |
|   7   | base_pos                    |      5.0 |
|   8   | racket_pos                  |     80.0 |
|   9   | racket_vel                  |     30.0 |
|   10  | racket_ori                  |     30.0 |
|   11  | torso_forward_lean_l2       |     -2.0 |
|   12  | base_ang_vel_xy_l2          |     -0.4 |
|   13  | undesired_contacts          |    -0.05 |
|   14  | hitter_foot_slip_l2         |     -2.0 |
|   15  | hitter_hit_unstable_support |     -6.0 |
|   16  | hitter_foot_edge_drag       |     -1.0 |
|   17  | hip_yaw_default             |      2.0 |
|   18  | action_rate_l2              |     -0.1 |
|   19  | joint_limit                 |    -10.0 |
|   20  | joint_acc                   | -2.5e-07 |
|   21  | joint_torque                |   -1e-05 |
+-------+-----------------------------+----------+

[INFO] Curriculum Manager:  <CurriculumManager> contains 0 active terms.
+----------------------+
| Active Curriculum Terms |
+-----------+----------+
|   Index   | Name     |
+-----------+----------+
+-----------+----------+

[INFO]: Completed setting up the environment...
[RefMixReplay] video_folder outputs/ref_replay_mixed
[RefMixReplay] selected_indices [0, 1, 2, 3, 4, 5]
[RefMixReplay] env0: /root/Hitter/MOSAIC-main/data/hitter_motions/hitter_mix_oldiphone_newwechat_20260608_strike43/backhand/backhand_manual_006_cb108680_27.200_29.000_strike43_94f_50fps__unitree_g1.npz
[RefMixReplay] env1: /root/Hitter/MOSAIC-main/data/hitter_motions/hitter_mix_oldiphone_newwechat_20260608_strike43/backhand/backhand_manual_008_cb108680_30.500_31.800_strike43_94f_50fps__unitree_g1.npz
[RefMixReplay] env2: /root/Hitter/MOSAIC-main/data/hitter_motions/hitter_mix_oldiphone_newwechat_20260608_strike43/backhand/backhand_manual_005_cb108680_26.000_27.203_strike43_94f_50fps__unitree_g1.npz
[RefMixReplay] env3: /root/Hitter/MOSAIC-main/data/hitter_motions/hitter_mix_oldiphone_newwechat_20260608_strike43/forehand/forehand_manual_019_c4ef15be_16.902_18.545_expanded_16.784_18.663_50fps__unitree_g1.npz
[RefMixReplay] env4: /root/Hitter/MOSAIC-main/data/hitter_motions/hitter_mix_oldiphone_newwechat_20260608_strike43/forehand/forehand_manual_015_b06277d3_9.608_12.172_50fps__unitree_g1.npz
[RefMixReplay] env5: /root/Hitter/MOSAIC-main/data/hitter_motions/hitter_mix_oldiphone_newwechat_20260608_strike43/forehand/forehand_manual_017_bf8b587b_14.926_16.483_expanded_14.764_16.645_50fps__unitree_g1.npz
[RefMixReplay] step 0 frame0 1
2026-06-08 12:34:21 [74,480ms] [Warning] [omni.syntheticdata.plugin] OgnSdPostRenderVarToHost : rendervar copy from texture directly to host buffer is counter-performant. Please use copy from texture to device buffer first.
[RefMixReplay] step 25 frame0 26
[RefMixReplay] step 50 frame0 51
[RefMixReplay] step 75 frame0 76
[RefMixReplay] step 100 frame0 101
[RefMixReplay] step 125 frame0 126
2026-06-08 12:34:38 [91,632ms] [Warning] [omni.usd] Unexpected reference count of 2 for UsdStage 'anon:0x5651a85cee80:World0.usd' while being closed in UsdContext (this may indicate it is still resident in memory).
