Traceback (most recent call last):
  File "/tmp/rb4-startup-check/sim_loop.py", line 31, in <module>
    import envs.hitter as hitter_module
  File "/home/yhl/Desktop/RobotBridge4_refactor/deploy/envs/__init__.py", line 1, in <module>
    from .mosaic import MosaicEnv
  File "/home/yhl/Desktop/RobotBridge4_refactor/deploy/envs/mosaic.py", line 7, in <module>
    from envs.base_env import BaseEnv
  File "/home/yhl/Desktop/RobotBridge4_refactor/deploy/envs/base_env.py", line 2, in <module>
    import torch
  File "/home/yhl/miniforge3/envs/isaaclab/lib/python3.10/site-packages/torch/__init__.py", line 2680, in <module>
    from torch import _meta_registrations
  File "/home/yhl/miniforge3/envs/isaaclab/lib/python3.10/site-packages/torch/_meta_registrations.py", line 12, in <module>
    from torch._decomp import (
  File "/home/yhl/miniforge3/envs/isaaclab/lib/python3.10/site-packages/torch/_decomp/__init__.py", line 276, in <module>
    import torch._decomp.decompositions
  File "/home/yhl/miniforge3/envs/isaaclab/lib/python3.10/site-packages/torch/_decomp/decompositions.py", line 16, in <module>
    import torch._prims as prims
  File "/home/yhl/miniforge3/envs/isaaclab/lib/python3.10/site-packages/torch/_prims/__init__.py", line 525, in <module>
    abs = _make_elementwise_unary_prim(
  File "/home/yhl/miniforge3/envs/isaaclab/lib/python3.10/site-packages/torch/_prims/__init__.py", line 493, in _make_elementwise_unary_prim
    return _make_prim(
  File "/home/yhl/miniforge3/envs/isaaclab/lib/python3.10/site-packages/torch/_prims/__init__.py", line 321, in _make_prim
    prim_def = torch.library.custom_op(
  File "/home/yhl/miniforge3/envs/isaaclab/lib/python3.10/site-packages/torch/_library/custom_ops.py", line 172, in custom_op
    return inner(fn)
  File "/home/yhl/miniforge3/envs/isaaclab/lib/python3.10/site-packages/torch/_library/custom_ops.py", line 153, in inner
    result = CustomOpDef(namespace, opname, schema_str, fn, tags)
  File "/home/yhl/miniforge3/envs/isaaclab/lib/python3.10/site-packages/torch/_library/custom_ops.py", line 211, in __init__
    self._register_to_dispatcher(self._tags)
  File "/home/yhl/miniforge3/envs/isaaclab/lib/python3.10/site-packages/torch/_library/custom_ops.py", line 629, in _register_to_dispatcher
    lib._register_fake(self._name, fake_impl, _stacklevel=4)
  File "/home/yhl/miniforge3/envs/isaaclab/lib/python3.10/site-packages/torch/library.py", line 190, in _register_fake
    source = torch._library.utils.get_source(_stacklevel + 1)
  File "/home/yhl/miniforge3/envs/isaaclab/lib/python3.10/site-packages/torch/_library/utils.py", line 44, in get_source
    frame = inspect.getframeinfo(sys._getframe(stacklevel))
  File "/home/yhl/miniforge3/envs/isaaclab/lib/python3.10/inspect.py", line 1624, in getframeinfo
    lines, lnum = findsource(frame)
  File "/home/yhl/miniforge3/envs/isaaclab/lib/python3.10/inspect.py", line 952, in findsource
    module = getmodule(object, file)
  File "/home/yhl/miniforge3/envs/isaaclab/lib/python3.10/inspect.py", line 878, in getmodule
    os.path.realpath(f)] = module.__name__
  File "/home/yhl/miniforge3/envs/isaaclab/lib/python3.10/posixpath.py", line 393, in realpath
    path, ok = _joinrealpath(filename[:0], filename, strict, {})
  File "/home/yhl/miniforge3/envs/isaaclab/lib/python3.10/posixpath.py", line 441, in _joinrealpath
    is_link = stat.S_ISLNK(st.st_mode)
AttributeError: module 'stat' has no attribute 'isinstance'
