BUILD nexus_probe_cpp
BUILD vicon_datastream_dump
BUILD vicon_frame_stream
BUILD vicon_table_lcm_bridge
BUILD tests/test_transformation_t_v2
RUN /home/yhl/Desktop/RobotBridge4_refactor/deploy/mocap_bridge/.build-v2/test_transformation_t_v2
BUILD tests/test_vicon_ball_track_v2
RUN /home/yhl/Desktop/RobotBridge4_refactor/deploy/mocap_bridge/.build-v2/test_vicon_ball_track_v2
--tracker-name must be exactly G1Pelvis because the deployed pelvis calibration is bound to it
--table-calib and --save-table-calib are mutually exclusive
--save-table-calib and --pelvis-orientation-calib resolve to the same calibration file: /tmp/robotbridge4-calib.json
--channel must be exactly vicon_state_data_v2
Invalid --ball-track-end-timeout-s value, expected a finite positive number: 0
Invalid --ball-track-association-radius-m value, expected a finite positive number: nan
Invalid --ball-track-end-timeout-s value, expected a finite positive number: inf
Missing value for --channel
Missing value for --ball-track-association-radius-m
Missing value for --ball-track-end-timeout-s
Invalid --ball-track-association-radius-m value, expected a finite positive number: abc
Invalid --ball-track-association-radius-m value, expected a finite positive number: 0.35junk
Invalid --ball-track-end-timeout-s value, expected a finite positive number: abc
Invalid --ball-track-end-timeout-s value, expected a finite positive number: 0.25junk
Missing value for --pelvis-orientation-calib
Missing value for --host
Missing value for --host
Missing value for --table-calib
Missing value for --save-table-calib
Missing value for --lcm-url
Missing value for --ignore-raw-sphere-m
Invalid --duration value, expected a finite non-negative number: abc
Invalid --duration value, expected a finite non-negative number: nan
Invalid --duration value, expected a finite non-negative number: inf
Invalid --duration value, expected a finite non-negative number: 1junk
Invalid --duration value, expected a finite non-negative number: -1
Missing value for --duration
Invalid --print-hz value, expected a finite positive number: abc
Invalid --print-hz value, expected a finite positive number: nan
Invalid --print-hz value, expected a finite positive number: inf
Invalid --print-hz value, expected a finite positive number: 1junk
Invalid --print-hz value, expected a finite positive number: -1
Invalid --print-hz value, expected a finite positive number: 0
Missing value for --print-hz
Invalid --calib-sec value, expected a finite positive number: abc
Invalid --calib-sec value, expected a finite positive number: nan
Invalid --calib-sec value, expected a finite positive number: inf
Invalid --calib-sec value, expected a finite positive number: 1junk
Invalid --calib-sec value, expected a finite positive number: -1
Invalid --calib-sec value, expected a finite positive number: 0
Missing value for --calib-sec
Invalid --table-length value, expected a finite positive number: abc
Invalid --table-length value, expected a finite positive number: nan
Invalid --table-length value, expected a finite positive number: inf
Invalid --table-length value, expected a finite positive number: 1junk
Invalid --table-length value, expected a finite positive number: -1
Invalid --table-length value, expected a finite positive number: 0
Missing value for --table-length
Invalid --table-width value, expected a finite positive number: abc
Invalid --table-width value, expected a finite positive number: nan
Invalid --table-width value, expected a finite positive number: inf
Invalid --table-width value, expected a finite positive number: 1junk
Invalid --table-width value, expected a finite positive number: -1
Invalid --table-width value, expected a finite positive number: 0
Missing value for --table-width
Invalid --table-height value, expected a finite positive number: abc
Invalid --table-height value, expected a finite positive number: nan
Invalid --table-height value, expected a finite positive number: inf
Invalid --table-height value, expected a finite positive number: 1junk
Invalid --table-height value, expected a finite positive number: -1
Invalid --table-height value, expected a finite positive number: 0
Missing value for --table-height
Invalid --vicon-frame-rate-hz value, expected a finite positive number: abc
Invalid --vicon-frame-rate-hz value, expected a finite positive number: nan
Invalid --vicon-frame-rate-hz value, expected a finite positive number: inf
Invalid --vicon-frame-rate-hz value, expected a finite positive number: 1junk
Invalid --vicon-frame-rate-hz value, expected a finite positive number: -1
Invalid --vicon-frame-rate-hz value, expected a finite positive number: 0
Missing value for --vicon-frame-rate-hz
Invalid --expected-base-edge-distance value, expected a finite non-negative number: abc
Invalid --expected-base-edge-distance value, expected a finite non-negative number: nan
Invalid --expected-base-edge-distance value, expected a finite non-negative number: inf
Invalid --expected-base-edge-distance value, expected a finite non-negative number: 1junk
Invalid --expected-base-edge-distance value, expected a finite non-negative number: -1
Missing value for --expected-base-edge-distance
Invalid --corner-exclusion-radius-mm value, expected a finite non-negative number: abc
Invalid --corner-exclusion-radius-mm value, expected a finite non-negative number: nan
Invalid --corner-exclusion-radius-mm value, expected a finite non-negative number: inf
Invalid --corner-exclusion-radius-mm value, expected a finite non-negative number: 1junk
Invalid --corner-exclusion-radius-mm value, expected a finite non-negative number: -1
Missing value for --corner-exclusion-radius-mm
PASS: Vicon v2 ball track contract
CHECK calibration preflight (no network)
table calibration: /home/yhl/Desktop/RobotBridge4_refactor/deploy/mocap_bridge/calibrations/vicon_table_frame_20260822_validated.json (sha256=3a7b08abd615e0fa06715c8af424b01cf346a39c0734f4e32bdf6d5d0663b649)
pelvis calibration: /home/yhl/Desktop/RobotBridge4_refactor/deploy/mocap_bridge/calibrations/vicon_g1_pelvis_orientation_20260822_validated.json (sha256=a9f841d119ba8db531a7c463d5c7c2bcef27e747e5f62e88418531a15d9d56ee)
policy calibration contract: vicon_state_data_v2/G2Pelvis, center=[1.365369, 0.0], H/L/W=0.76/2.730738/1.512451
RobotBridge4 real deployment calibration bundle: 20260822 validated
Calibration preflight: PASS
PASS: six C++ files compiled, two offline contracts and calibration preflight completed
