[32m2026-07-25 12:40:01.997[0m | [1mINFO    [0m | [36m__main__[0m:[36mmain[0m:[36m27[0m - [1mLog saved to /home/loco1/BOB/Hitter/RobotBridge2/deploy/outputs/2026-07-25/12-40-01/eval.log[0m
[32m2026-07-25 12:40:02.826[0m | [1mINFO    [0m | [36mutils.motion_lib.torch_humanoid_batch[0m:[36m<module>[0m:[36m41[0m - [1mUsing Humanoid Batch[0m
[32m2026-07-25 12:40:02.949[0m | [1mINFO    [0m | [36msimulator.base_sim[0m:[36m_setup[0m:[36m41[0m - [1mRobot-level Control Frequency Set to 200.0HZ[0m
[32m2026-07-25 12:40:02.949[0m | [1mINFO    [0m | [36msimulator.base_sim[0m:[36m_setup[0m:[36m42[0m - [1mPolicy-level Control Frequency Set to 50.0HZ[0m
[32m2026-07-25 12:40:02.950[0m | [1mINFO    [0m | [36msimulator.base_sim[0m:[36m_load_asset[0m:[36m55[0m - [1mJoint left_hip_pitch_joint  Default Angles -0.31200000643730164  P_gain 40.179237365722656  D_gain 2.557889938354492 [0m
[32m2026-07-25 12:40:02.950[0m | [1mINFO    [0m | [36msimulator.base_sim[0m:[36m_load_asset[0m:[36m55[0m - [1mJoint left_hip_roll_joint  Default Angles 0.0  P_gain 99.09842681884766  D_gain 6.308802127838135 [0m
[32m2026-07-25 12:40:02.950[0m | [1mINFO    [0m | [36msimulator.base_sim[0m:[36m_load_asset[0m:[36m55[0m - [1mJoint left_hip_yaw_joint  Default Angles 0.0  P_gain 40.179237365722656  D_gain 2.557889938354492 [0m
[32m2026-07-25 12:40:02.950[0m | [1mINFO    [0m | [36msimulator.base_sim[0m:[36m_load_asset[0m:[36m55[0m - [1mJoint left_knee_joint  Default Angles 0.6690000295639038  P_gain 99.09842681884766  D_gain 6.308802127838135 [0m
[32m2026-07-25 12:40:02.950[0m | [1mINFO    [0m | [36msimulator.base_sim[0m:[36m_load_asset[0m:[36m55[0m - [1mJoint left_ankle_pitch_joint  Default Angles -0.3630000054836273  P_gain 28.501245498657227  D_gain 1.814445972442627 [0m
[32m2026-07-25 12:40:02.950[0m | [1mINFO    [0m | [36msimulator.base_sim[0m:[36m_load_asset[0m:[36m55[0m - [1mJoint left_ankle_roll_joint  Default Angles 0.0  P_gain 28.501245498657227  D_gain 1.814445972442627 [0m
[32m2026-07-25 12:40:02.950[0m | [1mINFO    [0m | [36msimulator.base_sim[0m:[36m_load_asset[0m:[36m55[0m - [1mJoint right_hip_pitch_joint  Default Angles -0.31200000643730164  P_gain 40.179237365722656  D_gain 2.557889938354492 [0m
[32m2026-07-25 12:40:02.950[0m | [1mINFO    [0m | [36msimulator.base_sim[0m:[36m_load_asset[0m:[36m55[0m - [1mJoint right_hip_roll_joint  Default Angles 0.0  P_gain 99.09842681884766  D_gain 6.308802127838135 [0m
[32m2026-07-25 12:40:02.950[0m | [1mINFO    [0m | [36msimulator.base_sim[0m:[36m_load_asset[0m:[36m55[0m - [1mJoint right_hip_yaw_joint  Default Angles 0.0  P_gain 40.179237365722656  D_gain 2.557889938354492 [0m
[32m2026-07-25 12:40:02.950[0m | [1mINFO    [0m | [36msimulator.base_sim[0m:[36m_load_asset[0m:[36m55[0m - [1mJoint right_knee_joint  Default Angles 0.6690000295639038  P_gain 99.09842681884766  D_gain 6.308802127838135 [0m
[32m2026-07-25 12:40:02.950[0m | [1mINFO    [0m | [36msimulator.base_sim[0m:[36m_load_asset[0m:[36m55[0m - [1mJoint right_ankle_pitch_joint  Default Angles -0.3630000054836273  P_gain 28.501245498657227  D_gain 1.814445972442627 [0m
[32m2026-07-25 12:40:02.950[0m | [1mINFO    [0m | [36msimulator.base_sim[0m:[36m_load_asset[0m:[36m55[0m - [1mJoint right_ankle_roll_joint  Default Angles 0.0  P_gain 28.501245498657227  D_gain 1.814445972442627 [0m
[32m2026-07-25 12:40:02.950[0m | [1mINFO    [0m | [36msimulator.base_sim[0m:[36m_load_asset[0m:[36m55[0m - [1mJoint waist_yaw_joint  Default Angles 0.0  P_gain 40.179237365722656  D_gain 2.557889938354492 [0m
[32m2026-07-25 12:40:02.950[0m | [1mINFO    [0m | [36msimulator.base_sim[0m:[36m_load_asset[0m:[36m55[0m - [1mJoint waist_roll_joint  Default Angles 0.0  P_gain 28.501245498657227  D_gain 1.814445972442627 [0m
[32m2026-07-25 12:40:02.950[0m | [1mINFO    [0m | [36msimulator.base_sim[0m:[36m_load_asset[0m:[36m55[0m - [1mJoint waist_pitch_joint  Default Angles 0.0  P_gain 28.501245498657227  D_gain 1.814445972442627 [0m
[32m2026-07-25 12:40:02.950[0m | [1mINFO    [0m | [36msimulator.base_sim[0m:[36m_load_asset[0m:[36m55[0m - [1mJoint left_shoulder_pitch_joint  Default Angles 0.20000000298023224  P_gain 14.250622749328613  D_gain 0.9072229862213135 [0m
[32m2026-07-25 12:40:02.950[0m | [1mINFO    [0m | [36msimulator.base_sim[0m:[36m_load_asset[0m:[36m55[0m - [1mJoint left_shoulder_roll_joint  Default Angles 0.20000000298023224  P_gain 14.250622749328613  D_gain 0.9072229862213135 [0m
[32m2026-07-25 12:40:02.950[0m | [1mINFO    [0m | [36msimulator.base_sim[0m:[36m_load_asset[0m:[36m55[0m - [1mJoint left_shoulder_yaw_joint  Default Angles 0.0  P_gain 14.250622749328613  D_gain 0.9072229862213135 [0m
[32m2026-07-25 12:40:02.950[0m | [1mINFO    [0m | [36msimulator.base_sim[0m:[36m_load_asset[0m:[36m55[0m - [1mJoint left_elbow_joint  Default Angles 0.6000000238418579  P_gain 14.250622749328613  D_gain 0.9072229862213135 [0m
[32m2026-07-25 12:40:02.950[0m | [1mINFO    [0m | [36msimulator.base_sim[0m:[36m_load_asset[0m:[36m55[0m - [1mJoint left_wrist_roll_joint  Default Angles 0.0  P_gain 14.250622749328613  D_gain 0.9072229862213135 [0m
[32m2026-07-25 12:40:02.950[0m | [1mINFO    [0m | [36msimulator.base_sim[0m:[36m_load_asset[0m:[36m55[0m - [1mJoint left_wrist_pitch_joint  Default Angles 0.0  P_gain 16.77832794189453  D_gain 1.068142056465149 [0m
[32m2026-07-25 12:40:02.951[0m | [1mINFO    [0m | [36msimulator.base_sim[0m:[36m_load_asset[0m:[36m55[0m - [1mJoint left_wrist_yaw_joint  Default Angles 0.0  P_gain 16.77832794189453  D_gain 1.068142056465149 [0m
[32m2026-07-25 12:40:02.951[0m | [1mINFO    [0m | [36msimulator.base_sim[0m:[36m_load_asset[0m:[36m55[0m - [1mJoint right_shoulder_pitch_joint  Default Angles 0.20000000298023224  P_gain 14.250622749328613  D_gain 0.9072229862213135 [0m
[32m2026-07-25 12:40:02.951[0m | [1mINFO    [0m | [36msimulator.base_sim[0m:[36m_load_asset[0m:[36m55[0m - [1mJoint right_shoulder_roll_joint  Default Angles -0.20000000298023224  P_gain 14.250622749328613  D_gain 0.9072229862213135 [0m
[32m2026-07-25 12:40:02.951[0m | [1mINFO    [0m | [36msimulator.base_sim[0m:[36m_load_asset[0m:[36m55[0m - [1mJoint right_shoulder_yaw_joint  Default Angles 0.0  P_gain 14.250622749328613  D_gain 0.9072229862213135 [0m
[32m2026-07-25 12:40:02.951[0m | [1mINFO    [0m | [36msimulator.base_sim[0m:[36m_load_asset[0m:[36m55[0m - [1mJoint right_elbow_joint  Default Angles 0.6000000238418579  P_gain 14.250622749328613  D_gain 0.9072229862213135 [0m
[32m2026-07-25 12:40:02.951[0m | [1mINFO    [0m | [36msimulator.base_sim[0m:[36m_load_asset[0m:[36m55[0m - [1mJoint right_wrist_roll_joint  Default Angles 0.0  P_gain 14.250622749328613  D_gain 0.9072229862213135 [0m
[32m2026-07-25 12:40:02.951[0m | [1mINFO    [0m | [36msimulator.base_sim[0m:[36m_load_asset[0m:[36m55[0m - [1mJoint right_wrist_pitch_joint  Default Angles 0.0  P_gain 16.77832794189453  D_gain 1.068142056465149 [0m
[32m2026-07-25 12:40:02.951[0m | [1mINFO    [0m | [36msimulator.base_sim[0m:[36m_load_asset[0m:[36m55[0m - [1mJoint right_wrist_yaw_joint  Default Angles 0.0  P_gain 16.77832794189453  D_gain 1.068142056465149 [0m
[32m2026-07-25 12:40:02.951[0m | [1mINFO    [0m | [36msimulator.base_sim[0m:[36m_load_asset[0m:[36m56[0m - [1mTotal Number of dof: 29[0m
[32m2026-07-25 12:40:02.951[0m | [1mINFO    [0m | [36msimulator.base_sim[0m:[36m_load_asset[0m:[36m57[0m - [1mNumber of Action: 29[0m
mujoco time step :  0.005
[32m2026-07-25 12:40:03.053[0m | [1mINFO    [0m | [36msimulator.mujoco[0m:[36m__init__[0m:[36m39[0m - [1mVisualization Marker: True[0m
[32m2026-07-25 12:40:03.054[0m | [1mINFO    [0m | [36mutils.history_handler[0m:[36m__init__[0m:[36m19[0m - [1mHistory Handler initialized![0m
[32m2026-07-25 12:40:03.055[0m | [1mINFO    [0m | [36menvs.hitter[0m:[36m__init__[0m:[36m86[0m - [1mHITTER ball planner configured.[0m
[32m2026-07-25 12:40:03.059[0m | [1mINFO    [0m | [36magents.base_agent[0m:[36mload_onnx_policy[0m:[36m22[0m - [1mLoading ONNX Checkpoint from ./data/model/hitter/hitter_model8000_oldmotion_104_20260725.onnx[0m
[32m2026-07-25 12:40:03.059[0m | [1mINFO    [0m | [36menvs.hitter[0m:[36mconfigure_from_modelmeta[0m:[36m137[0m - [1mApplying HITTER joint configuration from ONNX model.[0m
[32m2026-07-25 12:40:03.065[0m | [1mINFO    [0m | [36menvs.hitter[0m:[36mconfigure_from_modelmeta[0m:[36m179[0m - [1mHITTER policy metadata configured, 29 degrees of freedom.[0m
[32m2026-07-25 12:40:03.065[0m | [1mINFO    [0m | [36magents.hitter_agent[0m:[36mload_onnx_policy[0m:[36m19[0m - [1mHITTER policy metadata loaded. Joints: 29 Anchor body: pelvis[0m
In run
[32m2026-07-25 12:40:03.065[0m | [1mINFO    [0m | [36msimulator.mujoco[0m:[36mcalibrate[0m:[36m507[0m - [1mResetting envs with ref_dof_pos=['-0.312', '0.000', '0.000', '0.669', '-0.363', '0.000', '-0.312', '0.000', '0.000', '0.669', '-0.363', '0.000', '0.000', '0.000', '0.000', '0.200', '0.200', '0.000', '0.600', '0.000', '0.000', '0.000', '0.200', '-0.200', '0.000', '0.600', '0.000', '0.000', '0.000'][0m
[32m2026-07-25 12:40:03.066[0m | [1mINFO    [0m | [36menvs.hitter[0m:[36m_capture_hitter_waiting_base_target[0m:[36m512[0m - [1mHITTER waiting base target captured at world position [-0.4000000059604645, 0.0, 0.7929999828338623].[0m
[32m2026-07-25 12:40:03.066[0m | [1mINFO    [0m | [36menvs.base_env[0m:[36m_update_obs[0m:[36m92[0m - [1mReceive observation: ['actions', 'root_quat', 'root_rpy', 'base_ang_vel', 'base_lin_vel', 'dof_pos', 'dof_vel', 'projected_gravity'][0m
[32m2026-07-25 12:40:03.067[0m | [1mINFO    [0m | [36menvs.hitter[0m:[36m_update_mujoco_serve_schedule[0m:[36m351[0m - [1mMuJoCo HITTER serve 1/2 at simulation time 0.000 s.[0m
[32m2026-07-25 12:40:03.090[0m | [1mINFO    [0m | [36menvs.hitter[0m:[36m_log_hitter_lifecycle_transition[0m:[36m875[0m - [1mHITTER lifecycle transition: waiting -> tracking[0m
[32m2026-07-25 12:40:03.470[0m | [1mINFO    [0m | [36menvs.hitter[0m:[36m_consume_hitter_planner_result[0m:[36m856[0m - [1mHITTER command armed: epoch=2 generation=20 type=forehand tts=0.918s[0m
[32m2026-07-25 12:40:03.471[0m | [1mINFO    [0m | [36menvs.hitter[0m:[36m_log_hitter_lifecycle_transition[0m:[36m875[0m - [1mHITTER lifecycle transition: tracking -> armed[0m
[32m2026-07-25 12:40:03.490[0m | [1mINFO    [0m | [36menvs.hitter[0m:[36m_consume_hitter_planner_result[0m:[36m856[0m - [1mHITTER command overridden: epoch=2 generation=21 type=forehand tts=0.902s[0m
[32m2026-07-25 12:40:03.510[0m | [1mINFO    [0m | [36menvs.hitter[0m:[36m_consume_hitter_planner_result[0m:[36m856[0m - [1mHITTER command overridden: epoch=2 generation=22 type=forehand tts=0.885s[0m
[32m2026-07-25 12:40:03.530[0m | [1mINFO    [0m | [36menvs.hitter[0m:[36m_consume_hitter_planner_result[0m:[36m856[0m - [1mHITTER command overridden: epoch=2 generation=23 type=forehand tts=0.869s[0m
[32m2026-07-25 12:40:03.551[0m | [1mINFO    [0m | [36menvs.hitter[0m:[36m_consume_hitter_planner_result[0m:[36m856[0m - [1mHITTER command overridden: epoch=2 generation=24 type=forehand tts=0.852s[0m
[32m2026-07-25 12:40:03.570[0m | [1mINFO    [0m | [36menvs.hitter[0m:[36m_consume_hitter_planner_result[0m:[36m856[0m - [1mHITTER command overridden: epoch=2 generation=25 type=forehand tts=0.840s[0m
[32m2026-07-25 12:40:03.591[0m | [1mINFO    [0m | [36menvs.hitter[0m:[36m_consume_hitter_planner_result[0m:[36m856[0m - [1mHITTER command overridden: epoch=2 generation=26 type=forehand tts=0.823s[0m
[32m2026-07-25 12:40:03.611[0m | [1mINFO    [0m | [36menvs.hitter[0m:[36m_consume_hitter_planner_result[0m:[36m856[0m - [1mHITTER command overridden: epoch=2 generation=27 type=forehand tts=0.806s[0m
[32m2026-07-25 12:40:03.631[0m | [1mINFO    [0m | [36menvs.hitter[0m:[36m_consume_hitter_planner_result[0m:[36m856[0m - [1mHITTER command overridden: epoch=2 generation=28 type=forehand tts=0.783s[0m
[32m2026-07-25 12:40:03.651[0m | [1mINFO    [0m | [36menvs.hitter[0m:[36m_consume_hitter_planner_result[0m:[36m856[0m - [1mHITTER command overridden: epoch=2 generation=29 type=forehand tts=0.765s[0m
[32m2026-07-25 12:40:03.671[0m | [1mINFO    [0m | [36menvs.hitter[0m:[36m_consume_hitter_planner_result[0m:[36m856[0m - [1mHITTER command overridden: epoch=2 generation=30 type=forehand tts=0.748s[0m
[32m2026-07-25 12:40:03.691[0m | [1mINFO    [0m | [36menvs.hitter[0m:[36m_consume_hitter_planner_result[0m:[36m856[0m - [1mHITTER command overridden: epoch=2 generation=31 type=forehand tts=0.731s[0m
[32m2026-07-25 12:40:03.712[0m | [1mINFO    [0m | [36menvs.hitter[0m:[36m_consume_hitter_planner_result[0m:[36m856[0m - [1mHITTER command overridden: epoch=2 generation=32 type=forehand tts=0.715s[0m
[32m2026-07-25 12:40:03.731[0m | [1mINFO    [0m | [36menvs.hitter[0m:[36m_consume_hitter_planner_result[0m:[36m856[0m - [1mHITTER command overridden: epoch=2 generation=33 type=forehand tts=0.697s[0m
[32m2026-07-25 12:40:03.752[0m | [1mINFO    [0m | [36menvs.hitter[0m:[36m_consume_hitter_planner_result[0m:[36m856[0m - [1mHITTER command overridden: epoch=2 generation=34 type=forehand tts=0.679s[0m
[32m2026-07-25 12:40:03.772[0m | [1mINFO    [0m | [36menvs.hitter[0m:[36m_consume_hitter_planner_result[0m:[36m856[0m - [1mHITTER command overridden: epoch=2 generation=35 type=forehand tts=0.661s[0m
[32m2026-07-25 12:40:03.791[0m | [1mINFO    [0m | [36menvs.hitter[0m:[36m_consume_hitter_planner_result[0m:[36m856[0m - [1mHITTER command overridden: epoch=2 generation=36 type=forehand tts=0.643s[0m
[32m2026-07-25 12:40:03.811[0m | [1mINFO    [0m | [36menvs.hitter[0m:[36m_consume_hitter_planner_result[0m:[36m856[0m - [1mHITTER command overridden: epoch=2 generation=37 type=forehand tts=0.625s[0m
[32m2026-07-25 12:40:03.832[0m | [1mINFO    [0m | [36menvs.hitter[0m:[36m_consume_hitter_planner_result[0m:[36m856[0m - [1mHITTER command overridden: epoch=2 generation=38 type=forehand tts=0.609s[0m
[32m2026-07-25 12:40:03.852[0m | [1mINFO    [0m | [36menvs.hitter[0m:[36m_consume_hitter_planner_result[0m:[36m856[0m - [1mHITTER command overridden: epoch=2 generation=39 type=forehand tts=0.591s[0m
[32m2026-07-25 12:40:03.871[0m | [1mINFO    [0m | [36menvs.hitter[0m:[36m_consume_hitter_planner_result[0m:[36m856[0m - [1mHITTER command overridden: epoch=2 generation=40 type=forehand tts=0.572s[0m
[32m2026-07-25 12:40:03.891[0m | [1mINFO    [0m | [36menvs.hitter[0m:[36m_consume_hitter_planner_result[0m:[36m856[0m - [1mHITTER command overridden: epoch=2 generation=41 type=forehand tts=0.595s[0m
[32m2026-07-25 12:40:03.911[0m | [1mINFO    [0m | [36menvs.hitter[0m:[36m_consume_hitter_planner_result[0m:[36m856[0m - [1mHITTER command overridden: epoch=2 generation=42 type=forehand tts=0.415s[0m
[32m2026-07-25 12:40:03.931[0m | [1mINFO    [0m | [36menvs.hitter[0m:[36m_consume_hitter_planner_result[0m:[36m856[0m - [1mHITTER command overridden: epoch=2 generation=43 type=forehand tts=0.396s[0m
[32m2026-07-25 12:40:03.952[0m | [1mINFO    [0m | [36menvs.hitter[0m:[36m_consume_hitter_planner_result[0m:[36m856[0m - [1mHITTER command overridden: epoch=2 generation=44 type=forehand tts=0.377s[0m
[32m2026-07-25 12:40:03.972[0m | [1mINFO    [0m | [36menvs.hitter[0m:[36m_consume_hitter_planner_result[0m:[36m856[0m - [1mHITTER command overridden: epoch=2 generation=45 type=forehand tts=0.359s[0m
[32m2026-07-25 12:40:03.991[0m | [1mINFO    [0m | [36menvs.hitter[0m:[36m_consume_hitter_planner_result[0m:[36m856[0m - [1mHITTER command overridden: epoch=2 generation=46 type=forehand tts=0.340s[0m
[32m2026-07-25 12:40:04.011[0m | [1mINFO    [0m | [36menvs.hitter[0m:[36m_consume_hitter_planner_result[0m:[36m856[0m - [1mHITTER command overridden: epoch=2 generation=47 type=forehand tts=0.320s[0m
[32m2026-07-25 12:40:04.031[0m | [1mINFO    [0m | [36menvs.hitter[0m:[36m_consume_hitter_planner_result[0m:[36m856[0m - [1mHITTER command overridden: epoch=2 generation=48 type=forehand tts=0.301s[0m
[32m2026-07-25 12:40:04.051[0m | [1mINFO    [0m | [36menvs.hitter[0m:[36m_consume_hitter_planner_result[0m:[36m856[0m - [1mHITTER command overridden: epoch=2 generation=49 type=forehand tts=0.282s[0m
[32m2026-07-25 12:40:04.071[0m | [1mINFO    [0m | [36menvs.hitter[0m:[36m_consume_hitter_planner_result[0m:[36m856[0m - [1mHITTER command overridden: epoch=2 generation=50 type=forehand tts=0.263s[0m
[32m2026-07-25 12:40:04.091[0m | [1mINFO    [0m | [36menvs.hitter[0m:[36m_consume_hitter_planner_result[0m:[36m856[0m - [1mHITTER command overridden: epoch=2 generation=51 type=forehand tts=0.243s[0m
[32m2026-07-25 12:40:04.111[0m | [1mINFO    [0m | [36menvs.hitter[0m:[36m_consume_hitter_planner_result[0m:[36m856[0m - [1mHITTER command overridden: epoch=2 generation=52 type=forehand tts=0.224s[0m
[32m2026-07-25 12:40:04.131[0m | [1mINFO    [0m | [36menvs.hitter[0m:[36m_consume_hitter_planner_result[0m:[36m856[0m - [1mHITTER command overridden: epoch=2 generation=53 type=forehand tts=0.204s[0m
[32m2026-07-25 12:40:04.151[0m | [1mINFO    [0m | [36menvs.hitter[0m:[36m_consume_hitter_planner_result[0m:[36m856[0m - [1mHITTER command overridden: epoch=2 generation=54 type=forehand tts=0.183s[0m
[32m2026-07-25 12:40:04.171[0m | [1mINFO    [0m | [36menvs.hitter[0m:[36m_consume_hitter_planner_result[0m:[36m856[0m - [1mHITTER command overridden: epoch=2 generation=55 type=forehand tts=0.163s[0m
[32m2026-07-25 12:40:04.191[0m | [1mINFO    [0m | [36menvs.hitter[0m:[36m_consume_hitter_planner_result[0m:[36m856[0m - [1mHITTER command overridden: epoch=2 generation=56 type=forehand tts=0.144s[0m
[32m2026-07-25 12:40:04.211[0m | [1mINFO    [0m | [36menvs.hitter[0m:[36m_consume_hitter_planner_result[0m:[36m856[0m - [1mHITTER command overridden: epoch=2 generation=57 type=forehand tts=0.093s[0m
[32m2026-07-25 12:40:04.231[0m | [1mINFO    [0m | [36menvs.hitter[0m:[36m_consume_hitter_planner_result[0m:[36m856[0m - [1mHITTER command overridden: epoch=2 generation=58 type=forehand tts=0.074s[0m
[32m2026-07-25 12:40:04.251[0m | [1mINFO    [0m | [36menvs.hitter[0m:[36m_consume_hitter_planner_result[0m:[36m856[0m - [1mHITTER command overridden: epoch=2 generation=59 type=forehand tts=0.054s[0m
[32m2026-07-25 12:40:04.271[0m | [1mINFO    [0m | [36menvs.hitter[0m:[36m_consume_hitter_planner_result[0m:[36m856[0m - [1mHITTER command overridden: epoch=2 generation=60 type=forehand tts=0.034s[0m
[32m2026-07-25 12:40:04.291[0m | [1mINFO    [0m | [36menvs.hitter[0m:[36m_consume_hitter_planner_result[0m:[36m856[0m - [1mHITTER command overridden: epoch=2 generation=61 type=forehand tts=0.014s[0m
[32m2026-07-25 12:40:04.307[0m | [1mINFO    [0m | [36menvs.hitter[0m:[36m_log_hitter_advance_transitions[0m:[36m897[0m - [1mHITTER lifecycle transition: armed -> recovery[0m
[32m2026-07-25 12:40:05.267[0m | [1mINFO    [0m | [36menvs.hitter[0m:[36m_log_hitter_advance_transitions[0m:[36m913[0m - [1mHITTER lifecycle transition: recovery -> waiting[0m
[32m2026-07-25 12:40:23.068[0m | [1mINFO    [0m | [36menvs.hitter[0m:[36m_update_mujoco_serve_schedule[0m:[36m351[0m - [1mMuJoCo HITTER serve 2/2 at simulation time 20.000 s.[0m
[32m2026-07-25 12:40:23.070[0m | [1mINFO    [0m | [36menvs.hitter[0m:[36m_log_hitter_lifecycle_transition[0m:[36m875[0m - [1mHITTER lifecycle transition: waiting -> tracking[0m
[32m2026-07-25 12:40:23.470[0m | [1mINFO    [0m | [36menvs.hitter[0m:[36m_consume_hitter_planner_result[0m:[36m856[0m - [1mHITTER command armed: epoch=3 generation=21 type=forehand tts=0.918s[0m
[32m2026-07-25 12:40:23.470[0m | [1mINFO    [0m | [36menvs.hitter[0m:[36m_log_hitter_lifecycle_transition[0m:[36m875[0m - [1mHITTER lifecycle transition: tracking -> armed[0m
[32m2026-07-25 12:40:23.490[0m | [1mINFO    [0m | [36menvs.hitter[0m:[36m_consume_hitter_planner_result[0m:[36m856[0m - [1mHITTER command overridden: epoch=3 generation=22 type=forehand tts=0.902s[0m
[32m2026-07-25 12:40:23.510[0m | [1mINFO    [0m | [36menvs.hitter[0m:[36m_consume_hitter_planner_result[0m:[36m856[0m - [1mHITTER command overridden: epoch=3 generation=23 type=forehand tts=0.885s[0m
[32m2026-07-25 12:40:23.530[0m | [1mINFO    [0m | [36menvs.hitter[0m:[36m_consume_hitter_planner_result[0m:[36m856[0m - [1mHITTER command overridden: epoch=3 generation=24 type=forehand tts=0.869s[0m
[32m2026-07-25 12:40:23.550[0m | [1mINFO    [0m | [36menvs.hitter[0m:[36m_consume_hitter_planner_result[0m:[36m856[0m - [1mHITTER command overridden: epoch=3 generation=25 type=forehand tts=0.852s[0m
[32m2026-07-25 12:40:23.570[0m | [1mINFO    [0m | [36menvs.hitter[0m:[36m_consume_hitter_planner_result[0m:[36m856[0m - [1mHITTER command overridden: epoch=3 generation=26 type=forehand tts=0.840s[0m
[32m2026-07-25 12:40:23.591[0m | [1mINFO    [0m | [36menvs.hitter[0m:[36m_consume_hitter_planner_result[0m:[36m856[0m - [1mHITTER command overridden: epoch=3 generation=27 type=forehand tts=0.823s[0m
[32m2026-07-25 12:40:23.610[0m | [1mINFO    [0m | [36menvs.hitter[0m:[36m_consume_hitter_planner_result[0m:[36m856[0m - [1mHITTER command overridden: epoch=3 generation=28 type=forehand tts=0.806s[0m
[32m2026-07-25 12:40:23.631[0m | [1mINFO    [0m | [36menvs.hitter[0m:[36m_consume_hitter_planner_result[0m:[36m856[0m - [1mHITTER command overridden: epoch=3 generation=29 type=forehand tts=0.783s[0m
[32m2026-07-25 12:40:23.651[0m | [1mINFO    [0m | [36menvs.hitter[0m:[36m_consume_hitter_planner_result[0m:[36m856[0m - [1mHITTER command overridden: epoch=3 generation=30 type=forehand tts=0.765s[0m
[32m2026-07-25 12:40:23.671[0m | [1mINFO    [0m | [36menvs.hitter[0m:[36m_consume_hitter_planner_result[0m:[36m856[0m - [1mHITTER command overridden: epoch=3 generation=31 type=forehand tts=0.748s[0m
[32m2026-07-25 12:40:23.691[0m | [1mINFO    [0m | [36menvs.hitter[0m:[36m_consume_hitter_planner_result[0m:[36m856[0m - [1mHITTER command overridden: epoch=3 generation=32 type=forehand tts=0.731s[0m
[32m2026-07-25 12:40:23.711[0m | [1mINFO    [0m | [36menvs.hitter[0m:[36m_consume_hitter_planner_result[0m:[36m856[0m - [1mHITTER command overridden: epoch=3 generation=33 type=forehand tts=0.715s[0m
[32m2026-07-25 12:40:23.731[0m | [1mINFO    [0m | [36menvs.hitter[0m:[36m_consume_hitter_planner_result[0m:[36m856[0m - [1mHITTER command overridden: epoch=3 generation=34 type=forehand tts=0.697s[0m
[32m2026-07-25 12:40:23.751[0m | [1mINFO    [0m | [36menvs.hitter[0m:[36m_consume_hitter_planner_result[0m:[36m856[0m - [1mHITTER command overridden: epoch=3 generation=35 type=forehand tts=0.679s[0m
[32m2026-07-25 12:40:23.771[0m | [1mINFO    [0m | [36menvs.hitter[0m:[36m_consume_hitter_planner_result[0m:[36m856[0m - [1mHITTER command overridden: epoch=3 generation=36 type=forehand tts=0.661s[0m
[32m2026-07-25 12:40:23.791[0m | [1mINFO    [0m | [36menvs.hitter[0m:[36m_consume_hitter_planner_result[0m:[36m856[0m - [1mHITTER command overridden: epoch=3 generation=37 type=forehand tts=0.643s[0m
[32m2026-07-25 12:40:23.811[0m | [1mINFO    [0m | [36menvs.hitter[0m:[36m_consume_hitter_planner_result[0m:[36m856[0m - [1mHITTER command overridden: epoch=3 generation=38 type=forehand tts=0.625s[0m
[32m2026-07-25 12:40:23.831[0m | [1mINFO    [0m | [36menvs.hitter[0m:[36m_consume_hitter_planner_result[0m:[36m856[0m - [1mHITTER command overridden: epoch=3 generation=39 type=forehand tts=0.609s[0m
[32m2026-07-25 12:40:23.851[0m | [1mINFO    [0m | [36menvs.hitter[0m:[36m_consume_hitter_planner_result[0m:[36m856[0m - [1mHITTER command overridden: epoch=3 generation=40 type=forehand tts=0.591s[0m
[32m2026-07-25 12:40:23.871[0m | [1mINFO    [0m | [36menvs.hitter[0m:[36m_consume_hitter_planner_result[0m:[36m856[0m - [1mHITTER command overridden: epoch=3 generation=41 type=forehand tts=0.572s[0m
[32m2026-07-25 12:40:23.891[0m | [1mINFO    [0m | [36menvs.hitter[0m:[36m_consume_hitter_planner_result[0m:[36m856[0m - [1mHITTER command overridden: epoch=3 generation=42 type=forehand tts=0.595s[0m
[32m2026-07-25 12:40:23.911[0m | [1mINFO    [0m | [36menvs.hitter[0m:[36m_consume_hitter_planner_result[0m:[36m856[0m - [1mHITTER command overridden: epoch=3 generation=43 type=forehand tts=0.415s[0m
[32m2026-07-25 12:40:23.931[0m | [1mINFO    [0m | [36menvs.hitter[0m:[36m_consume_hitter_planner_result[0m:[36m856[0m - [1mHITTER command overridden: epoch=3 generation=44 type=forehand tts=0.396s[0m
[32m2026-07-25 12:40:23.951[0m | [1mINFO    [0m | [36menvs.hitter[0m:[36m_consume_hitter_planner_result[0m:[36m856[0m - [1mHITTER command overridden: epoch=3 generation=45 type=forehand tts=0.377s[0m
[32m2026-07-25 12:40:23.971[0m | [1mINFO    [0m | [36menvs.hitter[0m:[36m_consume_hitter_planner_result[0m:[36m856[0m - [1mHITTER command overridden: epoch=3 generation=46 type=forehand tts=0.359s[0m
[32m2026-07-25 12:40:23.991[0m | [1mINFO    [0m | [36menvs.hitter[0m:[36m_consume_hitter_planner_result[0m:[36m856[0m - [1mHITTER command overridden: epoch=3 generation=47 type=forehand tts=0.340s[0m
[32m2026-07-25 12:40:24.011[0m | [1mINFO    [0m | [36menvs.hitter[0m:[36m_consume_hitter_planner_result[0m:[36m856[0m - [1mHITTER command overridden: epoch=3 generation=48 type=forehand tts=0.320s[0m
[32m2026-07-25 12:40:24.031[0m | [1mINFO    [0m | [36menvs.hitter[0m:[36m_consume_hitter_planner_result[0m:[36m856[0m - [1mHITTER command overridden: epoch=3 generation=49 type=forehand tts=0.301s[0m
[32m2026-07-25 12:40:24.051[0m | [1mINFO    [0m | [36menvs.hitter[0m:[36m_consume_hitter_planner_result[0m:[36m856[0m - [1mHITTER command overridden: epoch=3 generation=50 type=forehand tts=0.282s[0m
[32m2026-07-25 12:40:24.071[0m | [1mINFO    [0m | [36menvs.hitter[0m:[36m_consume_hitter_planner_result[0m:[36m856[0m - [1mHITTER command overridden: epoch=3 generation=51 type=forehand tts=0.263s[0m
[32m2026-07-25 12:40:24.091[0m | [1mINFO    [0m | [36menvs.hitter[0m:[36m_consume_hitter_planner_result[0m:[36m856[0m - [1mHITTER command overridden: epoch=3 generation=52 type=forehand tts=0.243s[0m
[32m2026-07-25 12:40:24.111[0m | [1mINFO    [0m | [36menvs.hitter[0m:[36m_consume_hitter_planner_result[0m:[36m856[0m - [1mHITTER command overridden: epoch=3 generation=53 type=forehand tts=0.224s[0m
[32m2026-07-25 12:40:24.131[0m | [1mINFO    [0m | [36menvs.hitter[0m:[36m_consume_hitter_planner_result[0m:[36m856[0m - [1mHITTER command overridden: epoch=3 generation=54 type=forehand tts=0.204s[0m
[32m2026-07-25 12:40:24.151[0m | [1mINFO    [0m | [36menvs.hitter[0m:[36m_consume_hitter_planner_result[0m:[36m856[0m - [1mHITTER command overridden: epoch=3 generation=55 type=forehand tts=0.183s[0m
[32m2026-07-25 12:40:24.171[0m | [1mINFO    [0m | [36menvs.hitter[0m:[36m_consume_hitter_planner_result[0m:[36m856[0m - [1mHITTER command overridden: epoch=3 generation=56 type=forehand tts=0.163s[0m
[32m2026-07-25 12:40:24.191[0m | [1mINFO    [0m | [36menvs.hitter[0m:[36m_consume_hitter_planner_result[0m:[36m856[0m - [1mHITTER command overridden: epoch=3 generation=57 type=forehand tts=0.144s[0m
[32m2026-07-25 12:40:24.211[0m | [1mINFO    [0m | [36menvs.hitter[0m:[36m_consume_hitter_planner_result[0m:[36m856[0m - [1mHITTER command overridden: epoch=3 generation=58 type=forehand tts=0.093s[0m
[32m2026-07-25 12:40:24.231[0m | [1mINFO    [0m | [36menvs.hitter[0m:[36m_consume_hitter_planner_result[0m:[36m856[0m - [1mHITTER command overridden: epoch=3 generation=59 type=forehand tts=0.074s[0m
[32m2026-07-25 12:40:24.251[0m | [1mINFO    [0m | [36menvs.hitter[0m:[36m_consume_hitter_planner_result[0m:[36m856[0m - [1mHITTER command overridden: epoch=3 generation=60 type=forehand tts=0.054s[0m
[32m2026-07-25 12:40:24.271[0m | [1mINFO    [0m | [36menvs.hitter[0m:[36m_consume_hitter_planner_result[0m:[36m856[0m - [1mHITTER command overridden: epoch=3 generation=61 type=forehand tts=0.034s[0m
[32m2026-07-25 12:40:24.291[0m | [1mINFO    [0m | [36menvs.hitter[0m:[36m_consume_hitter_planner_result[0m:[36m856[0m - [1mHITTER command overridden: epoch=3 generation=62 type=forehand tts=0.014s[0m
[32m2026-07-25 12:40:24.308[0m | [1mINFO    [0m | [36menvs.hitter[0m:[36m_log_hitter_advance_transitions[0m:[36m897[0m - [1mHITTER lifecycle transition: armed -> recovery[0m
[32m2026-07-25 12:40:25.187[0m | [1mINFO    [0m | [36menvs.hitter[0m:[36m_log_hitter_advance_transitions[0m:[36m913[0m - [1mHITTER lifecycle transition: recovery -> waiting[0m
something error, close!!!!!!!!!!!!!!!!!!!!!!!
Error executing job with overrides: ['sim=mujoco', 'device=cpu', 'robot.control.viewer=false', 'robot.control.real_time=true']
Traceback (most recent call last):
  File "/home/loco1/BOB/Hitter/RobotBridge2/deploy/agents/hitter_agent.py", line 42, in run
    obs_buf_dict = self._run_iteration(obs_buf_dict)
  File "/home/loco1/BOB/Hitter/RobotBridge2/deploy/agents/hitter_agent.py", line 34, in _run_iteration
    return self.env.step(action)
  File "/home/loco1/BOB/Hitter/RobotBridge2/deploy/envs/hitter.py", line 226, in step
    return super().step(sim_action[None, ...])
  File "/home/loco1/BOB/Hitter/RobotBridge2/deploy/envs/base_env.py", line 69, in step
    self._physics_step()
  File "/home/loco1/BOB/Hitter/RobotBridge2/deploy/envs/hitter.py", line 1159, in _physics_step
    super()._physics_step()
  File "/home/loco1/BOB/Hitter/RobotBridge2/deploy/envs/base_env.py", line 82, in _physics_step
    self.simulator.apply_action(self.action)
  File "/home/loco1/BOB/Hitter/RobotBridge2/deploy/simulator/mujoco.py", line 480, in apply_action
    time.sleep(time_to_wait)
KeyboardInterrupt

During handling of the above exception, another exception occurred:

Traceback (most recent call last):
  File "run.py", line 34, in <module>
    main()
  File "/home/loco1/miniconda3/envs/rb/lib/python3.8/site-packages/hydra/main.py", line 94, in decorated_main
    _run_hydra(
  File "/home/loco1/miniconda3/envs/rb/lib/python3.8/site-packages/hydra/_internal/utils.py", line 394, in _run_hydra
    _run_app(
  File "/home/loco1/miniconda3/envs/rb/lib/python3.8/site-packages/hydra/_internal/utils.py", line 457, in _run_app
    run_and_report(
  File "/home/loco1/miniconda3/envs/rb/lib/python3.8/site-packages/hydra/_internal/utils.py", line 223, in run_and_report
    raise ex
  File "/home/loco1/miniconda3/envs/rb/lib/python3.8/site-packages/hydra/_internal/utils.py", line 220, in run_and_report
    return func()
  File "/home/loco1/miniconda3/envs/rb/lib/python3.8/site-packages/hydra/_internal/utils.py", line 458, in <lambda>
    lambda: hydra.run(
  File "/home/loco1/miniconda3/envs/rb/lib/python3.8/site-packages/hydra/_internal/hydra.py", line 132, in run
    _ = ret.return_value
  File "/home/loco1/miniconda3/envs/rb/lib/python3.8/site-packages/hydra/core/utils.py", line 260, in return_value
    raise self._return_value
  File "/home/loco1/miniconda3/envs/rb/lib/python3.8/site-packages/hydra/core/utils.py", line 186, in run_job
    ret.return_value = task_function(task_cfg)
  File "run.py", line 30, in main
    agent.run()
  File "/home/loco1/BOB/Hitter/RobotBridge2/deploy/agents/hitter_agent.py", line 52, in run
    self.env.close()
  File "/home/loco1/BOB/Hitter/RobotBridge2/deploy/envs/hitter.py", line 1235, in close
    raise first_error
  File "/home/loco1/BOB/Hitter/RobotBridge2/deploy/envs/hitter.py", line 1218, in close
    simulator_closed = close_simulator() is not False
  File "/home/loco1/BOB/Hitter/RobotBridge2/deploy/simulator/base_sim.py", line 167, in close
    self.lc.unsubscribe(self.joint_state_subscriber)
AttributeError: 'Mujoco' object has no attribute 'joint_state_subscriber'
