[32m2026-06-04 18:46:52.049[0m | [1mINFO    [0m | [36m__main__[0m:[36mmain[0m:[36m27[0m - [1mLog saved to /root/Hitter/RobotBridge/deploy/outputs/2026-06-04/18-46-51/eval.log[0m
[2026-06-04 18:46:54,006][OpenGL.acceleratesupport][INFO] - No OpenGL_accelerate module loaded: No module named 'OpenGL_accelerate'
<unknown>:4: SyntaxWarning: invalid escape sequence '\*'
<unknown>:4: SyntaxWarning: invalid escape sequence '\*'
[32m2026-06-04 18:46:54.360[0m | [1mINFO    [0m | [36mutils.motion_lib.torch_humanoid_batch[0m:[36m<module>[0m:[36m41[0m - [1mUsing Humanoid Batch[0m
[32m2026-06-04 18:46:54.650[0m | [1mINFO    [0m | [36msimulator.base_sim[0m:[36m_setup[0m:[36m41[0m - [1mRobot-level Control Frequency Set to 200.0HZ[0m
[32m2026-06-04 18:46:54.650[0m | [1mINFO    [0m | [36msimulator.base_sim[0m:[36m_setup[0m:[36m42[0m - [1mPolicy-level Control Frequency Set to 50.0HZ[0m
[32m2026-06-04 18:46:54.651[0m | [1mINFO    [0m | [36msimulator.base_sim[0m:[36m_load_asset[0m:[36m55[0m - [1mJoint left_hip_pitch_joint  Default Angles -0.10000000149011612  P_gain 100.0  D_gain 5.0 [0m
[32m2026-06-04 18:46:54.652[0m | [1mINFO    [0m | [36msimulator.base_sim[0m:[36m_load_asset[0m:[36m55[0m - [1mJoint left_hip_roll_joint  Default Angles 0.0  P_gain 100.0  D_gain 5.0 [0m
[32m2026-06-04 18:46:54.652[0m | [1mINFO    [0m | [36msimulator.base_sim[0m:[36m_load_asset[0m:[36m55[0m - [1mJoint left_hip_yaw_joint  Default Angles 0.0  P_gain 100.0  D_gain 5.0 [0m
[32m2026-06-04 18:46:54.652[0m | [1mINFO    [0m | [36msimulator.base_sim[0m:[36m_load_asset[0m:[36m55[0m - [1mJoint left_knee_joint  Default Angles 0.30000001192092896  P_gain 150.0  D_gain 5.0 [0m
[32m2026-06-04 18:46:54.652[0m | [1mINFO    [0m | [36msimulator.base_sim[0m:[36m_load_asset[0m:[36m55[0m - [1mJoint left_ankle_pitch_joint  Default Angles -0.20000000298023224  P_gain 40.0  D_gain 2.0 [0m
[32m2026-06-04 18:46:54.652[0m | [1mINFO    [0m | [36msimulator.base_sim[0m:[36m_load_asset[0m:[36m55[0m - [1mJoint left_ankle_roll_joint  Default Angles 0.0  P_gain 40.0  D_gain 2.0 [0m
[32m2026-06-04 18:46:54.652[0m | [1mINFO    [0m | [36msimulator.base_sim[0m:[36m_load_asset[0m:[36m55[0m - [1mJoint right_hip_pitch_joint  Default Angles -0.10000000149011612  P_gain 100.0  D_gain 5.0 [0m
[32m2026-06-04 18:46:54.652[0m | [1mINFO    [0m | [36msimulator.base_sim[0m:[36m_load_asset[0m:[36m55[0m - [1mJoint right_hip_roll_joint  Default Angles 0.0  P_gain 100.0  D_gain 5.0 [0m
[32m2026-06-04 18:46:54.652[0m | [1mINFO    [0m | [36msimulator.base_sim[0m:[36m_load_asset[0m:[36m55[0m - [1mJoint right_hip_yaw_joint  Default Angles 0.0  P_gain 100.0  D_gain 5.0 [0m
[32m2026-06-04 18:46:54.652[0m | [1mINFO    [0m | [36msimulator.base_sim[0m:[36m_load_asset[0m:[36m55[0m - [1mJoint right_knee_joint  Default Angles 0.30000001192092896  P_gain 150.0  D_gain 5.0 [0m
[32m2026-06-04 18:46:54.652[0m | [1mINFO    [0m | [36msimulator.base_sim[0m:[36m_load_asset[0m:[36m55[0m - [1mJoint right_ankle_pitch_joint  Default Angles -0.20000000298023224  P_gain 40.0  D_gain 2.0 [0m
[32m2026-06-04 18:46:54.652[0m | [1mINFO    [0m | [36msimulator.base_sim[0m:[36m_load_asset[0m:[36m55[0m - [1mJoint right_ankle_roll_joint  Default Angles 0.0  P_gain 40.0  D_gain 2.0 [0m
[32m2026-06-04 18:46:54.652[0m | [1mINFO    [0m | [36msimulator.base_sim[0m:[36m_load_asset[0m:[36m55[0m - [1mJoint waist_yaw_joint  Default Angles 0.0  P_gain 400.0  D_gain 5.0 [0m
[32m2026-06-04 18:46:54.652[0m | [1mINFO    [0m | [36msimulator.base_sim[0m:[36m_load_asset[0m:[36m55[0m - [1mJoint waist_roll_joint  Default Angles 0.0  P_gain 400.0  D_gain 5.0 [0m
[32m2026-06-04 18:46:54.652[0m | [1mINFO    [0m | [36msimulator.base_sim[0m:[36m_load_asset[0m:[36m55[0m - [1mJoint waist_pitch_joint  Default Angles 0.0  P_gain 400.0  D_gain 5.0 [0m
[32m2026-06-04 18:46:54.652[0m | [1mINFO    [0m | [36msimulator.base_sim[0m:[36m_load_asset[0m:[36m55[0m - [1mJoint left_shoulder_pitch_joint  Default Angles 0.20000000298023224  P_gain 100.0  D_gain 2.0 [0m
[32m2026-06-04 18:46:54.652[0m | [1mINFO    [0m | [36msimulator.base_sim[0m:[36m_load_asset[0m:[36m55[0m - [1mJoint left_shoulder_roll_joint  Default Angles 0.20000000298023224  P_gain 100.0  D_gain 2.0 [0m
[32m2026-06-04 18:46:54.652[0m | [1mINFO    [0m | [36msimulator.base_sim[0m:[36m_load_asset[0m:[36m55[0m - [1mJoint left_shoulder_yaw_joint  Default Angles 0.0  P_gain 50.0  D_gain 2.0 [0m
[32m2026-06-04 18:46:54.652[0m | [1mINFO    [0m | [36msimulator.base_sim[0m:[36m_load_asset[0m:[36m55[0m - [1mJoint left_elbow_joint  Default Angles 0.8999999761581421  P_gain 50.0  D_gain 2.0 [0m
[32m2026-06-04 18:46:54.652[0m | [1mINFO    [0m | [36msimulator.base_sim[0m:[36m_load_asset[0m:[36m55[0m - [1mJoint left_wrist_roll_joint  Default Angles 0.0  P_gain 20.0  D_gain 0.5 [0m
[32m2026-06-04 18:46:54.652[0m | [1mINFO    [0m | [36msimulator.base_sim[0m:[36m_load_asset[0m:[36m55[0m - [1mJoint left_wrist_pitch_joint  Default Angles 0.0  P_gain 20.0  D_gain 0.5 [0m
[32m2026-06-04 18:46:54.652[0m | [1mINFO    [0m | [36msimulator.base_sim[0m:[36m_load_asset[0m:[36m55[0m - [1mJoint left_wrist_yaw_joint  Default Angles 0.0  P_gain 20.0  D_gain 0.5 [0m
[32m2026-06-04 18:46:54.652[0m | [1mINFO    [0m | [36msimulator.base_sim[0m:[36m_load_asset[0m:[36m55[0m - [1mJoint right_shoulder_pitch_joint  Default Angles 0.20000000298023224  P_gain 100.0  D_gain 2.0 [0m
[32m2026-06-04 18:46:54.652[0m | [1mINFO    [0m | [36msimulator.base_sim[0m:[36m_load_asset[0m:[36m55[0m - [1mJoint right_shoulder_roll_joint  Default Angles -0.20000000298023224  P_gain 100.0  D_gain 2.0 [0m
[32m2026-06-04 18:46:54.653[0m | [1mINFO    [0m | [36msimulator.base_sim[0m:[36m_load_asset[0m:[36m55[0m - [1mJoint right_shoulder_yaw_joint  Default Angles 0.0  P_gain 50.0  D_gain 2.0 [0m
[32m2026-06-04 18:46:54.653[0m | [1mINFO    [0m | [36msimulator.base_sim[0m:[36m_load_asset[0m:[36m55[0m - [1mJoint right_elbow_joint  Default Angles 0.8999999761581421  P_gain 50.0  D_gain 2.0 [0m
[32m2026-06-04 18:46:54.653[0m | [1mINFO    [0m | [36msimulator.base_sim[0m:[36m_load_asset[0m:[36m55[0m - [1mJoint right_wrist_roll_joint  Default Angles 0.0  P_gain 20.0  D_gain 0.5 [0m
[32m2026-06-04 18:46:54.653[0m | [1mINFO    [0m | [36msimulator.base_sim[0m:[36m_load_asset[0m:[36m55[0m - [1mJoint right_wrist_pitch_joint  Default Angles 0.0  P_gain 20.0  D_gain 0.5 [0m
[32m2026-06-04 18:46:54.653[0m | [1mINFO    [0m | [36msimulator.base_sim[0m:[36m_load_asset[0m:[36m55[0m - [1mJoint right_wrist_yaw_joint  Default Angles 0.0  P_gain 20.0  D_gain 0.5 [0m
[32m2026-06-04 18:46:54.653[0m | [1mINFO    [0m | [36msimulator.base_sim[0m:[36m_load_asset[0m:[36m56[0m - [1mTotal Number of dof: 29[0m
[32m2026-06-04 18:46:54.653[0m | [1mINFO    [0m | [36msimulator.base_sim[0m:[36m_load_asset[0m:[36m57[0m - [1mNumber of Action: 29[0m
mujoco time step :  0.005
[32m2026-06-04 18:46:54.784[0m | [1mINFO    [0m | [36msimulator.mujoco[0m:[36m__init__[0m:[36m38[0m - [1mVisualization Marker: True[0m
[32m2026-06-04 18:46:54.785[0m | [1mINFO    [0m | [36mutils.history_handler[0m:[36m__init__[0m:[36m19[0m - [1mHistory Handler initialized![0m
Error executing job with overrides: ['mimic.policy.checkpoint=/root/Hitter/MOSAIC-main/logs/rsl_rl/hitter_striking_g1/2026-06-04_16-23-58_hitter_userchanges_oldbaai_2xa100_env50000_20260604_162345/exported/policy.onnx', 'mimic.policy.save_video=true', 'mimic.policy.video_dir=/root/Hitter/RobotBridge/deploy/videos_offline/hitter_robotbridge_userchanges_model800_20260604_184651', 'mimic.policy.video_width=1280', 'mimic.policy.video_height=720', 'mimic.policy.video_fps=50']
Traceback (most recent call last):
  File "/usr/local/lib/python3.12/dist-packages/hydra/_internal/instantiate/_instantiate2.py", line 92, in _call_target
    return _target_(*args, **kwargs)
           ^^^^^^^^^^^^^^^^^^^^^^^^^
  File "/root/Hitter/RobotBridge/deploy/envs/hitter.py", line 113, in __init__
    self.init_video()
  File "/root/Hitter/RobotBridge/deploy/envs/hitter.py", line 138, in init_video
    self.offscreen_renderer = mujoco.Renderer(
                              ^^^^^^^^^^^^^^^^
  File "/usr/local/lib/python3.12/dist-packages/mujoco/rendering/classic/renderer.py", line 60, in __init__
    raise ValueError(f"""
ValueError: Image width 1280 > framebuffer width 640. Either reduce the image
width or specify a larger offscreen framebuffer in the model XML using the
clause:
<visual>
  <global offwidth="my_width"/>
</visual>

The above exception was the direct cause of the following exception:

Traceback (most recent call last):
  File "/root/Hitter/RobotBridge/deploy/run.py", line 34, in <module>
    main()
  File "/usr/local/lib/python3.12/dist-packages/hydra/main.py", line 94, in decorated_main
    _run_hydra(
  File "/usr/local/lib/python3.12/dist-packages/hydra/_internal/utils.py", line 394, in _run_hydra
    _run_app(
  File "/usr/local/lib/python3.12/dist-packages/hydra/_internal/utils.py", line 457, in _run_app
    run_and_report(
  File "/usr/local/lib/python3.12/dist-packages/hydra/_internal/utils.py", line 223, in run_and_report
    raise ex
  File "/usr/local/lib/python3.12/dist-packages/hydra/_internal/utils.py", line 220, in run_and_report
    return func()
           ^^^^^^
  File "/usr/local/lib/python3.12/dist-packages/hydra/_internal/utils.py", line 458, in <lambda>
    lambda: hydra.run(
            ^^^^^^^^^^
  File "/usr/local/lib/python3.12/dist-packages/hydra/_internal/hydra.py", line 132, in run
    _ = ret.return_value
        ^^^^^^^^^^^^^^^^
  File "/usr/local/lib/python3.12/dist-packages/hydra/core/utils.py", line 260, in return_value
    raise self._return_value
  File "/usr/local/lib/python3.12/dist-packages/hydra/core/utils.py", line 186, in run_job
    ret.return_value = task_function(task_cfg)
                       ^^^^^^^^^^^^^^^^^^^^^^^
  File "/root/Hitter/RobotBridge/deploy/run.py", line 29, in main
    agent = instantiate(cfg.agent)
            ^^^^^^^^^^^^^^^^^^^^^^
  File "/usr/local/lib/python3.12/dist-packages/hydra/_internal/instantiate/_instantiate2.py", line 226, in instantiate
    return instantiate_node(
           ^^^^^^^^^^^^^^^^^
  File "/usr/local/lib/python3.12/dist-packages/hydra/_internal/instantiate/_instantiate2.py", line 342, in instantiate_node
    value = instantiate_node(
            ^^^^^^^^^^^^^^^^^
  File "/usr/local/lib/python3.12/dist-packages/hydra/_internal/instantiate/_instantiate2.py", line 347, in instantiate_node
    return _call_target(_target_, partial, args, kwargs, full_key)
           ^^^^^^^^^^^^^^^^^^^^^^^^^^^^^^^^^^^^^^^^^^^^^^^^^^^^^^^
  File "/usr/local/lib/python3.12/dist-packages/hydra/_internal/instantiate/_instantiate2.py", line 97, in _call_target
    raise InstantiationException(msg) from e
hydra.errors.InstantiationException: Error in call to target 'envs.hitter.HitterEnv':
ValueError('Image width 1280 > framebuffer width 640. Either reduce the image\nwidth or specify a larger offscreen framebuffer in the model XML using the\nclause:\n<visual>\n  <global offwidth="my_width"/>\n</visual>')
full_key: agent.env
