[32m2026-06-04 18:49:33.725[0m | [1mINFO    [0m | [36m__main__[0m:[36mmain[0m:[36m27[0m - [1mLog saved to /root/Hitter/RobotBridge/deploy/outputs/2026-06-04/18-49-33/eval.log[0m
[2026-06-04 18:49:35,668][OpenGL.acceleratesupport][INFO] - No OpenGL_accelerate module loaded: No module named 'OpenGL_accelerate'
<unknown>:4: SyntaxWarning: invalid escape sequence '\*'
<unknown>:4: SyntaxWarning: invalid escape sequence '\*'
[32m2026-06-04 18:49:36.055[0m | [1mINFO    [0m | [36mutils.motion_lib.torch_humanoid_batch[0m:[36m<module>[0m:[36m41[0m - [1mUsing Humanoid Batch[0m
[32m2026-06-04 18:49:36.358[0m | [1mINFO    [0m | [36msimulator.base_sim[0m:[36m_setup[0m:[36m41[0m - [1mRobot-level Control Frequency Set to 200.0HZ[0m
[32m2026-06-04 18:49:36.358[0m | [1mINFO    [0m | [36msimulator.base_sim[0m:[36m_setup[0m:[36m42[0m - [1mPolicy-level Control Frequency Set to 50.0HZ[0m
[32m2026-06-04 18:49:36.360[0m | [1mINFO    [0m | [36msimulator.base_sim[0m:[36m_load_asset[0m:[36m55[0m - [1mJoint left_hip_pitch_joint  Default Angles -0.10000000149011612  P_gain 100.0  D_gain 5.0 [0m
[32m2026-06-04 18:49:36.360[0m | [1mINFO    [0m | [36msimulator.base_sim[0m:[36m_load_asset[0m:[36m55[0m - [1mJoint left_hip_roll_joint  Default Angles 0.0  P_gain 100.0  D_gain 5.0 [0m
[32m2026-06-04 18:49:36.360[0m | [1mINFO    [0m | [36msimulator.base_sim[0m:[36m_load_asset[0m:[36m55[0m - [1mJoint left_hip_yaw_joint  Default Angles 0.0  P_gain 100.0  D_gain 5.0 [0m
[32m2026-06-04 18:49:36.361[0m | [1mINFO    [0m | [36msimulator.base_sim[0m:[36m_load_asset[0m:[36m55[0m - [1mJoint left_knee_joint  Default Angles 0.30000001192092896  P_gain 150.0  D_gain 5.0 [0m
[32m2026-06-04 18:49:36.361[0m | [1mINFO    [0m | [36msimulator.base_sim[0m:[36m_load_asset[0m:[36m55[0m - [1mJoint left_ankle_pitch_joint  Default Angles -0.20000000298023224  P_gain 40.0  D_gain 2.0 [0m
[32m2026-06-04 18:49:36.361[0m | [1mINFO    [0m | [36msimulator.base_sim[0m:[36m_load_asset[0m:[36m55[0m - [1mJoint left_ankle_roll_joint  Default Angles 0.0  P_gain 40.0  D_gain 2.0 [0m
[32m2026-06-04 18:49:36.361[0m | [1mINFO    [0m | [36msimulator.base_sim[0m:[36m_load_asset[0m:[36m55[0m - [1mJoint right_hip_pitch_joint  Default Angles -0.10000000149011612  P_gain 100.0  D_gain 5.0 [0m
[32m2026-06-04 18:49:36.361[0m | [1mINFO    [0m | [36msimulator.base_sim[0m:[36m_load_asset[0m:[36m55[0m - [1mJoint right_hip_roll_joint  Default Angles 0.0  P_gain 100.0  D_gain 5.0 [0m
[32m2026-06-04 18:49:36.361[0m | [1mINFO    [0m | [36msimulator.base_sim[0m:[36m_load_asset[0m:[36m55[0m - [1mJoint right_hip_yaw_joint  Default Angles 0.0  P_gain 100.0  D_gain 5.0 [0m
[32m2026-06-04 18:49:36.361[0m | [1mINFO    [0m | [36msimulator.base_sim[0m:[36m_load_asset[0m:[36m55[0m - [1mJoint right_knee_joint  Default Angles 0.30000001192092896  P_gain 150.0  D_gain 5.0 [0m
[32m2026-06-04 18:49:36.361[0m | [1mINFO    [0m | [36msimulator.base_sim[0m:[36m_load_asset[0m:[36m55[0m - [1mJoint right_ankle_pitch_joint  Default Angles -0.20000000298023224  P_gain 40.0  D_gain 2.0 [0m
[32m2026-06-04 18:49:36.361[0m | [1mINFO    [0m | [36msimulator.base_sim[0m:[36m_load_asset[0m:[36m55[0m - [1mJoint right_ankle_roll_joint  Default Angles 0.0  P_gain 40.0  D_gain 2.0 [0m
[32m2026-06-04 18:49:36.361[0m | [1mINFO    [0m | [36msimulator.base_sim[0m:[36m_load_asset[0m:[36m55[0m - [1mJoint waist_yaw_joint  Default Angles 0.0  P_gain 400.0  D_gain 5.0 [0m
[32m2026-06-04 18:49:36.361[0m | [1mINFO    [0m | [36msimulator.base_sim[0m:[36m_load_asset[0m:[36m55[0m - [1mJoint waist_roll_joint  Default Angles 0.0  P_gain 400.0  D_gain 5.0 [0m
[32m2026-06-04 18:49:36.361[0m | [1mINFO    [0m | [36msimulator.base_sim[0m:[36m_load_asset[0m:[36m55[0m - [1mJoint waist_pitch_joint  Default Angles 0.0  P_gain 400.0  D_gain 5.0 [0m
[32m2026-06-04 18:49:36.361[0m | [1mINFO    [0m | [36msimulator.base_sim[0m:[36m_load_asset[0m:[36m55[0m - [1mJoint left_shoulder_pitch_joint  Default Angles 0.20000000298023224  P_gain 100.0  D_gain 2.0 [0m
[32m2026-06-04 18:49:36.361[0m | [1mINFO    [0m | [36msimulator.base_sim[0m:[36m_load_asset[0m:[36m55[0m - [1mJoint left_shoulder_roll_joint  Default Angles 0.20000000298023224  P_gain 100.0  D_gain 2.0 [0m
[32m2026-06-04 18:49:36.361[0m | [1mINFO    [0m | [36msimulator.base_sim[0m:[36m_load_asset[0m:[36m55[0m - [1mJoint left_shoulder_yaw_joint  Default Angles 0.0  P_gain 50.0  D_gain 2.0 [0m
[32m2026-06-04 18:49:36.361[0m | [1mINFO    [0m | [36msimulator.base_sim[0m:[36m_load_asset[0m:[36m55[0m - [1mJoint left_elbow_joint  Default Angles 0.8999999761581421  P_gain 50.0  D_gain 2.0 [0m
[32m2026-06-04 18:49:36.361[0m | [1mINFO    [0m | [36msimulator.base_sim[0m:[36m_load_asset[0m:[36m55[0m - [1mJoint left_wrist_roll_joint  Default Angles 0.0  P_gain 20.0  D_gain 0.5 [0m
[32m2026-06-04 18:49:36.361[0m | [1mINFO    [0m | [36msimulator.base_sim[0m:[36m_load_asset[0m:[36m55[0m - [1mJoint left_wrist_pitch_joint  Default Angles 0.0  P_gain 20.0  D_gain 0.5 [0m
[32m2026-06-04 18:49:36.361[0m | [1mINFO    [0m | [36msimulator.base_sim[0m:[36m_load_asset[0m:[36m55[0m - [1mJoint left_wrist_yaw_joint  Default Angles 0.0  P_gain 20.0  D_gain 0.5 [0m
[32m2026-06-04 18:49:36.361[0m | [1mINFO    [0m | [36msimulator.base_sim[0m:[36m_load_asset[0m:[36m55[0m - [1mJoint right_shoulder_pitch_joint  Default Angles 0.20000000298023224  P_gain 100.0  D_gain 2.0 [0m
[32m2026-06-04 18:49:36.361[0m | [1mINFO    [0m | [36msimulator.base_sim[0m:[36m_load_asset[0m:[36m55[0m - [1mJoint right_shoulder_roll_joint  Default Angles -0.20000000298023224  P_gain 100.0  D_gain 2.0 [0m
[32m2026-06-04 18:49:36.361[0m | [1mINFO    [0m | [36msimulator.base_sim[0m:[36m_load_asset[0m:[36m55[0m - [1mJoint right_shoulder_yaw_joint  Default Angles 0.0  P_gain 50.0  D_gain 2.0 [0m
[32m2026-06-04 18:49:36.361[0m | [1mINFO    [0m | [36msimulator.base_sim[0m:[36m_load_asset[0m:[36m55[0m - [1mJoint right_elbow_joint  Default Angles 0.8999999761581421  P_gain 50.0  D_gain 2.0 [0m
[32m2026-06-04 18:49:36.361[0m | [1mINFO    [0m | [36msimulator.base_sim[0m:[36m_load_asset[0m:[36m55[0m - [1mJoint right_wrist_roll_joint  Default Angles 0.0  P_gain 20.0  D_gain 0.5 [0m
[32m2026-06-04 18:49:36.361[0m | [1mINFO    [0m | [36msimulator.base_sim[0m:[36m_load_asset[0m:[36m55[0m - [1mJoint right_wrist_pitch_joint  Default Angles 0.0  P_gain 20.0  D_gain 0.5 [0m
[32m2026-06-04 18:49:36.362[0m | [1mINFO    [0m | [36msimulator.base_sim[0m:[36m_load_asset[0m:[36m55[0m - [1mJoint right_wrist_yaw_joint  Default Angles 0.0  P_gain 20.0  D_gain 0.5 [0m
[32m2026-06-04 18:49:36.362[0m | [1mINFO    [0m | [36msimulator.base_sim[0m:[36m_load_asset[0m:[36m56[0m - [1mTotal Number of dof: 29[0m
[32m2026-06-04 18:49:36.362[0m | [1mINFO    [0m | [36msimulator.base_sim[0m:[36m_load_asset[0m:[36m57[0m - [1mNumber of Action: 29[0m
mujoco time step :  0.005
[32m2026-06-04 18:49:36.486[0m | [1mINFO    [0m | [36msimulator.mujoco[0m:[36m__init__[0m:[36m38[0m - [1mVisualization Marker: True[0m
[32m2026-06-04 18:49:36.487[0m | [1mINFO    [0m | [36mutils.history_handler[0m:[36m__init__[0m:[36m19[0m - [1mHistory Handler initialized![0m
[32m2026-06-04 18:49:36.838[0m | [1mINFO    [0m | [36menvs.hitter[0m:[36minit_video[0m:[36m148[0m - [1mOffscreen video capture enabled: 640x480 @ 50 fps -> /root/Hitter/RobotBridge/deploy/videos_offline/hitter_robotbridge_userchanges_model800_20260604_184933[0m
[32m2026-06-04 18:49:36.864[0m | [1mINFO    [0m | [36magents.base_agent[0m:[36mload_onnx_policy[0m:[36m22[0m - [1mLoading ONNX Checkpoint from /root/Hitter/MOSAIC-main/logs/rsl_rl/hitter_striking_g1/2026-06-04_16-23-58_hitter_userchanges_oldbaai_2xa100_env50000_20260604_162345/exported/policy.onnx[0m
[32m2026-06-04 18:49:36.864[0m | [1mINFO    [0m | [36menvs.hitter[0m:[36mconfigure_from_modelmeta[0m:[36m161[0m - [1mApplying HITTER joint configuration from ONNX model.[0m
[32m2026-06-04 18:49:36.871[0m | [1mINFO    [0m | [36menvs.hitter[0m:[36mconfigure_from_modelmeta[0m:[36m203[0m - [1mHITTER policy metadata configured, 29 degrees of freedom.[0m
[32m2026-06-04 18:49:36.872[0m | [1mINFO    [0m | [36magents.hitter_agent[0m:[36mload_onnx_policy[0m:[36m19[0m - [1mHITTER policy metadata loaded. Joints: 29 Anchor body: pelvis[0m
[32m2026-06-04 18:49:36.873[0m | [1mINFO    [0m | [36msimulator.mujoco[0m:[36mcalibrate[0m:[36m360[0m - [1mResetting envs with ref_dof_pos=['-0.312', '0.000', '0.000', '0.669', '-0.363', '0.000', '-0.312', '0.000', '0.000', '0.669', '-0.363', '0.000', '0.000', '0.000', '0.000', '0.200', '0.200', '0.000', '0.600', '0.000', '0.000', '0.000', '0.200', '-0.200', '0.000', '0.600', '0.000', '0.000', '0.000'][0m
[32m2026-06-04 18:49:36.877[0m | [1mINFO    [0m | [36menvs.base_env[0m:[36m_update_obs[0m:[36m92[0m - [1mReceive observation: ['actions', 'root_quat', 'root_rpy', 'base_ang_vel', 'base_lin_vel', 'dof_pos', 'dof_vel', 'projected_gravity'][0m
[32m2026-06-04 18:49:39.613[0m | [1mINFO    [0m | [36menvs.hitter[0m:[36msave_video[0m:[36m767[0m - [1mSaving video: /root/Hitter/RobotBridge/deploy/videos_offline/hitter_robotbridge_userchanges_model800_20260604_184933/episode_0001.mp4[0m
Exception ignored in: <function Renderer.__del__ at 0x7fe5f6533600>
Traceback (most recent call last):
  File "/usr/local/lib/python3.12/dist-packages/mujoco/rendering/classic/renderer.py", line 343, in __del__
    self.close()
  File "/usr/local/lib/python3.12/dist-packages/mujoco/rendering/classic/renderer.py", line 329, in close
    self._gl_context.free()
  File "/usr/local/lib/python3.12/dist-packages/mujoco/egl/__init__.py", line 131, in free
    EGL.eglMakeCurrent(EGL_DISPLAY, EGL.EGL_NO_SURFACE,
  File "/usr/local/lib/python3.12/dist-packages/OpenGL/error.py", line 230, in glCheckError
    raise self._errorClass(
OpenGL.raw.EGL._errors.EGLError: EGLError(
	err = EGL_NOT_INITIALIZED,
	baseOperation = eglMakeCurrent,
	cArguments = (
		<OpenGL._opaque.EGLDisplay_pointer object at 0x7fe5edec2ed0>,
		<OpenGL._opaque.EGLSurface_pointer object at 0x7fe5f64c3850>,
		<OpenGL._opaque.EGLSurface_pointer object at 0x7fe5f64c3850>,
		<OpenGL._opaque.EGLContext_pointer object at 0x7fe5f64c35d0>,
	),
	result = 0
)
Exception ignored in: <function GLContext.__del__ at 0x7fe5f6532f20>
Traceback (most recent call last):
  File "/usr/local/lib/python3.12/dist-packages/mujoco/egl/__init__.py", line 138, in __del__
    self.free()
  File "/usr/local/lib/python3.12/dist-packages/mujoco/egl/__init__.py", line 131, in free
    EGL.eglMakeCurrent(EGL_DISPLAY, EGL.EGL_NO_SURFACE,
  File "/usr/local/lib/python3.12/dist-packages/OpenGL/error.py", line 230, in glCheckError
    raise self._errorClass(
OpenGL.raw.EGL._errors.EGLError: EGLError(
	err = EGL_NOT_INITIALIZED,
	baseOperation = eglMakeCurrent,
	cArguments = (
		<OpenGL._opaque.EGLDisplay_pointer object at 0x7fe5edec2ed0>,
		<OpenGL._opaque.EGLSurface_pointer object at 0x7fe5f64c3850>,
		<OpenGL._opaque.EGLSurface_pointer object at 0x7fe5f64c3850>,
		<OpenGL._opaque.EGLContext_pointer object at 0x7fe5f64c35d0>,
	),
	result = 0
)
