[INFO][AppLauncher]: Using device: cuda:0
[INFO][AppLauncher]: Loading experience file: /home/sijie/third_party/IsaacLab/apps/isaaclab.python.kit
[Warning] [simulation_app.simulation_app] Modules: ['omni.kit_app'] were loaded before SimulationApp was started and might not be loaded correctly.
[Warning] [simulation_app.simulation_app] Please check to make sure no extra omniverse or pxr modules are imported before the call to SimulationApp(...)
Loading user config located at: '/home/sijie/.venvs/isaaclab-mosaic/lib/python3.10/site-packages/omni/data/Kit/Isaac-Sim/4.5/user.config.json'
[Info] [carb] Logging to file: /home/sijie/.venvs/isaaclab-mosaic/lib/python3.10/site-packages/omni/logs/Kit/Isaac-Sim/4.5/kit_20260626_121940.log
2026-06-26 04:19:40 [0ms] [Warning] [omni.kit.app.plugin] No crash reporter present, dumps uploading isn't available.
2026-06-26 04:19:40 [2ms] [Warning] [omni.ext.plugin] [ext: rendering_modes] Extensions config 'extension.toml' doesn't exist '/home/sijie/third_party/IsaacLab/apps/rendering_modes' or '/home/sijie/third_party/IsaacLab/apps/rendering_modes/config'
[0.048s] [ext: omni.kit.async_engine-0.0.1] startup
[0.207s] [ext: omni.metrics.core-0.0.1] startup
[0.208s] [ext: omni.client.lib-1.0.0] startup
[0.223s] [ext: omni.blobkey-1.1.2] startup
[0.223s] [ext: omni.stats-1.0.1] startup
[0.224s] [ext: omni.datastore-0.0.0] startup
[0.228s] [ext: omni.client-1.2.2] startup
[0.232s] [ext: omni.ujitso.default-1.0.0] startup
[0.233s] [ext: omni.hsscclient-1.1.1] startup
2026-06-26 04:19:40 [212ms] [Warning] [omni.datastore] OmniHub is inaccessible
[0.236s] [ext: omni.gpu_foundation.shadercache.vulkan-1.0.0] startup
[0.239s] [ext: omni.assets.plugins-0.0.0] startup
[0.240s] [ext: omni.gpu_foundation-0.0.0] startup
[0.246s] [ext: carb.windowing.plugins-1.0.0] startup
2026-06-26 04:19:40 [508ms] [Warning] [carb.windowing-glfw.gamepad] Joystick with unknown remapping detected (will be ignored):  Mouse passthrough (absolute) [03000000efbe0000adde000011010000]
2026-06-26 04:19:40 [508ms] [Warning] [carb.windowing-glfw.gamepad] Joystick with unknown remapping detected (will be ignored):  Telink Xiaomi Wireless Keyboard and Mouse Combo 2 Consumer Control [03000000172700005550000011010000]
[0.531s] [ext: omni.kit.renderer.init-0.0.0] startup

|---------------------------------------------------------------------------------------------|
| Driver Version: 580.159.03    | Graphics API: Vulkan
|=============================================================================================|
| GPU | Name                             | Active | LDA | GPU Memory | Vendor-ID | LUID       |
|     |                                  |        |     |            | Device-ID | UUID       |
|     |                                  |        |     |            | Bus-ID    |            |
|---------------------------------------------------------------------------------------------|
| 0   | NVIDIA GeForce RTX 4090          | Yes: 0 |     | 24564   MB | 10de      | 0          |
|     |                                  |        |     |            | 2684      | 61102075.. |
|     |                                  |        |     |            | 1         |            |
|=============================================================================================|
| OS: 22.04.5 LTS (Jammy Jellyfish) ubuntu, Version: 22.04.5, Kernel: 6.8.0-111-generic
| XServer Vendor: The X.Org Foundation, XServer Version: 12101004 (1.21.1.4)
| Processor: Intel(R) Core(TM) i9-14900K
| Cores: 24 | Logical Cores: 32
|---------------------------------------------------------------------------------------------|
| Total Memory (MB): 128551 | Free Memory: 101565
| Total Page/Swap (MB): 2047 | Free Page/Swap: 545
|---------------------------------------------------------------------------------------------|
2026-06-26 04:19:41 [1,157ms] [Warning] [gpu.foundation.plugin] IOMMU is enabled.
[1.318s] [ext: omni.kit.pipapi-0.0.0] startup
[1.319s] [ext: omni.materialx.libs-1.0.6] startup
[1.324s] [ext: omni.kit.pip_archive-0.0.0] startup
[1.324s] [ext: omni.usd.config-1.0.5] startup
[1.327s] [ext: omni.gpucompute.plugins-0.0.0] startup
[1.328s] [ext: omni.usd.libs-1.0.1] startup
[1.383s] [ext: omni.mdl-55.0.1] startup
[1.395s] [ext: omni.iray.libs-0.0.0] startup
[1.399s] [ext: omni.mdl.neuraylib-0.2.10] startup
[1.400s] [ext: omni.kit.usd.mdl-1.0.7] startup
[1.489s] [ext: omni.kit.loop-isaac-1.2.1] startup
[1.490s] [ext: omni.kit.test-1.1.2] startup
[1.527s] [ext: omni.kit.telemetry-0.5.1] startup
[1.554s] [ext: omni.appwindow-1.1.9] startup
[2.394s] [ext: omni.kit.renderer.core-1.0.2] startup
[9.663s] [ext: omni.kit.renderer.capture-0.0.0] startup
[9.665s] [ext: omni.kit.renderer.imgui-1.0.2] startup
[9.716s] [ext: omni.ui-2.26.5] startup
[9.722s] [ext: omni.kit.mainwindow-1.0.3] startup
[9.723s] [ext: carb.audio-0.1.0] startup
[9.725s] [ext: omni.uiaudio-1.0.0] startup
[9.726s] [ext: omni.kit.uiapp-0.0.0] startup
[9.726s] [ext: omni.usd.schema.metrics.assembler-106.5.0] startup
[9.733s] [ext: isaacsim.robot.schema-3.1.2] startup
[9.738s] [ext: omni.usd.schema.omnigraph-1.0.0] startup
[9.742s] [ext: omni.usd.schema.audio-0.0.0] startup
[9.744s] [ext: omni.usd.schema.omniscripting-1.0.0] startup
[9.747s] [ext: omni.usd.schema.anim-0.0.0] startup
[9.760s] [ext: omni.usd.schema.forcefield-106.5.7] startup
[9.767s] [ext: omni.usd.schema.physx-106.5.7] startup
[9.783s] [ext: omni.usd.schema.semantics-0.0.0] startup
[9.785s] [ext: omni.usd.schema.geospatial-0.0.0] startup
[9.787s] [ext: omni.kit.window.popup_dialog-2.0.24] startup
[9.789s] [ext: omni.resourcemonitor-107.0.0] startup
[9.791s] [ext: omni.activity.core-1.0.1] startup
[9.792s] [ext: omni.timeline-1.0.11] startup
[9.793s] [ext: omni.usd_resolver-1.0.0] startup
[9.796s] [ext: omni.kit.widget.nucleus_connector-1.1.10] startup
[9.797s] [ext: usdrt.scenegraph-7.5.1] startup
[9.825s] [ext: omni.usd.core-1.4.2] startup
[9.826s] [ext: omni.kit.usd_undo-0.1.8] startup
[9.827s] [ext: omni.graph.exec-0.9.4] startup
[9.827s] [ext: omni.kit.actions.core-1.0.0] startup
[9.829s] [ext: omni.kit.audiodeviceenum-1.0.1] startup
[9.830s] [ext: omni.kit.exec.core-0.13.4] startup
[9.831s] [ext: omni.kit.commands-1.4.9] startup
[9.834s] [ext: omni.hydra.usdrt_delegate-7.5.1] startup
[9.843s] [ext: omni.hydra.scene_delegate-0.3.3] startup
[9.846s] [ext: omni.usd-1.12.4] startup
[9.881s] [ext: omni.kit.asset_converter-2.8.3] startup
[9.888s] [ext: omni.volume-0.5.0] startup
[9.892s] [ext: omni.ujitso.processor.texture-1.0.0] startup
[9.893s] [ext: omni.index.libs-380600.1777.0] startup
[9.893s] [ext: omni.ujitso.client-0.0.0] startup
[9.894s] [ext: omni.index-1.0.1] startup
[9.894s] [ext: omni.hydra.rtx.shadercache.vulkan-1.0.0] startup
[9.895s] [ext: omni.ui.scene-1.11.2] startup
[9.898s] [ext: omni.hydra.rtx-1.0.0] startup
2026-06-26 04:19:49 [9,881ms] [Warning] [omni.log] Source: omni.hydra was already registered.
[9.913s] [ext: omni.kit.menu.core-1.1.2] startup
[9.914s] [ext: omni.kit.viewport.scene_camera_model-1.0.5] startup
[9.917s] [ext: omni.kit.hydra_texture-1.4.0] startup
[9.920s] [ext: omni.kit.menu.utils-1.7.7] startup
[9.925s] [ext: omni.kit.widget.viewport-107.0.7] startup
[9.927s] [ext: omni.kit.viewport.registry-104.0.6] startup
[9.928s] [ext: omni.kit.clipboard-1.0.5] startup
[9.928s] [ext: omni.kit.notification_manager-1.0.9] startup
[9.929s] [ext: omni.kit.helper.file_utils-0.1.9] startup
[9.930s] [ext: omni.kit.widget.path_field-2.0.11] startup
[9.931s] [ext: omni.kit.widget.options_menu-1.1.6] startup
[9.932s] [ext: omni.kit.widget.context_menu-1.2.4] startup
[9.933s] [ext: omni.kit.widget.filebrowser-2.10.52] startup
[9.936s] [ext: omni.kit.widget.browser_bar-2.0.10] startup
[9.937s] [ext: omni.kit.viewport.legacy_gizmos-1.0.16] startup
[9.940s] [ext: omni.kit.widget.options_button-1.0.3] startup
[9.940s] [ext: omni.kit.widget.searchable_combobox-1.0.6] startup
[9.941s] [ext: omni.kit.usd.layers-2.2.0] startup
[9.950s] [ext: omni.kit.window.filepicker-2.11.7] startup
[9.962s] [ext: omni.kit.widget.settings-1.2.2] startup
[9.963s] [ext: omni.kit.context_menu-1.8.3] startup
[9.964s] [ext: omni.kit.window.file_importer-1.1.14] startup
[9.966s] [ext: omni.kit.window.preferences-1.7.0] startup
[9.968s] [ext: omni.kit.window.drop_support-1.0.4] startup
[9.969s] [ext: omni.kit.raycast.query-1.0.5] startup
[9.972s] [ext: omni.kit.material.library-1.5.15] startup
[9.976s] [ext: omni.hydra.engine.stats-1.0.3] startup
[9.978s] [ext: isaacsim.core.throttling-2.0.2] startup
[9.979s] [ext: omni.kit.viewport.window-107.0.8] startup
[9.988s] [ext: omni.inspect-1.0.1] startup
[9.989s] [ext: omni.kit.widget.filter-1.1.4] startup
[9.990s] [ext: omni.graph.core-2.181.8] startup
[9.993s] [ext: omni.kit.window.content_browser_registry-0.0.6] startup
[9.993s] [ext: isaacsim.core.deprecation_manager-0.2.2] startup
[9.994s] [ext: omni.kvdb-106.5.7] startup
[9.995s] [ext: omni.kit.viewport.utility-1.0.18] startup
[9.996s] [ext: omni.kit.selection-0.1.5] startup
[9.996s] [ext: omni.kit.window.file_exporter-1.0.31] startup
[9.997s] [ext: omni.kit.stage_template.core-1.1.22] startup
[9.997s] [ext: isaacsim.core.version-2.0.2] startup
[9.998s] [ext: omni.localcache-106.5.7] startup
[10.000s] [ext: omni.kit.menu.edit-1.1.25] startup
[10.002s] [ext: omni.usdphysics-106.5.7] startup
[10.005s] [ext: omni.kit.window.file-1.3.57] startup
[10.007s] [ext: omni.kit.hotkeys.core-1.3.10] startup
[10.007s] [ext: isaacsim.app.about-2.0.7] startup
[10.010s] [ext: omni.kit.window.content_browser-2.10.3] startup
[10.019s] [ext: omni.convexdecomposition-106.5.7] startup
[10.023s] [ext: omni.kit.widget.highlight_label-1.0.3] startup
[10.024s] [ext: omni.kit.widget.searchfield-1.1.8] startup
[10.025s] [ext: omni.kit.property.adapter.core-1.0.2] startup
[10.026s] [ext: omni.physx.foundation-106.5.7] startup
[10.028s] [ext: omni.kit.window.property-1.11.5] startup
[10.029s] [ext: omni.kit.widget.stage-2.11.6] startup
[10.036s] [ext: omni.kit.property.adapter.usd-1.0.2] startup
[10.036s] [ext: omni.kit.property.adapter.fabric-1.0.3] startup
[10.037s] [ext: omni.physx.cooking-106.5.7] startup
[10.043s] [ext: omni.kit.property.usd-4.2.16] startup
[10.049s] [ext: omni.physx-106.5.7] startup
[10.058s] [ext: isaacsim.gui.property-1.0.4] startup
[10.099s] [ext: omni.physx.stageupdate-106.5.7] startup
[10.101s] [ext: omni.kit.numpy.common-0.1.2] startup
[10.102s] [ext: omni.physics.tensors-106.5.7] startup
[10.109s] [ext: omni.warp.core-1.5.0] startup
[10.205s] [ext: omni.isaac.dynamic_control-1.3.15] startup
2026-06-26 04:19:50 [10,187ms] [Warning] [omni.isaac.dynamic_control] omni.isaac.dynamic_control is deprecated as of Isaac Sim 4.5. No action is needed from end-users.
[10.210s] [ext: isaacsim.storage.native-1.0.6] startup
[10.210s] [ext: omni.physx.tensors-106.5.7] startup
[10.215s] [ext: isaacsim.core.utils-2.2.8] startup
[10.216s] [ext: semantics.schema.editor-0.3.10] startup
[10.218s] [ext: isaacsim.core.simulation_manager-0.3.3] startup
[11.102s] [ext: semantics.schema.property-1.0.5] startup
[11.103s] [ext: isaacsim.core.cloner-1.3.4] startup
[11.104s] [ext: omni.sensors.nv.common-2.5.0-coreapi] startup
[11.120s] [ext: omni.graph.tools-1.79.1] startup
[11.142s] [ext: omni.sensors.nv.materials-1.4.0-coreapi] startup
[11.146s] [ext: omni.graph-1.140.2] startup
[11.188s] [ext: omni.kit.manipulator.viewport-107.0.1] startup
[11.189s] [ext: omni.sensors.nv.ids-1.4.0-coreapi] startup
[11.194s] [ext: omni.sensors.nv.lidar-2.6.3-coreapi] startup
[11.201s] [ext: omni.graph.visualization.nodes-2.1.1] startup
[11.208s] [ext: omni.kit.widget.graph-1.12.17] startup
[11.218s] [ext: omni.ui_query-1.1.7] startup
[11.220s] [ext: omni.kit.widget.text_editor-1.0.2] startup
[11.222s] [ext: omni.kit.graph.delegate.default-1.2.2] startup
[11.224s] [ext: omni.kit.ui_test-1.3.3] startup
[11.227s] [ext: omni.graph.scriptnode-1.40.1] startup
[11.229s] [ext: omni.kit.graph.editor.core-1.5.3] startup
[11.232s] [ext: omni.kit.graph.usd.commands-1.3.1] startup
[11.234s] [ext: omni.kit.widget.material_preview-1.0.16] startup
[11.236s] [ext: omni.graph.action_core-1.1.7] startup
[11.241s] [ext: omni.graph.image.core-0.6.0] startup
[11.242s] [ext: omni.kit.window.material_graph-1.8.19] startup
[11.264s] [ext: omni.graph.action_nodes-1.40.1] startup
[11.267s] [ext: omni.graph.image.nodes-1.3.0] startup
[11.269s] [ext: omni.kit.viewport.menubar.core-107.1.2] startup
[11.289s] [ext: omni.kit.primitive.mesh-1.0.17] startup
[11.294s] [ext: omni.graph.action-1.120.0] startup
[11.295s] [ext: omni.graph.nodes-1.162.1] startup
[11.319s] [ext: omni.syntheticdata-0.6.10] startup
[11.338s] [ext: omni.kit.stage_templates-1.2.6] startup
[11.342s] [ext: isaacsim.core.prims-0.3.7] startup
[11.362s] [ext: omni.warp-1.5.0] startup
[11.367s] [ext: omni.kit.window.extensions-1.4.25] startup
[11.373s] [ext: omni.sensors.nv.wpm-2.4.0-coreapi] startup
[11.374s] [ext: isaacsim.core.api-4.2.16] startup
[11.382s] [ext: omni.replicator.core-1.11.35] startup
2026-06-26 04:19:51 [11,492ms] [Warning] [omni.replicator.core.scripts.extension] No material configuration file, adding configuration to material settings directly.
[11.516s] [ext: isaacsim.gui.components-1.0.9] startup
[11.520s] [ext: omni.sensors.nv.radar-2.6.1-coreapi] startup
[11.526s] [ext: omni.kit.widget.prompt-1.0.7] startup
[11.528s] [ext: isaacsim.core.nodes-2.1.4] startup
[11.536s] [ext: isaacsim.robot.surface_gripper-2.0.6] startup
[11.542s] [ext: isaacsim.util.debug_draw-2.0.2] startup
[11.549s] [ext: omni.sensors.tiled-0.0.6] startup
[11.552s] [ext: omni.kit.tool.asset_importer-2.12.2] startup
[11.564s] [ext: omni.kit.menu.create-1.0.17] startup
[11.567s] [ext: isaacsim.robot.manipulators-3.0.4] startup
[11.574s] [ext: isaacsim.sensors.physx-2.2.4] startup
[11.582s] [ext: isaacsim.sensors.rtx-13.6.3] startup
[11.601s] [ext: isaacsim.asset.importer.mjcf-2.3.3] startup
[11.696s] [ext: omni.anim.curve.core-1.2.0] startup
[11.707s] [ext: omni.kit.scripting-106.5.2] startup
[11.720s] [ext: omni.graph.ui_nodes-1.40.1] startup
[11.728s] [ext: omni.kit.manipulator.transform-106.0.1] startup
[11.737s] [ext: omni.kit.widget.toolbar-1.7.3] startup
[11.758s] [ext: omni.kit.manipulator.camera-106.0.3] startup
[11.769s] [ext: isaacsim.replicator.behavior-1.0.8] startup
[11.770s] [ext: isaacsim.simulation_app-2.4.2] startup
[11.772s] [ext: omni.kit.manipulator.selector-1.1.1] startup
[11.777s] [ext: omni.kit.manipulator.tool.snap-1.5.12] startup
[11.782s] [ext: omni.kit.widget.stage_icons-1.0.6] startup
[11.784s] [ext: omni.kit.menu.file-1.1.15] startup
[11.785s] [ext: omni.physx.commands-106.5.7] startup
[11.788s] [ext: omni.kit.widget.layers-1.8.2] startup
[11.804s] [ext: omni.kit.viewport.manipulator.transform-107.0.4] startup
[11.808s] [ext: omni.kit.window.stage-2.5.11] startup
[11.812s] [ext: omni.fabric.commands-1.1.5] startup
[11.816s] [ext: omni.kit.property.audio-1.0.16] startup
[11.817s] [ext: omni.kit.usd.collect-2.2.22] startup
[11.820s] [ext: omni.kit.stagerecorder.core-105.0.5] startup
[11.825s] [ext: omni.kit.manipulator.prim.core-107.0.7] startup
[11.830s] [ext: omni.kit.menu.stage-1.2.5] startup
[11.832s] [ext: omni.kit.property.geometry-1.3.3] startup
[11.837s] [ext: omni.kit.manipulator.prim.fabric-107.0.4] startup
[11.838s] [ext: omni.kit.manipulator.prim.usd-107.0.3] startup
[11.840s] [ext: omni.kit.property.render-1.1.3] startup
[11.841s] [ext: omni.kit.widget.zoombar-1.0.5] startup
[11.843s] [ext: omni.kit.viewport.actions-107.0.0] startup
[11.847s] [ext: omni.hydra.scene_api-0.1.2] startup
[11.854s] [ext: omni.debugdraw-0.1.3] startup
[11.857s] [ext: omni.kit.manipulator.prim-107.0.0] startup
[11.858s] [ext: omni.kit.manipulator.selection-106.0.1] startup
[11.858s] [ext: omni.kit.browser.core-2.3.11] startup
[11.863s] [ext: omni.kit.viewport.menubar.display-107.0.3] startup
[11.865s] [ext: omni.kit.property.transform-1.5.10] startup
[11.869s] [ext: omni.kit.property.material-1.10.17] startup
[11.875s] [ext: omni.kit.property.light-1.0.11] startup
[11.877s] [ext: omni.kit.property.camera-1.0.9] startup
[11.879s] [ext: omni.kit.browser.folder.core-1.10.1] startup
[11.884s] [ext: omni.usdphysics.ui-106.5.7] startup
[11.908s] [ext: omni.kit.property.bundle-1.3.2] startup
[11.909s] [ext: omni.kit.tool.collect-2.2.16] startup
[11.911s] [ext: omni.kit.stagerecorder.ui-105.0.6] startup
[11.914s] [ext: isaacsim.sensors.physics-0.3.5] startup
[11.921s] [ext: isaacsim.examples.browser-0.1.8] startup
[11.925s] [ext: omni.physx.ui-106.5.7] startup
[11.957s] [ext: omni.kit.viewport.menubar.camera-107.0.2] startup
[11.964s] [ext: omni.kit.stagerecorder.bundle-105.0.2] startup
[11.964s] [ext: isaacsim.robot.policy.examples-4.0.3] startup
[11.965s] [ext: isaacsim.asset.importer.urdf-2.3.10] startup
[11.984s] [ext: omni.kit.viewport.menubar.lighting-106.0.2] startup
[11.986s] [ext: omni.physx.demos-106.5.7] startup
[12.012s] [ext: omni.kit.property.physx-106.5.7] startup
[12.046s] [ext: omni.kit.viewport.menubar.render-107.0.8] startup
[12.050s] [ext: omni.kit.window.toolbar-1.6.2] startup
[12.053s] [ext: isaacsim.robot.wheeled_robots-4.0.3] startup
[12.058s] [ext: omni.physx.vehicle-106.5.7] startup
[12.080s] [ext: omni.physx.graph-106.5.7] startup
[12.105s] [ext: omni.physx.supportui-106.5.7] startup
[12.122s] [ext: omni.physx.telemetry-106.5.7] startup
[12.125s] [ext: omni.physx.camera-106.5.7] startup
[12.135s] [ext: omni.physx.cct-106.5.7] startup
[12.151s] [ext: omni.rtx.window.settings-0.6.17] startup
[12.158s] [ext: omni.usd.metrics.assembler-106.5.0] startup
[12.171s] [ext: omni.kit.window.status_bar-0.1.7] startup
[12.174s] [ext: omni.kit.viewport.menubar.settings-107.0.3] startup
[12.177s] [ext: omni.physx.bundle-106.5.7] startup
[12.177s] [ext: omni.replicator.replicator_yaml-2.0.10] startup
[12.193s] [ext: omni.rtx.settings.core-0.6.3] startup
[12.198s] [ext: omni.usd.metrics.assembler.ui-106.5.0] startup
[12.204s] [ext: isaacsim.asset.browser-1.3.4] startup
[12.241s] [ext: isaacsim.gui.menu-2.0.9] startup
2026-06-26 04:19:52 [12,222ms] [Warning] [omni.kit.menu.utils.app_menu] add_menu_items: menu [<MenuItemDescription name:'New'>, <MenuItemDescription name:'Open'>, <MenuItemDescription name:'Re-open with New Edit Layer'>, <MenuItemDescription name:'Save'>, <MenuItemDescription name:'Save With Options'>, <MenuItemDescription name:'Save As...'>, <MenuItemDescription name:'Save Flattened As...'>, <MenuItemDescription name:'Add Reference'>, <MenuItemDescription name:'Add Payload'>, <MenuItemDescription name:'Exit'>] cannot change delegate
[12.245s] [ext: omni.kit.ui.actions-1.0.2] startup
[12.247s] [ext: omni.kit.window.console-0.2.14] startup
[12.254s] [ext: isaacsim.sensors.camera-0.2.9] startup
[12.259s] [ext: isaaclab-0.36.21] startup
[12.395s] [ext: isaaclab_assets-0.2.2] startup
[12.529s] [ext: isaaclab_tasks-0.10.31] startup
[13.449s] [ext: omni.kit.menu.common-1.1.9] startup
[13.450s] [ext: isaaclab_rl-0.1.4] startup
[13.451s] [ext: isaaclab_mimic-1.0.7] startup
[13.451s] [ext: isaaclab.python-2.1.0] startup
[13.453s] Simulation App Starting
[13.912s] app ready
2026-06-26 04:19:53 [13,898ms] [Warning] [rtx.scenedb.plugin] SceneDbContext : TLAS limit buffer size 7508933632
2026-06-26 04:19:53 [13,898ms] [Warning] [rtx.scenedb.plugin] SceneDbContext : TLAS limit : valid false, within: false
2026-06-26 04:19:53 [13,898ms] [Warning] [rtx.scenedb.plugin] SceneDbContext : TLAS limit : decrement: 167690, decrement size: 7433845248
2026-06-26 04:19:53 [13,898ms] [Warning] [rtx.scenedb.plugin] SceneDbContext : New limit 9574251 (slope: 447, intercept: 13179904)
2026-06-26 04:19:53 [13,898ms] [Warning] [rtx.scenedb.plugin] SceneDbContext : TLAS limit buffer size 4287216384
2026-06-26 04:19:53 [13,898ms] [Warning] [rtx.scenedb.plugin] SceneDbContext : TLAS limit : valid true, within: true
2026-06-26 04:19:54 [13,981ms] [Warning] [omni.usd-abi.plugin] No setting was found for '/rtx-defaults-transient/meshlights/forceDisable'
[16.329s] Simulation App Startup Complete
[INFO]: Parsing configuration from: <class 'whole_body_tracking.tasks.hitter.config.g1.flat_env_cfg.G1HitterStrikingPlannerDomainFlatEnvCfg'>
[INFO]: Parsing configuration from: whole_body_tracking.tasks.hitter.config.g1.agents.rsl_rl_ppo_cfg:G1HitterStrikingPlannerDomainPPORunnerCfg
[INFO]: Parsing configuration from: whole_body_tracking.tasks.hitter.config.g1.agents.rsl_rl_ppo_cfg:G1HitterStrikingPlannerDomainPPORunnerCfg
[CLI] Simplified resume from CLI: /home/sijie/Hitter/MOSAIC-main/logs/rsl_rl/hitter_striking_g1/2026-06-26_11-36-52_fh_bh_uniform_peak43_swapped_normal_resume_m17900_userparams_16000env_31body/model_18800.pt
[CLI]   - load_run: 2026-06-26_11-36-52_fh_bh_uniform_peak43_swapped_normal_resume_m17900_userparams_16000env_31body
[CLI]   - checkpoint: model_18800.pt
[INFO] Loading experiment from directory: /home/sijie/Hitter/MOSAIC-main/logs/rsl_rl/hitter_striking_g1
[INFO]: Loading model checkpoint from: /home/sijie/Hitter/MOSAIC-main/logs/rsl_rl/hitter_striking_g1/2026-06-26_11-36-52_fh_bh_uniform_peak43_swapped_normal_resume_m17900_userparams_16000env_31body/model_18800.pt
[INFO]: Using motion directory or file from CLI: /home/sijie/Hitter/MOSAIC-main/data/hitter_motions/wechat_20260608_g1_npz_strike43_fixed_racket_roll055_arm155_peak43_aligned
[INFO]: Motion group sampling ratios: {'forehand': 0.5, 'backhand': 0.5}
[INFO]: Forcing motion playback to start from frame 10.
[INFO]: Zeroed motion randomization ranges for evaluation.
[INFO]: Disabled observation corruption/noise for evaluation.
[INFO]: Disabled event terms for evaluation.
[INFO]: Disabling timeout termination for playback run.
2026-06-26 04:19:57 [16,974ms] [Warning] [isaaclab.envs.manager_based_env] Seed not set for the environment. The environment creation may not be deterministic.
[17.029s] [ext: omni.physx.fabric-106.5.7] startup
[2026-06-26 12:19:57,084][ogn_registration][INFO] - Looking for Python nodes to register in omni.physx.fabric-106.5.7
[2026-06-26 12:19:57,085][ogn_registration][INFO] -  -> Registered nodes from module omni.physxfabric at /home/sijie/.venvs/isaaclab-mosaic/lib/python3.10/site-packages/isaacsim/extsPhysics/omni.physx.fabric
[2026-06-26 12:19:57,085][ogn_registration][INFO] - Registering nodes in /home/sijie/.venvs/isaaclab-mosaic/lib/python3.10/site-packages/isaacsim/extsPhysics/omni.physx.fabric imported as omni.physxfabric with AutoNode config {}
[2026-06-26 12:19:57,085][ogn_registration][INFO] - Registering Python Node Types from omni.physxfabric at /home/sijie/.venvs/isaaclab-mosaic/lib/python3.10/site-packages/isaacsim/extsPhysics/omni.physx.fabric in omni.physx.fabric
[2026-06-26 12:19:57,085][ogn_registration][INFO] - ========================================================================================================================
[2026-06-26 12:19:57,085][ogn_registration][INFO] - No dependency on omni.graph, therefore no nodes to register in omni.physx.fabric
[2026-06-26 12:19:57,085][ogn_registration][INFO] - ...None found, no registration to do
[2026-06-26 12:19:57,085][ogn_registration][INFO] - ...Skipping: No OmniGraph presence in the module omni.physxfabric - No nodes in this module, do not remember it
[2026-06-26 12:19:57,085][ogn_registration][INFO] - Destroying registration record for omni.physx.fabric
[2026-06-26 12:19:57,085][ogn_registration][INFO] - OGN register omni.physx.fabric-106.5.7 took 824518.000000
[INFO]: Base environment:
	Environment device    : cuda:0
	Environment seed      : None
	Physics step-size     : 0.005
	Rendering step-size   : 0.02
	Environment step-size : 0.02
[INFO]: Time taken for scene creation : 1.106962 seconds
[INFO]: Scene manager:  <class InteractiveScene>
	Number of environments: 1
	Environment spacing   : 2.5
	Source prim name      : /World/envs/env_0
	Global prim paths     : ['/World/ground']
	Replicate physics     : True
[INFO]: Starting the simulation. This may take a few seconds. Please wait...
2026-06-26 04:19:59 [19,589ms] [Warning] [omni.hydra.scene_delegate.plugin] Calling getBypassRenderSkelMeshProcessing for prim /World/envs/env_0/Robot/left_ankle_pitch_link/visuals.proto_mesh_id0 that has not been populated
[INFO]: Time taken for simulation start : 1.543391 seconds
[MultiMotionLoader] Motion group distribution:
  - backhand: 5 motions
  - forehand: 4 motions
[MultiMotionCommand] Registered motion groups: ['backhand', 'forehand']
[MultiMotionCommand]   - Group 'backhand': 5 motions
[MultiMotionCommand]   - Group 'forehand': 4 motions
[MultiMotionCommand] Assigning 1 environments with ratios: forehand=1/1
[INFO] Command Manager:  <CommandManager> contains 1 active terms.
+----------------------------------------+
|          Active Command Terms          |
+-------+--------+-----------------------+
| Index | Name   |          Type         |
+-------+--------+-----------------------+
|   0   | motion | HitterStrikingCommand |
+-------+--------+-----------------------+

[INFO] Event Manager:  <EventManager> contains 0 active terms.

[INFO] Recorder Manager:  <RecorderManager> contains 0 active terms.
+---------------------+
| Active Recorder Terms |
+-----------+---------+
|   Index   | Name    |
+-----------+---------+
+-----------+---------+

[INFO] Action Manager:  <ActionManager> contains 1 active terms.
+------------------------------------+
|  Active Action Terms (shape: 29)   |
+--------+-------------+-------------+
| Index  | Name        |   Dimension |
+--------+-------------+-------------+
|   0    | joint_pos   |          29 |
+--------+-------------+-------------+

[INFO] Observation Manager: <ObservationManager> contains 2 groups.
+---------------------------------------------------------+
| Active Observation Terms in Group: 'policy' (shape: (105,)) |
+-----------+---------------------------------+-----------+
|   Index   | Name                            |   Shape   |
+-----------+---------------------------------+-----------+
|     0     | base_ang_vel                    |    (3,)   |
|     1     | projected_gravity               |    (3,)   |
|     2     | base_forward_xy                 |    (2,)   |
|     3     | base_target_pos                 |    (3,)   |
|     4     | racket_target_pos               |    (3,)   |
|     5     | racket_target_vel               |    (3,)   |
|     6     | time_to_strike                  |    (1,)   |
|     7     | joint_pos                       |   (29,)   |
|     8     | joint_vel                       |   (29,)   |
|     9     | actions                         |   (29,)   |
+-----------+---------------------------------+-----------+
+------------------------------------------------------------+
| Active Observation Terms in Group: 'critic' (shape: (302,)) |
+----------+------------------------------------+------------+
|  Index   | Name                               |   Shape    |
+----------+------------------------------------+------------+
|    0     | base_ang_vel                       |    (3,)    |
|    1     | projected_gravity                  |    (3,)    |
|    2     | base_forward_xy                    |    (2,)    |
|    3     | motion_anchor_pos_b                |    (3,)    |
|    4     | motion_anchor_ori_b                |    (6,)    |
|    5     | base_target_pos                    |    (3,)    |
|    6     | racket_target_pos                  |    (3,)    |
|    7     | racket_target_vel                  |    (3,)    |
|    8     | time_to_strike                     |    (1,)    |
|    9     | joint_pos                          |   (29,)    |
|    10    | joint_vel                          |   (29,)    |
|    11    | actions                            |   (29,)    |
|    12    | base_lin_vel                       |    (3,)    |
|    13    | body_pose                          |   (126,)   |
|    14    | time_left                          |    (1,)    |
|    15    | reference_joint_state              |   (58,)    |
+----------+------------------------------------+------------+

[INFO] Termination Manager:  <TerminationManager> contains 2 active terms.
+-------------------------------+
|    Active Termination Terms   |
+-------+------------+----------+
| Index | Name       | Time Out |
+-------+------------+----------+
|   0   | anchor_pos |  False   |
|   1   | anchor_ori |  False   |
+-------+------------+----------+

[INFO] Reward Manager:  <RewardManager> contains 22 active terms.
+------------------------------------------------+
|              Active Reward Terms               |
+-------+-----------------------------+----------+
| Index | Name                        |   Weight |
+-------+-----------------------------+----------+
|   0   | motion_global_anchor_pos    |      0.5 |
|   1   | motion_global_anchor_ori    |      0.5 |
|   2   | motion_body_pos             |      1.0 |
|   3   | motion_body_ori             |      1.0 |
|   4   | motion_body_lin_vel         |      1.5 |
|   5   | motion_body_ang_vel         |      1.5 |
|   6   | motion_anchor_lin_vel       |      1.0 |
|   7   | base_pos                    |      5.0 |
|   8   | racket_pos                  |    120.0 |
|   9   | racket_vel                  |    120.0 |
|   10  | racket_ori                  |     30.0 |
|   11  | torso_forward_lean_l2       |     -2.0 |
|   12  | base_ang_vel_xy_l2          |     -0.4 |
|   13  | undesired_contacts          |    -0.05 |
|   14  | hitter_foot_slip_l2         |     -2.0 |
|   15  | hitter_hit_unstable_support |     -6.0 |
|   16  | hitter_foot_edge_drag       |     -1.0 |
|   17  | hip_yaw_default             |      2.0 |
|   18  | action_rate_l2              |     -0.1 |
|   19  | joint_limit                 |    -10.0 |
|   20  | joint_acc                   | -2.5e-07 |
|   21  | joint_torque                |   -1e-05 |
+-------+-----------------------------+----------+

[INFO] Curriculum Manager:  <CurriculumManager> contains 0 active terms.
+----------------------+
| Active Curriculum Terms |
+-----------+----------+
|   Index   | Name     |
+-----------+----------+
+-----------+----------+

Creating window for environment.
[INFO]: Completed setting up the environment...
Actor MLP: Sequential(
  (0): Linear(in_features=105, out_features=512, bias=True)
  (1): ELU(alpha=1.0)
  (2): Linear(in_features=512, out_features=256, bias=True)
  (3): ELU(alpha=1.0)
  (4): Linear(in_features=256, out_features=128, bias=True)
  (5): ELU(alpha=1.0)
  (6): Linear(in_features=128, out_features=29, bias=True)
)
Critic MLP: Sequential(
  (0): Linear(in_features=302, out_features=512, bias=True)
  (1): ELU(alpha=1.0)
  (2): Linear(in_features=512, out_features=256, bias=True)
  (3): ELU(alpha=1.0)
  (4): Linear(in_features=256, out_features=128, bias=True)
  (5): ELU(alpha=1.0)
  (6): Linear(in_features=128, out_features=1, bias=True)
)
[Runner] reset_noise_std_on_resume = False
[Runner] freeze_normalizer_on_resume = False
2026-06-26 04:22:59 [198,935ms] [Warning] [omni.kit.menu.utils.app_menu] add_menu_items: menu [<MenuItemDescription name:'New'>, <MenuItemDescription name:'Open'>, <MenuItemDescription name:'Re-open with New Edit Layer'>, <MenuItemDescription name:'Save'>, <MenuItemDescription name:'Save With Options'>, <MenuItemDescription name:'Save As...'>, <MenuItemDescription name:'Save Flattened As...'>, <MenuItemDescription name:'Add Reference'>, <MenuItemDescription name:'Add Payload'>, <MenuItemDescription name:'Exit'>] cannot change delegate
[198.985s] Simulation App Shutting Down
