listening lcm_url=udpm://239.255.76.67:7667?ttl=255 channel=vicon_state_data ball_name=ball
viewer_status ball missing msgs=2 total_hz=3422.5 base=1 table=1 ball=0 ball_hz=0.0 last_ball=never
viewer_status ball missing msgs=422 total_hz=411.9 base=211 table=211 ball=0 ball_hz=0.0 last_ball=never
viewer_status ball missing msgs=900 total_hz=442.5 base=450 table=450 ball=0 ball_hz=0.0 last_ball=never
viewer_status ball missing msgs=1404 total_hz=458.8 base=702 table=702 ball=0 ball_hz=0.0 last_ball=never
viewer_status ball missing msgs=1914 total_hz=467.1 base=957 table=957 ball=0 ball_hz=0.0 last_ball=never
viewer_status ball missing msgs=2424 total_hz=470.7 base=1212 table=1212 ball=0 ball_hz=0.0 last_ball=never
viewer_status ball missing msgs=2900 total_hz=469.6 base=1450 table=1450 ball=0 ball_hz=0.0 last_ball=never
viewer_status ball missing msgs=3412 total_hz=471.9 base=1706 table=1706 ball=0 ball_hz=0.0 last_ball=never
viewer_status ball missing msgs=3922 total_hz=475.6 base=1961 table=1961 ball=0 ball_hz=0.0 last_ball=never
viewer_status ball missing msgs=4432 total_hz=477.4 base=2216 table=2216 ball=0 ball_hz=0.0 last_ball=never
viewer_status ball missing msgs=4942 total_hz=478.5 base=2471 table=2471 ball=0 ball_hz=0.0 last_ball=never
viewer_status ball missing msgs=5422 total_hz=478.5 base=2711 table=2711 ball=0 ball_hz=0.0 last_ball=never
viewer_status ball missing msgs=5928 total_hz=479.8 base=2964 table=2964 ball=0 ball_hz=0.0 last_ball=never
viewer_status ball missing msgs=6438 total_hz=480.5 base=3219 table=3219 ball=0 ball_hz=0.0 last_ball=never
viewer_status ball missing msgs=6920 total_hz=480.6 base=3460 table=3460 ball=0 ball_hz=0.0 last_ball=never
viewer_status ball missing msgs=7430 total_hz=481.0 base=3715 table=3715 ball=0 ball_hz=0.0 last_ball=never
viewer_status ball missing msgs=7914 total_hz=481.0 base=3957 table=3957 ball=0 ball_hz=0.0 last_ball=never
viewer_status ball missing msgs=8394 total_hz=479.6 base=4197 table=4197 ball=0 ball_hz=0.0 last_ball=never
viewer_status ball missing msgs=8845 total_hz=478.0 base=4423 table=4422 ball=0 ball_hz=0.0 last_ball=never
viewer_status ball missing msgs=9325 total_hz=476.8 base=4663 table=4662 ball=0 ball_hz=0.0 last_ball=never
viewer_status ball missing msgs=9775 total_hz=475.2 base=4888 table=4887 ball=0 ball_hz=0.0 last_ball=never
viewer_status ball missing msgs=10257 total_hz=474.8 base=5129 table=5128 ball=0 ball_hz=0.0 last_ball=never
viewer_status ball missing msgs=10737 total_hz=474.5 base=5369 table=5368 ball=0 ball_hz=0.0 last_ball=never
viewer_status ball missing msgs=11187 total_hz=472.3 base=5594 table=5593 ball=0 ball_hz=0.0 last_ball=never
viewer_status ball missing msgs=11667 total_hz=471.5 base=5834 table=5833 ball=0 ball_hz=0.0 last_ball=never
viewer_status ball missing msgs=12117 total_hz=470.6 base=6059 table=6058 ball=0 ball_hz=0.0 last_ball=never
viewer_status ball missing msgs=12571 total_hz=470.0 base=6286 table=6285 ball=0 ball_hz=0.0 last_ball=never
viewer_status ball ok msgs=13023 total_hz=469.3 base=6512 table=6510 ball=1 ball_hz=0.0 last_ball=0.07s
viewer_status ball stale msgs=13488 total_hz=468.8 base=6728 table=6725 ball=35 ball_hz=1.2 last_ball=0.75s
viewer_status ball ok msgs=14004 total_hz=469.6 base=6947 table=6941 ball=116 ball_hz=3.9 last_ball=-0.00s
viewer_status ball ok msgs=14706 total_hz=475.1 base=7188 table=7174 ball=344 ball_hz=11.1 last_ball=-0.06s
planner_eval new=135 total=135 latest=0.18cm/4.2ms median=13.83cm/113.8ms p90=44.84cm/584.5ms
viewer_status ball ok msgs=15287 total_hz=477.6 base=7400 table=7382 ball=505 ball_hz=15.8 last_ball=0.25s
viewer_status ball stale msgs=15678 total_hz=474.1 base=7596 table=7577 ball=505 ball_hz=15.3 last_ball=1.30s
viewer_status ball stale msgs=16070 total_hz=471.0 base=7792 table=7773 ball=505 ball_hz=14.8 last_ball=2.35s
viewer_status ball stale msgs=16462 total_hz=468.0 base=7988 table=7969 ball=505 ball_hz=14.4 last_ball=3.41s
viewer_status ball stale msgs=16854 total_hz=465.1 base=8184 table=8165 ball=505 ball_hz=13.9 last_ball=4.47s
viewer_status ball stale msgs=17244 total_hz=462.2 base=8379 table=8360 ball=505 ball_hz=13.5 last_ball=5.54s
viewer_status ball stale msgs=17634 total_hz=459.5 base=8574 table=8555 ball=505 ball_hz=13.2 last_ball=6.61s
viewer_status ball stale msgs=18024 total_hz=457.0 base=8769 table=8750 ball=505 ball_hz=12.8 last_ball=7.68s
viewer_status ball stale msgs=18414 total_hz=454.9 base=8964 table=8945 ball=505 ball_hz=12.5 last_ball=8.71s
viewer_status ball stale msgs=18806 total_hz=452.9 base=9160 table=9141 ball=505 ball_hz=12.2 last_ball=9.76s
viewer_status ball stale msgs=19196 total_hz=451.0 base=9355 table=9336 ball=505 ball_hz=11.9 last_ball=10.80s
viewer_status ball stale msgs=19588 total_hz=449.3 base=9551 table=9532 ball=505 ball_hz=11.6 last_ball=11.83s
viewer_status ball stale msgs=19978 total_hz=447.3 base=9746 table=9727 ball=505 ball_hz=11.3 last_ball=12.90s
viewer_status ball stale msgs=20368 total_hz=445.6 base=9941 table=9922 ball=505 ball_hz=11.0 last_ball=13.94s
viewer_status ball ok msgs=20897 total_hz=446.9 base=10148 table=10127 ball=622 ball_hz=13.3 last_ball=-0.09s
planner_eval new=67 total=202 latest=11.25cm/272.7ms median=14.07cm/146.5ms p90=85.84cm/569.3ms
viewer_status ball ok msgs=21322 total_hz=445.9 base=10312 table=10289 ball=721 ball_hz=15.1 last_ball=0.33s
viewer_status ball stale msgs=21714 total_hz=444.0 base=10508 table=10485 ball=721 ball_hz=14.7 last_ball=1.41s
viewer_status ball stale msgs=22104 total_hz=442.2 base=10703 table=10680 ball=721 ball_hz=14.4 last_ball=2.49s
viewer_status ball stale msgs=22466 total_hz=440.6 base=10884 table=10861 ball=721 ball_hz=14.1 last_ball=3.49s
viewer_status ball stale msgs=22827 total_hz=439.1 base=11065 table=11041 ball=721 ball_hz=13.9 last_ball=4.50s
viewer_status ball stale msgs=23191 total_hz=437.6 base=11247 table=11223 ball=721 ball_hz=13.6 last_ball=5.51s
viewer_status ball stale msgs=23551 total_hz=436.0 base=11427 table=11403 ball=721 ball_hz=13.3 last_ball=6.53s
viewer_status ball stale msgs=23913 total_hz=434.6 base=11608 table=11584 ball=721 ball_hz=13.1 last_ball=7.53s
viewer_status ball stale msgs=24305 total_hz=433.2 base=11804 table=11780 ball=721 ball_hz=12.9 last_ball=8.61s
viewer_status ball stale msgs=24695 total_hz=431.9 base=11999 table=11975 ball=721 ball_hz=12.6 last_ball=9.68s
viewer_status ball stale msgs=25085 total_hz=430.6 base=12194 table=12170 ball=721 ball_hz=12.4 last_ball=10.76s
viewer_status ball stale msgs=25477 total_hz=429.5 base=12390 table=12366 ball=721 ball_hz=12.2 last_ball=11.82s
viewer_status ball stale msgs=25867 total_hz=428.4 base=12585 table=12561 ball=721 ball_hz=11.9 last_ball=12.89s
viewer_status ball ok msgs=26425 total_hz=430.0 base=12801 table=12775 ball=849 ball_hz=13.8 last_ball=-0.08s
viewer_status ball ok msgs=27104 total_hz=433.7 base=13030 table=12998 ball=1076 ball_hz=17.2 last_ball=-0.09s
planner_eval new=70 total=272 latest=2.81cm/3.7ms median=13.93cm/197.6ms p90=90.91cm/565.4ms
viewer_status ball ok msgs=27667 total_hz=435.3 base=13219 table=13183 ball=1265 ball_hz=19.9 last_ball=-0.04s
viewer_status ball ok msgs=28085 total_hz=434.5 base=13396 table=13360 ball=1329 ball_hz=20.6 last_ball=0.32s
viewer_status ball stale msgs=28475 total_hz=433.5 base=13591 table=13555 ball=1329 ball_hz=20.2 last_ball=1.38s
viewer_status ball stale msgs=28867 total_hz=432.5 base=13787 table=13751 ball=1329 ball_hz=19.9 last_ball=2.43s
viewer_status ball stale msgs=29261 total_hz=431.6 base=13984 table=13948 ball=1329 ball_hz=19.6 last_ball=3.49s
viewer_status ball stale msgs=29651 total_hz=430.8 base=14179 table=14143 ball=1329 ball_hz=19.3 last_ball=4.52s
viewer_status ball stale msgs=30043 total_hz=429.9 base=14373 table=14337 ball=1333 ball_hz=19.1 last_ball=0.57s
viewer_status ball stale msgs=30435 total_hz=429.1 base=14569 table=14533 ball=1333 ball_hz=18.8 last_ball=1.60s
viewer_status ball stale msgs=30827 total_hz=428.3 base=14765 table=14729 ball=1333 ball_hz=18.5 last_ball=2.66s
viewer_status ball stale msgs=31218 total_hz=427.4 base=14961 table=14924 ball=1333 ball_hz=18.3 last_ball=3.72s
viewer_status ball stale msgs=31610 total_hz=426.7 base=15157 table=15120 ball=1333 ball_hz=18.0 last_ball=4.77s
viewer_status ball ok msgs=32002 total_hz=425.8 base=15348 table=15310 ball=1344 ball_hz=17.9 last_ball=-0.00s
planner_eval new=54 total=326 latest=2.25cm/179.5ms median=14.16cm/214.0ms p90=87.60cm/556.8ms
viewer_status ball ok msgs=32538 total_hz=427.2 base=15529 table=15489 ball=1520 ball_hz=20.0 last_ball=-0.02s
viewer_status ball stale msgs=32930 total_hz=426.4 base=15725 table=15685 ball=1520 ball_hz=19.7 last_ball=1.04s
viewer_status ball stale msgs=33290 total_hz=425.5 base=15905 table=15865 ball=1520 ball_hz=19.4 last_ball=2.06s
viewer_status ball stale msgs=33650 total_hz=424.6 base=16085 table=16045 ball=1520 ball_hz=19.2 last_ball=3.07s
viewer_status ball stale msgs=34011 total_hz=423.8 base=16266 table=16225 ball=1520 ball_hz=18.9 last_ball=4.07s
viewer_status ball stale msgs=34401 total_hz=423.1 base=16461 table=16420 ball=1520 ball_hz=18.7 last_ball=5.13s
viewer_status ball stale msgs=34761 total_hz=422.3 base=16641 table=16600 ball=1520 ball_hz=18.5 last_ball=6.13s
viewer_status ball stale msgs=35121 total_hz=421.6 base=16821 table=16780 ball=1520 ball_hz=18.2 last_ball=7.13s
viewer_status ball stale msgs=35511 total_hz=420.8 base=17016 table=16975 ball=1520 ball_hz=18.0 last_ball=8.22s
viewer_status ball stale msgs=35901 total_hz=420.2 base=17211 table=17170 ball=1520 ball_hz=17.8 last_ball=9.27s
viewer_status ball stale msgs=36293 total_hz=419.5 base=17407 table=17366 ball=1520 ball_hz=17.6 last_ball=10.34s
viewer_status ball stale msgs=36683 total_hz=418.9 base=17602 table=17561 ball=1520 ball_hz=17.4 last_ball=11.39s
viewer_status ball stale msgs=37073 total_hz=418.2 base=17797 table=17756 ball=1520 ball_hz=17.1 last_ball=12.47s
viewer_status ball stale msgs=37463 total_hz=417.7 base=17992 table=17951 ball=1520 ball_hz=16.9 last_ball=13.51s
viewer_status ball stale msgs=37853 total_hz=417.0 base=18187 table=18146 ball=1520 ball_hz=16.7 last_ball=14.59s
viewer_status ball stale msgs=38245 total_hz=416.5 base=18383 table=18342 ball=1520 ball_hz=16.6 last_ball=15.65s
viewer_status ball ok msgs=38638 total_hz=416.0 base=18574 table=18532 ball=1532 ball_hz=16.5 last_ball=0.08s
viewer_status ball ok msgs=39147 total_hz=416.7 base=18769 table=18726 ball=1652 ball_hz=17.6 last_ball=-0.00s
planner_eval new=89 total=415 latest=3.21cm/33.4ms median=15.58cm/213.9ms p90=79.90cm/553.3ms
viewer_status ball stale msgs=39649 total_hz=417.3 base=18968 table=18924 ball=1757 ball_hz=18.5 last_ball=0.50s
viewer_status ball stale msgs=40009 total_hz=416.7 base=19148 table=19104 ball=1757 ball_hz=18.3 last_ball=1.51s
viewer_status ball stale msgs=40400 total_hz=416.0 base=19344 table=19299 ball=1757 ball_hz=18.1 last_ball=2.59s
viewer_status ball stale msgs=40760 total_hz=415.5 base=19524 table=19479 ball=1757 ball_hz=17.9 last_ball=3.59s
viewer_status ball stale msgs=41150 total_hz=414.8 base=19719 table=19674 ball=1757 ball_hz=17.7 last_ball=4.67s
viewer_status ball stale msgs=41541 total_hz=414.3 base=19915 table=19869 ball=1757 ball_hz=17.5 last_ball=5.75s
viewer_status ball stale msgs=41926 total_hz=413.7 base=20108 table=20061 ball=1757 ball_hz=17.3 last_ball=6.83s
viewer_status ball stale msgs=42316 total_hz=413.1 base=20303 table=20256 ball=1757 ball_hz=17.2 last_ball=7.91s
viewer_status ball stale msgs=42680 total_hz=412.6 base=20485 table=20438 ball=1757 ball_hz=17.0 last_ball=8.93s
viewer_status ball stale msgs=43040 total_hz=412.1 base=20665 table=20618 ball=1757 ball_hz=16.8 last_ball=9.93s
viewer_status ball stale msgs=43430 total_hz=411.5 base=20860 table=20813 ball=1757 ball_hz=16.6 last_ball=11.01s
viewer_status ball stale msgs=43820 total_hz=411.0 base=21055 table=21008 ball=1757 ball_hz=16.5 last_ball=12.09s
viewer_status ball stale msgs=44180 total_hz=410.3 base=21235 table=21188 ball=1757 ball_hz=16.3 last_ball=13.16s
viewer_status ball ok msgs=44543 total_hz=409.8 base=21413 table=21365 ball=1765 ball_hz=16.2 last_ball=-0.00s
viewer_status ball ok msgs=45149 total_hz=411.3 base=21629 table=21574 ball=1946 ball_hz=17.7 last_ball=-0.10s
planner_eval new=83 total=498 latest=1.42cm/47.6ms median=17.30cm/272.0ms p90=85.30cm/565.2ms
viewer_status ball ok msgs=45725 total_hz=412.5 base=21823 table=21762 ball=2140 ball_hz=19.3 last_ball=-0.03s
viewer_status ball stale msgs=46138 total_hz=412.4 base=22007 table=21944 ball=2187 ball_hz=19.6 last_ball=0.74s
viewer_status ball stale msgs=46528 total_hz=412.0 base=22202 table=22139 ball=2187 ball_hz=19.4 last_ball=1.81s
viewer_status ball stale msgs=46888 total_hz=411.4 base=22382 table=22319 ball=2187 ball_hz=19.2 last_ball=2.85s
viewer_status ball stale msgs=47252 total_hz=410.9 base=22564 table=22501 ball=2187 ball_hz=19.0 last_ball=3.86s
viewer_status ball stale msgs=47616 total_hz=410.5 base=22746 table=22683 ball=2187 ball_hz=18.9 last_ball=4.86s
viewer_status ball stale msgs=48006 total_hz=410.0 base=22941 table=22878 ball=2187 ball_hz=18.7 last_ball=5.94s
viewer_status ball stale msgs=48366 total_hz=409.6 base=23121 table=23058 ball=2187 ball_hz=18.5 last_ball=6.94s
viewer_status ball stale msgs=48758 total_hz=409.2 base=23317 table=23254 ball=2187 ball_hz=18.4 last_ball=8.03s
viewer_status ball stale msgs=49118 total_hz=408.8 base=23497 table=23434 ball=2187 ball_hz=18.2 last_ball=9.03s
viewer_status ball stale msgs=49480 total_hz=408.4 base=23678 table=23615 ball=2187 ball_hz=18.1 last_ball=10.03s
viewer_status ball stale msgs=49840 total_hz=408.0 base=23858 table=23795 ball=2187 ball_hz=17.9 last_ball=11.03s
viewer_status ball stale msgs=50200 total_hz=407.5 base=24038 table=23975 ball=2187 ball_hz=17.8 last_ball=12.05s
viewer_status ball stale msgs=50592 total_hz=407.2 base=24234 table=24171 ball=2187 ball_hz=17.6 last_ball=13.11s
viewer_status ball stale msgs=50952 total_hz=406.8 base=24414 table=24351 ball=2187 ball_hz=17.5 last_ball=14.13s
viewer_status ball ok msgs=51384 total_hz=406.7 base=24601 table=24537 ball=2246 ball_hz=17.8 last_ball=-0.03s
viewer_status ball ok msgs=51750 total_hz=406.4 base=24781 table=24717 ball=2252 ball_hz=17.7 last_ball=0.08s
viewer_status ball ok msgs=52299 total_hz=407.2 base=24966 table=24899 ball=2434 ball_hz=19.0 last_ball=-0.02s
viewer_status ball ok msgs=52829 total_hz=408.1 base=25144 table=25073 ball=2612 ball_hz=20.2 last_ball=-0.04s
viewer_status ball ok msgs=53366 total_hz=408.9 base=25325 table=25248 ball=2793 ball_hz=21.4 last_ball=-0.06s
planner_eval new=41 total=539 latest=0.81cm/33.7ms median=15.21cm/248.8ms p90=81.01cm/564.3ms
viewer_status ball ok msgs=53898 total_hz=409.6 base=25503 table=25424 ball=2971 ball_hz=22.6 last_ball=-0.01s
viewer_status ball stale msgs=54281 total_hz=409.3 base=25683 table=25603 ball=2995 ball_hz=22.6 last_ball=0.81s
viewer_status ball stale msgs=54671 total_hz=409.0 base=25878 table=25798 ball=2995 ball_hz=22.4 last_ball=1.86s
viewer_status ball stale msgs=55063 total_hz=408.7 base=26070 table=25989 ball=3004 ball_hz=22.3 last_ball=0.97s
viewer_status ball stale msgs=55453 total_hz=408.4 base=26265 table=26184 ball=3004 ball_hz=22.1 last_ball=2.02s
viewer_status ball stale msgs=55845 total_hz=408.2 base=26461 table=26380 ball=3004 ball_hz=22.0 last_ball=3.06s
viewer_status ball ok msgs=56239 total_hz=408.0 base=26657 table=26575 ball=3007 ball_hz=21.8 last_ball=0.16s
viewer_status ball ok msgs=56659 total_hz=408.0 base=26832 table=26747 ball=3080 ball_hz=22.2 last_ball=0.24s
viewer_status ball ok msgs=57358 total_hz=409.6 base=27080 table=26989 ball=3289 ball_hz=23.5 last_ball=-0.06s
viewer_status ball ok msgs=58387 total_hz=413.0 base=27428 table=27324 ball=3635 ball_hz=25.7 last_ball=-0.08s
planner_eval new=119 total=658 latest=1.22cm/67.8ms median=15.75cm/214.0ms p90=92.10cm/549.5ms
viewer_status ball ok msgs=58983 total_hz=413.9 base=27635 table=27526 ball=3822 ball_hz=26.8 last_ball=0.09s
viewer_status ball stale msgs=59375 total_hz=413.5 base=27831 table=27722 ball=3822 ball_hz=26.6 last_ball=1.17s
viewer_status ball stale msgs=59735 total_hz=413.2 base=28011 table=27902 ball=3822 ball_hz=26.4 last_ball=2.17s
viewer_status ball stale msgs=60095 total_hz=412.8 base=28191 table=28082 ball=3822 ball_hz=26.3 last_ball=3.17s
viewer_status ball stale msgs=60485 total_hz=412.5 base=28386 table=28277 ball=3822 ball_hz=26.1 last_ball=4.24s
viewer_status ball stale msgs=60847 total_hz=412.1 base=28567 table=28458 ball=3822 ball_hz=25.9 last_ball=5.26s
viewer_status ball stale msgs=61237 total_hz=411.7 base=28762 table=28653 ball=3822 ball_hz=25.7 last_ball=6.34s
viewer_status ball stale msgs=61597 total_hz=411.3 base=28942 table=28833 ball=3822 ball_hz=25.5 last_ball=7.34s
viewer_status ball stale msgs=61959 total_hz=411.0 base=29123 table=29014 ball=3822 ball_hz=25.4 last_ball=8.36s
viewer_status ball stale msgs=62321 total_hz=410.6 base=29304 table=29195 ball=3822 ball_hz=25.2 last_ball=9.36s
viewer_status ball stale msgs=62681 total_hz=410.3 base=29484 table=29375 ball=3822 ball_hz=25.0 last_ball=10.36s
viewer_status ball stale msgs=63041 total_hz=409.9 base=29664 table=29555 ball=3822 ball_hz=24.8 last_ball=11.40s
viewer_status ball stale msgs=63403 total_hz=409.5 base=29845 table=29736 ball=3822 ball_hz=24.7 last_ball=12.41s
viewer_status ball stale msgs=63765 total_hz=409.2 base=30026 table=29917 ball=3822 ball_hz=24.5 last_ball=13.43s
viewer_status ball stale msgs=64125 total_hz=408.9 base=30206 table=30097 ball=3822 ball_hz=24.4 last_ball=14.43s
viewer_status ball stale msgs=64515 total_hz=408.5 base=30401 table=30292 ball=3822 ball_hz=24.2 last_ball=15.51s
viewer_status ball ok msgs=64883 total_hz=408.3 base=30580 table=30470 ball=3833 ball_hz=24.1 last_ball=-0.01s
viewer_status ball ok msgs=65545 total_hz=409.6 base=30802 table=30687 ball=4056 ball_hz=25.3 last_ball=-0.06s
viewer_status ball ok msgs=66377 total_hz=412.1 base=31082 table=30959 ball=4336 ball_hz=26.9 last_ball=-0.08s
viewer_status ball ok msgs=66874 total_hz=412.6 base=31270 table=31144 ball=4460 ball_hz=27.5 last_ball=-0.08s
planner_eval new=114 total=772 latest=0.19cm/0.3ms median=18.17cm/206.1ms p90=103.70cm/533.4ms
viewer_status ball ok msgs=67602 total_hz=414.3 base=31514 table=31384 ball=4704 ball_hz=28.8 last_ball=-0.13s
viewer_status ball ok msgs=68005 total_hz=414.2 base=31677 table=31544 ball=4784 ball_hz=29.1 last_ball=0.42s
viewer_status ball stale msgs=68365 total_hz=413.8 base=31857 table=31724 ball=4784 ball_hz=29.0 last_ball=1.42s
viewer_status ball stale msgs=68726 total_hz=413.5 base=32038 table=31904 ball=4784 ball_hz=28.8 last_ball=2.42s
viewer_status ball stale msgs=69088 total_hz=413.2 base=32219 table=32085 ball=4784 ball_hz=28.6 last_ball=3.42s
viewer_status ball stale msgs=69448 total_hz=412.9 base=32399 table=32265 ball=4784 ball_hz=28.4 last_ball=4.43s
viewer_status ball stale msgs=69838 total_hz=412.6 base=32594 table=32460 ball=4784 ball_hz=28.3 last_ball=5.51s
viewer_status ball stale msgs=70229 total_hz=412.2 base=32790 table=32655 ball=4784 ball_hz=28.1 last_ball=6.59s
viewer_status ball stale msgs=70619 total_hz=412.0 base=32985 table=32850 ball=4784 ball_hz=27.9 last_ball=7.64s
viewer_status ball stale msgs=71011 total_hz=411.8 base=33181 table=33046 ball=4784 ball_hz=27.7 last_ball=8.68s
viewer_status ball stale msgs=71371 total_hz=411.4 base=33361 table=33226 ball=4784 ball_hz=27.6 last_ball=9.69s
viewer_status ball stale msgs=71761 total_hz=411.2 base=33556 table=33421 ball=4784 ball_hz=27.4 last_ball=10.76s
viewer_status ball stale msgs=72153 total_hz=410.9 base=33752 table=33617 ball=4784 ball_hz=27.2 last_ball=11.84s
viewer_status ball stale msgs=72543 total_hz=410.6 base=33947 table=33812 ball=4784 ball_hz=27.1 last_ball=12.91s
viewer_status ball stale msgs=72903 total_hz=410.3 base=34127 table=33992 ball=4784 ball_hz=26.9 last_ball=13.92s
viewer_status ball stale msgs=73263 total_hz=410.0 base=34307 table=34172 ball=4784 ball_hz=26.8 last_ball=14.92s
viewer_status ball ok msgs=73695 total_hz=409.9 base=34492 table=34354 ball=4849 ball_hz=27.0 last_ball=-0.03s
viewer_status ball ok msgs=74363 total_hz=411.2 base=34716 table=34574 ball=5073 ball_hz=28.1 last_ball=-0.07s
planner_eval new=125 total=897 latest=0.62cm/6.4ms median=20.28cm/241.8ms p90=99.21cm/551.9ms
viewer_status ball ok msgs=74802 total_hz=411.4 base=34893 table=34749 ball=5160 ball_hz=28.4 last_ball=0.50s
viewer_status ball stale msgs=75192 total_hz=411.0 base=35088 table=34944 ball=5160 ball_hz=28.2 last_ball=1.58s
viewer_status ball stale msgs=75552 total_hz=410.8 base=35268 table=35124 ball=5160 ball_hz=28.1 last_ball=2.59s
viewer_status ball stale msgs=75942 total_hz=410.5 base=35463 table=35319 ball=5160 ball_hz=27.9 last_ball=3.67s
viewer_status ball stale msgs=76302 total_hz=410.2 base=35643 table=35499 ball=5160 ball_hz=27.7 last_ball=4.69s
viewer_status ball stale msgs=76666 total_hz=409.9 base=35825 table=35681 ball=5160 ball_hz=27.6 last_ball=5.70s
viewer_status ball stale msgs=77026 total_hz=409.6 base=36005 table=35861 ball=5160 ball_hz=27.4 last_ball=6.70s
viewer_status ball stale msgs=77386 total_hz=409.3 base=36185 table=36041 ball=5160 ball_hz=27.3 last_ball=7.70s
viewer_status ball stale msgs=77746 total_hz=409.0 base=36365 table=36221 ball=5160 ball_hz=27.1 last_ball=8.72s
viewer_status ball stale msgs=78106 total_hz=408.8 base=36545 table=36401 ball=5160 ball_hz=27.0 last_ball=9.74s
viewer_status ball stale msgs=78468 total_hz=408.5 base=36726 table=36582 ball=5160 ball_hz=26.9 last_ball=10.74s
viewer_status ball stale msgs=78860 total_hz=408.2 base=36922 table=36778 ball=5160 ball_hz=26.7 last_ball=11.83s
viewer_status ball ok msgs=79229 total_hz=408.0 base=37096 table=36952 ball=5181 ball_hz=26.7 last_ball=-0.01s
viewer_status ball ok msgs=79999 total_hz=409.7 base=37375 table=37227 ball=5397 ball_hz=27.6 last_ball=-0.24s
planner_eval new=142 total=1039 latest=1.82cm/14.3ms median=18.27cm/197.4ms p90=90.55cm/533.3ms
viewer_status ball ok msgs=80429 total_hz=409.6 base=37528 table=37377 ball=5524 ball_hz=28.1 last_ball=0.08s
viewer_status ball stale msgs=80813 total_hz=409.4 base=37720 table=37569 ball=5524 ball_hz=28.0 last_ball=1.13s
viewer_status ball stale msgs=81173 total_hz=409.1 base=37900 table=37749 ball=5524 ball_hz=27.8 last_ball=2.13s
viewer_status ball stale msgs=81565 total_hz=408.9 base=38096 table=37945 ball=5524 ball_hz=27.7 last_ball=3.20s
viewer_status ball stale msgs=81927 total_hz=408.7 base=38277 table=38126 ball=5524 ball_hz=27.6 last_ball=4.20s
viewer_status ball stale msgs=82319 total_hz=408.4 base=38473 table=38322 ball=5524 ball_hz=27.4 last_ball=5.29s
viewer_status ball stale msgs=82709 total_hz=408.2 base=38668 table=38517 ball=5524 ball_hz=27.3 last_ball=6.35s
viewer_status ball stale msgs=83071 total_hz=408.0 base=38849 table=38698 ball=5524 ball_hz=27.1 last_ball=7.36s
viewer_status ball stale msgs=83431 total_hz=407.7 base=39029 table=38878 ball=5524 ball_hz=27.0 last_ball=8.36s
viewer_status ball stale msgs=83821 total_hz=407.5 base=39224 table=39073 ball=5524 ball_hz=26.9 last_ball=9.44s
viewer_status ball stale msgs=84181 total_hz=407.2 base=39404 table=39253 ball=5524 ball_hz=26.7 last_ball=10.44s
viewer_status ball stale msgs=84545 total_hz=407.0 base=39586 table=39435 ball=5524 ball_hz=26.6 last_ball=11.45s
viewer_status ball stale msgs=84935 total_hz=406.8 base=39781 table=39630 ball=5524 ball_hz=26.5 last_ball=12.53s
viewer_status ball stale msgs=85295 total_hz=406.5 base=39961 table=39810 ball=5524 ball_hz=26.3 last_ball=13.54s
viewer_status ball stale msgs=85685 total_hz=406.3 base=40156 table=40005 ball=5524 ball_hz=26.2 last_ball=14.61s
viewer_status ball ok msgs=86640 total_hz=408.9 base=40505 table=40340 ball=5795 ball_hz=27.3 last_ball=-0.59s
viewer_status ball ok msgs=87091 total_hz=408.8 base=40656 table=40489 ball=5946 ball_hz=27.9 last_ball=-0.08s
planner_eval new=123 total=1162 latest=1.96cm/16.1ms median=18.61cm/201.1ms p90=91.19cm/554.1ms
viewer_status ball ok msgs=87578 total_hz=409.1 base=40831 table=40663 ball=6084 ball_hz=28.4 last_ball=0.16s
viewer_status ball stale msgs=87970 total_hz=408.8 base=41027 table=40859 ball=6084 ball_hz=28.3 last_ball=1.25s
viewer_status ball stale msgs=88332 total_hz=408.6 base=41208 table=41040 ball=6084 ball_hz=28.1 last_ball=2.25s
viewer_status ball stale msgs=88692 total_hz=408.4 base=41388 table=41220 ball=6084 ball_hz=28.0 last_ball=3.25s
viewer_status ball stale msgs=89052 total_hz=408.2 base=41568 table=41400 ball=6084 ball_hz=27.9 last_ball=4.25s
viewer_status ball stale msgs=89442 total_hz=407.9 base=41763 table=41595 ball=6084 ball_hz=27.7 last_ball=5.33s
viewer_status ball stale msgs=89804 total_hz=407.7 base=41944 table=41776 ball=6084 ball_hz=27.6 last_ball=6.33s
viewer_status ball stale msgs=90194 total_hz=407.5 base=42139 table=41971 ball=6084 ball_hz=27.5 last_ball=7.42s
viewer_status ball stale msgs=90554 total_hz=407.3 base=42319 table=42151 ball=6084 ball_hz=27.4 last_ball=8.42s
viewer_status ball stale msgs=90944 total_hz=407.0 base=42514 table=42346 ball=6084 ball_hz=27.2 last_ball=9.50s
viewer_status ball ok msgs=91546 total_hz=407.6 base=42748 table=42574 ball=6224 ball_hz=27.7 last_ball=-0.08s
planner_eval new=169 total=1331 latest=0.03cm/0.3ms median=17.27cm/183.2ms p90=82.12cm/537.8ms
viewer_status ball ok msgs=92560 total_hz=410.1 base=43088 table=42910 ball=6562 ball_hz=29.1 last_ball=-0.37s
viewer_status ball ok msgs=92882 total_hz=409.6 base=43220 table=43039 ball=6623 ball_hz=29.2 last_ball=0.33s
viewer_status ball stale msgs=93244 total_hz=409.4 base=43401 table=43220 ball=6623 ball_hz=29.1 last_ball=1.33s
viewer_status ball stale msgs=93635 total_hz=409.2 base=43597 table=43415 ball=6623 ball_hz=28.9 last_ball=2.41s
viewer_status ball stale msgs=93995 total_hz=409.0 base=43777 table=43595 ball=6623 ball_hz=28.8 last_ball=3.41s
viewer_status ball stale msgs=94355 total_hz=408.8 base=43957 table=43775 ball=6623 ball_hz=28.7 last_ball=4.41s
viewer_status ball stale msgs=94715 total_hz=408.5 base=44137 table=43955 ball=6623 ball_hz=28.6 last_ball=5.43s
viewer_status ball stale msgs=95075 total_hz=408.3 base=44317 table=44135 ball=6623 ball_hz=28.4 last_ball=6.43s
viewer_status ball stale msgs=95465 total_hz=408.1 base=44512 table=44330 ball=6623 ball_hz=28.3 last_ball=7.50s
viewer_status ball stale msgs=95861 total_hz=407.9 base=44710 table=44528 ball=6623 ball_hz=28.2 last_ball=8.56s
viewer_status ball stale msgs=96255 total_hz=407.8 base=44907 table=44725 ball=6623 ball_hz=28.1 last_ball=9.63s
viewer_status ball stale msgs=96651 total_hz=407.6 base=45105 table=44923 ball=6623 ball_hz=27.9 last_ball=10.70s
viewer_status ball stale msgs=97013 total_hz=407.4 base=45286 table=45104 ball=6623 ball_hz=27.8 last_ball=11.72s
viewer_status ball ok msgs=97379 total_hz=407.2 base=45465 table=45282 ball=6632 ball_hz=27.7 last_ball=-0.01s
viewer_status ball ok msgs=98163 total_hz=408.7 base=45762 table=45575 ball=6826 ball_hz=28.4 last_ball=-0.42s
planner_eval new=145 total=1476 latest=0.79cm/4.8ms median=15.21cm/167.3ms p90=78.33cm/526.1ms
viewer_status ball ok msgs=98549 total_hz=408.4 base=45894 table=45703 ball=6952 ball_hz=28.8 last_ball=-0.02s
viewer_status ball stale msgs=98909 total_hz=408.2 base=46074 table=45883 ball=6952 ball_hz=28.7 last_ball=1.00s
viewer_status ball stale msgs=99269 total_hz=408.0 base=46254 table=46063 ball=6952 ball_hz=28.6 last_ball=2.00s
viewer_status ball stale msgs=99630 total_hz=407.8 base=46435 table=46243 ball=6952 ball_hz=28.5 last_ball=3.00s
viewer_status ball stale msgs=99990 total_hz=407.6 base=46615 table=46423 ball=6952 ball_hz=28.3 last_ball=4.00s
viewer_status ball stale msgs=100354 total_hz=407.4 base=46797 table=46605 ball=6952 ball_hz=28.2 last_ball=5.01s
viewer_status ball stale msgs=100714 total_hz=407.2 base=46977 table=46785 ball=6952 ball_hz=28.1 last_ball=6.03s
viewer_status ball stale msgs=101076 total_hz=407.0 base=47158 table=46966 ball=6952 ball_hz=28.0 last_ball=7.05s
viewer_status ball stale msgs=101466 total_hz=406.8 base=47353 table=47161 ball=6952 ball_hz=27.9 last_ball=8.14s
viewer_status ball stale msgs=101826 total_hz=406.6 base=47533 table=47341 ball=6952 ball_hz=27.8 last_ball=9.14s
viewer_status ball stale msgs=102186 total_hz=406.4 base=47713 table=47521 ball=6952 ball_hz=27.6 last_ball=10.14s
viewer_status ball stale msgs=102578 total_hz=406.2 base=47909 table=47717 ball=6952 ball_hz=27.5 last_ball=11.22s
viewer_status ball stale msgs=102968 total_hz=406.0 base=48104 table=47912 ball=6952 ball_hz=27.4 last_ball=12.30s
viewer_status ball ok msgs=103342 total_hz=405.9 base=48279 table=48085 ball=6978 ball_hz=27.4 last_ball=-0.01s
viewer_status ball ok msgs=104153 total_hz=407.2 base=48565 table=48368 ball=7220 ball_hz=28.2 last_ball=-0.09s
planner_eval new=210 total=1686 latest=6.46cm/29.2ms median=15.72cm/167.9ms p90=78.33cm/551.9ms
viewer_status ball ok msgs=104750 total_hz=407.9 base=48768 table=48559 ball=7423 ball_hz=28.9 last_ball=-0.02s
viewer_status ball ok msgs=105224 total_hz=408.1 base=48954 table=48743 ball=7527 ball_hz=29.2 last_ball=0.42s
viewer_status ball stale msgs=105614 total_hz=407.9 base=49149 table=48938 ball=7527 ball_hz=29.1 last_ball=1.48s
viewer_status ball stale msgs=105976 total_hz=407.8 base=49330 table=49119 ball=7527 ball_hz=29.0 last_ball=2.49s
viewer_status ball stale msgs=106338 total_hz=407.6 base=49511 table=49300 ball=7527 ball_hz=28.9 last_ball=3.49s
viewer_status ball stale msgs=106728 total_hz=407.4 base=49706 table=49495 ball=7527 ball_hz=28.7 last_ball=4.55s
viewer_status ball stale msgs=107090 total_hz=407.2 base=49887 table=49676 ball=7527 ball_hz=28.6 last_ball=5.56s
viewer_status ball stale msgs=107482 total_hz=407.1 base=50083 table=49872 ball=7527 ball_hz=28.5 last_ball=6.62s
viewer_status ball stale msgs=107844 total_hz=406.9 base=50264 table=50053 ball=7527 ball_hz=28.4 last_ball=7.62s
viewer_status ball ok msgs=108248 total_hz=406.8 base=50456 table=50243 ball=7549 ball_hz=28.4 last_ball=0.24s
viewer_status ball stale msgs=108640 total_hz=406.6 base=50652 table=50439 ball=7549 ball_hz=28.3 last_ball=1.33s
viewer_status ball ok msgs=109619 total_hz=408.6 base=51013 table=50792 ball=7814 ball_hz=29.1 last_ball=-0.52s
viewer_status ball ok msgs=110064 total_hz=408.5 base=51162 table=50939 ball=7963 ball_hz=29.6 last_ball=-0.01s
planner_eval new=227 total=1913 latest=0.03cm/1.0ms median=15.82cm/162.3ms p90=73.56cm/544.5ms
viewer_status ball ok msgs=110655 total_hz=409.2 base=51383 table=51158 ball=8114 ball_hz=30.0 last_ball=0.33s
viewer_status ball stale msgs=111045 total_hz=409.0 base=51578 table=51353 ball=8114 ball_hz=29.9 last_ball=1.41s
viewer_status ball stale msgs=111405 total_hz=408.8 base=51758 table=51533 ball=8114 ball_hz=29.8 last_ball=2.42s
viewer_status ball stale msgs=111771 total_hz=408.6 base=51941 table=51716 ball=8114 ball_hz=29.7 last_ball=3.42s
viewer_status ball stale msgs=112131 total_hz=408.4 base=52121 table=51896 ball=8114 ball_hz=29.6 last_ball=4.42s
viewer_status ball stale msgs=112491 total_hz=408.3 base=52301 table=52076 ball=8114 ball_hz=29.4 last_ball=5.42s
viewer_status ball stale msgs=112851 total_hz=408.1 base=52481 table=52256 ball=8114 ball_hz=29.3 last_ball=6.43s
viewer_status ball stale msgs=113243 total_hz=407.9 base=52677 table=52452 ball=8114 ball_hz=29.2 last_ball=7.50s
viewer_status ball stale msgs=113633 total_hz=407.7 base=52872 table=52647 ball=8114 ball_hz=29.1 last_ball=8.57s
viewer_status ball stale msgs=113994 total_hz=407.6 base=53053 table=52827 ball=8114 ball_hz=29.0 last_ball=9.57s
viewer_status ball stale msgs=114385 total_hz=407.4 base=53249 table=53022 ball=8114 ball_hz=28.9 last_ball=10.66s
viewer_status ball stale msgs=114745 total_hz=407.2 base=53429 table=53202 ball=8114 ball_hz=28.8 last_ball=11.67s
viewer_status ball stale msgs=115105 total_hz=407.0 base=53609 table=53382 ball=8114 ball_hz=28.7 last_ball=12.69s
viewer_status ball stale msgs=115469 total_hz=406.8 base=53791 table=53564 ball=8114 ball_hz=28.6 last_ball=13.71s
viewer_status ball stale msgs=115829 total_hz=406.6 base=53971 table=53744 ball=8114 ball_hz=28.5 last_ball=14.73s
viewer_status ball stale msgs=116189 total_hz=406.5 base=54151 table=53924 ball=8114 ball_hz=28.4 last_ball=15.73s
viewer_status ball stale msgs=116549 total_hz=406.3 base=54331 table=54104 ball=8114 ball_hz=28.3 last_ball=16.73s
viewer_status ball stale msgs=116942 total_hz=406.1 base=54527 table=54301 ball=8114 ball_hz=28.2 last_ball=17.81s
viewer_status ball stale msgs=117305 total_hz=406.0 base=54709 table=54482 ball=8114 ball_hz=28.1 last_ball=18.81s
viewer_status ball stale msgs=117667 total_hz=405.8 base=54890 table=54663 ball=8114 ball_hz=28.0 last_ball=19.81s
viewer_status ball stale msgs=118051 total_hz=405.7 base=55082 table=54855 ball=8114 ball_hz=27.9 last_ball=20.89s
viewer_status ball stale msgs=118443 total_hz=405.5 base=55278 table=55051 ball=8114 ball_hz=27.8 last_ball=21.96s
viewer_status ball stale msgs=118835 total_hz=405.4 base=55474 table=55247 ball=8114 ball_hz=27.7 last_ball=23.03s
viewer_status ball stale msgs=119196 total_hz=405.2 base=55655 table=55427 ball=8114 ball_hz=27.6 last_ball=24.05s
viewer_status ball stale msgs=119560 total_hz=405.0 base=55837 table=55609 ball=8114 ball_hz=27.5 last_ball=25.06s
viewer_status ball ok msgs=120623 total_hz=406.7 base=56219 table=55988 ball=8416 ball_hz=28.4 last_ball=-0.23s
planner_eval new=157 total=2070 latest=1.57cm/41.4ms median=16.19cm/154.0ms p90=73.68cm/540.5ms
viewer_status ball ok msgs=120998 total_hz=406.5 base=56362 table=56128 ball=8508 ball_hz=28.6 last_ball=0.25s
viewer_status ball stale msgs=121360 total_hz=406.4 base=56543 table=56309 ball=8508 ball_hz=28.5 last_ball=1.27s
viewer_status ball stale msgs=121720 total_hz=406.2 base=56723 table=56489 ball=8508 ball_hz=28.4 last_ball=2.27s
viewer_status ball stale msgs=122080 total_hz=406.0 base=56903 table=56669 ball=8508 ball_hz=28.3 last_ball=3.27s
viewer_status ball stale msgs=122440 total_hz=405.9 base=57083 table=56849 ball=8508 ball_hz=28.2 last_ball=4.27s
viewer_status ball stale msgs=122800 total_hz=405.7 base=57263 table=57029 ball=8508 ball_hz=28.1 last_ball=5.29s
viewer_status ball stale msgs=123190 total_hz=405.5 base=57458 table=57224 ball=8508 ball_hz=28.0 last_ball=6.38s
viewer_status ball stale msgs=123584 total_hz=405.4 base=57655 table=57421 ball=8508 ball_hz=27.9 last_ball=7.46s
viewer_status ball stale msgs=123976 total_hz=405.2 base=57851 table=57617 ball=8508 ball_hz=27.8 last_ball=8.54s
viewer_status ball stale msgs=124338 total_hz=405.1 base=58032 table=57798 ball=8508 ball_hz=27.7 last_ball=9.56s
viewer_status ball stale msgs=124728 total_hz=404.9 base=58227 table=57993 ball=8508 ball_hz=27.6 last_ball=10.65s
viewer_status ball stale msgs=125094 total_hz=404.8 base=58410 table=58176 ball=8508 ball_hz=27.5 last_ball=11.65s
viewer_status ball stale msgs=125454 total_hz=404.6 base=58590 table=58356 ball=8508 ball_hz=27.4 last_ball=12.65s
viewer_status ball stale msgs=125818 total_hz=404.5 base=58772 table=58538 ball=8508 ball_hz=27.4 last_ball=13.66s
viewer_status ball stale msgs=126178 total_hz=404.4 base=58952 table=58718 ball=8508 ball_hz=27.3 last_ball=14.67s
viewer_status ball stale msgs=126538 total_hz=404.2 base=59132 table=58898 ball=8508 ball_hz=27.2 last_ball=15.67s
viewer_status ball stale msgs=126898 total_hz=404.0 base=59312 table=59078 ball=8508 ball_hz=27.1 last_ball=16.68s
viewer_status ball ok msgs=128189 total_hz=405.5 base=59789 table=59530 ball=8870 ball_hz=28.1 last_ball=-0.01s
planner_eval new=226 total=2296 latest=3.25cm/18.0ms median=15.00cm/134.0ms p90=69.03cm/526.1ms
viewer_status ball ok msgs=128864 total_hz=406.2 base=60028 table=59764 ball=9072 ball_hz=28.6 last_ball=0.17s
viewer_status ball stale msgs=129254 total_hz=406.1 base=60223 table=59959 ball=9072 ball_hz=28.5 last_ball=1.25s
viewer_status ball stale msgs=129648 total_hz=406.0 base=60420 table=60156 ball=9072 ball_hz=28.4 last_ball=2.31s
viewer_status ball stale msgs=130038 total_hz=405.8 base=60615 table=60351 ball=9072 ball_hz=28.3 last_ball=3.39s
viewer_status ball stale msgs=130428 total_hz=405.7 base=60810 table=60546 ball=9072 ball_hz=28.2 last_ball=4.46s
viewer_status ball stale msgs=130820 total_hz=405.5 base=61006 table=60742 ball=9072 ball_hz=28.1 last_ball=5.54s
viewer_status ball stale msgs=131212 total_hz=405.4 base=61202 table=60938 ball=9072 ball_hz=28.0 last_ball=6.62s
viewer_status ball stale msgs=131572 total_hz=405.2 base=61382 table=61118 ball=9072 ball_hz=27.9 last_ball=7.63s
viewer_status ball stale msgs=131964 total_hz=405.1 base=61578 table=61314 ball=9072 ball_hz=27.8 last_ball=8.71s
viewer_status ball stale msgs=132356 total_hz=405.0 base=61774 table=61510 ball=9072 ball_hz=27.8 last_ball=9.78s
viewer_status ball stale msgs=132746 total_hz=404.8 base=61969 table=61705 ball=9072 ball_hz=27.7 last_ball=10.85s
viewer_status ball stale msgs=133136 total_hz=404.7 base=62164 table=61900 ball=9072 ball_hz=27.6 last_ball=11.91s
viewer_status ball stale msgs=133522 total_hz=404.6 base=62357 table=62093 ball=9072 ball_hz=27.5 last_ball=12.94s
viewer_status ball ok msgs=133934 total_hz=404.6 base=62553 table=62287 ball=9094 ball_hz=27.5 last_ball=-0.01s
viewer_status ball ok msgs=135011 total_hz=406.1 base=62916 table=62638 ball=9457 ball_hz=28.4 last_ball=-0.01s
planner_eval new=177 total=2473 latest=1.72cm/7.3ms median=12.85cm/123.6ms p90=66.59cm/516.1ms
viewer_status ball stale msgs=135531 total_hz=406.3 base=63126 table=62845 ball=9560 ball_hz=28.7 last_ball=0.59s
viewer_status ball stale msgs=135891 total_hz=406.2 base=63306 table=63025 ball=9560 ball_hz=28.6 last_ball=1.59s
viewer_status ball stale msgs=136251 total_hz=406.0 base=63486 table=63205 ball=9560 ball_hz=28.5 last_ball=2.59s
viewer_status ball stale msgs=136641 total_hz=405.9 base=63681 table=63400 ball=9560 ball_hz=28.4 last_ball=3.66s
viewer_status ball stale msgs=137031 total_hz=405.8 base=63876 table=63595 ball=9560 ball_hz=28.3 last_ball=4.73s
viewer_status ball stale msgs=137422 total_hz=405.6 base=64071 table=63791 ball=9560 ball_hz=28.2 last_ball=5.81s
viewer_status ball stale msgs=137812 total_hz=405.5 base=64266 table=63986 ball=9560 ball_hz=28.1 last_ball=6.89s
viewer_status ball stale msgs=138172 total_hz=405.3 base=64446 table=64166 ball=9560 ball_hz=28.0 last_ball=7.90s
viewer_status ball stale msgs=138563 total_hz=405.2 base=64642 table=64361 ball=9560 ball_hz=28.0 last_ball=8.98s
viewer_status ball stale msgs=138924 total_hz=405.1 base=64823 table=64541 ball=9560 ball_hz=27.9 last_ball=9.98s
viewer_status ball stale msgs=139284 total_hz=404.9 base=65003 table=64721 ball=9560 ball_hz=27.8 last_ball=10.98s
viewer_status ball stale msgs=139646 total_hz=404.8 base=65184 table=64902 ball=9560 ball_hz=27.7 last_ball=11.98s
viewer_status ball stale msgs=140008 total_hz=404.7 base=65365 table=65083 ball=9560 ball_hz=27.6 last_ball=12.98s
viewer_status ball stale msgs=140368 total_hz=404.6 base=65545 table=65263 ball=9560 ball_hz=27.6 last_ball=13.98s
planner_eval new=159 total=2632 latest=3.63cm/35.4ms median=12.03cm/114.0ms p90=63.64cm/507.5ms
viewer_status ball ok msgs=141542 total_hz=405.7 base=65979 table=65674 ball=9889 ball_hz=28.3 last_ball=-0.05s
viewer_status ball stale msgs=141969 total_hz=405.7 base=66165 table=65857 ball=9947 ball_hz=28.4 last_ball=0.68s
viewer_status ball stale msgs=142359 total_hz=405.6 base=66360 table=66052 ball=9947 ball_hz=28.3 last_ball=1.76s
viewer_status ball stale msgs=142749 total_hz=405.5 base=66555 table=66247 ball=9947 ball_hz=28.3 last_ball=2.83s
viewer_status ball stale msgs=143139 total_hz=405.3 base=66750 table=66442 ball=9947 ball_hz=28.2 last_ball=3.91s
viewer_status ball stale msgs=143499 total_hz=405.2 base=66930 table=66622 ball=9947 ball_hz=28.1 last_ball=4.92s
viewer_status ball stale msgs=143891 total_hz=405.1 base=67126 table=66818 ball=9947 ball_hz=28.0 last_ball=6.00s
viewer_status ball stale msgs=144281 total_hz=404.9 base=67321 table=67013 ball=9947 ball_hz=27.9 last_ball=7.08s
viewer_status ball stale msgs=144643 total_hz=404.8 base=67502 table=67194 ball=9947 ball_hz=27.8 last_ball=8.08s
viewer_status ball stale msgs=145003 total_hz=404.7 base=67682 table=67374 ball=9947 ball_hz=27.8 last_ball=9.11s
viewer_status ball stale msgs=145397 total_hz=404.5 base=67879 table=67571 ball=9947 ball_hz=27.7 last_ball=10.18s
viewer_status ball stale msgs=145781 total_hz=404.4 base=68071 table=67763 ball=9947 ball_hz=27.6 last_ball=11.24s
viewer_status ball stale msgs=146173 total_hz=404.3 base=68267 table=67959 ball=9947 ball_hz=27.5 last_ball=12.32s
viewer_status ball stale msgs=146564 total_hz=404.2 base=68463 table=68154 ball=9947 ball_hz=27.4 last_ball=13.40s
viewer_status ball stale msgs=146924 total_hz=404.1 base=68643 table=68334 ball=9947 ball_hz=27.4 last_ball=14.40s
viewer_status ball stale msgs=147314 total_hz=403.9 base=68838 table=68529 ball=9947 ball_hz=27.3 last_ball=15.49s
viewer_status ball ok msgs=147933 total_hz=404.5 base=69075 table=68761 ball=10097 ball_hz=27.6 last_ball=-0.15s
viewer_status ball ok msgs=148837 total_hz=405.6 base=69381 table=69054 ball=10402 ball_hz=28.3 last_ball=-0.09s
planner_eval new=197 total=2829 latest=4.13cm/111.9ms median=11.27cm/107.0ms p90=60.85cm/493.8ms
viewer_status ball stale msgs=149287 total_hz=405.7 base=69563 table=69234 ball=10490 ball_hz=28.5 last_ball=0.51s
viewer_status ball stale msgs=149647 total_hz=405.5 base=69743 table=69414 ball=10490 ball_hz=28.4 last_ball=1.51s
viewer_status ball stale msgs=150009 total_hz=405.4 base=69924 table=69595 ball=10490 ball_hz=28.4 last_ball=2.51s
viewer_status ball stale msgs=150401 total_hz=405.3 base=70120 table=69791 ball=10490 ball_hz=28.3 last_ball=3.59s
viewer_status ball stale msgs=150761 total_hz=405.2 base=70300 table=69971 ball=10490 ball_hz=28.2 last_ball=4.59s
viewer_status ball stale msgs=151125 total_hz=405.1 base=70482 table=70153 ball=10490 ball_hz=28.1 last_ball=5.60s
viewer_status ball stale msgs=151485 total_hz=404.9 base=70662 table=70333 ball=10490 ball_hz=28.0 last_ball=6.60s
viewer_status ball stale msgs=151875 total_hz=404.8 base=70857 table=70528 ball=10490 ball_hz=28.0 last_ball=7.66s
viewer_status ball ok msgs=152315 total_hz=404.9 base=71052 table=70720 ball=10543 ball_hz=28.0 last_ball=-0.06s
viewer_status ball stale msgs=152675 total_hz=404.7 base=71232 table=70900 ball=10543 ball_hz=27.9 last_ball=0.97s
viewer_status ball stale msgs=153065 total_hz=404.7 base=71427 table=71095 ball=10543 ball_hz=27.9 last_ball=2.01s
viewer_status ball stale msgs=153455 total_hz=404.6 base=71622 table=71290 ball=10543 ball_hz=27.8 last_ball=3.05s
viewer_status ball stale msgs=153845 total_hz=404.5 base=71817 table=71485 ball=10543 ball_hz=27.7 last_ball=4.13s
viewer_status ball ok msgs=155044 total_hz=405.6 base=72258 table=71897 ball=10889 ball_hz=28.5 last_ball=-0.02s
planner_eval new=193 total=3022 latest=2.40cm/54.1ms median=10.36cm/97.0ms p90=58.71cm/479.4ms
viewer_status ball stale msgs=155561 total_hz=405.8 base=72462 table=72098 ball=11001 ball_hz=28.7 last_ball=0.50s
viewer_status ball stale msgs=155951 total_hz=405.7 base=72657 table=72293 ball=11001 ball_hz=28.6 last_ball=1.59s
viewer_status ball stale msgs=156311 total_hz=405.6 base=72837 table=72473 ball=11001 ball_hz=28.5 last_ball=2.59s
viewer_status ball stale msgs=156671 total_hz=405.5 base=73017 table=72653 ball=11001 ball_hz=28.5 last_ball=3.59s
viewer_status ball stale msgs=157061 total_hz=405.3 base=73212 table=72848 ball=11001 ball_hz=28.4 last_ball=4.67s
viewer_status ball stale msgs=157421 total_hz=405.2 base=73392 table=73028 ball=11001 ball_hz=28.3 last_ball=5.67s
viewer_status ball stale msgs=157781 total_hz=405.1 base=73572 table=73208 ball=11001 ball_hz=28.2 last_ball=6.69s
viewer_status ball stale msgs=158141 total_hz=405.0 base=73752 table=73388 ball=11001 ball_hz=28.2 last_ball=7.69s
viewer_status ball stale msgs=158531 total_hz=404.8 base=73947 table=73583 ball=11001 ball_hz=28.1 last_ball=8.78s
viewer_status ball stale msgs=158891 total_hz=404.7 base=74127 table=73763 ball=11001 ball_hz=28.0 last_ball=9.78s
viewer_status ball ok msgs=159285 total_hz=404.7 base=74309 table=73944 ball=11032 ball_hz=28.0 last_ball=-0.02s
viewer_status ball ok msgs=160251 total_hz=405.9 base=74642 table=74247 ball=11362 ball_hz=28.8 last_ball=-0.08s
planner_eval new=175 total=3197 latest=0.15cm/0.9ms median=9.58cm/90.8ms p90=56.45cm/470.6ms
viewer_status ball ok msgs=160770 total_hz=406.1 base=74848 table=74450 ball=11472 ball_hz=29.0 last_ball=0.49s
viewer_status ball stale msgs=161160 total_hz=406.0 base=75043 table=74645 ball=11472 ball_hz=28.9 last_ball=1.56s
viewer_status ball stale msgs=161522 total_hz=405.8 base=75224 table=74826 ball=11472 ball_hz=28.8 last_ball=2.58s
viewer_status ball stale msgs=161914 total_hz=405.7 base=75420 table=75022 ball=11472 ball_hz=28.7 last_ball=3.64s
viewer_status ball stale msgs=162274 total_hz=405.6 base=75600 table=75202 ball=11472 ball_hz=28.7 last_ball=4.66s
viewer_status ball stale msgs=162664 total_hz=405.5 base=75795 table=75397 ball=11472 ball_hz=28.6 last_ball=5.74s
viewer_status ball stale msgs=163054 total_hz=405.4 base=75990 table=75592 ball=11472 ball_hz=28.5 last_ball=6.80s
viewer_status ball stale msgs=163416 total_hz=405.3 base=76171 table=75773 ball=11472 ball_hz=28.5 last_ball=7.80s
viewer_status ball stale msgs=163806 total_hz=405.2 base=76366 table=75968 ball=11472 ball_hz=28.4 last_ball=8.89s
viewer_status ball stale msgs=164166 total_hz=405.0 base=76546 table=76148 ball=11472 ball_hz=28.3 last_ball=9.92s
viewer_status ball stale msgs=164526 total_hz=404.9 base=76726 table=76328 ball=11472 ball_hz=28.2 last_ball=10.93s
viewer_status ball stale msgs=164916 total_hz=404.8 base=76921 table=76523 ball=11472 ball_hz=28.2 last_ball=12.00s
planner_eval new=236 total=3433 latest=0.04cm/0.5ms median=9.03cm/80.0ms p90=55.29cm/456.9ms
viewer_status ball ok msgs=166475 total_hz=406.9 base=77459 table=77032 ball=11984 ball_hz=29.3 last_ball=-0.56s
viewer_status ball ok msgs=166655 total_hz=406.3 base=77549 table=77122 ball=11984 ball_hz=29.2 last_ball=0.50s
viewer_status ball stale msgs=167047 total_hz=406.2 base=77745 table=77318 ball=11984 ball_hz=29.1 last_ball=1.57s
viewer_status ball stale msgs=167409 total_hz=406.1 base=77926 table=77499 ball=11984 ball_hz=29.1 last_ball=2.61s
viewer_status ball stale msgs=167773 total_hz=406.0 base=78108 table=77681 ball=11984 ball_hz=29.0 last_ball=3.61s
viewer_status ball stale msgs=168165 total_hz=405.9 base=78304 table=77877 ball=11984 ball_hz=28.9 last_ball=4.67s
viewer_status ball stale msgs=168555 total_hz=405.7 base=78499 table=78072 ball=11984 ball_hz=28.8 last_ball=5.74s
viewer_status ball stale msgs=168951 total_hz=405.7 base=78697 table=78270 ball=11984 ball_hz=28.8 last_ball=6.81s
viewer_status ball stale msgs=169341 total_hz=405.6 base=78892 table=78465 ball=11984 ball_hz=28.7 last_ball=7.88s
viewer_status ball stale msgs=169725 total_hz=405.5 base=79084 table=78657 ball=11984 ball_hz=28.6 last_ball=8.89s
viewer_status ball stale msgs=170117 total_hz=405.4 base=79280 table=78853 ball=11984 ball_hz=28.6 last_ball=9.96s
viewer_status ball stale msgs=170507 total_hz=405.3 base=79475 table=79048 ball=11984 ball_hz=28.5 last_ball=11.03s
viewer_status ball stale msgs=170899 total_hz=405.2 base=79671 table=79244 ball=11984 ball_hz=28.4 last_ball=12.08s
planner_eval new=188 total=3621 latest=0.08cm/0.1ms median=8.58cm/74.3ms p90=52.58cm/448.1ms
viewer_status ball ok msgs=172327 total_hz=407.2 base=80165 table=79716 ball=12446 ball_hz=29.4 last_ball=-0.54s
viewer_status ball ok msgs=172507 total_hz=406.7 base=80255 table=79806 ball=12446 ball_hz=29.3 last_ball=0.50s
viewer_status ball stale msgs=172897 total_hz=406.6 base=80450 table=80001 ball=12446 ball_hz=29.3 last_ball=1.55s
viewer_status ball stale msgs=173257 total_hz=406.4 base=80630 table=80181 ball=12446 ball_hz=29.2 last_ball=2.59s
viewer_status ball stale msgs=173617 total_hz=406.3 base=80810 table=80361 ball=12446 ball_hz=29.1 last_ball=3.59s
viewer_status ball stale msgs=174008 total_hz=406.2 base=81006 table=80556 ball=12446 ball_hz=29.1 last_ball=4.66s
viewer_status ball stale msgs=174370 total_hz=406.1 base=81187 table=80737 ball=12446 ball_hz=29.0 last_ball=5.66s
viewer_status ball stale msgs=174730 total_hz=406.0 base=81367 table=80917 ball=12446 ball_hz=28.9 last_ball=6.71s
viewer_status ball stale msgs=175093 total_hz=405.9 base=81549 table=81098 ball=12446 ball_hz=28.8 last_ball=7.71s
viewer_status ball stale msgs=175455 total_hz=405.7 base=81730 table=81279 ball=12446 ball_hz=28.8 last_ball=8.72s
viewer_status ball stale msgs=175818 total_hz=405.6 base=81912 table=81460 ball=12446 ball_hz=28.7 last_ball=9.73s
viewer_status ball stale msgs=176178 total_hz=405.5 base=82092 table=81640 ball=12446 ball_hz=28.6 last_ball=10.73s
viewer_status ball stale msgs=176538 total_hz=405.4 base=82272 table=81820 ball=12446 ball_hz=28.6 last_ball=11.73s
viewer_status ball stale msgs=176900 total_hz=405.3 base=82453 table=82001 ball=12446 ball_hz=28.5 last_ball=12.73s
viewer_status ball stale msgs=177260 total_hz=405.2 base=82633 table=82181 ball=12446 ball_hz=28.5 last_ball=13.76s
viewer_status ball ok msgs=178354 total_hz=406.2 base=83025 table=82545 ball=12784 ball_hz=29.1 last_ball=-0.08s
planner_eval new=180 total=3801 latest=3.77cm/112.4ms median=8.22cm/71.8ms p90=51.61cm/439.2ms
viewer_status ball stale msgs=178850 total_hz=406.3 base=83226 table=82745 ball=12879 ball_hz=29.3 last_ball=0.59s
viewer_status ball stale msgs=179210 total_hz=406.2 base=83406 table=82925 ball=12879 ball_hz=29.2 last_ball=1.60s
viewer_status ball stale msgs=179570 total_hz=406.1 base=83586 table=83105 ball=12879 ball_hz=29.1 last_ball=2.60s
viewer_status ball stale msgs=179931 total_hz=406.0 base=83767 table=83285 ball=12879 ball_hz=29.1 last_ball=3.61s
viewer_status ball stale msgs=180291 total_hz=405.9 base=83947 table=83465 ball=12879 ball_hz=29.0 last_ball=4.61s
viewer_status ball stale msgs=180683 total_hz=405.8 base=84143 table=83661 ball=12879 ball_hz=28.9 last_ball=5.69s
viewer_status ball stale msgs=181073 total_hz=405.7 base=84338 table=83856 ball=12879 ball_hz=28.9 last_ball=6.77s
viewer_status ball stale msgs=181463 total_hz=405.6 base=84533 table=84051 ball=12879 ball_hz=28.8 last_ball=7.84s
viewer_status ball stale msgs=181855 total_hz=405.5 base=84729 table=84247 ball=12879 ball_hz=28.7 last_ball=8.88s
viewer_status ball stale msgs=182245 total_hz=405.4 base=84924 table=84442 ball=12879 ball_hz=28.7 last_ball=9.94s
viewer_status ball stale msgs=182635 total_hz=405.4 base=85119 table=84637 ball=12879 ball_hz=28.6 last_ball=11.00s
viewer_status ball stale msgs=183025 total_hz=405.3 base=85314 table=84832 ball=12879 ball_hz=28.5 last_ball=12.06s
viewer_status ball stale msgs=183385 total_hz=405.2 base=85494 table=85012 ball=12879 ball_hz=28.5 last_ball=13.06s
planner_eval new=164 total=3965 latest=0.03cm/2.5ms median=7.90cm/68.5ms p90=49.95cm/432.4ms
viewer_status ball ok msgs=184770 total_hz=406.8 base=85976 table=85470 ball=13324 ball_hz=29.3 last_ball=-0.51s
viewer_status ball stale msgs=184950 total_hz=406.3 base=86066 table=85560 ball=13324 ball_hz=29.3 last_ball=0.51s
viewer_status ball stale msgs=185314 total_hz=406.2 base=86248 table=85742 ball=13324 ball_hz=29.2 last_ball=1.52s
viewer_status ball stale msgs=185675 total_hz=406.1 base=86429 table=85922 ball=13324 ball_hz=29.1 last_ball=2.52s
viewer_status ball stale msgs=186037 total_hz=406.0 base=86610 table=86103 ball=13324 ball_hz=29.1 last_ball=3.52s
viewer_status ball stale msgs=186397 total_hz=405.9 base=86790 table=86283 ball=13324 ball_hz=29.0 last_ball=4.53s
viewer_status ball stale msgs=186759 total_hz=405.8 base=86971 table=86464 ball=13324 ball_hz=29.0 last_ball=5.53s
viewer_status ball stale msgs=187149 total_hz=405.7 base=87166 table=86659 ball=13324 ball_hz=28.9 last_ball=6.61s
viewer_status ball stale msgs=187539 total_hz=405.6 base=87361 table=86854 ball=13324 ball_hz=28.8 last_ball=7.71s
viewer_status ball stale msgs=187929 total_hz=405.5 base=87556 table=87049 ball=13324 ball_hz=28.7 last_ball=8.80s
viewer_status ball stale msgs=188289 total_hz=405.4 base=87736 table=87229 ball=13324 ball_hz=28.7 last_ball=9.80s
viewer_status ball stale msgs=188649 total_hz=405.3 base=87916 table=87409 ball=13324 ball_hz=28.6 last_ball=10.80s
viewer_status ball stale msgs=189013 total_hz=405.2 base=88098 table=87591 ball=13324 ball_hz=28.6 last_ball=11.80s
viewer_status ball stale msgs=189403 total_hz=405.1 base=88293 table=87786 ball=13324 ball_hz=28.5 last_ball=12.86s
viewer_status ball ok msgs=189902 total_hz=405.3 base=88510 table=88002 ball=13390 ball_hz=28.6 last_ball=-0.13s
planner_eval new=151 total=4116 latest=1.36cm/29.7ms median=7.67cm/67.2ms p90=49.80cm/424.5ms
viewer_status ball ok msgs=190922 total_hz=406.2 base=88857 table=88328 ball=13737 ball_hz=29.2 last_ball=-0.08s
viewer_status ball stale msgs=191302 total_hz=406.1 base=89033 table=88503 ball=13766 ball_hz=29.2 last_ball=0.75s
viewer_status ball stale msgs=191678 total_hz=406.0 base=89221 table=88691 ball=13766 ball_hz=29.2 last_ball=1.81s
viewer_status ball stale msgs=192044 total_hz=405.9 base=89405 table=88873 ball=13766 ball_hz=29.1 last_ball=2.82s
viewer_status ball stale msgs=192404 total_hz=405.8 base=89585 table=89053 ball=13766 ball_hz=29.0 last_ball=3.82s
viewer_status ball stale msgs=192796 total_hz=405.7 base=89781 table=89249 ball=13766 ball_hz=29.0 last_ball=4.89s
viewer_status ball stale msgs=193188 total_hz=405.6 base=89977 table=89445 ball=13766 ball_hz=28.9 last_ball=5.97s
viewer_status ball stale msgs=193548 total_hz=405.5 base=90157 table=89625 ball=13766 ball_hz=28.8 last_ball=6.97s
viewer_status ball stale msgs=193908 total_hz=405.4 base=90337 table=89805 ball=13766 ball_hz=28.8 last_ball=7.98s
viewer_status ball stale msgs=194268 total_hz=405.3 base=90517 table=89985 ball=13766 ball_hz=28.7 last_ball=8.98s
viewer_status ball stale msgs=194658 total_hz=405.2 base=90712 table=90180 ball=13766 ball_hz=28.7 last_ball=10.05s
viewer_status ball stale msgs=195020 total_hz=405.1 base=90893 table=90361 ball=13766 ball_hz=28.6 last_ball=11.06s
viewer_status ball stale msgs=195410 total_hz=405.1 base=91088 table=90556 ball=13766 ball_hz=28.5 last_ball=12.13s
viewer_status ball stale msgs=195772 total_hz=405.0 base=91269 table=90737 ball=13766 ball_hz=28.5 last_ball=13.15s
planner_eval new=223 total=4339 latest=0.20cm/0.6ms median=7.38cm/64.2ms p90=47.33cm/413.1ms
viewer_status ball ok msgs=197696 total_hz=407.1 base=91933 table=91357 ball=14406 ball_hz=29.7 last_ball=-0.64s
viewer_status ball ok msgs=197847 total_hz=406.6 base=92009 table=91432 ball=14406 ball_hz=29.6 last_ball=0.41s
viewer_status ball stale msgs=198239 total_hz=406.5 base=92205 table=91628 ball=14406 ball_hz=29.5 last_ball=1.49s
viewer_status ball stale msgs=198630 total_hz=406.4 base=92401 table=91823 ball=14406 ball_hz=29.5 last_ball=2.56s
viewer_status ball stale msgs=198992 total_hz=406.3 base=92582 table=92004 ball=14406 ball_hz=29.4 last_ball=3.56s
viewer_status ball stale msgs=199382 total_hz=406.2 base=92777 table=92199 ball=14406 ball_hz=29.3 last_ball=4.64s
viewer_status ball stale msgs=199774 total_hz=406.1 base=92973 table=92395 ball=14406 ball_hz=29.3 last_ball=5.68s
viewer_status ball stale msgs=200164 total_hz=406.1 base=93168 table=92590 ball=14406 ball_hz=29.2 last_ball=6.75s
viewer_status ball stale msgs=200554 total_hz=406.0 base=93363 table=92785 ball=14406 ball_hz=29.2 last_ball=7.81s
viewer_status ball stale msgs=200944 total_hz=405.9 base=93558 table=92980 ball=14406 ball_hz=29.1 last_ball=8.86s
viewer_status ball stale msgs=201334 total_hz=405.8 base=93753 table=93175 ball=14406 ball_hz=29.0 last_ball=9.92s
viewer_status ball stale msgs=201724 total_hz=405.7 base=93948 table=93370 ball=14406 ball_hz=29.0 last_ball=10.99s
viewer_status ball ok msgs=203424 total_hz=408.3 base=94573 table=93966 ball=14885 ball_hz=29.9 last_ball=-1.63s
planner_eval new=165 total=4504 latest=0.05cm/2.9ms median=7.11cm/61.6ms p90=45.48cm/404.9ms
viewer_status ball ok msgs=203895 total_hz=407.8 base=94737 table=94119 ball=15039 ball_hz=30.1 last_ball=-0.53s
viewer_status ball ok msgs=204077 total_hz=407.4 base=94828 table=94210 ball=15039 ball_hz=30.0 last_ball=0.50s
viewer_status ball stale msgs=204439 total_hz=407.3 base=95009 table=94391 ball=15039 ball_hz=30.0 last_ball=1.50s
viewer_status ball stale msgs=204831 total_hz=407.2 base=95205 table=94587 ball=15039 ball_hz=29.9 last_ball=2.57s
viewer_status ball stale msgs=205193 total_hz=407.1 base=95386 table=94768 ball=15039 ball_hz=29.8 last_ball=3.57s
viewer_status ball stale msgs=205585 total_hz=407.0 base=95582 table=94964 ball=15039 ball_hz=29.8 last_ball=4.66s
viewer_status ball stale msgs=205975 total_hz=406.9 base=95777 table=95159 ball=15039 ball_hz=29.7 last_ball=5.69s
viewer_status ball stale msgs=206365 total_hz=406.9 base=95972 table=95354 ball=15039 ball_hz=29.6 last_ball=6.74s
viewer_status ball stale msgs=206755 total_hz=406.8 base=96167 table=95549 ball=15039 ball_hz=29.6 last_ball=7.81s
viewer_status ball stale msgs=207139 total_hz=406.7 base=96359 table=95741 ball=15039 ball_hz=29.5 last_ball=8.84s
viewer_status ball stale msgs=207530 total_hz=406.6 base=96555 table=95936 ball=15039 ball_hz=29.5 last_ball=9.91s
viewer_status ball stale msgs=207890 total_hz=406.5 base=96735 table=96116 ball=15039 ball_hz=29.4 last_ball=10.93s
viewer_status ball ok msgs=208282 total_hz=406.4 base=96931 table=96311 ball=15040 ball_hz=29.3 last_ball=-0.00s
viewer_status ball stale msgs=208672 total_hz=406.4 base=97126 table=96506 ball=15040 ball_hz=29.3 last_ball=1.04s
viewer_status ball stale msgs=209062 total_hz=406.3 base=97321 table=96701 ball=15040 ball_hz=29.2 last_ball=2.06s
viewer_status ball ok msgs=209490 total_hz=406.3 base=97520 table=96900 ball=15070 ball_hz=29.2 last_ball=-0.02s
planner_eval new=136 total=4640 latest=0.09cm/1.7ms median=7.00cm/58.3ms p90=45.76cm/397.5ms
viewer_status ball ok msgs=210626 total_hz=407.2 base=97912 table=97263 ball=15451 ball_hz=29.9 last_ball=0.01s
viewer_status ball stale msgs=211018 total_hz=407.1 base=98108 table=97459 ball=15451 ball_hz=29.8 last_ball=1.05s
viewer_status ball stale msgs=211408 total_hz=407.0 base=98303 table=97654 ball=15451 ball_hz=29.7 last_ball=2.11s
viewer_status ball stale msgs=211798 total_hz=407.0 base=98498 table=97849 ball=15451 ball_hz=29.7 last_ball=3.16s
viewer_status ball stale msgs=212190 total_hz=406.9 base=98694 table=98045 ball=15451 ball_hz=29.6 last_ball=4.20s
viewer_status ball stale msgs=212580 total_hz=406.8 base=98889 table=98240 ball=15451 ball_hz=29.6 last_ball=5.25s
viewer_status ball stale msgs=212971 total_hz=406.8 base=99085 table=98435 ball=15451 ball_hz=29.5 last_ball=6.30s
viewer_status ball stale msgs=213363 total_hz=406.7 base=99281 table=98631 ball=15451 ball_hz=29.5 last_ball=7.35s
viewer_status ball stale msgs=213753 total_hz=406.6 base=99476 table=98826 ball=15451 ball_hz=29.4 last_ball=8.42s
viewer_status ball stale msgs=214145 total_hz=406.5 base=99672 table=99022 ball=15451 ball_hz=29.3 last_ball=9.47s
viewer_status ball stale msgs=214537 total_hz=406.5 base=99868 table=99218 ball=15451 ball_hz=29.3 last_ball=10.52s
viewer_status ball stale msgs=214927 total_hz=406.4 base=100063 table=99413 ball=15451 ball_hz=29.2 last_ball=11.57s
viewer_status ball stale msgs=215318 total_hz=406.4 base=100259 table=99608 ball=15451 ball_hz=29.2 last_ball=12.61s
viewer_status ball stale msgs=215678 total_hz=406.3 base=100439 table=99788 ball=15451 ball_hz=29.1 last_ball=13.61s
viewer_status ball stale msgs=216062 total_hz=406.2 base=100631 table=99980 ball=15451 ball_hz=29.0 last_ball=14.65s
viewer_status ball stale msgs=216452 total_hz=406.1 base=100826 table=100175 ball=15451 ball_hz=29.0 last_ball=15.72s
viewer_status ball stale msgs=216842 total_hz=406.0 base=101021 table=100370 ball=15451 ball_hz=28.9 last_ball=16.79s
viewer_status ball stale msgs=217236 total_hz=406.0 base=101218 table=100567 ball=15451 ball_hz=28.9 last_ball=17.83s
viewer_status ball stale msgs=217626 total_hz=405.9 base=101413 table=100762 ball=15451 ball_hz=28.8 last_ball=18.90s
viewer_status ball stale msgs=218046 total_hz=405.9 base=101623 table=100972 ball=15451 ball_hz=28.8 last_ball=19.96s
viewer_status ball stale msgs=218468 total_hz=405.9 base=101834 table=101183 ball=15451 ball_hz=28.7 last_ball=21.01s
viewer_status ball stale msgs=218859 total_hz=405.8 base=102030 table=101378 ball=15451 ball_hz=28.7 last_ball=22.01s
viewer_status ball stale msgs=219249 total_hz=405.8 base=102225 table=101573 ball=15451 ball_hz=28.6 last_ball=23.03s
viewer_status ball stale msgs=219611 total_hz=405.7 base=102406 table=101754 ball=15451 ball_hz=28.5 last_ball=24.04s
viewer_status ball stale msgs=220004 total_hz=405.6 base=102603 table=101950 ball=15451 ball_hz=28.5 last_ball=25.09s
viewer_status ball stale msgs=220396 total_hz=405.6 base=102799 table=102146 ball=15451 ball_hz=28.4 last_ball=26.13s
viewer_status ball stale msgs=220758 total_hz=405.5 base=102980 table=102327 ball=15451 ball_hz=28.4 last_ball=27.15s
viewer_status ball stale msgs=221148 total_hz=405.4 base=103175 table=102522 ball=15451 ball_hz=28.3 last_ball=28.23s
viewer_status ball stale msgs=221508 total_hz=405.3 base=103355 table=102702 ball=15451 ball_hz=28.3 last_ball=29.27s
viewer_status ball stale msgs=221898 total_hz=405.2 base=103550 table=102897 ball=15451 ball_hz=28.2 last_ball=30.34s
viewer_status ball stale msgs=222258 total_hz=405.1 base=103730 table=103077 ball=15451 ball_hz=28.2 last_ball=31.39s
viewer_status ball stale msgs=222621 total_hz=405.0 base=103912 table=103258 ball=15451 ball_hz=28.1 last_ball=32.41s
viewer_status ball stale msgs=223041 total_hz=405.0 base=104122 table=103468 ball=15451 ball_hz=28.1 last_ball=33.48s
viewer_status ball stale msgs=223462 total_hz=404.9 base=104333 table=103678 ball=15451 ball_hz=28.0 last_ball=34.55s
viewer_status ball stale msgs=223883 total_hz=404.9 base=104543 table=103889 ball=15451 ball_hz=27.9 last_ball=35.61s
viewer_status ball stale msgs=224307 total_hz=404.9 base=104755 table=104101 ball=15451 ball_hz=27.9 last_ball=36.69s
viewer_status ball stale msgs=224729 total_hz=404.9 base=104966 table=104312 ball=15451 ball_hz=27.8 last_ball=37.71s
viewer_status ball stale msgs=225149 total_hz=404.9 base=105176 table=104522 ball=15451 ball_hz=27.8 last_ball=38.77s
viewer_status ball stale msgs=225571 total_hz=404.9 base=105387 table=104733 ball=15451 ball_hz=27.7 last_ball=39.83s
viewer_status ball stale msgs=225995 total_hz=404.9 base=105599 table=104945 ball=15451 ball_hz=27.7 last_ball=40.89s
viewer_status ball stale msgs=226417 total_hz=404.9 base=105810 table=105156 ball=15451 ball_hz=27.6 last_ball=41.96s
viewer_status ball stale msgs=226837 total_hz=404.9 base=106020 table=105366 ball=15451 ball_hz=27.6 last_ball=43.02s
viewer_status ball stale msgs=227227 total_hz=404.8 base=106215 table=105561 ball=15451 ball_hz=27.5 last_ball=44.03s
viewer_status ball stale msgs=227649 total_hz=404.8 base=106426 table=105772 ball=15451 ball_hz=27.5 last_ball=45.09s
viewer_status ball stale msgs=228069 total_hz=404.8 base=106636 table=105982 ball=15451 ball_hz=27.4 last_ball=46.14s
viewer_status ball stale msgs=228459 total_hz=404.8 base=106831 table=106177 ball=15451 ball_hz=27.4 last_ball=47.15s
viewer_status ball stale msgs=228879 total_hz=404.8 base=107041 table=106387 ball=15451 ball_hz=27.3 last_ball=48.16s
viewer_status ball stale msgs=229239 total_hz=404.7 base=107221 table=106567 ball=15451 ball_hz=27.3 last_ball=49.17s
viewer_status ball stale msgs=229629 total_hz=404.6 base=107416 table=106762 ball=15451 ball_hz=27.2 last_ball=50.21s
viewer_status ball stale msgs=230049 total_hz=404.6 base=107626 table=106972 ball=15451 ball_hz=27.2 last_ball=51.27s
viewer_status ball stale msgs=230469 total_hz=404.6 base=107836 table=107182 ball=15451 ball_hz=27.1 last_ball=52.30s
viewer_status ball stale msgs=230891 total_hz=404.6 base=108047 table=107393 ball=15451 ball_hz=27.1 last_ball=53.39s
viewer_status ball stale msgs=231305 total_hz=404.6 base=108254 table=107600 ball=15451 ball_hz=27.0 last_ball=54.43s
viewer_status ball stale msgs=231729 total_hz=404.6 base=108466 table=107812 ball=15451 ball_hz=27.0 last_ball=55.47s
viewer_status ball stale msgs=232151 total_hz=404.6 base=108677 table=108023 ball=15451 ball_hz=26.9 last_ball=56.50s
viewer_status ball stale msgs=232571 total_hz=404.6 base=108887 table=108233 ball=15451 ball_hz=26.9 last_ball=57.56s
viewer_status ball stale msgs=232991 total_hz=404.6 base=109097 table=108443 ball=15451 ball_hz=26.8 last_ball=58.62s
viewer_status ball stale msgs=233411 total_hz=404.6 base=109307 table=108653 ball=15451 ball_hz=26.8 last_ball=59.64s
viewer_status ball stale msgs=233833 total_hz=404.6 base=109518 table=108864 ball=15451 ball_hz=26.7 last_ball=60.68s
viewer_status ball stale msgs=234257 total_hz=404.6 base=109730 table=109076 ball=15451 ball_hz=26.7 last_ball=61.71s
viewer_status ball stale msgs=234679 total_hz=404.6 base=109941 table=109287 ball=15451 ball_hz=26.6 last_ball=62.74s
viewer_status ball stale msgs=235099 total_hz=404.6 base=110151 table=109497 ball=15451 ball_hz=26.6 last_ball=63.77s
viewer_status ball stale msgs=235519 total_hz=404.6 base=110361 table=109707 ball=15451 ball_hz=26.5 last_ball=64.81s
viewer_status ball stale msgs=235939 total_hz=404.6 base=110571 table=109917 ball=15451 ball_hz=26.5 last_ball=65.83s
viewer_status ball stale msgs=236359 total_hz=404.6 base=110781 table=110127 ball=15451 ball_hz=26.5 last_ball=66.86s
viewer_status ball stale msgs=236781 total_hz=404.6 base=110992 table=110338 ball=15451 ball_hz=26.4 last_ball=67.90s
viewer_status ball stale msgs=237203 total_hz=404.6 base=111203 table=110549 ball=15451 ball_hz=26.4 last_ball=68.93s
viewer_status ball stale msgs=237625 total_hz=404.6 base=111414 table=110760 ball=15451 ball_hz=26.3 last_ball=69.99s
viewer_status ball stale msgs=238046 total_hz=404.6 base=111625 table=110970 ball=15451 ball_hz=26.3 last_ball=71.05s
viewer_status ball stale msgs=238460 total_hz=404.6 base=111832 table=111177 ball=15451 ball_hz=26.2 last_ball=72.06s
viewer_status ball stale msgs=238880 total_hz=404.6 base=112042 table=111387 ball=15451 ball_hz=26.2 last_ball=73.08s
viewer_status ball stale msgs=239300 total_hz=404.6 base=112252 table=111597 ball=15451 ball_hz=26.1 last_ball=74.13s
viewer_status ball stale msgs=239722 total_hz=404.6 base=112463 table=111808 ball=15451 ball_hz=26.1 last_ball=75.21s
viewer_status ball stale msgs=240142 total_hz=404.6 base=112673 table=112018 ball=15451 ball_hz=26.0 last_ball=76.23s
viewer_status ball stale msgs=240562 total_hz=404.6 base=112883 table=112228 ball=15451 ball_hz=26.0 last_ball=77.30s
viewer_status ball stale msgs=240984 total_hz=404.6 base=113094 table=112439 ball=15451 ball_hz=25.9 last_ball=78.36s
viewer_status ball stale msgs=241398 total_hz=404.6 base=113301 table=112646 ball=15451 ball_hz=25.9 last_ball=79.42s
viewer_status ball stale msgs=241818 total_hz=404.6 base=113511 table=112856 ball=15451 ball_hz=25.8 last_ball=80.46s
viewer_status ball stale msgs=242208 total_hz=404.5 base=113706 table=113051 ball=15451 ball_hz=25.8 last_ball=81.46s
viewer_status ball stale msgs=242600 total_hz=404.5 base=113902 table=113247 ball=15451 ball_hz=25.8 last_ball=82.49s
viewer_status ball stale msgs=243022 total_hz=404.5 base=114113 table=113458 ball=15451 ball_hz=25.7 last_ball=83.51s
viewer_status ball stale msgs=243442 total_hz=404.5 base=114323 table=113668 ball=15451 ball_hz=25.7 last_ball=84.56s
viewer_status ball stale msgs=243798 total_hz=404.4 base=114501 table=113846 ball=15451 ball_hz=25.6 last_ball=85.57s
viewer_status ball stale msgs=244218 total_hz=404.4 base=114711 table=114056 ball=15451 ball_hz=25.6 last_ball=86.67s
viewer_status ball stale msgs=244578 total_hz=404.3 base=114891 table=114236 ball=15451 ball_hz=25.5 last_ball=87.72s
viewer_status ball stale msgs=245022 total_hz=404.3 base=115113 table=114458 ball=15451 ball_hz=25.5 last_ball=88.77s
viewer_status ball stale msgs=245436 total_hz=404.3 base=115320 table=114665 ball=15451 ball_hz=25.5 last_ball=89.78s
viewer_status ball stale msgs=245856 total_hz=404.3 base=115530 table=114875 ball=15451 ball_hz=25.4 last_ball=90.83s
viewer_status ball stale msgs=246246 total_hz=404.3 base=115725 table=115070 ball=15451 ball_hz=25.4 last_ball=91.83s
viewer_status ball stale msgs=246668 total_hz=404.3 base=115936 table=115281 ball=15451 ball_hz=25.3 last_ball=92.88s
viewer_status ball stale msgs=247090 total_hz=404.3 base=116147 table=115492 ball=15451 ball_hz=25.3 last_ball=93.92s
viewer_status ball stale msgs=247504 total_hz=404.3 base=116354 table=115699 ball=15451 ball_hz=25.2 last_ball=94.93s
viewer_status ball stale msgs=247948 total_hz=404.3 base=116576 table=115921 ball=15451 ball_hz=25.2 last_ball=95.99s
viewer_status ball stale msgs=248370 total_hz=404.3 base=116787 table=116132 ball=15451 ball_hz=25.2 last_ball=97.03s
viewer_status ball stale msgs=248791 total_hz=404.3 base=116997 table=116343 ball=15451 ball_hz=25.1 last_ball=98.05s
viewer_status ball stale msgs=249211 total_hz=404.3 base=117207 table=116553 ball=15451 ball_hz=25.1 last_ball=99.09s
viewer_status ball stale msgs=249633 total_hz=404.3 base=117418 table=116764 ball=15451 ball_hz=25.0 last_ball=100.15s
viewer_status ball stale msgs=250069 total_hz=404.3 base=117636 table=116982 ball=15451 ball_hz=25.0 last_ball=101.22s
viewer_status ball stale msgs=250489 total_hz=404.3 base=117846 table=117192 ball=15451 ball_hz=24.9 last_ball=102.28s
viewer_status ball stale msgs=250913 total_hz=404.3 base=118058 table=117404 ball=15451 ball_hz=24.9 last_ball=103.32s
viewer_status ball stale msgs=251334 total_hz=404.3 base=118269 table=117614 ball=15451 ball_hz=24.9 last_ball=104.38s
viewer_status ball stale msgs=251754 total_hz=404.3 base=118479 table=117824 ball=15451 ball_hz=24.8 last_ball=105.40s
viewer_status ball ok msgs=252180 total_hz=404.3 base=118690 table=118033 ball=15457 ball_hz=24.8 last_ball=-0.01s
viewer_status ball ok msgs=252630 total_hz=404.3 base=118907 table=118247 ball=15476 ball_hz=24.8 last_ball=0.37s
viewer_status ball ok msgs=253036 total_hz=404.3 base=119109 table=118442 ball=15485 ball_hz=24.7 last_ball=-0.00s
viewer_status ball ok msgs=253468 total_hz=404.3 base=119321 table=118650 ball=15497 ball_hz=24.7 last_ball=-0.01s
viewer_status ball ok msgs=253889 total_hz=404.4 base=119525 table=118844 ball=15520 ball_hz=24.7 last_ball=-0.00s
viewer_status ball ok msgs=254326 total_hz=404.4 base=119742 table=119055 ball=15529 ball_hz=24.7 last_ball=-0.00s
viewer_status ball stale msgs=254752 total_hz=404.4 base=119954 table=119266 ball=15532 ball_hz=24.7 last_ball=0.51s
viewer_status ball ok msgs=255189 total_hz=404.4 base=120170 table=119476 ball=15543 ball_hz=24.6 last_ball=-0.00s
viewer_status ball ok msgs=255623 total_hz=404.4 base=120374 table=119671 ball=15578 ball_hz=24.6 last_ball=-0.00s
viewer_status ball ok msgs=256056 total_hz=404.4 base=120580 table=119869 ball=15607 ball_hz=24.7 last_ball=-0.00s
viewer_status ball ok msgs=256487 total_hz=404.4 base=120793 table=120080 ball=15614 ball_hz=24.6 last_ball=0.15s
viewer_status ball ok msgs=256897 total_hz=404.4 base=120996 table=120277 ball=15624 ball_hz=24.6 last_ball=-0.00s
viewer_status ball ok msgs=257300 total_hz=404.4 base=121196 table=120473 ball=15631 ball_hz=24.6 last_ball=-0.00s
viewer_status ball ok msgs=257737 total_hz=404.4 base=121410 table=120682 ball=15645 ball_hz=24.6 last_ball=-0.00s
viewer_status ball ok msgs=258171 total_hz=404.5 base=121625 table=120892 ball=15654 ball_hz=24.5 last_ball=0.08s
viewer_status ball ok msgs=258627 total_hz=404.5 base=121850 table=121111 ball=15666 ball_hz=24.5 last_ball=-0.00s
viewer_status ball ok msgs=259217 total_hz=404.7 base=122074 table=121321 ball=15822 ball_hz=24.7 last_ball=-0.03s
viewer_status ball ok msgs=259855 total_hz=405.0 base=122306 table=121538 ball=16011 ball_hz=25.0 last_ball=-0.10s
viewer_status ball ok msgs=260470 total_hz=405.3 base=122524 table=121744 ball=16202 ball_hz=25.2 last_ball=-0.04s
viewer_status ball ok msgs=261073 total_hz=405.6 base=122742 table=121945 ball=16386 ball_hz=25.5 last_ball=-0.02s
viewer_status ball ok msgs=261754 total_hz=405.9 base=122982 table=122174 ball=16598 ball_hz=25.7 last_ball=-0.10s
viewer_status ball ok msgs=262234 total_hz=406.0 base=123158 table=122339 ball=16737 ball_hz=25.9 last_ball=-0.02s
viewer_status ball ok msgs=262743 total_hz=406.2 base=123351 table=122515 ball=16877 ball_hz=26.1 last_ball=-0.02s
viewer_status ball ok msgs=263210 total_hz=406.2 base=123525 table=122678 ball=17007 ball_hz=26.2 last_ball=-0.03s
viewer_status ball ok msgs=263632 total_hz=406.3 base=123668 table=122814 ball=17150 ball_hz=26.4 last_ball=-0.02s
viewer_status ball ok msgs=264028 total_hz=406.2 base=123802 table=122942 ball=17284 ball_hz=26.6 last_ball=-0.02s
viewer_status ball ok msgs=264451 total_hz=406.2 base=123945 table=123079 ball=17427 ball_hz=26.8 last_ball=-0.02s
viewer_status ball ok msgs=264877 total_hz=406.2 base=124089 table=123217 ball=17571 ball_hz=26.9 last_ball=-0.02s
viewer_status ball ok msgs=265290 total_hz=406.1 base=124227 table=123354 ball=17709 ball_hz=27.1 last_ball=-0.04s
viewer_status ball ok msgs=265590 total_hz=405.9 base=124335 table=123461 ball=17794 ball_hz=27.2 last_ball=-0.00s
viewer_status ball stale msgs=265948 total_hz=405.8 base=124514 table=123640 ball=17794 ball_hz=27.2 last_ball=1.01s
viewer_status ball stale msgs=266308 total_hz=405.7 base=124694 table=123820 ball=17794 ball_hz=27.1 last_ball=2.01s
viewer_status ball stale msgs=266668 total_hz=405.7 base=124874 table=124000 ball=17794 ball_hz=27.1 last_ball=3.01s
viewer_status ball stale msgs=267030 total_hz=405.6 base=125055 table=124181 ball=17794 ball_hz=27.0 last_ball=4.03s
viewer_status ball stale msgs=267390 total_hz=405.5 base=125235 table=124361 ball=17794 ball_hz=27.0 last_ball=5.06s
viewer_status ball stale msgs=267750 total_hz=405.4 base=125415 table=124541 ball=17794 ball_hz=26.9 last_ball=6.08s
viewer_status ball stale msgs=268110 total_hz=405.3 base=125595 table=124721 ball=17794 ball_hz=26.9 last_ball=7.08s
viewer_status ball stale msgs=268500 total_hz=405.3 base=125790 table=124916 ball=17794 ball_hz=26.9 last_ball=8.16s
viewer_status ball stale msgs=268890 total_hz=405.2 base=125985 table=125111 ball=17794 ball_hz=26.8 last_ball=9.23s
viewer_status ball stale msgs=269304 total_hz=405.2 base=126192 table=125318 ball=17794 ball_hz=26.8 last_ball=10.26s
viewer_status ball stale msgs=269696 total_hz=405.2 base=126388 table=125514 ball=17794 ball_hz=26.7 last_ball=11.29s
viewer_status ball stale msgs=270088 total_hz=405.1 base=126584 table=125710 ball=17794 ball_hz=26.7 last_ball=12.31s
viewer_status ball stale msgs=270442 total_hz=405.0 base=126761 table=125887 ball=17794 ball_hz=26.7 last_ball=13.33s
viewer_status ball stale msgs=270804 total_hz=405.0 base=126942 table=126068 ball=17794 ball_hz=26.6 last_ball=14.33s
viewer_status ball stale msgs=271164 total_hz=404.9 base=127122 table=126248 ball=17794 ball_hz=26.6 last_ball=15.35s
viewer_status ball stale msgs=271524 total_hz=404.8 base=127302 table=126428 ball=17794 ball_hz=26.5 last_ball=16.37s
viewer_status ball stale msgs=271884 total_hz=404.7 base=127482 table=126608 ball=17794 ball_hz=26.5 last_ball=17.39s
viewer_status ball stale msgs=272274 total_hz=404.7 base=127677 table=126803 ball=17794 ball_hz=26.4 last_ball=18.47s
viewer_status ball stale msgs=272664 total_hz=404.6 base=127872 table=126998 ball=17794 ball_hz=26.4 last_ball=19.53s
viewer_status ball stale msgs=273025 total_hz=404.5 base=128053 table=127178 ball=17794 ball_hz=26.4 last_ball=20.54s
viewer_status ball stale msgs=273387 total_hz=404.5 base=128234 table=127359 ball=17794 ball_hz=26.3 last_ball=21.56s
viewer_status ball stale msgs=273747 total_hz=404.4 base=128414 table=127539 ball=17794 ball_hz=26.3 last_ball=22.57s
viewer_status ball stale msgs=274137 total_hz=404.3 base=128609 table=127734 ball=17794 ball_hz=26.2 last_ball=23.64s
viewer_status ball stale msgs=274499 total_hz=404.3 base=128790 table=127915 ball=17794 ball_hz=26.2 last_ball=24.64s
viewer_status ball stale msgs=274889 total_hz=404.2 base=128985 table=128110 ball=17794 ball_hz=26.2 last_ball=25.71s
viewer_status ball stale msgs=275311 total_hz=404.2 base=129196 table=128321 ball=17794 ball_hz=26.1 last_ball=26.74s
viewer_status ball stale msgs=275725 total_hz=404.2 base=129403 table=128528 ball=17794 ball_hz=26.1 last_ball=27.76s
viewer_status ball stale msgs=276115 total_hz=404.2 base=129598 table=128723 ball=17794 ball_hz=26.0 last_ball=28.79s
viewer_status ball stale msgs=276509 total_hz=404.1 base=129795 table=128920 ball=17794 ball_hz=26.0 last_ball=29.83s
viewer_status ball stale msgs=276899 total_hz=404.1 base=129990 table=129115 ball=17794 ball_hz=26.0 last_ball=30.87s
viewer_status ball stale msgs=277289 total_hz=404.0 base=130185 table=129310 ball=17794 ball_hz=25.9 last_ball=31.93s
viewer_status ball stale msgs=277649 total_hz=404.0 base=130365 table=129490 ball=17794 ball_hz=25.9 last_ball=32.93s
viewer_status ball stale msgs=278039 total_hz=403.9 base=130560 table=129685 ball=17794 ball_hz=25.8 last_ball=34.02s
viewer_status ball stale msgs=278401 total_hz=403.8 base=130741 table=129866 ball=17794 ball_hz=25.8 last_ball=35.02s
viewer_status ball stale msgs=278763 total_hz=403.8 base=130922 table=130047 ball=17794 ball_hz=25.8 last_ball=36.02s
viewer_status ball stale msgs=279156 total_hz=403.7 base=131118 table=130244 ball=17794 ball_hz=25.7 last_ball=37.10s
viewer_status ball stale msgs=279518 total_hz=403.7 base=131299 table=130425 ball=17794 ball_hz=25.7 last_ball=38.11s
viewer_status ball stale msgs=279911 total_hz=403.6 base=131496 table=130621 ball=17794 ball_hz=25.7 last_ball=39.17s
viewer_status ball stale msgs=280303 total_hz=403.5 base=131692 table=130817 ball=17794 ball_hz=25.6 last_ball=40.24s
viewer_status ball stale msgs=280695 total_hz=403.5 base=131888 table=131013 ball=17794 ball_hz=25.6 last_ball=41.30s
viewer_status ball stale msgs=281085 total_hz=403.4 base=132083 table=131208 ball=17794 ball_hz=25.5 last_ball=42.35s
viewer_status ball stale msgs=281445 total_hz=403.4 base=132263 table=131388 ball=17794 ball_hz=25.5 last_ball=43.36s
viewer_status ball stale msgs=281835 total_hz=403.3 base=132458 table=131583 ball=17794 ball_hz=25.5 last_ball=44.40s
viewer_status ball stale msgs=282225 total_hz=403.3 base=132653 table=131778 ball=17794 ball_hz=25.4 last_ball=45.44s
viewer_status ball stale msgs=282615 total_hz=403.2 base=132848 table=131973 ball=17794 ball_hz=25.4 last_ball=46.51s
viewer_status ball stale msgs=283005 total_hz=403.2 base=133043 table=132168 ball=17794 ball_hz=25.3 last_ball=47.62s
viewer_status ball ok msgs=283361 total_hz=403.1 base=133198 table=132323 ball=17840 ball_hz=25.4 last_ball=-0.01s
viewer_status ball ok msgs=283670 total_hz=402.9 base=133301 table=132426 ball=17943 ball_hz=25.5 last_ball=-0.02s
viewer_status ball ok msgs=284047 total_hz=402.8 base=133427 table=132551 ball=18069 ball_hz=25.6 last_ball=-0.05s
viewer_status ball ok msgs=284431 total_hz=402.7 base=133556 table=132677 ball=18198 ball_hz=25.8 last_ball=-0.07s
viewer_status ball ok msgs=284784 total_hz=402.7 base=133674 table=132794 ball=18316 ball_hz=25.9 last_ball=-0.05s
viewer_status ball ok msgs=285178 total_hz=402.6 base=133807 table=132922 ball=18449 ball_hz=26.0 last_ball=-0.03s
viewer_status ball ok msgs=285796 total_hz=402.8 base=134024 table=133130 ball=18642 ball_hz=26.3 last_ball=-0.02s
viewer_status ball ok msgs=286306 total_hz=402.9 base=134224 table=133317 ball=18765 ball_hz=26.4 last_ball=-0.02s
viewer_status ball ok msgs=286850 total_hz=403.1 base=134422 table=133503 ball=18925 ball_hz=26.6 last_ball=-0.05s
viewer_status ball ok msgs=287409 total_hz=403.3 base=134625 table=133692 ball=19092 ball_hz=26.8 last_ball=-0.03s
viewer_status ball ok msgs=288013 total_hz=403.5 base=134841 table=133896 ball=19276 ball_hz=27.0 last_ball=-0.10s
viewer_status ball ok msgs=288572 total_hz=403.7 base=135035 table=134085 ball=19452 ball_hz=27.2 last_ball=-0.03s
viewer_status ball ok msgs=289213 total_hz=404.1 base=135263 table=134303 ball=19647 ball_hz=27.4 last_ball=-0.12s
viewer_status ball ok msgs=289720 total_hz=404.2 base=135457 table=134488 ball=19775 ball_hz=27.6 last_ball=-0.02s
viewer_status ball ok msgs=290149 total_hz=404.2 base=135660 table=134684 ball=19805 ball_hz=27.6 last_ball=0.08s
viewer_status ball ok msgs=290577 total_hz=404.2 base=135873 table=134893 ball=19811 ball_hz=27.6 last_ball=0.15s
viewer_status ball ok msgs=291007 total_hz=404.2 base=136085 table=135099 ball=19823 ball_hz=27.5 last_ball=-0.00s
viewer_status ball ok msgs=291448 total_hz=404.2 base=136303 table=135311 ball=19834 ball_hz=27.5 last_ball=0.38s
viewer_status ball ok msgs=291876 total_hz=404.2 base=136514 table=135521 ball=19841 ball_hz=27.5 last_ball=0.23s
viewer_status ball ok msgs=292308 total_hz=404.2 base=136729 table=135731 ball=19848 ball_hz=27.4 last_ball=-0.00s
viewer_status ball ok msgs=292717 total_hz=404.2 base=136930 table=135926 ball=19861 ball_hz=27.4 last_ball=-0.00s
viewer_status ball ok msgs=293119 total_hz=404.2 base=137129 table=136118 ball=19872 ball_hz=27.4 last_ball=-0.00s
viewer_status ball ok msgs=293547 total_hz=404.2 base=137341 table=136328 ball=19878 ball_hz=27.4 last_ball=0.37s
viewer_status ball ok msgs=293974 total_hz=404.2 base=137553 table=136538 ball=19883 ball_hz=27.3 last_ball=0.15s
viewer_status ball ok msgs=294396 total_hz=404.2 base=137764 table=136748 ball=19884 ball_hz=27.3 last_ball=-0.00s
viewer_status ball ok msgs=294790 total_hz=404.2 base=137961 table=136943 ball=19886 ball_hz=27.3 last_ball=0.16s
viewer_status ball ok msgs=295218 total_hz=404.2 base=138175 table=137153 ball=19890 ball_hz=27.2 last_ball=0.22s
viewer_status ball ok msgs=295646 total_hz=404.2 base=138388 table=137360 ball=19898 ball_hz=27.2 last_ball=0.07s
viewer_status ball ok msgs=296057 total_hz=404.2 base=138592 table=137558 ball=19907 ball_hz=27.2 last_ball=0.23s
viewer_status ball stale msgs=296465 total_hz=404.2 base=138796 table=137762 ball=19907 ball_hz=27.1 last_ball=1.23s
viewer_status ball stale msgs=296885 total_hz=404.2 base=139006 table=137972 ball=19907 ball_hz=27.1 last_ball=2.24s
viewer_status ball stale msgs=297305 total_hz=404.2 base=139216 table=138182 ball=19907 ball_hz=27.1 last_ball=3.27s
viewer_status ball stale msgs=297725 total_hz=404.2 base=139426 table=138392 ball=19907 ball_hz=27.0 last_ball=4.29s
viewer_status ball stale msgs=298149 total_hz=404.3 base=139638 table=138604 ball=19907 ball_hz=27.0 last_ball=5.31s
viewer_status ball stale msgs=298569 total_hz=404.3 base=139848 table=138814 ball=19907 ball_hz=27.0 last_ball=6.32s
viewer_status ball stale msgs=298989 total_hz=404.3 base=140058 table=139024 ball=19907 ball_hz=26.9 last_ball=7.36s
viewer_status ball stale msgs=299409 total_hz=404.3 base=140268 table=139234 ball=19907 ball_hz=26.9 last_ball=8.40s
viewer_status ball stale msgs=299829 total_hz=404.3 base=140478 table=139444 ball=19907 ball_hz=26.8 last_ball=9.40s
viewer_status ball stale msgs=300249 total_hz=404.3 base=140688 table=139654 ball=19907 ball_hz=26.8 last_ball=10.43s
viewer_status ball stale msgs=300671 total_hz=404.3 base=140899 table=139865 ball=19907 ball_hz=26.8 last_ball=11.45s
viewer_status ball stale msgs=301091 total_hz=404.3 base=141109 table=140075 ball=19907 ball_hz=26.7 last_ball=12.50s
viewer_status ball stale msgs=301511 total_hz=404.3 base=141319 table=140285 ball=19907 ball_hz=26.7 last_ball=13.52s
viewer_status ball stale msgs=301931 total_hz=404.3 base=141529 table=140495 ball=19907 ball_hz=26.7 last_ball=14.55s
viewer_status ball stale msgs=302351 total_hz=404.3 base=141739 table=140705 ball=19907 ball_hz=26.6 last_ball=15.56s
viewer_status ball stale msgs=302773 total_hz=404.3 base=141950 table=140916 ball=19907 ball_hz=26.6 last_ball=16.59s
viewer_status ball stale msgs=303194 total_hz=404.3 base=142161 table=141126 ball=19907 ball_hz=26.5 last_ball=17.62s
viewer_status ball stale msgs=303610 total_hz=404.4 base=142369 table=141334 ball=19907 ball_hz=26.5 last_ball=18.62s
viewer_status ball stale msgs=304031 total_hz=404.4 base=142579 table=141545 ball=19907 ball_hz=26.5 last_ball=19.65s
viewer_status ball stale msgs=304451 total_hz=404.4 base=142789 table=141755 ball=19907 ball_hz=26.4 last_ball=20.68s
viewer_status ball stale msgs=304873 total_hz=404.4 base=143000 table=141966 ball=19907 ball_hz=26.4 last_ball=21.74s
viewer_status ball stale msgs=305293 total_hz=404.4 base=143210 table=142176 ball=19907 ball_hz=26.4 last_ball=22.76s
viewer_status ball stale msgs=305715 total_hz=404.4 base=143421 table=142387 ball=19907 ball_hz=26.3 last_ball=23.76s
viewer_status ball stale msgs=306135 total_hz=404.4 base=143631 table=142597 ball=19907 ball_hz=26.3 last_ball=24.81s
viewer_status ball stale msgs=306555 total_hz=404.4 base=143841 table=142807 ball=19907 ball_hz=26.3 last_ball=25.81s
viewer_status ball stale msgs=306975 total_hz=404.4 base=144051 table=143017 ball=19907 ball_hz=26.2 last_ball=26.82s
viewer_status ball stale msgs=307396 total_hz=404.4 base=144261 table=143228 ball=19907 ball_hz=26.2 last_ball=27.84s
viewer_status ball stale msgs=307818 total_hz=404.4 base=144472 table=143439 ball=19907 ball_hz=26.2 last_ball=28.86s
viewer_status ball stale msgs=308240 total_hz=404.5 base=144683 table=143650 ball=19907 ball_hz=26.1 last_ball=29.89s
viewer_status ball stale msgs=308664 total_hz=404.5 base=144895 table=143862 ball=19907 ball_hz=26.1 last_ball=30.91s
viewer_status ball stale msgs=309087 total_hz=404.5 base=145107 table=144073 ball=19907 ball_hz=26.0 last_ball=31.96s
viewer_status ball stale msgs=309509 total_hz=404.5 base=145318 table=144284 ball=19907 ball_hz=26.0 last_ball=32.99s
viewer_status ball stale msgs=309899 total_hz=404.5 base=145513 table=144479 ball=19907 ball_hz=26.0 last_ball=33.99s
viewer_status ball stale msgs=310319 total_hz=404.5 base=145723 table=144689 ball=19907 ball_hz=25.9 last_ball=35.03s
viewer_status ball stale msgs=310771 total_hz=404.5 base=145949 table=144915 ball=19907 ball_hz=25.9 last_ball=36.10s
viewer_status ball stale msgs=311195 total_hz=404.5 base=146161 table=145127 ball=19907 ball_hz=25.9 last_ball=37.14s
viewer_status ball stale msgs=311617 total_hz=404.5 base=146372 table=145338 ball=19907 ball_hz=25.8 last_ball=38.16s
viewer_status ball stale msgs=312037 total_hz=404.5 base=146582 table=145548 ball=19907 ball_hz=25.8 last_ball=39.17s
viewer_status ball stale msgs=312457 total_hz=404.5 base=146792 table=145758 ball=19907 ball_hz=25.8 last_ball=40.20s
viewer_status ball stale msgs=312878 total_hz=404.5 base=147003 table=145968 ball=19907 ball_hz=25.7 last_ball=41.20s
viewer_status ball stale msgs=313298 total_hz=404.5 base=147213 table=146178 ball=19907 ball_hz=25.7 last_ball=42.23s
viewer_status ball stale msgs=313722 total_hz=404.6 base=147425 table=146390 ball=19907 ball_hz=25.7 last_ball=43.26s
viewer_status ball stale msgs=314143 total_hz=404.5 base=147636 table=146600 ball=19907 ball_hz=25.6 last_ball=44.30s
viewer_status ball stale msgs=314557 total_hz=404.6 base=147843 table=146807 ball=19907 ball_hz=25.6 last_ball=45.30s
viewer_status ball stale msgs=314941 total_hz=404.5 base=148035 table=146999 ball=19907 ball_hz=25.6 last_ball=46.34s
viewer_status ball stale msgs=315361 total_hz=404.5 base=148245 table=147209 ball=19907 ball_hz=25.5 last_ball=47.34s
viewer_status ball stale msgs=315811 total_hz=404.6 base=148470 table=147434 ball=19907 ball_hz=25.5 last_ball=48.40s
viewer_status ball stale msgs=316231 total_hz=404.6 base=148680 table=147644 ball=19907 ball_hz=25.5 last_ball=49.41s
viewer_status ball stale msgs=316655 total_hz=404.6 base=148893 table=147855 ball=19907 ball_hz=25.4 last_ball=50.43s
viewer_status ball stale msgs=317107 total_hz=404.6 base=149119 table=148081 ball=19907 ball_hz=25.4 last_ball=51.50s
viewer_status ball stale msgs=317527 total_hz=404.6 base=149329 table=148291 ball=19907 ball_hz=25.4 last_ball=52.53s
viewer_status ball stale msgs=317947 total_hz=404.6 base=149539 table=148501 ball=19907 ball_hz=25.3 last_ball=53.54s
viewer_status ball stale msgs=318368 total_hz=404.6 base=149749 table=148712 ball=19907 ball_hz=25.3 last_ball=54.56s
viewer_status ball stale msgs=318788 total_hz=404.7 base=149959 table=148922 ball=19907 ball_hz=25.3 last_ball=55.58s
viewer_status ball stale msgs=319208 total_hz=404.7 base=150169 table=149132 ball=19907 ball_hz=25.2 last_ball=56.60s
viewer_status ball stale msgs=319630 total_hz=404.7 base=150380 table=149343 ball=19907 ball_hz=25.2 last_ball=57.65s
viewer_status ball stale msgs=320050 total_hz=404.7 base=150590 table=149553 ball=19907 ball_hz=25.2 last_ball=58.66s
viewer_status ball stale msgs=320470 total_hz=404.7 base=150800 table=149763 ball=19907 ball_hz=25.1 last_ball=59.71s
viewer_status ball stale msgs=320922 total_hz=404.7 base=151026 table=149989 ball=19907 ball_hz=25.1 last_ball=60.78s
viewer_status ball stale msgs=321284 total_hz=404.6 base=151207 table=150170 ball=19907 ball_hz=25.1 last_ball=61.79s
viewer_status ball stale msgs=321704 total_hz=404.6 base=151417 table=150380 ball=19907 ball_hz=25.0 last_ball=62.82s
viewer_status ball stale msgs=322124 total_hz=404.6 base=151627 table=150590 ball=19907 ball_hz=25.0 last_ball=63.87s
viewer_status ball stale msgs=322539 total_hz=404.6 base=151835 table=150797 ball=19907 ball_hz=25.0 last_ball=64.89s
viewer_status ball stale msgs=322959 total_hz=404.6 base=152045 table=151007 ball=19907 ball_hz=24.9 last_ball=65.91s
viewer_status ball stale msgs=323379 total_hz=404.6 base=152255 table=151217 ball=19907 ball_hz=24.9 last_ball=66.97s
viewer_status ball stale msgs=323770 total_hz=404.6 base=152451 table=151412 ball=19907 ball_hz=24.9 last_ball=67.98s
viewer_status ball stale msgs=324190 total_hz=404.6 base=152661 table=151622 ball=19907 ball_hz=24.8 last_ball=68.99s
viewer_status ball stale msgs=324610 total_hz=404.6 base=152871 table=151832 ball=19907 ball_hz=24.8 last_ball=70.00s
viewer_status ball stale msgs=325030 total_hz=404.6 base=153081 table=152042 ball=19907 ball_hz=24.8 last_ball=71.05s
viewer_status ball stale msgs=325452 total_hz=404.6 base=153292 table=152253 ball=19907 ball_hz=24.8 last_ball=72.06s
viewer_status ball stale msgs=325875 total_hz=404.7 base=153504 table=152464 ball=19907 ball_hz=24.7 last_ball=73.09s
viewer_status ball stale msgs=326295 total_hz=404.7 base=153714 table=152674 ball=19907 ball_hz=24.7 last_ball=74.09s
viewer_status ball stale msgs=326715 total_hz=404.7 base=153924 table=152884 ball=19907 ball_hz=24.7 last_ball=75.12s
viewer_status ball stale msgs=327137 total_hz=404.7 base=154135 table=153095 ball=19907 ball_hz=24.6 last_ball=76.13s
viewer_status ball stale msgs=327589 total_hz=404.7 base=154361 table=153321 ball=19907 ball_hz=24.6 last_ball=77.20s
viewer_status ball stale msgs=328035 total_hz=404.7 base=154584 table=153544 ball=19907 ball_hz=24.6 last_ball=78.26s
viewer_status ball stale msgs=328456 total_hz=404.8 base=154795 table=153754 ball=19907 ball_hz=24.5 last_ball=79.27s
viewer_status ball stale msgs=328876 total_hz=404.8 base=155005 table=153964 ball=19907 ball_hz=24.5 last_ball=80.27s
viewer_status ball stale msgs=329296 total_hz=404.8 base=155215 table=154174 ball=19907 ball_hz=24.5 last_ball=81.29s
viewer_status ball stale msgs=329718 total_hz=404.8 base=155426 table=154385 ball=19907 ball_hz=24.4 last_ball=82.35s
viewer_status ball stale msgs=330143 total_hz=404.8 base=155639 table=154597 ball=19907 ball_hz=24.4 last_ball=83.40s
viewer_status ball stale msgs=330563 total_hz=404.8 base=155849 table=154807 ball=19907 ball_hz=24.4 last_ball=84.44s
viewer_status ball stale msgs=330985 total_hz=404.8 base=156060 table=155018 ball=19907 ball_hz=24.3 last_ball=85.45s
viewer_status ball stale msgs=331405 total_hz=404.8 base=156270 table=155228 ball=19907 ball_hz=24.3 last_ball=86.48s
viewer_status ball stale msgs=331856 total_hz=404.8 base=156496 table=155453 ball=19907 ball_hz=24.3 last_ball=87.54s
viewer_status ball stale msgs=332276 total_hz=404.8 base=156706 table=155663 ball=19907 ball_hz=24.3 last_ball=88.59s
viewer_status ball stale msgs=332721 total_hz=404.8 base=156929 table=155885 ball=19907 ball_hz=24.2 last_ball=89.63s
viewer_status ball stale msgs=333165 total_hz=404.9 base=157151 table=156107 ball=19907 ball_hz=24.2 last_ball=90.69s
viewer_status ball stale msgs=333557 total_hz=404.8 base=157347 table=156303 ball=19907 ball_hz=24.2 last_ball=91.76s
viewer_status ball stale msgs=333971 total_hz=404.8 base=157554 table=156510 ball=19907 ball_hz=24.1 last_ball=92.77s
viewer_status ball stale msgs=334393 total_hz=404.8 base=157765 table=156721 ball=19907 ball_hz=24.1 last_ball=93.77s
viewer_status ball stale msgs=334815 total_hz=404.8 base=157976 table=156932 ball=19907 ball_hz=24.1 last_ball=94.80s
viewer_status ball stale msgs=335235 total_hz=404.9 base=158186 table=157142 ball=19907 ball_hz=24.0 last_ball=95.81s
viewer_status ball stale msgs=335687 total_hz=404.9 base=158412 table=157368 ball=19907 ball_hz=24.0 last_ball=96.88s
viewer_status ball stale msgs=336137 total_hz=404.9 base=158637 table=157593 ball=19907 ball_hz=24.0 last_ball=97.94s
viewer_status ball stale msgs=336592 total_hz=404.9 base=158865 table=157820 ball=19907 ball_hz=23.9 last_ball=99.01s
viewer_status ball stale msgs=337044 total_hz=405.0 base=159091 table=158046 ball=19907 ball_hz=23.9 last_ball=100.07s
viewer_status ball stale msgs=337465 total_hz=405.0 base=159302 table=158256 ball=19907 ball_hz=23.9 last_ball=101.09s
viewer_status ball stale msgs=337885 total_hz=405.0 base=159512 table=158466 ball=19907 ball_hz=23.9 last_ball=102.11s
viewer_status ball stale msgs=338307 total_hz=405.0 base=159723 table=158677 ball=19907 ball_hz=23.8 last_ball=103.12s
viewer_status ball stale msgs=338729 total_hz=405.0 base=159934 table=158888 ball=19907 ball_hz=23.8 last_ball=104.12s
viewer_status ball stale msgs=339151 total_hz=405.0 base=160145 table=159099 ball=19907 ball_hz=23.8 last_ball=105.14s
viewer_status ball stale msgs=339571 total_hz=405.0 base=160355 table=159309 ball=19907 ball_hz=23.7 last_ball=106.16s
viewer_status ball stale msgs=339991 total_hz=405.0 base=160565 table=159519 ball=19907 ball_hz=23.7 last_ball=107.23s
viewer_status ball stale msgs=340411 total_hz=405.0 base=160775 table=159729 ball=19907 ball_hz=23.7 last_ball=108.26s
viewer_status ball stale msgs=340861 total_hz=405.0 base=161000 table=159954 ball=19907 ball_hz=23.7 last_ball=109.33s
viewer_status ball stale msgs=341281 total_hz=405.1 base=161210 table=160164 ball=19907 ball_hz=23.6 last_ball=110.33s
viewer_status ball stale msgs=341701 total_hz=405.1 base=161420 table=160374 ball=19907 ball_hz=23.6 last_ball=111.34s
viewer_status ball stale msgs=342123 total_hz=405.1 base=161631 table=160585 ball=19907 ball_hz=23.6 last_ball=112.35s
viewer_status ball stale msgs=342545 total_hz=405.1 base=161842 table=160796 ball=19907 ball_hz=23.5 last_ball=113.36s
viewer_status ball stale msgs=342965 total_hz=405.1 base=162052 table=161006 ball=19907 ball_hz=23.5 last_ball=114.38s
viewer_status ball stale msgs=343417 total_hz=405.1 base=162278 table=161232 ball=19907 ball_hz=23.5 last_ball=115.45s
viewer_status ball stale msgs=343837 total_hz=405.1 base=162488 table=161442 ball=19907 ball_hz=23.5 last_ball=116.50s
viewer_status ball stale msgs=344257 total_hz=405.1 base=162698 table=161652 ball=19907 ball_hz=23.4 last_ball=117.51s
viewer_status ball stale msgs=344681 total_hz=405.1 base=162910 table=161864 ball=19907 ball_hz=23.4 last_ball=118.57s
viewer_status ball stale msgs=345071 total_hz=405.1 base=163105 table=162059 ball=19907 ball_hz=23.4 last_ball=119.60s
viewer_status ball stale msgs=345493 total_hz=405.1 base=163316 table=162270 ball=19907 ball_hz=23.3 last_ball=120.66s
viewer_status ball stale msgs=345885 total_hz=405.0 base=163512 table=162466 ball=19907 ball_hz=23.3 last_ball=121.72s
viewer_status ball stale msgs=346307 total_hz=405.1 base=163723 table=162677 ball=19907 ball_hz=23.3 last_ball=122.74s
