listening lcm_url=udpm://239.255.76.67:7667?ttl=255 channel=vicon_state_data ball_name=ball
viewer_status ball missing msgs=2 total_hz=3718.4 base=1 table=1 ball=0 ball_hz=0.0 last_ball=never
viewer_status ball missing msgs=456 total_hz=447.0 base=228 table=228 ball=0 ball_hz=0.0 last_ball=never
viewer_status ball missing msgs=966 total_hz=473.8 base=483 table=483 ball=0 ball_hz=0.0 last_ball=never
viewer_status ball missing msgs=1460 total_hz=479.9 base=730 table=730 ball=0 ball_hz=0.0 last_ball=never
viewer_status ball missing msgs=1956 total_hz=476.3 base=978 table=978 ball=0 ball_hz=0.0 last_ball=never
viewer_status ball missing msgs=2437 total_hz=475.4 base=1219 table=1218 ball=0 ball_hz=0.0 last_ball=never
viewer_status ball missing msgs=2949 total_hz=477.5 base=1475 table=1474 ball=0 ball_hz=0.0 last_ball=never
viewer_status ball missing msgs=3431 total_hz=478.0 base=1716 table=1715 ball=0 ball_hz=0.0 last_ball=never
viewer_status ball missing msgs=3941 total_hz=480.3 base=1971 table=1970 ball=0 ball_hz=0.0 last_ball=never
viewer_status ball missing msgs=4423 total_hz=480.0 base=2212 table=2211 ball=0 ball_hz=0.0 last_ball=never
viewer_status ball missing msgs=4905 total_hz=479.3 base=2453 table=2452 ball=0 ball_hz=0.0 last_ball=never
viewer_status ball missing msgs=5379 total_hz=477.4 base=2690 table=2689 ball=0 ball_hz=0.0 last_ball=never
viewer_status ball missing msgs=5829 total_hz=475.1 base=2915 table=2914 ball=0 ball_hz=0.0 last_ball=never
viewer_status ball missing msgs=6274 total_hz=472.8 base=3137 table=3137 ball=0 ball_hz=0.0 last_ball=never
viewer_status ball missing msgs=6724 total_hz=471.0 base=3362 table=3362 ball=0 ball_hz=0.0 last_ball=never
viewer_status ball missing msgs=7174 total_hz=469.2 base=3587 table=3587 ball=0 ball_hz=0.0 last_ball=never
viewer_status ball missing msgs=7624 total_hz=468.0 base=3812 table=3812 ball=0 ball_hz=0.0 last_ball=never
viewer_status ball missing msgs=8074 total_hz=466.5 base=4037 table=4037 ball=0 ball_hz=0.0 last_ball=never
viewer_status ball missing msgs=8557 total_hz=465.7 base=4279 table=4278 ball=0 ball_hz=0.0 last_ball=never
viewer_status ball missing msgs=9008 total_hz=464.5 base=4505 table=4503 ball=0 ball_hz=0.0 last_ball=never
viewer_status ball missing msgs=9458 total_hz=462.6 base=4730 table=4728 ball=0 ball_hz=0.0 last_ball=never
viewer_status ball missing msgs=9910 total_hz=461.8 base=4956 table=4954 ball=0 ball_hz=0.0 last_ball=never
viewer_status ball missing msgs=10360 total_hz=460.2 base=5181 table=5179 ball=0 ball_hz=0.0 last_ball=never
viewer_status ball missing msgs=10810 total_hz=459.8 base=5406 table=5404 ball=0 ball_hz=0.0 last_ball=never
viewer_status ball missing msgs=11260 total_hz=458.4 base=5631 table=5629 ball=0 ball_hz=0.0 last_ball=never
viewer_status ball missing msgs=11682 total_hz=457.0 base=5842 table=5840 ball=0 ball_hz=0.0 last_ball=never
viewer_status ball ok msgs=12172 total_hz=457.6 base=6050 table=6046 ball=76 ball_hz=2.9 last_ball=0.13s
planner_eval new=113 total=113 latest=1.37cm/10.8ms median=7.96cm/133.4ms p90=34.91cm/253.0ms
viewer_status ball ok msgs=12866 total_hz=465.1 base=6302 table=6296 ball=268 ball_hz=9.7 last_ball=-0.13s
viewer_status ball stale msgs=13260 total_hz=461.5 base=6471 table=6463 ball=326 ball_hz=11.3 last_ball=0.57s
viewer_status ball stale msgs=13650 total_hz=457.8 base=6666 table=6658 ball=326 ball_hz=10.9 last_ball=1.66s
viewer_status ball stale msgs=14043 total_hz=454.7 base=6863 table=6854 ball=326 ball_hz=10.6 last_ball=2.72s
viewer_status ball stale msgs=14435 total_hz=451.8 base=7059 table=7050 ball=326 ball_hz=10.2 last_ball=3.79s
viewer_status ball stale msgs=14827 total_hz=449.0 base=7255 table=7246 ball=326 ball_hz=9.9 last_ball=4.86s
viewer_status ball stale msgs=15217 total_hz=446.4 base=7450 table=7441 ball=326 ball_hz=9.6 last_ball=5.93s
viewer_status ball stale msgs=15579 total_hz=443.8 base=7631 table=7622 ball=326 ball_hz=9.3 last_ball=6.95s
viewer_status ball stale msgs=15969 total_hz=441.5 base=7826 table=7817 ball=326 ball_hz=9.0 last_ball=8.01s
viewer_status ball stale msgs=16361 total_hz=439.3 base=8022 table=8013 ball=326 ball_hz=8.8 last_ball=9.08s
viewer_status ball stale msgs=16721 total_hz=437.3 base=8202 table=8193 ball=326 ball_hz=8.5 last_ball=10.08s
viewer_status ball stale msgs=17113 total_hz=435.2 base=8398 table=8389 ball=326 ball_hz=8.3 last_ball=11.16s
viewer_status ball stale msgs=17505 total_hz=433.3 base=8594 table=8585 ball=326 ball_hz=8.1 last_ball=12.24s
viewer_status ball stale msgs=17891 total_hz=432.0 base=8787 table=8778 ball=326 ball_hz=7.9 last_ball=13.26s
viewer_status ball stale msgs=18283 total_hz=430.5 base=8983 table=8974 ball=326 ball_hz=7.7 last_ball=14.31s
viewer_status ball ok msgs=18700 total_hz=429.4 base=9172 table=9162 ball=366 ball_hz=8.4 last_ball=-0.02s
viewer_status ball ok msgs=19343 total_hz=432.8 base=9420 table=9404 ball=519 ball_hz=11.6 last_ball=-0.12s
planner_eval new=193 total=306 latest=0.06cm/0.3ms median=5.52cm/84.7ms p90=50.98cm/351.4ms
viewer_status ball ok msgs=20017 total_hz=437.5 base=9646 table=9626 ball=745 ball_hz=16.3 last_ball=-0.04s
viewer_status ball stale msgs=20391 total_hz=436.1 base=9828 table=9808 ball=755 ball_hz=16.1 last_ball=0.86s
viewer_status ball stale msgs=20781 total_hz=434.8 base=10023 table=10003 ball=755 ball_hz=15.8 last_ball=1.90s
viewer_status ball stale msgs=21177 total_hz=433.6 base=10221 table=10201 ball=755 ball_hz=15.5 last_ball=2.93s
viewer_status ball stale msgs=21571 total_hz=432.6 base=10418 table=10398 ball=755 ball_hz=15.1 last_ball=3.97s
viewer_status ball stale msgs=21965 total_hz=431.4 base=10615 table=10595 ball=755 ball_hz=14.8 last_ball=5.02s
viewer_status ball stale msgs=22355 total_hz=430.2 base=10810 table=10790 ball=755 ball_hz=14.5 last_ball=6.06s
viewer_status ball stale msgs=22745 total_hz=429.1 base=11005 table=10985 ball=755 ball_hz=14.2 last_ball=7.11s
viewer_status ball stale msgs=23135 total_hz=428.3 base=11200 table=11180 ball=755 ball_hz=14.0 last_ball=8.12s
viewer_status ball stale msgs=23532 total_hz=427.3 base=11399 table=11378 ball=755 ball_hz=13.7 last_ball=9.17s
viewer_status ball stale msgs=23927 total_hz=426.6 base=11597 table=11575 ball=755 ball_hz=13.5 last_ball=10.19s
viewer_status ball stale msgs=24340 total_hz=425.9 base=11804 table=11781 ball=755 ball_hz=13.2 last_ball=11.25s
viewer_status ball stale msgs=24730 total_hz=425.0 base=11999 table=11976 ball=755 ball_hz=13.0 last_ball=12.29s
viewer_status ball ok msgs=25157 total_hz=424.6 base=12190 table=12166 ball=801 ball_hz=13.5 last_ball=-0.03s
viewer_status ball ok msgs=25965 total_hz=429.4 base=12464 table=12434 ball=1067 ball_hz=17.6 last_ball=-0.00s
planner_eval new=171 total=477 latest=0.07cm/0.0ms median=5.22cm/129.1ms p90=47.96cm/358.0ms
viewer_status ball ok msgs=26516 total_hz=431.0 base=12675 table=12644 ball=1197 ball_hz=19.5 last_ball=0.40s
viewer_status ball stale msgs=26908 total_hz=429.9 base=12871 table=12840 ball=1197 ball_hz=19.1 last_ball=1.47s
viewer_status ball stale msgs=27298 total_hz=428.9 base=13066 table=13035 ball=1197 ball_hz=18.8 last_ball=2.53s
viewer_status ball stale msgs=27688 total_hz=427.9 base=13261 table=13230 ball=1197 ball_hz=18.5 last_ball=3.58s
viewer_status ball stale msgs=28078 total_hz=427.1 base=13456 table=13425 ball=1197 ball_hz=18.2 last_ball=4.61s
viewer_status ball stale msgs=28468 total_hz=426.3 base=13651 table=13620 ball=1197 ball_hz=17.9 last_ball=5.66s
viewer_status ball stale msgs=28858 total_hz=425.5 base=13846 table=13815 ball=1197 ball_hz=17.7 last_ball=6.69s
viewer_status ball stale msgs=29250 total_hz=424.9 base=14042 table=14011 ball=1197 ball_hz=17.4 last_ball=7.71s
viewer_status ball stale msgs=29640 total_hz=424.2 base=14237 table=14206 ball=1197 ball_hz=17.1 last_ball=8.76s
viewer_status ball stale msgs=30030 total_hz=423.4 base=14432 table=14401 ball=1197 ball_hz=16.9 last_ball=9.81s
viewer_status ball stale msgs=30422 total_hz=422.6 base=14628 table=14597 ball=1197 ball_hz=16.6 last_ball=10.87s
viewer_status ball stale msgs=30812 total_hz=421.9 base=14823 table=14792 ball=1197 ball_hz=16.4 last_ball=11.91s
viewer_status ball stale msgs=31202 total_hz=421.4 base=15018 table=14987 ball=1197 ball_hz=16.2 last_ball=12.92s
viewer_status ball stale msgs=31592 total_hz=420.8 base=15213 table=15182 ball=1197 ball_hz=15.9 last_ball=13.95s
viewer_status ball ok msgs=32476 total_hz=426.2 base=15524 table=15486 ball=1466 ball_hz=19.2 last_ball=-0.33s
planner_eval new=145 total=622 latest=0.82cm/5.4ms median=4.75cm/146.7ms p90=45.56cm/336.2ms
viewer_status ball ok msgs=32840 total_hz=425.3 base=15648 table=15608 ball=1584 ball_hz=20.5 last_ball=-0.02s
viewer_status ball stale msgs=33230 total_hz=424.5 base=15843 table=15803 ball=1584 ball_hz=20.2 last_ball=1.04s
viewer_status ball stale msgs=33620 total_hz=423.8 base=16038 table=15998 ball=1584 ball_hz=20.0 last_ball=2.08s
viewer_status ball stale msgs=34010 total_hz=423.1 base=16233 table=16193 ball=1584 ball_hz=19.7 last_ball=3.15s
viewer_status ball stale msgs=34370 total_hz=422.3 base=16413 table=16373 ball=1584 ball_hz=19.5 last_ball=4.15s
viewer_status ball stale msgs=34760 total_hz=421.6 base=16608 table=16568 ball=1584 ball_hz=19.2 last_ball=5.21s
viewer_status ball stale msgs=35154 total_hz=420.9 base=16805 table=16765 ball=1584 ball_hz=19.0 last_ball=6.29s
viewer_status ball stale msgs=35546 total_hz=420.3 base=17001 table=16961 ball=1584 ball_hz=18.7 last_ball=7.34s
viewer_status ball stale msgs=35938 total_hz=419.7 base=17197 table=17157 ball=1584 ball_hz=18.5 last_ball=8.39s
viewer_status ball stale msgs=36328 total_hz=419.1 base=17392 table=17352 ball=1584 ball_hz=18.3 last_ball=9.43s
viewer_status ball stale msgs=36718 total_hz=418.5 base=17587 table=17547 ball=1584 ball_hz=18.1 last_ball=10.50s
viewer_status ball stale msgs=37110 total_hz=417.9 base=17783 table=17743 ball=1584 ball_hz=17.8 last_ball=11.55s
viewer_status ball stale msgs=37502 total_hz=417.3 base=17980 table=17938 ball=1584 ball_hz=17.6 last_ball=12.62s
viewer_status ball stale msgs=37862 total_hz=416.7 base=18160 table=18118 ball=1584 ball_hz=17.4 last_ball=13.63s
viewer_status ball stale msgs=38222 total_hz=416.0 base=18340 table=18298 ball=1584 ball_hz=17.2 last_ball=14.63s
viewer_status ball stale msgs=38616 total_hz=415.5 base=18537 table=18495 ball=1584 ball_hz=17.0 last_ball=15.71s
viewer_status ball ok msgs=39030 total_hz=415.2 base=18724 table=18682 ball=1624 ball_hz=17.3 last_ball=-0.02s
viewer_status ball ok msgs=39845 total_hz=418.4 base=18997 table=18951 ball=1897 ball_hz=19.9 last_ball=-0.01s
planner_eval new=166 total=788 latest=0.57cm/6.5ms median=4.61cm/139.5ms p90=41.34cm/315.7ms
viewer_status ball ok msgs=40340 total_hz=419.2 base=19185 table=19137 ball=2018 ball_hz=21.0 last_ball=0.34s
viewer_status ball stale msgs=40702 total_hz=418.6 base=19366 table=19318 ball=2018 ball_hz=20.8 last_ball=1.34s
viewer_status ball stale msgs=41094 total_hz=418.1 base=19562 table=19514 ball=2018 ball_hz=20.5 last_ball=2.41s
viewer_status ball stale msgs=41484 total_hz=417.5 base=19757 table=19709 ball=2018 ball_hz=20.3 last_ball=3.47s
viewer_status ball stale msgs=41844 total_hz=416.9 base=19937 table=19889 ball=2018 ball_hz=20.1 last_ball=4.48s
viewer_status ball stale msgs=42234 total_hz=416.5 base=20132 table=20084 ball=2018 ball_hz=19.9 last_ball=5.51s
viewer_status ball stale msgs=42624 total_hz=416.0 base=20327 table=20279 ball=2018 ball_hz=19.7 last_ball=6.58s
viewer_status ball stale msgs=43014 total_hz=415.6 base=20522 table=20474 ball=2018 ball_hz=19.5 last_ball=7.62s
viewer_status ball stale msgs=43404 total_hz=415.2 base=20717 table=20669 ball=2018 ball_hz=19.3 last_ball=8.66s
viewer_status ball stale msgs=43794 total_hz=414.8 base=20912 table=20864 ball=2018 ball_hz=19.1 last_ball=9.70s
viewer_status ball stale msgs=44184 total_hz=414.4 base=21107 table=21059 ball=2018 ball_hz=18.9 last_ball=10.74s
viewer_status ball stale msgs=44575 total_hz=413.9 base=21303 table=21254 ball=2018 ball_hz=18.7 last_ball=11.81s
viewer_status ball stale msgs=44961 total_hz=413.4 base=21496 table=21447 ball=2018 ball_hz=18.6 last_ball=12.87s
viewer_status ball stale msgs=45353 total_hz=413.0 base=21692 table=21643 ball=2018 ball_hz=18.4 last_ball=13.92s
viewer_status ball stale msgs=45743 total_hz=412.7 base=21887 table=21838 ball=2018 ball_hz=18.2 last_ball=14.95s
viewer_status ball stale msgs=46133 total_hz=412.4 base=22082 table=22033 ball=2018 ball_hz=18.0 last_ball=15.98s
viewer_status ball stale msgs=46523 total_hz=412.0 base=22277 table=22228 ball=2018 ball_hz=17.9 last_ball=17.02s
viewer_status ball stale msgs=46917 total_hz=411.8 base=22474 table=22425 ball=2018 ball_hz=17.7 last_ball=18.05s
viewer_status ball ok msgs=47293 total_hz=411.4 base=22647 table=22596 ball=2050 ball_hz=17.8 last_ball=0.08s
viewer_status ball stale msgs=47683 total_hz=411.1 base=22842 table=22791 ball=2050 ball_hz=17.7 last_ball=1.12s
viewer_status ball stale msgs=48073 total_hz=410.8 base=23037 table=22986 ball=2050 ball_hz=17.5 last_ball=2.16s
viewer_status ball ok msgs=48820 total_hz=413.3 base=23294 table=23237 ball=2289 ball_hz=19.4 last_ball=-0.07s
viewer_status ball ok msgs=49249 total_hz=413.3 base=23439 table=23377 ball=2433 ball_hz=20.4 last_ball=-0.01s
viewer_status ball ok msgs=49713 total_hz=413.5 base=23619 table=23554 ball=2540 ball_hz=21.1 last_ball=0.17s
viewer_status ball stale msgs=50075 total_hz=413.1 base=23800 table=23735 ball=2540 ball_hz=21.0 last_ball=1.17s
viewer_status ball stale msgs=50467 total_hz=412.8 base=23996 table=23931 ball=2540 ball_hz=20.8 last_ball=2.21s
viewer_status ball ok msgs=50973 total_hz=413.3 base=24204 table=24138 ball=2631 ball_hz=21.3 last_ball=-0.05s
viewer_status ball ok msgs=51777 total_hz=415.8 base=24474 table=24402 ball=2901 ball_hz=23.3 last_ball=-0.10s
viewer_status ball ok msgs=52682 total_hz=419.5 base=24778 table=24699 ball=3205 ball_hz=25.5 last_ball=-0.36s
planner_eval new=228 total=1016 latest=7.28cm/69.1ms median=5.47cm/145.0ms p90=41.18cm/314.3ms
viewer_status ball ok msgs=53030 total_hz=418.8 base=24902 table=24821 ball=3307 ball_hz=26.1 last_ball=0.08s
viewer_status ball stale msgs=53420 total_hz=418.3 base=25097 table=25016 ball=3307 ball_hz=25.9 last_ball=1.16s
viewer_status ball stale msgs=53810 total_hz=418.0 base=25292 table=25211 ball=3307 ball_hz=25.7 last_ball=2.19s
viewer_status ball stale msgs=54200 total_hz=417.7 base=25487 table=25406 ball=3307 ball_hz=25.5 last_ball=3.21s
viewer_status ball stale msgs=54592 total_hz=417.4 base=25683 table=25602 ball=3307 ball_hz=25.3 last_ball=4.26s
viewer_status ball stale msgs=54982 total_hz=417.1 base=25878 table=25797 ball=3307 ball_hz=25.1 last_ball=5.28s
viewer_status ball stale msgs=55374 total_hz=416.9 base=26074 table=25993 ball=3307 ball_hz=24.9 last_ball=6.30s
viewer_status ball stale msgs=55766 total_hz=416.6 base=26270 table=26189 ball=3307 ball_hz=24.7 last_ball=7.32s
viewer_status ball stale msgs=56158 total_hz=416.3 base=26466 table=26385 ball=3307 ball_hz=24.5 last_ball=8.37s
viewer_status ball stale msgs=56552 total_hz=416.0 base=26663 table=26582 ball=3307 ball_hz=24.3 last_ball=9.41s
viewer_status ball stale msgs=56942 total_hz=415.7 base=26858 table=26777 ball=3307 ball_hz=24.1 last_ball=10.45s
viewer_status ball ok msgs=57625 total_hz=416.7 base=27124 table=27039 ball=3462 ball_hz=25.0 last_ball=-0.05s
viewer_status ball ok msgs=58538 total_hz=419.2 base=27432 table=27341 ball=3765 ball_hz=27.0 last_ball=-0.01s
planner_eval new=172 total=1188 latest=0.94cm/69.7ms median=5.66cm/135.5ms p90=39.18cm/303.3ms
viewer_status ball ok msgs=58985 total_hz=419.4 base=27614 table=27521 ball=3850 ball_hz=27.4 last_ball=0.49s
viewer_status ball stale msgs=59375 total_hz=419.0 base=27809 table=27716 ball=3850 ball_hz=27.2 last_ball=1.55s
viewer_status ball stale msgs=59768 total_hz=418.6 base=28006 table=27912 ball=3850 ball_hz=27.0 last_ball=2.62s
viewer_status ball stale msgs=60158 total_hz=418.3 base=28201 table=28107 ball=3850 ball_hz=26.8 last_ball=3.68s
viewer_status ball stale msgs=60572 total_hz=418.0 base=28408 table=28314 ball=3850 ball_hz=26.6 last_ball=4.77s
viewer_status ball stale msgs=60962 total_hz=417.7 base=28603 table=28509 ball=3850 ball_hz=26.4 last_ball=5.81s
viewer_status ball stale msgs=61352 total_hz=417.4 base=28798 table=28704 ball=3850 ball_hz=26.2 last_ball=6.85s
viewer_status ball stale msgs=61742 total_hz=417.1 base=28993 table=28899 ball=3850 ball_hz=26.0 last_ball=7.88s
viewer_status ball stale msgs=62132 total_hz=416.8 base=29188 table=29094 ball=3850 ball_hz=25.8 last_ball=8.91s
viewer_status ball stale msgs=62522 total_hz=416.5 base=29383 table=29289 ball=3850 ball_hz=25.6 last_ball=9.95s
viewer_status ball stale msgs=62912 total_hz=416.2 base=29578 table=29484 ball=3850 ball_hz=25.5 last_ball=11.02s
viewer_status ball stale msgs=63302 total_hz=415.8 base=29773 table=29679 ball=3850 ball_hz=25.3 last_ball=12.09s
viewer_status ball stale msgs=63692 total_hz=415.5 base=29968 table=29874 ball=3850 ball_hz=25.1 last_ball=13.14s
viewer_status ball ok msgs=64090 total_hz=415.3 base=30166 table=30070 ball=3854 ball_hz=25.0 last_ball=-0.00s
viewer_status ball ok msgs=64540 total_hz=415.5 base=30351 table=30250 ball=3939 ball_hz=25.4 last_ball=-0.01s
viewer_status ball ok msgs=65482 total_hz=417.6 base=30695 table=30583 ball=4204 ball_hz=26.8 last_ball=-0.17s
planner_eval new=167 total=1355 latest=1.87cm/16.7ms median=6.70cm/135.2ms p90=38.79cm/303.9ms
viewer_status ball ok msgs=66145 total_hz=418.9 base=30918 table=30800 ball=4427 ball_hz=28.0 last_ball=-0.07s
viewer_status ball stale msgs=66557 total_hz=418.7 base=31103 table=30984 ball=4470 ball_hz=28.1 last_ball=0.72s
viewer_status ball stale msgs=66947 total_hz=418.4 base=31298 table=31179 ball=4470 ball_hz=27.9 last_ball=1.77s
viewer_status ball stale msgs=67337 total_hz=418.2 base=31493 table=31374 ball=4470 ball_hz=27.8 last_ball=2.80s
viewer_status ball stale msgs=67727 total_hz=417.9 base=31688 table=31569 ball=4470 ball_hz=27.6 last_ball=3.83s
viewer_status ball stale msgs=68119 total_hz=417.7 base=31884 table=31765 ball=4470 ball_hz=27.4 last_ball=4.86s
viewer_status ball stale msgs=68513 total_hz=417.4 base=32081 table=31962 ball=4470 ball_hz=27.2 last_ball=5.93s
viewer_status ball stale msgs=68905 total_hz=417.0 base=32277 table=32158 ball=4470 ball_hz=27.1 last_ball=7.00s
viewer_status ball stale msgs=69295 total_hz=416.7 base=32472 table=32353 ball=4470 ball_hz=26.9 last_ball=8.07s
viewer_status ball stale msgs=69688 total_hz=416.4 base=32669 table=32549 ball=4470 ball_hz=26.7 last_ball=9.13s
viewer_status ball stale msgs=70078 total_hz=416.1 base=32864 table=32744 ball=4470 ball_hz=26.5 last_ball=10.20s
viewer_status ball stale msgs=70438 total_hz=415.7 base=33044 table=32924 ball=4470 ball_hz=26.4 last_ball=11.20s
viewer_status ball stale msgs=70824 total_hz=415.4 base=33237 table=33117 ball=4470 ball_hz=26.2 last_ball=12.25s
viewer_status ball stale msgs=71214 total_hz=415.1 base=33432 table=33312 ball=4470 ball_hz=26.1 last_ball=13.32s
viewer_status ball stale msgs=71604 total_hz=414.8 base=33627 table=33507 ball=4470 ball_hz=25.9 last_ball=14.37s
viewer_status ball stale msgs=71994 total_hz=414.6 base=33822 table=33702 ball=4470 ball_hz=25.7 last_ball=15.43s
viewer_status ball stale msgs=72388 total_hz=414.3 base=34019 table=33899 ball=4470 ball_hz=25.6 last_ball=16.50s
viewer_status ball stale msgs=72780 total_hz=414.0 base=34215 table=34095 ball=4470 ball_hz=25.4 last_ball=17.55s
viewer_status ball stale msgs=73170 total_hz=413.8 base=34410 table=34290 ball=4470 ball_hz=25.3 last_ball=18.58s
viewer_status ball stale msgs=73561 total_hz=413.6 base=34605 table=34486 ball=4470 ball_hz=25.1 last_ball=19.61s
viewer_status ball stale msgs=73953 total_hz=413.3 base=34801 table=34682 ball=4470 ball_hz=25.0 last_ball=20.68s
viewer_status ball stale msgs=74343 total_hz=413.1 base=34996 table=34877 ball=4470 ball_hz=24.8 last_ball=21.74s
viewer_status ball stale msgs=74734 total_hz=412.9 base=35192 table=35072 ball=4470 ball_hz=24.7 last_ball=22.77s
viewer_status ball stale msgs=75158 total_hz=412.9 base=35404 table=35284 ball=4470 ball_hz=24.6 last_ball=23.81s
viewer_status ball stale msgs=75519 total_hz=412.4 base=35585 table=35464 ball=4470 ball_hz=24.4 last_ball=24.90s
viewer_status ball stale msgs=75909 total_hz=412.2 base=35780 table=35659 ball=4470 ball_hz=24.3 last_ball=25.94s
viewer_status ball stale msgs=76299 total_hz=411.9 base=35975 table=35854 ball=4470 ball_hz=24.1 last_ball=27.00s
viewer_status ball stale msgs=76691 total_hz=411.8 base=36171 table=36050 ball=4470 ball_hz=24.0 last_ball=28.01s
viewer_status ball stale msgs=77081 total_hz=411.6 base=36366 table=36245 ball=4470 ball_hz=23.9 last_ball=29.03s
viewer_status ball stale msgs=77471 total_hz=411.4 base=36561 table=36440 ball=4470 ball_hz=23.7 last_ball=30.08s
viewer_status ball stale msgs=77889 total_hz=411.3 base=36770 table=36649 ball=4470 ball_hz=23.6 last_ball=31.13s
viewer_status ball stale msgs=78251 total_hz=411.0 base=36951 table=36830 ball=4470 ball_hz=23.5 last_ball=32.15s
viewer_status ball stale msgs=78641 total_hz=410.8 base=37146 table=37025 ball=4470 ball_hz=23.4 last_ball=33.20s
viewer_status ball stale msgs=79034 total_hz=410.7 base=37343 table=37221 ball=4470 ball_hz=23.2 last_ball=34.22s
viewer_status ball stale msgs=79454 total_hz=410.6 base=37553 table=37431 ball=4470 ball_hz=23.1 last_ball=35.26s
viewer_status ball stale msgs=79868 total_hz=410.6 base=37760 table=37638 ball=4470 ball_hz=23.0 last_ball=36.30s
viewer_status ball stale msgs=80288 total_hz=410.3 base=37970 table=37848 ball=4470 ball_hz=22.8 last_ball=37.43s
viewer_status ball stale msgs=80678 total_hz=410.2 base=38165 table=38043 ball=4470 ball_hz=22.7 last_ball=38.45s
viewer_status ball stale msgs=81068 total_hz=410.0 base=38360 table=38238 ball=4470 ball_hz=22.6 last_ball=39.49s
viewer_status ball stale msgs=81460 total_hz=409.8 base=38556 table=38434 ball=4470 ball_hz=22.5 last_ball=40.54s
viewer_status ball stale msgs=81850 total_hz=409.7 base=38751 table=38629 ball=4470 ball_hz=22.4 last_ball=41.56s
viewer_status ball stale msgs=82244 total_hz=409.5 base=38948 table=38826 ball=4470 ball_hz=22.3 last_ball=42.61s
viewer_status ball stale msgs=82634 total_hz=409.3 base=39143 table=39021 ball=4470 ball_hz=22.1 last_ball=43.66s
viewer_status ball stale msgs=83024 total_hz=409.1 base=39338 table=39216 ball=4470 ball_hz=22.0 last_ball=44.73s
viewer_status ball stale msgs=83384 total_hz=408.8 base=39518 table=39396 ball=4470 ball_hz=21.9 last_ball=45.73s
viewer_status ball stale msgs=83714 total_hz=408.2 base=39683 table=39561 ball=4470 ball_hz=21.8 last_ball=46.83s
viewer_status ball stale msgs=84074 total_hz=408.0 base=39863 table=39741 ball=4470 ball_hz=21.7 last_ball=47.83s
viewer_status ball stale msgs=84466 total_hz=407.8 base=40059 table=39937 ball=4470 ball_hz=21.6 last_ball=48.90s
viewer_status ball stale msgs=84856 total_hz=407.6 base=40254 table=40132 ball=4470 ball_hz=21.5 last_ball=49.93s
viewer_status ball stale msgs=85248 total_hz=407.5 base=40450 table=40328 ball=4470 ball_hz=21.4 last_ball=50.97s
viewer_status ball stale msgs=85638 total_hz=407.3 base=40645 table=40523 ball=4470 ball_hz=21.3 last_ball=52.04s
viewer_status ball stale msgs=86028 total_hz=407.1 base=40840 table=40718 ball=4470 ball_hz=21.2 last_ball=53.09s
viewer_status ball stale msgs=86419 total_hz=406.9 base=41036 table=40913 ball=4470 ball_hz=21.0 last_ball=54.15s
viewer_status ball stale msgs=86809 total_hz=406.7 base=41231 table=41108 ball=4470 ball_hz=20.9 last_ball=55.22s
viewer_status ball stale msgs=87199 total_hz=406.4 base=41426 table=41303 ball=4470 ball_hz=20.8 last_ball=56.31s
viewer_status ball stale msgs=87559 total_hz=406.2 base=41606 table=41483 ball=4470 ball_hz=20.7 last_ball=57.31s
viewer_status ball stale msgs=87889 total_hz=405.9 base=41771 table=41648 ball=4470 ball_hz=20.6 last_ball=58.32s
viewer_status ball stale msgs=88279 total_hz=405.6 base=41966 table=41843 ball=4470 ball_hz=20.5 last_ball=59.39s
viewer_status ball stale msgs=88639 total_hz=405.4 base=42146 table=42023 ball=4470 ball_hz=20.4 last_ball=60.40s
viewer_status ball stale msgs=89033 total_hz=405.2 base=42343 table=42220 ball=4470 ball_hz=20.3 last_ball=61.49s
viewer_status ball stale msgs=89453 total_hz=405.3 base=42553 table=42430 ball=4470 ball_hz=20.3 last_ball=62.50s
viewer_status ball stale msgs=89875 total_hz=405.3 base=42764 table=42641 ball=4470 ball_hz=20.2 last_ball=63.54s
viewer_status ball stale msgs=90297 total_hz=405.3 base=42975 table=42852 ball=4470 ball_hz=20.1 last_ball=64.56s
viewer_status ball stale msgs=90717 total_hz=405.3 base=43185 table=43062 ball=4470 ball_hz=20.0 last_ball=65.58s
viewer_status ball stale msgs=91137 total_hz=405.4 base=43395 table=43272 ball=4470 ball_hz=19.9 last_ball=66.58s
viewer_status ball stale msgs=91559 total_hz=405.4 base=43606 table=43483 ball=4470 ball_hz=19.8 last_ball=67.60s
viewer_status ball stale msgs=91979 total_hz=405.4 base=43816 table=43693 ball=4470 ball_hz=19.7 last_ball=68.63s
viewer_status ball stale msgs=92399 total_hz=405.4 base=44026 table=43903 ball=4470 ball_hz=19.6 last_ball=69.68s
viewer_status ball stale msgs=92819 total_hz=405.4 base=44236 table=44113 ball=4470 ball_hz=19.5 last_ball=70.73s
viewer_status ball stale msgs=93241 total_hz=405.5 base=44447 table=44324 ball=4470 ball_hz=19.4 last_ball=71.73s
