SWANLAB_MODE=cloud
SWANLAB_TAGS=m2800,rpos120,std010,rvel80,std15,skipopt
HITTER_RACKET_POS_REWARD_WEIGHT=120
HITTER_RACKET_VEL_REWARD_WEIGHT=80
command=/root/.venvs/isaaclab-mosaic/bin/torchrun --standalone --nnodes=1 --nproc_per_node=2 scripts/rsl_rl/train.py --task=Hitter-Striking-PlannerDomain-Flat-G1-v0 --motion=data/hitter_motions/iphone_manual_hitter_g1_npz_strike43_clean --num_envs=50000 --max_iterations=7200 --run_name=hitter_wbc_m2800_rpos120_std010_rvel80_std15_skipopt_swanlab_2xa100_env50000_20260616_063731 --logger=swanlab --log_project_name=hitter_striking_g1 --save_interval=100 --resume_student_checkpoint=/root/Hitter/MOSAIC-main/logs/rsl_rl/hitter_striking_g1/2026-06-16_00-22-49_hitter_wbc_basez105_rewardtuned_cloud_fromscratch_2xa100_env50000_20260616_002233/model_2800.pt --resume_skip_optimizer --headless
W0616 06:37:34.164000 1759350 torch/distributed/run.py:793] 
W0616 06:37:34.164000 1759350 torch/distributed/run.py:793] *****************************************
W0616 06:37:34.164000 1759350 torch/distributed/run.py:793] Setting OMP_NUM_THREADS environment variable for each process to be 1 in default, to avoid your system being overloaded, please further tune the variable for optimal performance in your application as needed. 
W0616 06:37:34.164000 1759350 torch/distributed/run.py:793] *****************************************
[INFO][AppLauncher]: Using device: cuda:0
[INFO][AppLauncher]: Loading experience file: /root/.venvs/isaaclab-mosaic/lib/python3.10/site-packages/isaaclab/apps/isaaclab.python.headless.kit
[INFO][AppLauncher]: Using device: cuda:1
[INFO][AppLauncher]: Loading experience file: /root/.venvs/isaaclab-mosaic/lib/python3.10/site-packages/isaaclab/apps/isaaclab.python.headless.kit
[Warning] [simulation_app.simulation_app] Modules: ['omni.kit_app'] were loaded before SimulationApp was started and might not be loaded correctly.
[Warning] [simulation_app.simulation_app] Please check to make sure no extra omniverse or pxr modules are imported before the call to SimulationApp(...)
[Warning] [simulation_app.simulation_app] Modules: ['omni.kit_app'] were loaded before SimulationApp was started and might not be loaded correctly.
[Warning] [simulation_app.simulation_app] Please check to make sure no extra omniverse or pxr modules are imported before the call to SimulationApp(...)
Loading user config located at: '/root/.venvs/isaaclab-mosaic/lib/python3.10/site-packages/omni/data/Kit/Isaac-Sim/4.5/user.config.json'
Loading user config located at: '/root/.venvs/isaaclab-mosaic/lib/python3.10/site-packages/omni/data/Kit/Isaac-Sim/4.5/user.config.json'
[Info] [carb] Logging to file: /root/.venvs/isaaclab-mosaic/lib/python3.10/site-packages/omni/logs/Kit/Isaac-Sim/4.5/kit_20260616_063734.log
[Info] [carb] Logging to file: /root/.venvs/isaaclab-mosaic/lib/python3.10/site-packages/omni/logs/Kit/Isaac-Sim/4.5/kit_20260616_063734.log
2026-06-15 22:37:34 [0ms] [Warning] [omni.kit.app.plugin] No crash reporter present, dumps uploading isn't available.
2026-06-15 22:37:34 [0ms] [Warning] [omni.kit.app.plugin] No crash reporter present, dumps uploading isn't available.
2026-06-15 22:37:34 [30ms] [Warning] [omni.ext.plugin] [ext: rendering_modes] Extensions config 'extension.toml' doesn't exist '/root/.venvs/isaaclab-mosaic/lib/python3.10/site-packages/isaaclab/apps/rendering_modes' or '/root/.venvs/isaaclab-mosaic/lib/python3.10/site-packages/isaaclab/apps/rendering_modes/config'
2026-06-15 22:37:34 [31ms] [Warning] [omni.ext.plugin] [ext: rendering_modes] Extensions config 'extension.toml' doesn't exist '/root/.venvs/isaaclab-mosaic/lib/python3.10/site-packages/isaaclab/apps/rendering_modes' or '/root/.venvs/isaaclab-mosaic/lib/python3.10/site-packages/isaaclab/apps/rendering_modes/config'
2026-06-15 22:37:34 [399ms] [Warning] [omni.usd_config.extension] Enable omni.materialx.libs extension to use MaterialX
2026-06-15 22:37:34 [401ms] [Warning] [omni.usd_config.extension] Enable omni.materialx.libs extension to use MaterialX
2026-06-15 22:37:35 [701ms] [Warning] [omni.platforminfo.plugin] failed to open the default display.  Can't verify X Server version.
2026-06-15 22:37:35 [701ms] [Warning] [omni.platforminfo.plugin] failed to open the default display.  Can't verify X Server version.
2026-06-15 22:37:35 [908ms] [Warning] [omni.datastore] OmniHub is inaccessible
2026-06-15 22:37:35 [908ms] [Warning] [omni.datastore] OmniHub is inaccessible
2026-06-15 22:37:35 [1,059ms] [Warning] [omni.isaac.dynamic_control] omni.isaac.dynamic_control is deprecated as of Isaac Sim 4.5. No action is needed from end-users.
2026-06-15 22:37:35 [1,160ms] [Warning] [omni.isaac.dynamic_control] omni.isaac.dynamic_control is deprecated as of Isaac Sim 4.5. No action is needed from end-users.

|---------------------------------------------------------------------------------------------|
| Driver Version: 535.161.08    | Graphics API: Vulkan
|=============================================================================================|
| GPU | Name                             | Active | LDA | GPU Memory | Vendor-ID | LUID       |
|     |                                  |        |     |            | Device-ID | UUID       |
|     |                                  |        |     |            | Bus-ID    |            |
|---------------------------------------------------------------------------------------------|
| 0   | NVIDIA A100-SXM4-40GB            |        |     | 40960   MB | 10de      | 0          |
|     |                                  |        |     |            | 20b0      | d7b2f38c.. |
|     |                                  |        |     |            | 7         |            |
|---------------------------------------------------------------------------------------------|
| 1   | NVIDIA A100-SXM4-40GB            | Yes: 0 |     | 40960   MB | 10de      | 0          |
|     |                                  |        |     |            | 20b0      | 2765dc13.. |
|     |                                  |        |     |            | f         |            |
|=============================================================================================|
| OS: 22.04.4 LTS (Jammy Jellyfish) ubuntu, Version: 22.04.4, Kernel: 5.15.0-1053-nvidia
| Processor: AMD EPYC 7742 64-Core Processor
| Bare Metal Cores: 128 | Bare Metal Logical Cores: 256
| Core Usage Quota: 45
|---------------------------------------------------------------------------------------------|
| Total Memory (MB): 184320 | Free Memory: 168547
| Total Page/Swap (MB): 0 | Free Page/Swap: 0
|---------------------------------------------------------------------------------------------|
2026-06-15 22:37:44 [9,541ms] [Warning] [gpu.foundation.plugin] ECC is enabled on physical device 1
2026-06-15 22:37:44 [9,543ms] [Warning] [gpu.foundation.plugin] IOMMU is enabled.
2026-06-15 22:37:44 [9,543ms] [Warning] [gpu.foundation.plugin] Detected IOMMU is enabled. Running CUDA peer-to-peer bandwidth and latency validation.
Cuda failure ../../../source/plugins/carb.cudainterop/p2pBandwidthLatencyTest/p2pBandwidthLatencyTest.cu:681: 'peer access is already enabled'

|---------------------------------------------------------------------------------------------|
| Driver Version: 535.161.08    | Graphics API: Vulkan
|=============================================================================================|
| GPU | Name                             | Active | LDA | GPU Memory | Vendor-ID | LUID       |
|     |                                  |        |     |            | Device-ID | UUID       |
|     |                                  |        |     |            | Bus-ID    |            |
|---------------------------------------------------------------------------------------------|
| 0   | NVIDIA A100-SXM4-40GB            | Yes: 0 |     | 40960   MB | 10de      | 0          |
|     |                                  |        |     |            | 20b0      | d7b2f38c.. |
|     |                                  |        |     |            | 7         |            |
|---------------------------------------------------------------------------------------------|
| 1   | NVIDIA A100-SXM4-40GB            |        |     | 40960   MB | 10de      | 0          |
|     |                                  |        |     |            | 20b0      | 2765dc13.. |
|     |                                  |        |     |            | f         |            |
|=============================================================================================|
| OS: 22.04.4 LTS (Jammy Jellyfish) ubuntu, Version: 22.04.4, Kernel: 5.15.0-1053-nvidia
| Processor: AMD EPYC 7742 64-Core Processor
| Bare Metal Cores: 128 | Bare Metal Logical Cores: 256
| Core Usage Quota: 45
|---------------------------------------------------------------------------------------------|
| Total Memory (MB): 184320 | Free Memory: 168535
| Total Page/Swap (MB): 0 | Free Page/Swap: 0
|---------------------------------------------------------------------------------------------|
2026-06-15 22:37:44 [9,584ms] [Warning] [gpu.foundation.plugin] ECC is enabled on physical device 0
2026-06-15 22:37:44 [9,585ms] [Warning] [gpu.foundation.plugin] IOMMU is enabled.
2026-06-15 22:37:44 [9,585ms] [Warning] [gpu.foundation.plugin] Detected IOMMU is enabled. Running CUDA peer-to-peer bandwidth and latency validation.
Cuda failure ../../../source/plugins/carb.cudainterop/p2pBandwidthLatencyTest/p2pBandwidthLatencyTest.cu:681: 'peer access is already enabled'
2026-06-15 22:37:44 [9,619ms] [Warning] [omni.kvdb.plugin] Disabling key-value database because another kit process is locking it
[INFO]: Parsing configuration from: <class 'whole_body_tracking.tasks.hitter.config.g1.flat_env_cfg.G1HitterStrikingPlannerDomainFlatEnvCfg'>
[INFO]: Parsing configuration from: whole_body_tracking.tasks.hitter.config.g1.agents.rsl_rl_ppo_cfg:G1HitterStrikingPlannerDomainPPORunnerCfg
[INFO]: Parsing configuration from: <class 'whole_body_tracking.tasks.hitter.config.g1.flat_env_cfg.G1HitterStrikingPlannerDomainFlatEnvCfg'>
[INFO]: Parsing configuration from: whole_body_tracking.tasks.hitter.config.g1.agents.rsl_rl_ppo_cfg:G1HitterStrikingPlannerDomainPPORunnerCfg
[CLI] Simplified resume from CLI: /root/Hitter/MOSAIC-main/logs/rsl_rl/hitter_striking_g1/2026-06-16_00-22-49_hitter_wbc_basez105_rewardtuned_cloud_fromscratch_2xa100_env50000_20260616_002233/model_2800.pt
[CLI]   - load_run: 2026-06-16_00-22-49_hitter_wbc_basez105_rewardtuned_cloud_fromscratch_2xa100_env50000_20260616_002233
[CLI]   - checkpoint: model_2800.pt
[INFO] Distributed seeding: base_seed=42, rank=0, env_seed=42 (stride=1000)
[INFO] Logging experiment in directory: /root/Hitter/MOSAIC-main/logs/rsl_rl/hitter_striking_g1
Setting seed: 42
[CLI] Simplified resume from CLI: /root/Hitter/MOSAIC-main/logs/rsl_rl/hitter_striking_g1/2026-06-16_00-22-49_hitter_wbc_basez105_rewardtuned_cloud_fromscratch_2xa100_env50000_20260616_002233/model_2800.pt
[CLI]   - load_run: 2026-06-16_00-22-49_hitter_wbc_basez105_rewardtuned_cloud_fromscratch_2xa100_env50000_20260616_002233
[CLI]   - checkpoint: model_2800.pt
[INFO] Distributed seeding: base_seed=42, rank=1, env_seed=1042 (stride=1000)
[INFO] Logging experiment in directory: /root/Hitter/MOSAIC-main/logs/rsl_rl/hitter_striking_g1
[INFO]: Base environment:
	Environment device    : cuda:0
	Environment seed      : 42
	Physics step-size     : 0.005
	Rendering step-size   : 0.02
	Environment step-size : 0.02
Setting seed: 1042
[INFO]: Base environment:
	Environment device    : cuda:1
	Environment seed      : 1042
	Physics step-size     : 0.005
	Rendering step-size   : 0.02
	Environment step-size : 0.02
[INFO]: Time taken for scene creation : 53.069707 seconds
[INFO]: Scene manager:  <class InteractiveScene>
	Number of environments: 50000
	Environment spacing   : 2.5
	Source prim name      : /World/envs/env_0
	Global prim paths     : ['/World/ground']
	Replicate physics     : True
[INFO]: Starting the simulation. This may take a few seconds. Please wait...
[INFO]: Time taken for scene creation : 53.177123 seconds
[INFO]: Scene manager:  <class InteractiveScene>
	Number of environments: 50000
	Environment spacing   : 2.5
	Source prim name      : /World/envs/env_0
	Global prim paths     : ['/World/ground']
	Replicate physics     : True
[INFO]: Starting the simulation. This may take a few seconds. Please wait...
[INFO]: Time taken for simulation start : 192.169532 seconds
2026-06-15 22:41:52 [258,307ms] [Warning] [carb.windowing-glfw.plugin] GLFW initialization failed.
2026-06-15 22:41:52 [258,307ms] [Warning] [carb] Failed to startup plugin carb.windowing-glfw.plugin (interfaces: [carb::windowing::IGLContext v1.0],[carb::windowing::IWindowing v1.5]) (impl: carb.windowing-glfw.plugin)
2026-06-15 22:41:52 [258,311ms] [Error] [gpu.foundation.plugin] DriverShaderCacheManager::init() called without a shutdown()!

|---------------------------------------------------------------------------------------------|
| Driver Version: 535.161.08    | Graphics API: Vulkan
|=============================================================================================|
| GPU | Name                             | Active | LDA | GPU Memory | Vendor-ID | LUID       |
|     |                                  |        |     |            | Device-ID | UUID       |
|     |                                  |        |     |            | Bus-ID    |            |
|---------------------------------------------------------------------------------------------|
| 0   | NVIDIA A100-SXM4-40GB            | Yes: 0 |     | 40960   MB | 10de      | 0          |
|     |                                  |        |     |            | 20b0      | d7b2f38c.. |
|     |                                  |        |     |            | 7         |            |
|---------------------------------------------------------------------------------------------|
| 1   | NVIDIA A100-SXM4-40GB            |        |     | 40960   MB | 10de      | 0          |
|     |                                  |        |     |            | 20b0      | 2765dc13.. |
|     |                                  |        |     |            | f         |            |
|=============================================================================================|
| OS: 22.04.4 LTS (Jammy Jellyfish) ubuntu, Version: 22.04.4, Kernel: 5.15.0-1053-nvidia
| Processor: AMD EPYC 7742 64-Core Processor
| Bare Metal Cores: 128 | Bare Metal Logical Cores: 256
| Core Usage Quota: 45
|---------------------------------------------------------------------------------------------|
| Total Memory (MB): 184320 | Free Memory: 115600
| Total Page/Swap (MB): 0 | Free Page/Swap: 0
|---------------------------------------------------------------------------------------------|
2026-06-15 22:41:54 [259,701ms] [Warning] [gpu.foundation.plugin] ECC is enabled on physical device 0
Unidirectional P2P=Enabled Bandwidth (P2P Writes) Matrix (GB/s)
   D\D     0      1 
     0 1280.48  13.71 
     1  16.49 1279.79 
P2P=Enabled Latency (P2P Writes) Matrix (us)
   GPU     0      1 
     0   2.82  23.80 
     1  24.60   2.76 

   CPU     0      1 
     0   2.93   8.24 
     1   8.24   2.93 
2026-06-15 22:41:54 [259,852ms] [Warning] [gpu.foundation.plugin] CUDA peer-to-peer observed bandwidth: 13.7 GB/s.
2026-06-15 22:41:54 [259,852ms] [Warning] [gpu.foundation.plugin] CUDA peer-to-peer observed latency: 24.6 us.
2026-06-15 22:41:54 [259,852ms] [Warning] [gpu.foundation.plugin] Please verify if observed bandwidth and latency are expected.
2026-06-15 22:41:54 [259,853ms] [Warning] [gpu.foundation.plugin] IOMMU is enabled.
2026-06-15 22:41:54 [259,853ms] [Warning] [gpu.foundation.plugin] Detected IOMMU is enabled. Running CUDA peer-to-peer bandwidth and latency validation.
Unidirectional P2P=Enabled Bandwidth (P2P Writes) Matrix (GB/s)
   D\D     0      1 
     0 1286.60  14.05 
     1  15.45 1292.86 
P2P=Enabled Latency (P2P Writes) Matrix (us)
   GPU     0      1 
     0   2.51  59.83 
     1  23.27   2.36 

   CPU     0      1 
     0   2.91   8.22 
     1   8.19   3.00 
2026-06-15 22:41:54 [260,003ms] [Warning] [gpu.foundation.plugin] CUDA peer-to-peer observed bandwidth: 14.1 GB/s.
2026-06-15 22:41:54 [260,003ms] [Warning] [gpu.foundation.plugin] CUDA peer-to-peer observed latency: 59.8 us.
2026-06-15 22:41:54 [260,003ms] [Warning] [gpu.foundation.plugin] Please verify if observed bandwidth and latency are expected.
2026-06-15 22:41:55 [260,594ms] [Warning] [carb.windowing-glfw.plugin] GLFW initialization failed.
2026-06-15 22:41:55 [260,594ms] [Warning] [carb] Failed to startup plugin carb.windowing-glfw.plugin (interfaces: [carb::windowing::IGLContext v1.0],[carb::windowing::IWindowing v1.5]) (impl: carb.windowing-glfw.plugin)
2026-06-15 22:41:55 [260,652ms] [Warning] [carb.windowing-glfw.plugin] GLFW initialization failed.
2026-06-15 22:41:55 [260,652ms] [Warning] [carb] Failed to startup plugin carb.windowing-glfw.plugin (interfaces: [carb::windowing::IGLContext v1.0],[carb::windowing::IWindowing v1.5]) (impl: carb.windowing-glfw.plugin)
2026-06-15 22:41:55 [260,687ms] [Warning] [carb.windowing-glfw.plugin] GLFW initialization failed.
2026-06-15 22:41:55 [260,687ms] [Warning] [carb] Failed to startup plugin carb.windowing-glfw.plugin (interfaces: [carb::windowing::IGLContext v1.0],[carb::windowing::IWindowing v1.5]) (impl: carb.windowing-glfw.plugin)
2026-06-15 22:41:55 [260,727ms] [Warning] [carb.windowing-glfw.plugin] GLFW initialization failed.
2026-06-15 22:41:55 [260,727ms] [Warning] [carb] Failed to startup plugin carb.windowing-glfw.plugin (interfaces: [carb::windowing::IGLContext v1.0],[carb::windowing::IWindowing v1.5]) (impl: carb.windowing-glfw.plugin)
2026-06-15 22:41:55 [260,756ms] [Warning] [carb.windowing-glfw.plugin] GLFW initialization failed.
2026-06-15 22:41:55 [260,756ms] [Warning] [carb] Failed to startup plugin carb.windowing-glfw.plugin (interfaces: [carb::windowing::IGLContext v1.0],[carb::windowing::IWindowing v1.5]) (impl: carb.windowing-glfw.plugin)
2026-06-15 22:41:55 [260,784ms] [Warning] [carb.windowing-glfw.plugin] GLFW initialization failed.
2026-06-15 22:41:55 [260,784ms] [Warning] [carb] Failed to startup plugin carb.windowing-glfw.plugin (interfaces: [carb::windowing::IGLContext v1.0],[carb::windowing::IWindowing v1.5]) (impl: carb.windowing-glfw.plugin)
2026-06-15 22:41:56 [261,566ms] [Warning] [omni.graph.visualization.nodes._impl.extension] No Viewport Window to add omni.graph.visualization.nodes-2.1.1 scene to
2026-06-15 22:41:56 [261,775ms] [Warning] [omni.usd] Warning: in GetNodeDiscoveryResults at line 136 of /builds/omniverse/usd-ci/USD/pxr/usd/usdShade/shaderDefUtils.cpp -- Unable to resolve info:sourceAsset </UsdPreviewSurface.info:mdl:sourceAsset> with value @UsdPreviewSurface.mdl@.

2026-06-15 22:41:56 [261,775ms] [Warning] [omni.usd] Warning: in GetNodeDiscoveryResults at line 136 of /builds/omniverse/usd-ci/USD/pxr/usd/usdShade/shaderDefUtils.cpp -- Unable to resolve info:sourceAsset </UsdUVTexture.info:mdl:sourceAsset> with value @UsdPreviewSurface.mdl@.

2026-06-15 22:41:56 [261,775ms] [Warning] [omni.usd] Warning: in GetNodeDiscoveryResults at line 136 of /builds/omniverse/usd-ci/USD/pxr/usd/usdShade/shaderDefUtils.cpp -- Unable to resolve info:sourceAsset </UsdPrimvarReader_float.info:mdl:sourceAsset> with value @UsdPreviewSurface.mdl@.

2026-06-15 22:41:56 [261,775ms] [Warning] [omni.usd] Warning: in GetNodeDiscoveryResults at line 136 of /builds/omniverse/usd-ci/USD/pxr/usd/usdShade/shaderDefUtils.cpp -- Unable to resolve info:sourceAsset </UsdPrimvarReader_float2.info:mdl:sourceAsset> with value @UsdPreviewSurface.mdl@.

2026-06-15 22:41:56 [261,775ms] [Warning] [omni.usd] Warning: in GetNodeDiscoveryResults at line 136 of /builds/omniverse/usd-ci/USD/pxr/usd/usdShade/shaderDefUtils.cpp -- Unable to resolve info:sourceAsset </UsdPrimvarReader_float3.info:mdl:sourceAsset> with value @UsdPreviewSurface.mdl@.

2026-06-15 22:41:56 [261,776ms] [Warning] [omni.usd] Warning: in GetNodeDiscoveryResults at line 136 of /builds/omniverse/usd-ci/USD/pxr/usd/usdShade/shaderDefUtils.cpp -- Unable to resolve info:sourceAsset </UsdPrimvarReader_float4.info:mdl:sourceAsset> with value @UsdPreviewSurface.mdl@.

2026-06-15 22:41:56 [261,776ms] [Warning] [omni.usd] Warning: in GetNodeDiscoveryResults at line 136 of /builds/omniverse/usd-ci/USD/pxr/usd/usdShade/shaderDefUtils.cpp -- Unable to resolve info:sourceAsset </UsdPrimvarReader_int.info:mdl:sourceAsset> with value @UsdPreviewSurface.mdl@.

2026-06-15 22:41:56 [261,776ms] [Warning] [omni.usd] Warning: in GetNodeDiscoveryResults at line 136 of /builds/omniverse/usd-ci/USD/pxr/usd/usdShade/shaderDefUtils.cpp -- Unable to resolve info:sourceAsset </UsdPrimvarReader_string.info:mdl:sourceAsset> with value @UsdPreviewSurface.mdl@.

2026-06-15 22:41:56 [261,776ms] [Warning] [omni.usd] Warning: in GetNodeDiscoveryResults at line 136 of /builds/omniverse/usd-ci/USD/pxr/usd/usdShade/shaderDefUtils.cpp -- Unable to resolve info:sourceAsset </UsdPrimvarReader_normal.info:mdl:sourceAsset> with value @UsdPreviewSurface.mdl@.

2026-06-15 22:41:56 [261,776ms] [Warning] [omni.usd] Warning: in GetNodeDiscoveryResults at line 136 of /builds/omniverse/usd-ci/USD/pxr/usd/usdShade/shaderDefUtils.cpp -- Unable to resolve info:sourceAsset </UsdPrimvarReader_point.info:mdl:sourceAsset> with value @UsdPreviewSurface.mdl@.

2026-06-15 22:41:56 [261,776ms] [Warning] [omni.usd] Warning: in GetNodeDiscoveryResults at line 136 of /builds/omniverse/usd-ci/USD/pxr/usd/usdShade/shaderDefUtils.cpp -- Unable to resolve info:sourceAsset </UsdPrimvarReader_vector.info:mdl:sourceAsset> with value @UsdPreviewSurface.mdl@.

2026-06-15 22:41:56 [261,777ms] [Warning] [omni.usd] Warning: in GetNodeDiscoveryResults at line 136 of /builds/omniverse/usd-ci/USD/pxr/usd/usdShade/shaderDefUtils.cpp -- Unable to resolve info:sourceAsset </UsdPrimvarReader_matrix.info:mdl:sourceAsset> with value @UsdPreviewSurface.mdl@.

2026-06-15 22:41:56 [261,777ms] [Warning] [omni.usd] Warning: in GetNodeDiscoveryResults at line 136 of /builds/omniverse/usd-ci/USD/pxr/usd/usdShade/shaderDefUtils.cpp -- Unable to resolve info:sourceAsset </UsdTransform2d.info:mdl:sourceAsset> with value @UsdPreviewSurface.mdl@.

[MultiMotionLoader] Motion group distribution:
  - backhand: 4 motions
  - forehand: 4 motions
[MultiMotionCommand] Registered motion groups: ['backhand', 'forehand']
[MultiMotionCommand]   - Group 'backhand': 4 motions
[MultiMotionCommand]   - Group 'forehand': 4 motions
[MultiMotionCommand] Assigning 50000 environments with ratios: backhand=25000/50000, forehand=25000/50000
[INFO] Command Manager:  <CommandManager> contains 1 active terms.
+----------------------------------------+
|          Active Command Terms          |
+-------+--------+-----------------------+
| Index | Name   |          Type         |
+-------+--------+-----------------------+
|   0   | motion | HitterStrikingCommand |
+-------+--------+-----------------------+

[INFO] Event Manager:  <EventManager> contains 2 active terms.
+---------------------------------------+
| Active Event Terms in Mode: 'startup' |
+---------+-----------------------------+
|  Index  | Name                        |
+---------+-----------------------------+
|    0    | physics_material            |
|    1    | add_joint_default_pos       |
|    2    | base_com                    |
+---------+-----------------------------+
+----------------------------------------------+
|    Active Event Terms in Mode: 'interval'    |
+-------+------------+-------------------------+
| Index | Name       | Interval time range (s) |
+-------+------------+-------------------------+
|   0   | push_robot |        (1.0, 3.0)       |
+-------+------------+-------------------------+

[INFO] Recorder Manager:  <RecorderManager> contains 0 active terms.
+---------------------+
| Active Recorder Terms |
+-----------+---------+
|   Index   | Name    |
+-----------+---------+
+-----------+---------+

[INFO] Action Manager:  <ActionManager> contains 1 active terms.
+------------------------------------+
|  Active Action Terms (shape: 29)   |
+--------+-------------+-------------+
| Index  | Name        |   Dimension |
+--------+-------------+-------------+
|   0    | joint_pos   |          29 |
+--------+-------------+-------------+

[INFO] Observation Manager: <ObservationManager> contains 2 groups.
+---------------------------------------------------------+
| Active Observation Terms in Group: 'policy' (shape: (105,)) |
+-----------+---------------------------------+-----------+
|   Index   | Name                            |   Shape   |
+-----------+---------------------------------+-----------+
|     0     | base_ang_vel                    |    (3,)   |
|     1     | projected_gravity               |    (3,)   |
|     2     | base_forward_xy                 |    (2,)   |
|     3     | base_target_pos                 |    (3,)   |
|     4     | racket_target_pos               |    (3,)   |
|     5     | racket_target_vel               |    (3,)   |
|     6     | time_to_strike                  |    (1,)   |
|     7     | joint_pos                       |   (29,)   |
|     8     | joint_vel                       |   (29,)   |
|     9     | actions                         |   (29,)   |
+-----------+---------------------------------+-----------+
+------------------------------------------------------------+
| Active Observation Terms in Group: 'critic' (shape: (302,)) |
+----------+------------------------------------+------------+
|  Index   | Name                               |   Shape    |
+----------+------------------------------------+------------+
|    0     | base_ang_vel                       |    (3,)    |
|    1     | projected_gravity                  |    (3,)    |
|    2     | base_forward_xy                    |    (2,)    |
|    3     | motion_anchor_pos_b                |    (3,)    |
|    4     | motion_anchor_ori_b                |    (6,)    |
|    5     | base_target_pos                    |    (3,)    |
|    6     | racket_target_pos                  |    (3,)    |
|    7     | racket_target_vel                  |    (3,)    |
|    8     | time_to_strike                     |    (1,)    |
|    9     | joint_pos                          |   (29,)    |
|    10    | joint_vel                          |   (29,)    |
|    11    | actions                            |   (29,)    |
|    12    | base_lin_vel                       |    (3,)    |
|    13    | body_pose                          |   (126,)   |
|    14    | time_left                          |    (1,)    |
|    15    | reference_joint_state              |   (58,)    |
+----------+------------------------------------+------------+

[INFO] Termination Manager:  <TerminationManager> contains 3 active terms.
+-------------------------------+
|    Active Termination Terms   |
+-------+------------+----------+
| Index | Name       | Time Out |
+-------+------------+----------+
|   0   | time_out   |   True   |
|   1   | anchor_pos |  False   |
|   2   | anchor_ori |  False   |
+-------+------------+----------+

[INFO] Reward Manager:  <RewardManager> contains 22 active terms.
+------------------------------------------------+
|              Active Reward Terms               |
+-------+-----------------------------+----------+
| Index | Name                        |   Weight |
+-------+-----------------------------+----------+
|   0   | motion_global_anchor_pos    |      0.5 |
|   1   | motion_global_anchor_ori    |      0.5 |
|   2   | motion_body_pos             |      1.0 |
|   3   | motion_body_ori             |      1.0 |
|   4   | motion_body_lin_vel         |      1.5 |
|   5   | motion_body_ang_vel         |      1.5 |
|   6   | motion_anchor_lin_vel       |      1.0 |
|   7   | base_pos                    |      5.0 |
|   8   | racket_pos                  |    120.0 |
|   9   | racket_vel                  |     80.0 |
|   10  | racket_ori                  |     30.0 |
|   11  | torso_forward_lean_l2       |     -2.0 |
|   12  | base_ang_vel_xy_l2          |     -0.4 |
|   13  | undesired_contacts          |    -0.05 |
|   14  | hitter_foot_slip_l2         |     -2.0 |
|   15  | hitter_hit_unstable_support |     -6.0 |
|   16  | hitter_foot_edge_drag       |     -1.0 |
|   17  | hip_yaw_default             |      2.0 |
|   18  | action_rate_l2              |     -0.1 |
|   19  | joint_limit                 |    -10.0 |
|   20  | joint_acc                   | -2.5e-07 |
|   21  | joint_torque                |   -1e-05 |
+-------+-----------------------------+----------+

[INFO] Curriculum Manager:  <CurriculumManager> contains 0 active terms.
+----------------------+
| Active Curriculum Terms |
+-----------+----------+
|   Index   | Name     |
+-----------+----------+
+-----------+----------+

[INFO]: Time taken for simulation start : 208.399990 seconds
2026-06-15 22:42:09 [274,692ms] [Warning] [carb.windowing-glfw.plugin] GLFW initialization failed.
2026-06-15 22:42:09 [274,692ms] [Warning] [carb] Failed to startup plugin carb.windowing-glfw.plugin (interfaces: [carb::windowing::IGLContext v1.0],[carb::windowing::IWindowing v1.5]) (impl: carb.windowing-glfw.plugin)
2026-06-15 22:42:09 [274,696ms] [Error] [gpu.foundation.plugin] DriverShaderCacheManager::init() called without a shutdown()!
[INFO]: Completed setting up the environment...

|---------------------------------------------------------------------------------------------|
| Driver Version: 535.161.08    | Graphics API: Vulkan
|=============================================================================================|
| GPU | Name                             | Active | LDA | GPU Memory | Vendor-ID | LUID       |
|     |                                  |        |     |            | Device-ID | UUID       |
|     |                                  |        |     |            | Bus-ID    |            |
|---------------------------------------------------------------------------------------------|
| 0   | NVIDIA A100-SXM4-40GB            |        |     | 40960   MB | 10de      | 0          |
|     |                                  |        |     |            | 20b0      | d7b2f38c.. |
|     |                                  |        |     |            | 7         |            |
|---------------------------------------------------------------------------------------------|
| 1   | NVIDIA A100-SXM4-40GB            | Yes: 0 |     | 40960   MB | 10de      | 0          |
|     |                                  |        |     |            | 20b0      | 2765dc13.. |
|     |                                  |        |     |            | f         |            |
|=============================================================================================|
| OS: 22.04.4 LTS (Jammy Jellyfish) ubuntu, Version: 22.04.4, Kernel: 5.15.0-1053-nvidia
| Processor: AMD EPYC 7742 64-Core Processor
| Bare Metal Cores: 128 | Bare Metal Logical Cores: 256
| Core Usage Quota: 45
|---------------------------------------------------------------------------------------------|
| Total Memory (MB): 184320 | Free Memory: 114590
| Total Page/Swap (MB): 0 | Free Page/Swap: 0
|---------------------------------------------------------------------------------------------|
2026-06-15 22:42:10 [276,144ms] [Warning] [gpu.foundation.plugin] ECC is enabled on physical device 1
Unidirectional P2P=Enabled Bandwidth (P2P Writes) Matrix (GB/s)
Actor MLP: Sequential(
  (0): Linear(in_features=105, out_features=512, bias=True)
  (1): ELU(alpha=1.0)
  (2): Linear(in_features=512, out_features=256, bias=True)
  (3): ELU(alpha=1.0)
  (4): Linear(in_features=256, out_features=128, bias=True)
  (5): ELU(alpha=1.0)
  (6): Linear(in_features=128, out_features=29, bias=True)
)
Critic MLP: Sequential(
  (0): Linear(in_features=302, out_features=512, bias=True)
  (1): ELU(alpha=1.0)
  (2): Linear(in_features=512, out_features=256, bias=True)
  (3): ELU(alpha=1.0)
  (4): Linear(in_features=256, out_features=128, bias=True)
  (5): ELU(alpha=1.0)
  (6): Linear(in_features=128, out_features=1, bias=True)
)
[INFO]: Loading model checkpoint from: /root/Hitter/MOSAIC-main/logs/rsl_rl/hitter_striking_g1/2026-06-16_00-22-49_hitter_wbc_basez105_rewardtuned_cloud_fromscratch_2xa100_env50000_20260616_002233/model_2800.pt
[INFO]: Optimizer load disabled; optimizer will be initialized from scratch.
[Runner] reset_noise_std_on_resume = False
[Runner] freeze_normalizer_on_resume = False
   D\D     0      1 
     0 1266.46  12.06 
     1  16.67 1283.99 
P2P=Enabled Latency (P2P Writes) Matrix (us)
   GPU     0      1 
     0   2.84 103.60 
     1  24.38   2.86 

   CPU     0      1 
     0   2.85   7.72 
     1   7.70   2.84 
2026-06-15 22:42:10 [276,298ms] [Warning] [gpu.foundation.plugin] CUDA peer-to-peer observed bandwidth: 12.1 GB/s.
2026-06-15 22:42:10 [276,299ms] [Warning] [gpu.foundation.plugin] CUDA peer-to-peer observed latency: 103.6 us.
2026-06-15 22:42:10 [276,299ms] [Warning] [gpu.foundation.plugin] Please verify if observed bandwidth and latency are expected.
2026-06-15 22:42:10 [276,299ms] [Warning] [gpu.foundation.plugin] IOMMU is enabled.
2026-06-15 22:42:10 [276,300ms] [Warning] [gpu.foundation.plugin] Detected IOMMU is enabled. Running CUDA peer-to-peer bandwidth and latency validation.
Unidirectional P2P=Enabled Bandwidth (P2P Writes) Matrix (GB/s)
   D\D     0      1 
     0 1275.22  12.55 
     1  15.88 1291.46 
P2P=Enabled Latency (P2P Writes) Matrix (us)
   GPU     0      1 
     0   2.21  81.97 
     1  23.50   2.32 

   CPU     0      1 
     0   2.86  11.01 
     1   7.89   3.43 
2026-06-15 22:42:11 [276,450ms] [Warning] [gpu.foundation.plugin] CUDA peer-to-peer observed bandwidth: 12.6 GB/s.
2026-06-15 22:42:11 [276,450ms] [Warning] [gpu.foundation.plugin] CUDA peer-to-peer observed latency: 82.0 us.
2026-06-15 22:42:11 [276,450ms] [Warning] [gpu.foundation.plugin] Please verify if observed bandwidth and latency are expected.
swanlab: The environment variable SWANLAB_MODE will be overwritten by the 
parameter mode
2026-06-15 22:42:11 [277,222ms] [Warning] [carb.windowing-glfw.plugin] GLFW initialization failed.
2026-06-15 22:42:11 [277,222ms] [Warning] [carb] Failed to startup plugin carb.windowing-glfw.plugin (interfaces: [carb::windowing::IGLContext v1.0],[carb::windowing::IWindowing v1.5]) (impl: carb.windowing-glfw.plugin)
2026-06-15 22:42:11 [277,387ms] [Warning] [carb.windowing-glfw.plugin] GLFW initialization failed.
2026-06-15 22:42:11 [277,387ms] [Warning] [carb] Failed to startup plugin carb.windowing-glfw.plugin (interfaces: [carb::windowing::IGLContext v1.0],[carb::windowing::IWindowing v1.5]) (impl: carb.windowing-glfw.plugin)
2026-06-15 22:42:12 [277,437ms] [Warning] [carb.windowing-glfw.plugin] GLFW initialization failed.
2026-06-15 22:42:12 [277,437ms] [Warning] [carb] Failed to startup plugin carb.windowing-glfw.plugin (interfaces: [carb::windowing::IGLContext v1.0],[carb::windowing::IWindowing v1.5]) (impl: carb.windowing-glfw.plugin)
2026-06-15 22:42:12 [277,480ms] [Warning] [carb.windowing-glfw.plugin] GLFW initialization failed.
2026-06-15 22:42:12 [277,480ms] [Warning] [carb] Failed to startup plugin carb.windowing-glfw.plugin (interfaces: [carb::windowing::IGLContext v1.0],[carb::windowing::IWindowing v1.5]) (impl: carb.windowing-glfw.plugin)
2026-06-15 22:42:12 [277,509ms] [Warning] [carb.windowing-glfw.plugin] GLFW initialization failed.
2026-06-15 22:42:12 [277,509ms] [Warning] [carb] Failed to startup plugin carb.windowing-glfw.plugin (interfaces: [carb::windowing::IGLContext v1.0],[carb::windowing::IWindowing v1.5]) (impl: carb.windowing-glfw.plugin)
2026-06-15 22:42:12 [277,538ms] [Warning] [carb.windowing-glfw.plugin] GLFW initialization failed.
2026-06-15 22:42:12 [277,538ms] [Warning] [carb] Failed to startup plugin carb.windowing-glfw.plugin (interfaces: [carb::windowing::IGLContext v1.0],[carb::windowing::IWindowing v1.5]) (impl: carb.windowing-glfw.plugin)
swanlab: Tracking run with swanlab version 0.7.16
swanlab: Run data will be saved locally in 
/root/Hitter/MOSAIC-main/logs/rsl_rl/hitter_striking_g1/2026-06-16_06-37-47_hitt
er_wbc_m2800_rpos120_std010_rvel80_std15_skipopt_swanlab_2xa100_env50000_2026061
6_063731/swanlog/run-20260616_064212-ntknz7ggkfnrfgn60ithm
swanlab: 👋 Hi Jianghe111,welcome to swanlab!
swanlab: Syncing run 
2026-06-16_06-37-47_hitter_wbc_m2800_rpos120_std010_rvel80_std15_skipopt_swanlab
_2xa100_env50000_20260616_063731 to the cloud
swanlab: 🏠 View project at https://swanlab.cn/@Jianghe111/hitter_striking_g1
swanlab: 🚀 View run at 
https://swanlab.cn/@Jianghe111/hitter_striking_g1/runs/ntknz7ggkfnrfgn60ithm
2026-06-15 22:42:13 [278,595ms] [Warning] [omni.graph.visualization.nodes._impl.extension] No Viewport Window to add omni.graph.visualization.nodes-2.1.1 scene to
2026-06-15 22:42:13 [278,822ms] [Warning] [omni.usd] Warning: in GetNodeDiscoveryResults at line 136 of /builds/omniverse/usd-ci/USD/pxr/usd/usdShade/shaderDefUtils.cpp -- Unable to resolve info:sourceAsset </UsdPreviewSurface.info:mdl:sourceAsset> with value @UsdPreviewSurface.mdl@.

2026-06-15 22:42:13 [278,822ms] [Warning] [omni.usd] Warning: in GetNodeDiscoveryResults at line 136 of /builds/omniverse/usd-ci/USD/pxr/usd/usdShade/shaderDefUtils.cpp -- Unable to resolve info:sourceAsset </UsdUVTexture.info:mdl:sourceAsset> with value @UsdPreviewSurface.mdl@.

2026-06-15 22:42:13 [278,823ms] [Warning] [omni.usd] Warning: in GetNodeDiscoveryResults at line 136 of /builds/omniverse/usd-ci/USD/pxr/usd/usdShade/shaderDefUtils.cpp -- Unable to resolve info:sourceAsset </UsdPrimvarReader_float.info:mdl:sourceAsset> with value @UsdPreviewSurface.mdl@.

2026-06-15 22:42:13 [278,823ms] [Warning] [omni.usd] Warning: in GetNodeDiscoveryResults at line 136 of /builds/omniverse/usd-ci/USD/pxr/usd/usdShade/shaderDefUtils.cpp -- Unable to resolve info:sourceAsset </UsdPrimvarReader_float2.info:mdl:sourceAsset> with value @UsdPreviewSurface.mdl@.

2026-06-15 22:42:13 [278,823ms] [Warning] [omni.usd] Warning: in GetNodeDiscoveryResults at line 136 of /builds/omniverse/usd-ci/USD/pxr/usd/usdShade/shaderDefUtils.cpp -- Unable to resolve info:sourceAsset </UsdPrimvarReader_float3.info:mdl:sourceAsset> with value @UsdPreviewSurface.mdl@.

2026-06-15 22:42:13 [278,823ms] [Warning] [omni.usd] Warning: in GetNodeDiscoveryResults at line 136 of /builds/omniverse/usd-ci/USD/pxr/usd/usdShade/shaderDefUtils.cpp -- Unable to resolve info:sourceAsset </UsdPrimvarReader_float4.info:mdl:sourceAsset> with value @UsdPreviewSurface.mdl@.

2026-06-15 22:42:13 [278,823ms] [Warning] [omni.usd] Warning: in GetNodeDiscoveryResults at line 136 of /builds/omniverse/usd-ci/USD/pxr/usd/usdShade/shaderDefUtils.cpp -- Unable to resolve info:sourceAsset </UsdPrimvarReader_int.info:mdl:sourceAsset> with value @UsdPreviewSurface.mdl@.

2026-06-15 22:42:13 [278,824ms] [Warning] [omni.usd] Warning: in GetNodeDiscoveryResults at line 136 of /builds/omniverse/usd-ci/USD/pxr/usd/usdShade/shaderDefUtils.cpp -- Unable to resolve info:sourceAsset </UsdPrimvarReader_string.info:mdl:sourceAsset> with value @UsdPreviewSurface.mdl@.

2026-06-15 22:42:13 [278,824ms] [Warning] [omni.usd] Warning: in GetNodeDiscoveryResults at line 136 of /builds/omniverse/usd-ci/USD/pxr/usd/usdShade/shaderDefUtils.cpp -- Unable to resolve info:sourceAsset </UsdPrimvarReader_normal.info:mdl:sourceAsset> with value @UsdPreviewSurface.mdl@.

2026-06-15 22:42:13 [278,824ms] [Warning] [omni.usd] Warning: in GetNodeDiscoveryResults at line 136 of /builds/omniverse/usd-ci/USD/pxr/usd/usdShade/shaderDefUtils.cpp -- Unable to resolve info:sourceAsset </UsdPrimvarReader_point.info:mdl:sourceAsset> with value @UsdPreviewSurface.mdl@.

2026-06-15 22:42:13 [278,824ms] [Warning] [omni.usd] Warning: in GetNodeDiscoveryResults at line 136 of /builds/omniverse/usd-ci/USD/pxr/usd/usdShade/shaderDefUtils.cpp -- Unable to resolve info:sourceAsset </UsdPrimvarReader_vector.info:mdl:sourceAsset> with value @UsdPreviewSurface.mdl@.

2026-06-15 22:42:13 [278,824ms] [Warning] [omni.usd] Warning: in GetNodeDiscoveryResults at line 136 of /builds/omniverse/usd-ci/USD/pxr/usd/usdShade/shaderDefUtils.cpp -- Unable to resolve info:sourceAsset </UsdPrimvarReader_matrix.info:mdl:sourceAsset> with value @UsdPreviewSurface.mdl@.

2026-06-15 22:42:13 [278,825ms] [Warning] [omni.usd] Warning: in GetNodeDiscoveryResults at line 136 of /builds/omniverse/usd-ci/USD/pxr/usd/usdShade/shaderDefUtils.cpp -- Unable to resolve info:sourceAsset </UsdTransform2d.info:mdl:sourceAsset> with value @UsdPreviewSurface.mdl@.

[MultiMotionLoader] Motion group distribution:
  - backhand: 3 motions
  - forehand: 3 motions
[MultiMotionCommand] Registered motion groups: ['backhand', 'forehand']
[MultiMotionCommand]   - Group 'backhand': 3 motions
[MultiMotionCommand]   - Group 'forehand': 3 motions
[MultiMotionCommand] Assigning 50000 environments with ratios: backhand=25000/50000, forehand=25000/50000
Synchronizing parameters for rank 0...
[INFO] Command Manager:  <CommandManager> contains 1 active terms.
+----------------------------------------+
|          Active Command Terms          |
+-------+--------+-----------------------+
| Index | Name   |          Type         |
+-------+--------+-----------------------+
|   0   | motion | HitterStrikingCommand |
+-------+--------+-----------------------+

[INFO] Event Manager:  <EventManager> contains 2 active terms.
+---------------------------------------+
| Active Event Terms in Mode: 'startup' |
+---------+-----------------------------+
|  Index  | Name                        |
+---------+-----------------------------+
|    0    | physics_material            |
|    1    | add_joint_default_pos       |
|    2    | base_com                    |
+---------+-----------------------------+
+----------------------------------------------+
|    Active Event Terms in Mode: 'interval'    |
+-------+------------+-------------------------+
| Index | Name       | Interval time range (s) |
+-------+------------+-------------------------+
|   0   | push_robot |        (1.0, 3.0)       |
+-------+------------+-------------------------+

[INFO] Recorder Manager:  <RecorderManager> contains 0 active terms.
+---------------------+
| Active Recorder Terms |
+-----------+---------+
|   Index   | Name    |
+-----------+---------+
+-----------+---------+

[INFO] Action Manager:  <ActionManager> contains 1 active terms.
+------------------------------------+
|  Active Action Terms (shape: 29)   |
+--------+-------------+-------------+
| Index  | Name        |   Dimension |
+--------+-------------+-------------+
|   0    | joint_pos   |          29 |
+--------+-------------+-------------+

[INFO] Observation Manager: <ObservationManager> contains 2 groups.
+---------------------------------------------------------+
| Active Observation Terms in Group: 'policy' (shape: (105,)) |
+-----------+---------------------------------+-----------+
|   Index   | Name                            |   Shape   |
+-----------+---------------------------------+-----------+
|     0     | base_ang_vel                    |    (3,)   |
|     1     | projected_gravity               |    (3,)   |
|     2     | base_forward_xy                 |    (2,)   |
|     3     | base_target_pos                 |    (3,)   |
|     4     | racket_target_pos               |    (3,)   |
|     5     | racket_target_vel               |    (3,)   |
|     6     | time_to_strike                  |    (1,)   |
|     7     | joint_pos                       |   (29,)   |
|     8     | joint_vel                       |   (29,)   |
|     9     | actions                         |   (29,)   |
+-----------+---------------------------------+-----------+
+------------------------------------------------------------+
| Active Observation Terms in Group: 'critic' (shape: (302,)) |
+----------+------------------------------------+------------+
|  Index   | Name                               |   Shape    |
+----------+------------------------------------+------------+
|    0     | base_ang_vel                       |    (3,)    |
|    1     | projected_gravity                  |    (3,)    |
|    2     | base_forward_xy                    |    (2,)    |
|    3     | motion_anchor_pos_b                |    (3,)    |
|    4     | motion_anchor_ori_b                |    (6,)    |
|    5     | base_target_pos                    |    (3,)    |
|    6     | racket_target_pos                  |    (3,)    |
|    7     | racket_target_vel                  |    (3,)    |
|    8     | time_to_strike                     |    (1,)    |
|    9     | joint_pos                          |   (29,)    |
|    10    | joint_vel                          |   (29,)    |
|    11    | actions                            |   (29,)    |
|    12    | base_lin_vel                       |    (3,)    |
|    13    | body_pose                          |   (126,)   |
|    14    | time_left                          |    (1,)    |
|    15    | reference_joint_state              |   (58,)    |
+----------+------------------------------------+------------+

[INFO] Termination Manager:  <TerminationManager> contains 3 active terms.
+-------------------------------+
|    Active Termination Terms   |
+-------+------------+----------+
| Index | Name       | Time Out |
+-------+------------+----------+
|   0   | time_out   |   True   |
|   1   | anchor_pos |  False   |
|   2   | anchor_ori |  False   |
+-------+------------+----------+

[INFO] Reward Manager:  <RewardManager> contains 22 active terms.
+------------------------------------------------+
|              Active Reward Terms               |
+-------+-----------------------------+----------+
| Index | Name                        |   Weight |
+-------+-----------------------------+----------+
|   0   | motion_global_anchor_pos    |      0.5 |
|   1   | motion_global_anchor_ori    |      0.5 |
|   2   | motion_body_pos             |      1.0 |
|   3   | motion_body_ori             |      1.0 |
|   4   | motion_body_lin_vel         |      1.5 |
|   5   | motion_body_ang_vel         |      1.5 |
|   6   | motion_anchor_lin_vel       |      1.0 |
|   7   | base_pos                    |      5.0 |
|   8   | racket_pos                  |    120.0 |
|   9   | racket_vel                  |     80.0 |
|   10  | racket_ori                  |     30.0 |
|   11  | torso_forward_lean_l2       |     -2.0 |
|   12  | base_ang_vel_xy_l2          |     -0.4 |
|   13  | undesired_contacts          |    -0.05 |
|   14  | hitter_foot_slip_l2         |     -2.0 |
|   15  | hitter_hit_unstable_support |     -6.0 |
|   16  | hitter_foot_edge_drag       |     -1.0 |
|   17  | hip_yaw_default             |      2.0 |
|   18  | action_rate_l2              |     -0.1 |
|   19  | joint_limit                 |    -10.0 |
|   20  | joint_acc                   | -2.5e-07 |
|   21  | joint_torque                |   -1e-05 |
+-------+-----------------------------+----------+

[INFO] Curriculum Manager:  <CurriculumManager> contains 0 active terms.
+----------------------+
| Active Curriculum Terms |
+-----------+----------+
|   Index   | Name     |
+-----------+----------+
+-----------+----------+

[INFO]: Completed setting up the environment...
Actor MLP: Sequential(
  (0): Linear(in_features=105, out_features=512, bias=True)
  (1): ELU(alpha=1.0)
  (2): Linear(in_features=512, out_features=256, bias=True)
  (3): ELU(alpha=1.0)
  (4): Linear(in_features=256, out_features=128, bias=True)
  (5): ELU(alpha=1.0)
  (6): Linear(in_features=128, out_features=29, bias=True)
)
Critic MLP: Sequential(
  (0): Linear(in_features=302, out_features=512, bias=True)
  (1): ELU(alpha=1.0)
  (2): Linear(in_features=512, out_features=256, bias=True)
  (3): ELU(alpha=1.0)
  (4): Linear(in_features=256, out_features=128, bias=True)
  (5): ELU(alpha=1.0)
  (6): Linear(in_features=128, out_features=1, bias=True)
)
[INFO]: Loading model checkpoint from: /root/Hitter/MOSAIC-main/logs/rsl_rl/hitter_striking_g1/2026-06-16_00-22-49_hitter_wbc_basez105_rewardtuned_cloud_fromscratch_2xa100_env50000_20260616_002233/model_2800.pt
[INFO]: Optimizer load disabled; optimizer will be initialized from scratch.
[Runner] reset_noise_std_on_resume = False
[Runner] freeze_normalizer_on_resume = False
Synchronizing parameters for rank 1...
################################################################################
                    [1m Learning iteration 2800/10000 [0m                     

                       Computation: 196033 steps/s (collection: 9.757s, learning 2.486s)
             Mean action noise std: 0.29
          Mean value_function loss: 1.4778
               Mean surrogate loss: 0.2520
                 Mean entropy loss: 3.3167
               Mean approx_kl loss: 303.6450
           Mean clip_fraction loss: 0.9500
              Mean ratio_mean loss: 0.0500
          Mean advantage_mean loss: 0.0000
           Mean advantage_std loss: 1.0000
      Mean explained_variance loss: 0.3389
                       Mean reward: 4.65
               Mean episode length: 24.00
Episode_Reward/motion_global_anchor_pos: 0.0114
Episode_Reward/motion_global_anchor_ori: 0.0120
    Episode_Reward/motion_body_pos: 0.0224
    Episode_Reward/motion_body_ori: 0.0198
Episode_Reward/motion_body_lin_vel: 0.0273
Episode_Reward/motion_body_ang_vel: 0.0264
Episode_Reward/motion_anchor_lin_vel: 0.0193
           Episode_Reward/base_pos: 0.0846
         Episode_Reward/racket_pos: 0.0000
         Episode_Reward/racket_vel: 0.0000
         Episode_Reward/racket_ori: 0.0000
Episode_Reward/torso_forward_lean_l2: -0.0007
 Episode_Reward/base_ang_vel_xy_l2: -0.0051
 Episode_Reward/undesired_contacts: -0.0000
Episode_Reward/hitter_foot_slip_l2: -0.0081
Episode_Reward/hitter_hit_unstable_support: 0.0000
Episode_Reward/hitter_foot_edge_drag: -0.0016
    Episode_Reward/hip_yaw_default: 0.0480
     Episode_Reward/action_rate_l2: -0.0198
        Episode_Reward/joint_limit: -0.0009
          Episode_Reward/joint_acc: -0.0021
       Episode_Reward/joint_torque: -0.0007
   Metrics/motion/error_anchor_pos: 0.0942
   Metrics/motion/error_anchor_rot: 0.0760
Metrics/motion/error_anchor_lin_vel: 0.4406
Metrics/motion/error_anchor_ang_vel: 0.8889
     Metrics/motion/error_body_pos: 8.2449
     Metrics/motion/error_body_rot: 0.1654
 Metrics/motion/error_body_lin_vel: 0.5035
 Metrics/motion/error_body_ang_vel: 1.5721
    Metrics/motion/error_joint_pos: 0.6949
    Metrics/motion/error_joint_vel: 7.9999
   Metrics/motion/sampling_entropy: 0.0000
 Metrics/motion/sampling_top1_prob: 0.0000
  Metrics/motion/sampling_top1_bin: 0.0000
Metrics/motion/motion_sampling_prob_mean: 0.1198
Metrics/motion/motion_sampling_prob_std: 0.0000
Metrics/motion/motion_sampling_prob_min: 0.1198
Metrics/motion/motion_sampling_prob_max: 0.1198
Metrics/motion/motion_sampling_prob_entropy: 0.9583
Metrics/motion/hitter_strike_racket_pos_error: 0.0000
Metrics/motion/hitter_strike_racket_vel_error: 0.0000
Metrics/motion/hitter_strike_racket_ori_error: 0.0000
      Episode_Termination/time_out: 101.9167
    Episode_Termination/anchor_pos: 0.0000
    Episode_Termination/anchor_ori: 0.0000
--------------------------------------------------------------------------------
                   Total timesteps: 2400000
                    Iteration time: 12.24s
                      Time elapsed: 00:00:12
                               ETA: 00:29:08

Could not find git repository in /root/Hitter/MOSAIC-main/source/rsl_rl/rsl_rl/__init__.py. Skipping.
Could not find git repository in /root/Hitter/MOSAIC-main/scripts/rsl_rl/train.py. Skipping.
################################################################################
                    [1m Learning iteration 2801/10000 [0m                     

                       Computation: 244077 steps/s (collection: 7.281s, learning 2.551s)
             Mean action noise std: 0.29
          Mean value_function loss: 20.7648
               Mean surrogate loss: 0.0068
                 Mean entropy loss: 3.3108
               Mean approx_kl loss: 0.0148
           Mean clip_fraction loss: 0.1429
              Mean ratio_mean loss: 1.0001
          Mean advantage_mean loss: -0.0000
           Mean advantage_std loss: 1.0000
      Mean explained_variance loss: 0.3816
                       Mean reward: 4.07
               Mean episode length: 43.60
Episode_Reward/motion_global_anchor_pos: 0.0244
Episode_Reward/motion_global_anchor_ori: 0.0274
    Episode_Reward/motion_body_pos: 0.0587
    Episode_Reward/motion_body_ori: 0.0404
Episode_Reward/motion_body_lin_vel: 0.0559
Episode_Reward/motion_body_ang_vel: 0.0522
Episode_Reward/motion_anchor_lin_vel: 0.0433
           Episode_Reward/base_pos: 0.2122
         Episode_Reward/racket_pos: 0.0001
         Episode_Reward/racket_vel: 0.0073
         Episode_Reward/racket_ori: 0.0177
Episode_Reward/torso_forward_lean_l2: -0.0046
 Episode_Reward/base_ang_vel_xy_l2: -0.0747
 Episode_Reward/undesired_contacts: -0.0002
Episode_Reward/hitter_foot_slip_l2: -0.0336
Episode_Reward/hitter_hit_unstable_support: -0.0134
Episode_Reward/hitter_foot_edge_drag: -0.0041
    Episode_Reward/hip_yaw_default: 0.1230
     Episode_Reward/action_rate_l2: -0.0894
        Episode_Reward/joint_limit: -0.0143
          Episode_Reward/joint_acc: -0.0080
       Episode_Reward/joint_torque: -0.0035
   Metrics/motion/error_anchor_pos: 0.3718
   Metrics/motion/error_anchor_rot: 0.3843
Metrics/motion/error_anchor_lin_vel: 1.1920
Metrics/motion/error_anchor_ang_vel: 2.6720
     Metrics/motion/error_body_pos: 0.2004
     Metrics/motion/error_body_rot: 0.6029
 Metrics/motion/error_body_lin_vel: 1.3035
 Metrics/motion/error_body_ang_vel: 4.1437
    Metrics/motion/error_joint_pos: 2.0938
    Metrics/motion/error_joint_vel: 17.2980
   Metrics/motion/sampling_entropy: 0.0000
 Metrics/motion/sampling_top1_prob: 0.0000
  Metrics/motion/sampling_top1_bin: 0.0000
Metrics/motion/motion_sampling_prob_mean: 0.1250
Metrics/motion/motion_sampling_prob_std: 0.0000
Metrics/motion/motion_sampling_prob_min: 0.1250
Metrics/motion/motion_sampling_prob_max: 0.1250
Metrics/motion/motion_sampling_prob_entropy: 1.0000
Metrics/motion/hitter_strike_racket_pos_error: 0.0625
Metrics/motion/hitter_strike_racket_vel_error: 0.3249
Metrics/motion/hitter_strike_racket_ori_error: 0.0251
      Episode_Termination/time_out: 99.5833
    Episode_Termination/anchor_pos: 129.1250
    Episode_Termination/anchor_ori: 0.0000
--------------------------------------------------------------------------------
                   Total timesteps: 4800000
                    Iteration time: 9.83s
                      Time elapsed: 00:00:22
                               ETA: 22:04:21

################################################################################
                    [1m Learning iteration 2802/10000 [0m                     

                       Computation: 238938 steps/s (collection: 7.362s, learning 2.683s)
             Mean action noise std: 0.29
          Mean value_function loss: 20.2336
               Mean surrogate loss: 0.0340
                 Mean entropy loss: 3.3325
               Mean approx_kl loss: 0.0431
           Mean clip_fraction loss: 0.2086
              Mean ratio_mean loss: 1.0003
          Mean advantage_mean loss: 0.0000
           Mean advantage_std loss: 1.0000
      Mean explained_variance loss: 0.5783
                       Mean reward: 1.87
               Mean episode length: 40.66
Episode_Reward/motion_global_anchor_pos: 0.0238
Episode_Reward/motion_global_anchor_ori: 0.0271
    Episode_Reward/motion_body_pos: 0.0631
    Episode_Reward/motion_body_ori: 0.0315
Episode_Reward/motion_body_lin_vel: 0.0530
Episode_Reward/motion_body_ang_vel: 0.0464
Episode_Reward/motion_anchor_lin_vel: 0.0455
           Episode_Reward/base_pos: 0.2124
         Episode_Reward/racket_pos: 0.0003
         Episode_Reward/racket_vel: 0.0308
         Episode_Reward/racket_ori: 0.0773
Episode_Reward/torso_forward_lean_l2: -0.0093
 Episode_Reward/base_ang_vel_xy_l2: -0.1375
 Episode_Reward/undesired_contacts: -0.0005
Episode_Reward/hitter_foot_slip_l2: -0.0626
Episode_Reward/hitter_hit_unstable_support: -0.0495
Episode_Reward/hitter_foot_edge_drag: -0.0062
    Episode_Reward/hip_yaw_default: 0.1454
     Episode_Reward/action_rate_l2: -0.1414
        Episode_Reward/joint_limit: -0.0344
          Episode_Reward/joint_acc: -0.0146
       Episode_Reward/joint_torque: -0.0060
   Metrics/motion/error_anchor_pos: 0.5620
   Metrics/motion/error_anchor_rot: 0.5960
Metrics/motion/error_anchor_lin_vel: 1.6495
Metrics/motion/error_anchor_ang_vel: 3.0972
     Metrics/motion/error_body_pos: 0.3350
     Metrics/motion/error_body_rot: 0.7376
 Metrics/motion/error_body_lin_vel: 1.7953
 Metrics/motion/error_body_ang_vel: 4.5536
    Metrics/motion/error_joint_pos: 2.8570
    Metrics/motion/error_joint_vel: 18.7508
   Metrics/motion/sampling_entropy: 0.0000
 Metrics/motion/sampling_top1_prob: 0.0000
  Metrics/motion/sampling_top1_bin: 0.0000
Metrics/motion/motion_sampling_prob_mean: 0.1250
Metrics/motion/motion_sampling_prob_std: 0.0000
Metrics/motion/motion_sampling_prob_min: 0.1250
Metrics/motion/motion_sampling_prob_max: 0.1250
Metrics/motion/motion_sampling_prob_entropy: 1.0000
Metrics/motion/hitter_strike_racket_pos_error: 0.3205
Metrics/motion/hitter_strike_racket_vel_error: 1.7683
Metrics/motion/hitter_strike_racket_ori_error: 0.1407
      Episode_Termination/time_out: 90.5833
    Episode_Termination/anchor_pos: 386.7917
    Episode_Termination/anchor_ori: 0.0000
--------------------------------------------------------------------------------
                   Total timesteps: 7200000
                    Iteration time: 10.04s
                      Time elapsed: 00:00:32
                               ETA: 21:24:27

################################################################################
                    [1m Learning iteration 2803/10000 [0m                     

                       Computation: 233543 steps/s (collection: 7.345s, learning 2.932s)
             Mean action noise std: 0.29
          Mean value_function loss: 25.6339
               Mean surrogate loss: 0.0435
                 Mean entropy loss: 3.3410
               Mean approx_kl loss: 0.0611
           Mean clip_fraction loss: 0.2460
              Mean ratio_mean loss: 1.0002
          Mean advantage_mean loss: 0.0000
           Mean advantage_std loss: 1.0000
      Mean explained_variance loss: 0.6496
                       Mean reward: 1.34
               Mean episode length: 40.07
Episode_Reward/motion_global_anchor_pos: 0.0222
Episode_Reward/motion_global_anchor_ori: 0.0228
    Episode_Reward/motion_body_pos: 0.0597
    Episode_Reward/motion_body_ori: 0.0261
Episode_Reward/motion_body_lin_vel: 0.0464
Episode_Reward/motion_body_ang_vel: 0.0397
Episode_Reward/motion_anchor_lin_vel: 0.0425
           Episode_Reward/base_pos: 0.1670
         Episode_Reward/racket_pos: 0.0003
         Episode_Reward/racket_vel: 0.0212
         Episode_Reward/racket_ori: 0.0447
Episode_Reward/torso_forward_lean_l2: -0.0091
 Episode_Reward/base_ang_vel_xy_l2: -0.1290
 Episode_Reward/undesired_contacts: -0.0007
Episode_Reward/hitter_foot_slip_l2: -0.0626
Episode_Reward/hitter_hit_unstable_support: -0.0276
Episode_Reward/hitter_foot_edge_drag: -0.0060
    Episode_Reward/hip_yaw_default: 0.1364
     Episode_Reward/action_rate_l2: -0.1498
        Episode_Reward/joint_limit: -0.0409
          Episode_Reward/joint_acc: -0.0159
       Episode_Reward/joint_torque: -0.0064
   Metrics/motion/error_anchor_pos: 0.5418
   Metrics/motion/error_anchor_rot: 0.7357
Metrics/motion/error_anchor_lin_vel: 1.8608
Metrics/motion/error_anchor_ang_vel: 3.3888
     Metrics/motion/error_body_pos: 0.3369
     Metrics/motion/error_body_rot: 0.7442
 Metrics/motion/error_body_lin_vel: 1.9490
 Metrics/motion/error_body_ang_vel: 4.6978
    Metrics/motion/error_joint_pos: 2.9943
    Metrics/motion/error_joint_vel: 19.4650
   Metrics/motion/sampling_entropy: 0.0000
 Metrics/motion/sampling_top1_prob: 0.0000
  Metrics/motion/sampling_top1_bin: 0.0000
Metrics/motion/motion_sampling_prob_mean: 0.1250
Metrics/motion/motion_sampling_prob_std: 0.0000
Metrics/motion/motion_sampling_prob_min: 0.1250
Metrics/motion/motion_sampling_prob_max: 0.1250
Metrics/motion/motion_sampling_prob_entropy: 1.0000
Metrics/motion/hitter_strike_racket_pos_error: 0.1917
Metrics/motion/hitter_strike_racket_vel_error: 0.9575
Metrics/motion/hitter_strike_racket_ori_error: 0.0784
      Episode_Termination/time_out: 83.8750
    Episode_Termination/anchor_pos: 468.7083
    Episode_Termination/anchor_ori: 0.0000
--------------------------------------------------------------------------------
                   Total timesteps: 9600000
                    Iteration time: 10.28s
                      Time elapsed: 00:00:42
                               ETA: 21:11:22

################################################################################
                    [1m Learning iteration 2804/10000 [0m                     

                       Computation: 215856 steps/s (collection: 7.923s, learning 3.196s)
             Mean action noise std: 0.29
          Mean value_function loss: 40.4670
               Mean surrogate loss: 0.0528
                 Mean entropy loss: 3.3506
               Mean approx_kl loss: 0.0909
           Mean clip_fraction loss: 0.3690
              Mean ratio_mean loss: 1.0002
          Mean advantage_mean loss: 0.0000
           Mean advantage_std loss: 1.0000
      Mean explained_variance loss: 0.4457
                       Mean reward: 3.08
               Mean episode length: 68.56
Episode_Reward/motion_global_anchor_pos: 0.0293
Episode_Reward/motion_global_anchor_ori: 0.0342
    Episode_Reward/motion_body_pos: 0.0860
    Episode_Reward/motion_body_ori: 0.0350
Episode_Reward/motion_body_lin_vel: 0.0762
Episode_Reward/motion_body_ang_vel: 0.0622
Episode_Reward/motion_anchor_lin_vel: 0.0668
           Episode_Reward/base_pos: 0.2109
         Episode_Reward/racket_pos: 0.0008
         Episode_Reward/racket_vel: 0.0194
         Episode_Reward/racket_ori: 0.0552
Episode_Reward/torso_forward_lean_l2: -0.0115
 Episode_Reward/base_ang_vel_xy_l2: -0.1535
 Episode_Reward/undesired_contacts: -0.0009
Episode_Reward/hitter_foot_slip_l2: -0.0793
Episode_Reward/hitter_hit_unstable_support: -0.0384
Episode_Reward/hitter_foot_edge_drag: -0.0078
    Episode_Reward/hip_yaw_default: 0.1994
     Episode_Reward/action_rate_l2: -0.1894
        Episode_Reward/joint_limit: -0.0524
          Episode_Reward/joint_acc: -0.0193
       Episode_Reward/joint_torque: -0.0082
   Metrics/motion/error_anchor_pos: 0.5961
   Metrics/motion/error_anchor_rot: 0.8125
Metrics/motion/error_anchor_lin_vel: 1.9716
Metrics/motion/error_anchor_ang_vel: 3.4472
     Metrics/motion/error_body_pos: 0.3621
     Metrics/motion/error_body_rot: 0.8642
 Metrics/motion/error_body_lin_vel: 2.0452
 Metrics/motion/error_body_ang_vel: 4.9073
    Metrics/motion/error_joint_pos: 3.2119
    Metrics/motion/error_joint_vel: 20.4336
   Metrics/motion/sampling_entropy: 0.0000
 Metrics/motion/sampling_top1_prob: 0.0000
  Metrics/motion/sampling_top1_bin: 0.0000
Metrics/motion/motion_sampling_prob_mean: 0.1250
Metrics/motion/motion_sampling_prob_std: 0.0000
Metrics/motion/motion_sampling_prob_min: 0.1250
Metrics/motion/motion_sampling_prob_max: 0.1250
Metrics/motion/motion_sampling_prob_entropy: 1.0000
Metrics/motion/hitter_strike_racket_pos_error: 0.2294
Metrics/motion/hitter_strike_racket_vel_error: 1.3951
Metrics/motion/hitter_strike_racket_ori_error: 0.1151
      Episode_Termination/time_out: 74.3333
    Episode_Termination/anchor_pos: 697.7500
    Episode_Termination/anchor_ori: 0.2083
--------------------------------------------------------------------------------
                   Total timesteps: 12000000
                    Iteration time: 11.12s
                      Time elapsed: 00:00:53
                               ETA: 21:23:39

################################################################################
                    [1m Learning iteration 2805/10000 [0m                     

                       Computation: 226635 steps/s (collection: 7.756s, learning 2.833s)
             Mean action noise std: 0.29
          Mean value_function loss: 32.5869
               Mean surrogate loss: 0.0409
                 Mean entropy loss: 3.3572
               Mean approx_kl loss: 0.0607
           Mean clip_fraction loss: 0.3022
              Mean ratio_mean loss: 1.0000
          Mean advantage_mean loss: 0.0000
           Mean advantage_std loss: 1.0000
      Mean explained_variance loss: 0.5454
                       Mean reward: 1.44
               Mean episode length: 63.65
Episode_Reward/motion_global_anchor_pos: 0.0266
Episode_Reward/motion_global_anchor_ori: 0.0314
    Episode_Reward/motion_body_pos: 0.0864
    Episode_Reward/motion_body_ori: 0.0339
Episode_Reward/motion_body_lin_vel: 0.0738
Episode_Reward/motion_body_ang_vel: 0.0608
Episode_Reward/motion_anchor_lin_vel: 0.0659
           Episode_Reward/base_pos: 0.1968
         Episode_Reward/racket_pos: 0.0004
         Episode_Reward/racket_vel: 0.0249
         Episode_Reward/racket_ori: 0.0566
Episode_Reward/torso_forward_lean_l2: -0.0176
 Episode_Reward/base_ang_vel_xy_l2: -0.1858
 Episode_Reward/undesired_contacts: -0.0011
Episode_Reward/hitter_foot_slip_l2: -0.0877
Episode_Reward/hitter_hit_unstable_support: -0.0482
Episode_Reward/hitter_foot_edge_drag: -0.0081
    Episode_Reward/hip_yaw_default: 0.2046
     Episode_Reward/action_rate_l2: -0.2188
        Episode_Reward/joint_limit: -0.0675
          Episode_Reward/joint_acc: -0.0233
       Episode_Reward/joint_torque: -0.0096
   Metrics/motion/error_anchor_pos: 0.5967
   Metrics/motion/error_anchor_rot: 0.8003
Metrics/motion/error_anchor_lin_vel: 1.9794
Metrics/motion/error_anchor_ang_vel: 3.6803
     Metrics/motion/error_body_pos: 0.3789
     Metrics/motion/error_body_rot: 0.9631
 Metrics/motion/error_body_lin_vel: 2.1262
 Metrics/motion/error_body_ang_vel: 5.1529
    Metrics/motion/error_joint_pos: 3.3128
    Metrics/motion/error_joint_vel: 21.6459
   Metrics/motion/sampling_entropy: 0.0000
 Metrics/motion/sampling_top1_prob: 0.0000
  Metrics/motion/sampling_top1_bin: 0.0000
Metrics/motion/motion_sampling_prob_mean: 0.1250
Metrics/motion/motion_sampling_prob_std: 0.0000
Metrics/motion/motion_sampling_prob_min: 0.1250
Metrics/motion/motion_sampling_prob_max: 0.1250
Metrics/motion/motion_sampling_prob_entropy: 1.0000
Metrics/motion/hitter_strike_racket_pos_error: 0.2480
Metrics/motion/hitter_strike_racket_vel_error: 1.2105
Metrics/motion/hitter_strike_racket_ori_error: 0.1222
      Episode_Termination/time_out: 56.3333
    Episode_Termination/anchor_pos: 883.1250
    Episode_Termination/anchor_ori: 1.6250
--------------------------------------------------------------------------------
                   Total timesteps: 14400000
                    Iteration time: 10.59s
                      Time elapsed: 00:01:04
                               ETA: 21:21:12

################################################################################
                    [1m Learning iteration 2806/10000 [0m                     

                       Computation: 219143 steps/s (collection: 7.709s, learning 3.243s)
             Mean action noise std: 0.29
          Mean value_function loss: 34.0141
               Mean surrogate loss: 0.0544
                 Mean entropy loss: 3.3643
               Mean approx_kl loss: 0.0945
           Mean clip_fraction loss: 0.3634
              Mean ratio_mean loss: 0.9996
          Mean advantage_mean loss: -0.0000
           Mean advantage_std loss: 1.0000
      Mean explained_variance loss: 0.5559
                       Mean reward: -0.24
               Mean episode length: 56.76
Episode_Reward/motion_global_anchor_pos: 0.0224
Episode_Reward/motion_global_anchor_ori: 0.0250
    Episode_Reward/motion_body_pos: 0.0751
    Episode_Reward/motion_body_ori: 0.0269
Episode_Reward/motion_body_lin_vel: 0.0585
Episode_Reward/motion_body_ang_vel: 0.0497
Episode_Reward/motion_anchor_lin_vel: 0.0554
           Episode_Reward/base_pos: 0.1621
         Episode_Reward/racket_pos: 0.0002
         Episode_Reward/racket_vel: 0.0284
         Episode_Reward/racket_ori: 0.0535
Episode_Reward/torso_forward_lean_l2: -0.0204
 Episode_Reward/base_ang_vel_xy_l2: -0.1905
 Episode_Reward/undesired_contacts: -0.0011
Episode_Reward/hitter_foot_slip_l2: -0.0853
Episode_Reward/hitter_hit_unstable_support: -0.0568
Episode_Reward/hitter_foot_edge_drag: -0.0076
    Episode_Reward/hip_yaw_default: 0.1804
     Episode_Reward/action_rate_l2: -0.2189
        Episode_Reward/joint_limit: -0.0722
          Episode_Reward/joint_acc: -0.0239
       Episode_Reward/joint_torque: -0.0098
   Metrics/motion/error_anchor_pos: 0.5782
   Metrics/motion/error_anchor_rot: 0.8081
Metrics/motion/error_anchor_lin_vel: 2.0187
Metrics/motion/error_anchor_ang_vel: 3.8168
     Metrics/motion/error_body_pos: 0.3830
     Metrics/motion/error_body_rot: 0.9335
 Metrics/motion/error_body_lin_vel: 2.1725
 Metrics/motion/error_body_ang_vel: 5.1904
    Metrics/motion/error_joint_pos: 3.2600
    Metrics/motion/error_joint_vel: 21.9966
   Metrics/motion/sampling_entropy: 0.0000
 Metrics/motion/sampling_top1_prob: 0.0000
  Metrics/motion/sampling_top1_bin: 0.0000
Metrics/motion/motion_sampling_prob_mean: 0.1250
Metrics/motion/motion_sampling_prob_std: 0.0000
Metrics/motion/motion_sampling_prob_min: 0.1250
Metrics/motion/motion_sampling_prob_max: 0.1250
Metrics/motion/motion_sampling_prob_entropy: 1.0000
Metrics/motion/hitter_strike_racket_pos_error: 0.2245
Metrics/motion/hitter_strike_racket_vel_error: 0.9464
Metrics/motion/hitter_strike_racket_ori_error: 0.1327
      Episode_Termination/time_out: 40.9167
    Episode_Termination/anchor_pos: 939.9584
    Episode_Termination/anchor_ori: 3.0000
--------------------------------------------------------------------------------
                   Total timesteps: 16800000
                    Iteration time: 10.95s
                      Time elapsed: 00:01:15
                               ETA: 21:25:36

################################################################################
                    [1m Learning iteration 2807/10000 [0m                     

                       Computation: 212980 steps/s (collection: 7.662s, learning 3.607s)
             Mean action noise std: 0.29
          Mean value_function loss: 33.3476
               Mean surrogate loss: 0.0472
                 Mean entropy loss: 3.3712
               Mean approx_kl loss: 0.0710
           Mean clip_fraction loss: 0.3270
              Mean ratio_mean loss: 1.0001
          Mean advantage_mean loss: -0.0000
           Mean advantage_std loss: 1.0000
      Mean explained_variance loss: 0.5609
                       Mean reward: 0.59
               Mean episode length: 60.44
Episode_Reward/motion_global_anchor_pos: 0.0220
Episode_Reward/motion_global_anchor_ori: 0.0252
    Episode_Reward/motion_body_pos: 0.0756
    Episode_Reward/motion_body_ori: 0.0249
Episode_Reward/motion_body_lin_vel: 0.0591
Episode_Reward/motion_body_ang_vel: 0.0503
Episode_Reward/motion_anchor_lin_vel: 0.0564
           Episode_Reward/base_pos: 0.1528
         Episode_Reward/racket_pos: 0.0002
         Episode_Reward/racket_vel: 0.0270
         Episode_Reward/racket_ori: 0.0488
Episode_Reward/torso_forward_lean_l2: -0.0198
 Episode_Reward/base_ang_vel_xy_l2: -0.1871
 Episode_Reward/undesired_contacts: -0.0011
Episode_Reward/hitter_foot_slip_l2: -0.0879
Episode_Reward/hitter_hit_unstable_support: -0.0518
Episode_Reward/hitter_foot_edge_drag: -0.0077
    Episode_Reward/hip_yaw_default: 0.1839
     Episode_Reward/action_rate_l2: -0.2255
        Episode_Reward/joint_limit: -0.0744
          Episode_Reward/joint_acc: -0.0246
       Episode_Reward/joint_torque: -0.0101
   Metrics/motion/error_anchor_pos: 0.5936
   Metrics/motion/error_anchor_rot: 0.8382
Metrics/motion/error_anchor_lin_vel: 2.0214
Metrics/motion/error_anchor_ang_vel: 3.8171
     Metrics/motion/error_body_pos: 0.3806
     Metrics/motion/error_body_rot: 0.9229
 Metrics/motion/error_body_lin_vel: 2.1633
 Metrics/motion/error_body_ang_vel: 5.1767
    Metrics/motion/error_joint_pos: 3.2840
    Metrics/motion/error_joint_vel: 21.8519
   Metrics/motion/sampling_entropy: 0.0000
 Metrics/motion/sampling_top1_prob: 0.0000
  Metrics/motion/sampling_top1_bin: 0.0000
Metrics/motion/motion_sampling_prob_mean: 0.1250
Metrics/motion/motion_sampling_prob_std: 0.0000
Metrics/motion/motion_sampling_prob_min: 0.1250
Metrics/motion/motion_sampling_prob_max: 0.1250
Metrics/motion/motion_sampling_prob_entropy: 1.0000
Metrics/motion/hitter_strike_racket_pos_error: 0.2130
Metrics/motion/hitter_strike_racket_vel_error: 0.9148
Metrics/motion/hitter_strike_racket_ori_error: 0.1297
      Episode_Termination/time_out: 31.7500
    Episode_Termination/anchor_pos: 925.7084
    Episode_Termination/anchor_ori: 3.7500
--------------------------------------------------------------------------------
                   Total timesteps: 19200000
                    Iteration time: 11.27s
                      Time elapsed: 00:01:26
                               ETA: 21:33:37

################################################################################
                    [1m Learning iteration 2808/10000 [0m                     

                       Computation: 215896 steps/s (collection: 7.744s, learning 3.373s)
             Mean action noise std: 0.29
          Mean value_function loss: 30.1510
               Mean surrogate loss: 0.0650
                 Mean entropy loss: 3.3804
               Mean approx_kl loss: 0.1167
           Mean clip_fraction loss: 0.4225
              Mean ratio_mean loss: 1.0007
          Mean advantage_mean loss: 0.0000
           Mean advantage_std loss: 1.0000
      Mean explained_variance loss: 0.5562
                       Mean reward: 0.45
               Mean episode length: 56.17
Episode_Reward/motion_global_anchor_pos: 0.0223
Episode_Reward/motion_global_anchor_ori: 0.0273
    Episode_Reward/motion_body_pos: 0.0799
    Episode_Reward/motion_body_ori: 0.0248
Episode_Reward/motion_body_lin_vel: 0.0645
Episode_Reward/motion_body_ang_vel: 0.0543
Episode_Reward/motion_anchor_lin_vel: 0.0604
           Episode_Reward/base_pos: 0.1543
         Episode_Reward/racket_pos: 0.0002
         Episode_Reward/racket_vel: 0.0220
         Episode_Reward/racket_ori: 0.0459
Episode_Reward/torso_forward_lean_l2: -0.0189
 Episode_Reward/base_ang_vel_xy_l2: -0.1854
 Episode_Reward/undesired_contacts: -0.0012
Episode_Reward/hitter_foot_slip_l2: -0.0924
Episode_Reward/hitter_hit_unstable_support: -0.0541
Episode_Reward/hitter_foot_edge_drag: -0.0082
    Episode_Reward/hip_yaw_default: 0.1957
     Episode_Reward/action_rate_l2: -0.2274
        Episode_Reward/joint_limit: -0.0770
          Episode_Reward/joint_acc: -0.0246
       Episode_Reward/joint_torque: -0.0104
   Metrics/motion/error_anchor_pos: 0.6133
   Metrics/motion/error_anchor_rot: 0.8311
Metrics/motion/error_anchor_lin_vel: 2.0105
Metrics/motion/error_anchor_ang_vel: 3.6121
     Metrics/motion/error_body_pos: 0.3828
     Metrics/motion/error_body_rot: 0.9446
 Metrics/motion/error_body_lin_vel: 2.1443
 Metrics/motion/error_body_ang_vel: 5.1024
    Metrics/motion/error_joint_pos: 3.3118
    Metrics/motion/error_joint_vel: 21.3143
   Metrics/motion/sampling_entropy: 0.0000
 Metrics/motion/sampling_top1_prob: 0.0000
  Metrics/motion/sampling_top1_bin: 0.0000
Metrics/motion/motion_sampling_prob_mean: 0.1250
Metrics/motion/motion_sampling_prob_std: 0.0000
Metrics/motion/motion_sampling_prob_min: 0.1250
Metrics/motion/motion_sampling_prob_max: 0.1250
Metrics/motion/motion_sampling_prob_entropy: 1.0000
Metrics/motion/hitter_strike_racket_pos_error: 0.2193
Metrics/motion/hitter_strike_racket_vel_error: 1.0004
Metrics/motion/hitter_strike_racket_ori_error: 0.1416
      Episode_Termination/time_out: 21.1667
    Episode_Termination/anchor_pos: 914.1250
    Episode_Termination/anchor_ori: 5.6250
--------------------------------------------------------------------------------
                   Total timesteps: 21600000
                    Iteration time: 11.12s
                      Time elapsed: 00:01:37
                               ETA: 21:37:46

################################################################################
                    [1m Learning iteration 2809/10000 [0m                     

                       Computation: 221130 steps/s (collection: 7.598s, learning 3.255s)
             Mean action noise std: 0.29
          Mean value_function loss: 26.9777
               Mean surrogate loss: 0.0418
                 Mean entropy loss: 3.3887
               Mean approx_kl loss: 0.0607
           Mean clip_fraction loss: 0.3457
              Mean ratio_mean loss: 1.0002
          Mean advantage_mean loss: 0.0000
           Mean advantage_std loss: 1.0000
      Mean explained_variance loss: 0.5990
                       Mean reward: -0.66
               Mean episode length: 54.94
Episode_Reward/motion_global_anchor_pos: 0.0202
Episode_Reward/motion_global_anchor_ori: 0.0234
    Episode_Reward/motion_body_pos: 0.0725
    Episode_Reward/motion_body_ori: 0.0209
Episode_Reward/motion_body_lin_vel: 0.0560
Episode_Reward/motion_body_ang_vel: 0.0478
Episode_Reward/motion_anchor_lin_vel: 0.0533
           Episode_Reward/base_pos: 0.1399
         Episode_Reward/racket_pos: 0.0001
         Episode_Reward/racket_vel: 0.0182
         Episode_Reward/racket_ori: 0.0395
Episode_Reward/torso_forward_lean_l2: -0.0202
 Episode_Reward/base_ang_vel_xy_l2: -0.1862
 Episode_Reward/undesired_contacts: -0.0013
Episode_Reward/hitter_foot_slip_l2: -0.0903
Episode_Reward/hitter_hit_unstable_support: -0.0554
Episode_Reward/hitter_foot_edge_drag: -0.0077
    Episode_Reward/hip_yaw_default: 0.1798
     Episode_Reward/action_rate_l2: -0.2219
        Episode_Reward/joint_limit: -0.0786
          Episode_Reward/joint_acc: -0.0245
       Episode_Reward/joint_torque: -0.0103
   Metrics/motion/error_anchor_pos: 0.6191
   Metrics/motion/error_anchor_rot: 0.8221
Metrics/motion/error_anchor_lin_vel: 1.9947
Metrics/motion/error_anchor_ang_vel: 3.6151
     Metrics/motion/error_body_pos: 0.3862
     Metrics/motion/error_body_rot: 0.9574
 Metrics/motion/error_body_lin_vel: 2.1457
 Metrics/motion/error_body_ang_vel: 5.0999
    Metrics/motion/error_joint_pos: 3.3243
    Metrics/motion/error_joint_vel: 21.2659
   Metrics/motion/sampling_entropy: 0.0000
 Metrics/motion/sampling_top1_prob: 0.0000
  Metrics/motion/sampling_top1_bin: 0.0000
Metrics/motion/motion_sampling_prob_mean: 0.1250
Metrics/motion/motion_sampling_prob_std: 0.0000
Metrics/motion/motion_sampling_prob_min: 0.1250
Metrics/motion/motion_sampling_prob_max: 0.1250
Metrics/motion/motion_sampling_prob_entropy: 1.0000
Metrics/motion/hitter_strike_racket_pos_error: 0.2270
Metrics/motion/hitter_strike_racket_vel_error: 1.0323
Metrics/motion/hitter_strike_racket_ori_error: 0.1567
      Episode_Termination/time_out: 13.5417
    Episode_Termination/anchor_pos: 864.0417
    Episode_Termination/anchor_ori: 3.9167
--------------------------------------------------------------------------------
                   Total timesteps: 24000000
                    Iteration time: 10.85s
                      Time elapsed: 00:01:48
                               ETA: 21:37:54

################################################################################
                    [1m Learning iteration 2810/10000 [0m                     

                       Computation: 221157 steps/s (collection: 7.467s, learning 3.385s)
             Mean action noise std: 0.29
          Mean value_function loss: 24.9612
               Mean surrogate loss: 0.0513
                 Mean entropy loss: 3.3982
               Mean approx_kl loss: 0.0850
           Mean clip_fraction loss: 0.4041
              Mean ratio_mean loss: 1.0003
          Mean advantage_mean loss: -0.0000
           Mean advantage_std loss: 1.0000
      Mean explained_variance loss: 0.6265
                       Mean reward: -0.92
               Mean episode length: 55.09
Episode_Reward/motion_global_anchor_pos: 0.0193
Episode_Reward/motion_global_anchor_ori: 0.0216
    Episode_Reward/motion_body_pos: 0.0690
    Episode_Reward/motion_body_ori: 0.0186
Episode_Reward/motion_body_lin_vel: 0.0509
Episode_Reward/motion_body_ang_vel: 0.0443
Episode_Reward/motion_anchor_lin_vel: 0.0497
           Episode_Reward/base_pos: 0.1317
         Episode_Reward/racket_pos: 0.0001
         Episode_Reward/racket_vel: 0.0180
         Episode_Reward/racket_ori: 0.0381
Episode_Reward/torso_forward_lean_l2: -0.0205
 Episode_Reward/base_ang_vel_xy_l2: -0.1874
 Episode_Reward/undesired_contacts: -0.0013
Episode_Reward/hitter_foot_slip_l2: -0.0901
Episode_Reward/hitter_hit_unstable_support: -0.0576
Episode_Reward/hitter_foot_edge_drag: -0.0075
    Episode_Reward/hip_yaw_default: 0.1731
     Episode_Reward/action_rate_l2: -0.2220
        Episode_Reward/joint_limit: -0.0807
          Episode_Reward/joint_acc: -0.0251
       Episode_Reward/joint_torque: -0.0104
   Metrics/motion/error_anchor_pos: 0.6251
   Metrics/motion/error_anchor_rot: 0.8096
Metrics/motion/error_anchor_lin_vel: 1.9796
Metrics/motion/error_anchor_ang_vel: 3.5889
     Metrics/motion/error_body_pos: 0.3865
     Metrics/motion/error_body_rot: 0.9578
 Metrics/motion/error_body_lin_vel: 2.1330
 Metrics/motion/error_body_ang_vel: 5.0759
    Metrics/motion/error_joint_pos: 3.3191
    Metrics/motion/error_joint_vel: 21.1176
   Metrics/motion/sampling_entropy: 0.0000
 Metrics/motion/sampling_top1_prob: 0.0000
  Metrics/motion/sampling_top1_bin: 0.0000
Metrics/motion/motion_sampling_prob_mean: 0.1250
Metrics/motion/motion_sampling_prob_std: 0.0000
Metrics/motion/motion_sampling_prob_min: 0.1250
Metrics/motion/motion_sampling_prob_max: 0.1250
Metrics/motion/motion_sampling_prob_entropy: 1.0000
Metrics/motion/hitter_strike_racket_pos_error: 0.2400
Metrics/motion/hitter_strike_racket_vel_error: 1.0760
Metrics/motion/hitter_strike_racket_ori_error: 0.1680
      Episode_Termination/time_out: 9.1250
    Episode_Termination/anchor_pos: 807.7917
    Episode_Termination/anchor_ori: 3.0417
--------------------------------------------------------------------------------
                   Total timesteps: 26400000
                    Iteration time: 10.85s
                      Time elapsed: 00:01:59
                               ETA: 21:37:58

################################################################################
                    [1m Learning iteration 2811/10000 [0m                     

                       Computation: 220318 steps/s (collection: 7.532s, learning 3.361s)
             Mean action noise std: 0.29
          Mean value_function loss: 22.9574
               Mean surrogate loss: 0.0415
                 Mean entropy loss: 3.4071
               Mean approx_kl loss: 0.0607
           Mean clip_fraction loss: 0.3531
              Mean ratio_mean loss: 1.0007
          Mean advantage_mean loss: -0.0000
           Mean advantage_std loss: 1.0000
      Mean explained_variance loss: 0.6497
                       Mean reward: -0.08
               Mean episode length: 68.57
Episode_Reward/motion_global_anchor_pos: 0.0195
Episode_Reward/motion_global_anchor_ori: 0.0228
    Episode_Reward/motion_body_pos: 0.0726
    Episode_Reward/motion_body_ori: 0.0187
Episode_Reward/motion_body_lin_vel: 0.0542
Episode_Reward/motion_body_ang_vel: 0.0472
Episode_Reward/motion_anchor_lin_vel: 0.0528
           Episode_Reward/base_pos: 0.1325
         Episode_Reward/racket_pos: 0.0000
         Episode_Reward/racket_vel: 0.0196
         Episode_Reward/racket_ori: 0.0406
Episode_Reward/torso_forward_lean_l2: -0.0216
 Episode_Reward/base_ang_vel_xy_l2: -0.1951
 Episode_Reward/undesired_contacts: -0.0013
Episode_Reward/hitter_foot_slip_l2: -0.0959
Episode_Reward/hitter_hit_unstable_support: -0.0623
Episode_Reward/hitter_foot_edge_drag: -0.0079
    Episode_Reward/hip_yaw_default: 0.1832
     Episode_Reward/action_rate_l2: -0.2332
        Episode_Reward/joint_limit: -0.0859
          Episode_Reward/joint_acc: -0.0264
       Episode_Reward/joint_torque: -0.0110
   Metrics/motion/error_anchor_pos: 0.6432
   Metrics/motion/error_anchor_rot: 0.8136
Metrics/motion/error_anchor_lin_vel: 1.9611
Metrics/motion/error_anchor_ang_vel: 3.5979
     Metrics/motion/error_body_pos: 0.3861
     Metrics/motion/error_body_rot: 0.9665
 Metrics/motion/error_body_lin_vel: 2.1257
 Metrics/motion/error_body_ang_vel: 5.0873
    Metrics/motion/error_joint_pos: 3.3338
    Metrics/motion/error_joint_vel: 21.2605
   Metrics/motion/sampling_entropy: 0.0000
 Metrics/motion/sampling_top1_prob: 0.0000
  Metrics/motion/sampling_top1_bin: 0.0000
Metrics/motion/motion_sampling_prob_mean: 0.1250
Metrics/motion/motion_sampling_prob_std: 0.0000
Metrics/motion/motion_sampling_prob_min: 0.1250
Metrics/motion/motion_sampling_prob_max: 0.1250
Metrics/motion/motion_sampling_prob_entropy: 1.0000
Metrics/motion/hitter_strike_racket_pos_error: 0.2666
Metrics/motion/hitter_strike_racket_vel_error: 1.1885
Metrics/motion/hitter_strike_racket_ori_error: 0.1877
      Episode_Termination/time_out: 8.2917
    Episode_Termination/anchor_pos: 771.1250
    Episode_Termination/anchor_ori: 3.4167
--------------------------------------------------------------------------------
                   Total timesteps: 28800000
                    Iteration time: 10.89s
                      Time elapsed: 00:02:10
                               ETA: 21:38:24

################################################################################
                    [1m Learning iteration 2812/10000 [0m                     

                       Computation: 226689 steps/s (collection: 7.606s, learning 2.981s)
             Mean action noise std: 0.29
          Mean value_function loss: 21.3684
               Mean surrogate loss: 0.0518
                 Mean entropy loss: 3.4171
               Mean approx_kl loss: 0.0847
           Mean clip_fraction loss: 0.4156
              Mean ratio_mean loss: 1.0006
          Mean advantage_mean loss: 0.0000
           Mean advantage_std loss: 1.0000
      Mean explained_variance loss: 0.6613
                       Mean reward: -1.17
               Mean episode length: 66.25
Episode_Reward/motion_global_anchor_pos: 0.0199
Episode_Reward/motion_global_anchor_ori: 0.0243
    Episode_Reward/motion_body_pos: 0.0767
    Episode_Reward/motion_body_ori: 0.0193
Episode_Reward/motion_body_lin_vel: 0.0582
Episode_Reward/motion_body_ang_vel: 0.0505
Episode_Reward/motion_anchor_lin_vel: 0.0565
           Episode_Reward/base_pos: 0.1343
         Episode_Reward/racket_pos: 0.0000
         Episode_Reward/racket_vel: 0.0203
         Episode_Reward/racket_ori: 0.0422
Episode_Reward/torso_forward_lean_l2: -0.0229
 Episode_Reward/base_ang_vel_xy_l2: -0.2014
 Episode_Reward/undesired_contacts: -0.0014
Episode_Reward/hitter_foot_slip_l2: -0.1000
Episode_Reward/hitter_hit_unstable_support: -0.0664
Episode_Reward/hitter_foot_edge_drag: -0.0083
    Episode_Reward/hip_yaw_default: 0.1945
     Episode_Reward/action_rate_l2: -0.2440
        Episode_Reward/joint_limit: -0.0908
          Episode_Reward/joint_acc: -0.0277
       Episode_Reward/joint_torque: -0.0116
   Metrics/motion/error_anchor_pos: 0.6500
   Metrics/motion/error_anchor_rot: 0.8181
Metrics/motion/error_anchor_lin_vel: 1.9431
Metrics/motion/error_anchor_ang_vel: 3.5900
     Metrics/motion/error_body_pos: 0.3878
     Metrics/motion/error_body_rot: 0.9832
 Metrics/motion/error_body_lin_vel: 2.1167
 Metrics/motion/error_body_ang_vel: 5.1061
    Metrics/motion/error_joint_pos: 3.3527
    Metrics/motion/error_joint_vel: 21.3366
   Metrics/motion/sampling_entropy: 0.0000
 Metrics/motion/sampling_top1_prob: 0.0000
  Metrics/motion/sampling_top1_bin: 0.0000
Metrics/motion/motion_sampling_prob_mean: 0.1250
Metrics/motion/motion_sampling_prob_std: 0.0000
Metrics/motion/motion_sampling_prob_min: 0.1250
Metrics/motion/motion_sampling_prob_max: 0.1250
Metrics/motion/motion_sampling_prob_entropy: 1.0000
Metrics/motion/hitter_strike_racket_pos_error: 0.2841
Metrics/motion/hitter_strike_racket_vel_error: 1.2682
Metrics/motion/hitter_strike_racket_ori_error: 0.2027
      Episode_Termination/time_out: 5.0417
    Episode_Termination/anchor_pos: 747.3750
    Episode_Termination/anchor_ori: 4.7500
--------------------------------------------------------------------------------
                   Total timesteps: 31200000
                    Iteration time: 10.59s
                      Time elapsed: 00:02:20
                               ETA: 21:35:56

################################################################################
                    [1m Learning iteration 2813/10000 [0m                     

                       Computation: 228072 steps/s (collection: 7.590s, learning 2.933s)
             Mean action noise std: 0.29
          Mean value_function loss: 19.8176
               Mean surrogate loss: 0.0394
                 Mean entropy loss: 3.4268
               Mean approx_kl loss: 0.0585
           Mean clip_fraction loss: 0.3536
              Mean ratio_mean loss: 0.9999
          Mean advantage_mean loss: 0.0000
           Mean advantage_std loss: 1.0000
      Mean explained_variance loss: 0.6779
                       Mean reward: -0.66
               Mean episode length: 52.88
Episode_Reward/motion_global_anchor_pos: 0.0199
Episode_Reward/motion_global_anchor_ori: 0.0248
    Episode_Reward/motion_body_pos: 0.0779
    Episode_Reward/motion_body_ori: 0.0192
Episode_Reward/motion_body_lin_vel: 0.0593
Episode_Reward/motion_body_ang_vel: 0.0519
Episode_Reward/motion_anchor_lin_vel: 0.0577
           Episode_Reward/base_pos: 0.1352
         Episode_Reward/racket_pos: 0.0001
         Episode_Reward/racket_vel: 0.0222
         Episode_Reward/racket_ori: 0.0438
Episode_Reward/torso_forward_lean_l2: -0.0240
 Episode_Reward/base_ang_vel_xy_l2: -0.2068
 Episode_Reward/undesired_contacts: -0.0014
Episode_Reward/hitter_foot_slip_l2: -0.1036
Episode_Reward/hitter_hit_unstable_support: -0.0701
Episode_Reward/hitter_foot_edge_drag: -0.0085
    Episode_Reward/hip_yaw_default: 0.1982
     Episode_Reward/action_rate_l2: -0.2485
        Episode_Reward/joint_limit: -0.0932
          Episode_Reward/joint_acc: -0.0283
       Episode_Reward/joint_torque: -0.0119
   Metrics/motion/error_anchor_pos: 0.6572
   Metrics/motion/error_anchor_rot: 0.8142
Metrics/motion/error_anchor_lin_vel: 1.9322
Metrics/motion/error_anchor_ang_vel: 3.5794
     Metrics/motion/error_body_pos: 0.3887
     Metrics/motion/error_body_rot: 0.9876
 Metrics/motion/error_body_lin_vel: 2.1172
 Metrics/motion/error_body_ang_vel: 5.0981
    Metrics/motion/error_joint_pos: 3.3511
    Metrics/motion/error_joint_vel: 21.2168
   Metrics/motion/sampling_entropy: 0.0000
 Metrics/motion/sampling_top1_prob: 0.0000
  Metrics/motion/sampling_top1_bin: 0.0000
Metrics/motion/motion_sampling_prob_mean: 0.1250
Metrics/motion/motion_sampling_prob_std: 0.0000
Metrics/motion/motion_sampling_prob_min: 0.1250
Metrics/motion/motion_sampling_prob_max: 0.1250
Metrics/motion/motion_sampling_prob_entropy: 1.0000
Metrics/motion/hitter_strike_racket_pos_error: 0.2975
Metrics/motion/hitter_strike_racket_vel_error: 1.3138
Metrics/motion/hitter_strike_racket_ori_error: 0.2164
      Episode_Termination/time_out: 4.2083
    Episode_Termination/anchor_pos: 722.7500
    Episode_Termination/anchor_ori: 3.0000
--------------------------------------------------------------------------------
                   Total timesteps: 33600000
                    Iteration time: 10.52s
                      Time elapsed: 00:02:31
                               ETA: 21:33:14

