command=SWANLAB_MODE=cloud SWANLAB_TAGS=connector,m10699,skipopt,lr3e4 HITTER_RACKET_POS_REWARD_WEIGHT=120 HITTER_RACKET_VEL_REWARD_WEIGHT=120 PYTHONPATH=/root/Hitter/MOSAIC-main/source/whole_body_tracking /root/.venvs/isaaclab-mosaic/bin/torchrun --standalone --nnodes=1 --nproc_per_node=2 scripts/rsl_rl/train.py --task=Hitter-Striking-PlannerDomain-Flat-G1-v0 --motion=data/hitter_motions/iphone_manual_hitter_g1_npz_strike43_clean --num_envs=50000 --max_iterations=10000 --run_name=hitter_connector_m10699_skipopt_lr3e4_2xa100_env50000_20260617_004713 --logger=swanlab --log_project_name=hitter_striking_g1 --save_interval=100 --resume_student_checkpoint=/root/Hitter/MOSAIC-main/logs/rsl_rl/hitter_striking_g1/2026-06-16_17-08-12_hitter_wbc_m7700_fullrange_skipopt_lr3e4_swanlab_2xa100_env50000_20260616_170756/model_10699.pt --resume_skip_optimizer --headless agent.reset_noise_std_on_resume=False agent.freeze_normalizer_on_resume=False agent.algorithm.learning_rate=3.0e-4 agent.algorithm.schedule=fixed
W0617 00:47:14.906000 1818407 torch/distributed/run.py:793] 
W0617 00:47:14.906000 1818407 torch/distributed/run.py:793] *****************************************
W0617 00:47:14.906000 1818407 torch/distributed/run.py:793] Setting OMP_NUM_THREADS environment variable for each process to be 1 in default, to avoid your system being overloaded, please further tune the variable for optimal performance in your application as needed. 
W0617 00:47:14.906000 1818407 torch/distributed/run.py:793] *****************************************
[INFO][AppLauncher]: Using device: cuda:0
[INFO][AppLauncher]: Loading experience file: /root/.venvs/isaaclab-mosaic/lib/python3.10/site-packages/isaaclab/apps/isaaclab.python.headless.kit
[Warning] [simulation_app.simulation_app] Modules: ['omni.kit_app'] were loaded before SimulationApp was started and might not be loaded correctly.
[INFO][AppLauncher]: Using device: cuda:1[Warning] [simulation_app.simulation_app] Please check to make sure no extra omniverse or pxr modules are imported before the call to SimulationApp(...)

[INFO][AppLauncher]: Loading experience file: /root/.venvs/isaaclab-mosaic/lib/python3.10/site-packages/isaaclab/apps/isaaclab.python.headless.kit
[Warning] [simulation_app.simulation_app] Modules: ['omni.kit_app'] were loaded before SimulationApp was started and might not be loaded correctly.
[Warning] [simulation_app.simulation_app] Please check to make sure no extra omniverse or pxr modules are imported before the call to SimulationApp(...)
Loading user config located at: '/root/.venvs/isaaclab-mosaic/lib/python3.10/site-packages/omni/data/Kit/Isaac-Sim/4.5/user.config.json'
Loading user config located at: '/root/.venvs/isaaclab-mosaic/lib/python3.10/site-packages/omni/data/Kit/Isaac-Sim/4.5/user.config.json'
[Info] [carb] Logging to file: /root/.venvs/isaaclab-mosaic/lib/python3.10/site-packages/omni/logs/Kit/Isaac-Sim/4.5/kit_20260617_004715.log
[Info] [carb] Logging to file: /root/.venvs/isaaclab-mosaic/lib/python3.10/site-packages/omni/logs/Kit/Isaac-Sim/4.5/kit_20260617_004715.log
2026-06-16 16:47:15 [0ms] [Warning] [omni.kit.app.plugin] No crash reporter present, dumps uploading isn't available.
2026-06-16 16:47:15 [0ms] [Warning] [omni.kit.app.plugin] No crash reporter present, dumps uploading isn't available.
2026-06-16 16:47:15 [19ms] [Warning] [omni.ext.plugin] [ext: rendering_modes] Extensions config 'extension.toml' doesn't exist '/root/.venvs/isaaclab-mosaic/lib/python3.10/site-packages/isaaclab/apps/rendering_modes' or '/root/.venvs/isaaclab-mosaic/lib/python3.10/site-packages/isaaclab/apps/rendering_modes/config'
2026-06-16 16:47:15 [61ms] [Warning] [omni.ext.plugin] [ext: rendering_modes] Extensions config 'extension.toml' doesn't exist '/root/.venvs/isaaclab-mosaic/lib/python3.10/site-packages/isaaclab/apps/rendering_modes' or '/root/.venvs/isaaclab-mosaic/lib/python3.10/site-packages/isaaclab/apps/rendering_modes/config'
2026-06-16 16:47:15 [338ms] [Warning] [omni.usd_config.extension] Enable omni.materialx.libs extension to use MaterialX
2026-06-16 16:47:15 [339ms] [Warning] [omni.usd_config.extension] Enable omni.materialx.libs extension to use MaterialX
2026-06-16 16:47:15 [619ms] [Warning] [omni.platforminfo.plugin] failed to open the default display.  Can't verify X Server version.
2026-06-16 16:47:15 [640ms] [Warning] [omni.platforminfo.plugin] failed to open the default display.  Can't verify X Server version.
2026-06-16 16:47:15 [771ms] [Warning] [omni.datastore] OmniHub is inaccessible
2026-06-16 16:47:16 [805ms] [Warning] [omni.datastore] OmniHub is inaccessible
2026-06-16 16:47:16 [901ms] [Warning] [omni.isaac.dynamic_control] omni.isaac.dynamic_control is deprecated as of Isaac Sim 4.5. No action is needed from end-users.
2026-06-16 16:47:16 [1,016ms] [Warning] [omni.isaac.dynamic_control] omni.isaac.dynamic_control is deprecated as of Isaac Sim 4.5. No action is needed from end-users.

|---------------------------------------------------------------------------------------------|
| Driver Version: 535.161.08    | Graphics API: Vulkan
|=============================================================================================|
| GPU | Name                             | Active | LDA | GPU Memory | Vendor-ID | LUID       |
|     |                                  |        |     |            | Device-ID | UUID       |
|     |                                  |        |     |            | Bus-ID    |            |
|---------------------------------------------------------------------------------------------|
| 0   | NVIDIA A100-SXM4-40GB            | Yes: 0 |     | 40960   MB | 10de      | 0          |
|     |                                  |        |     |            | 20b0      | d7b2f38c.. |
|     |                                  |        |     |            | 7         |            |
|---------------------------------------------------------------------------------------------|
| 1   | NVIDIA A100-SXM4-40GB            |        |     | 40960   MB | 10de      | 0          |
|     |                                  |        |     |            | 20b0      | 2765dc13.. |
|     |                                  |        |     |            | f         |            |
|=============================================================================================|
| OS: 22.04.4 LTS (Jammy Jellyfish) ubuntu, Version: 22.04.4, Kernel: 5.15.0-1053-nvidia
| Processor: AMD EPYC 7742 64-Core Processor
| Bare Metal Cores: 128 | Bare Metal Logical Cores: 256
| Core Usage Quota: 45
|---------------------------------------------------------------------------------------------|
| Total Memory (MB): 184320 | Free Memory: 165937
| Total Page/Swap (MB): 0 | Free Page/Swap: 0
|---------------------------------------------------------------------------------------------|
2026-06-16 16:47:23 [8,624ms] [Warning] [gpu.foundation.plugin] ECC is enabled on physical device 0
2026-06-16 16:47:23 [8,626ms] [Warning] [gpu.foundation.plugin] IOMMU is enabled.
2026-06-16 16:47:23 [8,626ms] [Warning] [gpu.foundation.plugin] Detected IOMMU is enabled. Running CUDA peer-to-peer bandwidth and latency validation.
Cuda failure ../../../source/plugins/carb.cudainterop/p2pBandwidthLatencyTest/p2pBandwidthLatencyTest.cu:681: 'peer access is already enabled'

|---------------------------------------------------------------------------------------------|
| Driver Version: 535.161.08    | Graphics API: Vulkan
|=============================================================================================|
| GPU | Name                             | Active | LDA | GPU Memory | Vendor-ID | LUID       |
|     |                                  |        |     |            | Device-ID | UUID       |
|     |                                  |        |     |            | Bus-ID    |            |
|---------------------------------------------------------------------------------------------|
| 0   | NVIDIA A100-SXM4-40GB            |        |     | 40960   MB | 10de      | 0          |
|     |                                  |        |     |            | 20b0      | d7b2f38c.. |
|     |                                  |        |     |            | 7         |            |
|---------------------------------------------------------------------------------------------|
| 1   | NVIDIA A100-SXM4-40GB            | Yes: 0 |     | 40960   MB | 10de      | 0          |
|     |                                  |        |     |            | 20b0      | 2765dc13.. |
|     |                                  |        |     |            | f         |            |
|=============================================================================================|
| OS: 22.04.4 LTS (Jammy Jellyfish) ubuntu, Version: 22.04.4, Kernel: 5.15.0-1053-nvidia
| Processor: AMD EPYC 7742 64-Core Processor
| Bare Metal Cores: 128 | Bare Metal Logical Cores: 256
| Core Usage Quota: 45
|---------------------------------------------------------------------------------------------|
| Total Memory (MB): 184320 | Free Memory: 165937
| Total Page/Swap (MB): 0 | Free Page/Swap: 0
|---------------------------------------------------------------------------------------------|
2026-06-16 16:47:23 [8,632ms] [Warning] [gpu.foundation.plugin] ECC is enabled on physical device 1
2026-06-16 16:47:23 [8,634ms] [Warning] [gpu.foundation.plugin] IOMMU is enabled.
2026-06-16 16:47:23 [8,634ms] [Warning] [gpu.foundation.plugin] Detected IOMMU is enabled. Running CUDA peer-to-peer bandwidth and latency validation.
Cuda failure ../../../source/plugins/carb.cudainterop/p2pBandwidthLatencyTest/p2pBandwidthLatencyTest.cu:681: 'peer access is already enabled'
2026-06-16 16:47:23 [8,672ms] [Warning] [omni.kvdb.plugin] Disabling key-value database because another kit process is locking it
[INFO]: Parsing configuration from: <class 'whole_body_tracking.tasks.hitter.config.g1.flat_env_cfg.G1HitterStrikingPlannerDomainFlatEnvCfg'>
[INFO]: Parsing configuration from: whole_body_tracking.tasks.hitter.config.g1.agents.rsl_rl_ppo_cfg:G1HitterStrikingPlannerDomainPPORunnerCfg
[INFO]: Parsing configuration from: <class 'whole_body_tracking.tasks.hitter.config.g1.flat_env_cfg.G1HitterStrikingPlannerDomainFlatEnvCfg'>
[INFO]: Parsing configuration from: whole_body_tracking.tasks.hitter.config.g1.agents.rsl_rl_ppo_cfg:G1HitterStrikingPlannerDomainPPORunnerCfg
[CLI] Simplified resume from CLI: /root/Hitter/MOSAIC-main/logs/rsl_rl/hitter_striking_g1/2026-06-16_17-08-12_hitter_wbc_m7700_fullrange_skipopt_lr3e4_swanlab_2xa100_env50000_20260616_170756/model_10699.pt
[CLI]   - load_run: 2026-06-16_17-08-12_hitter_wbc_m7700_fullrange_skipopt_lr3e4_swanlab_2xa100_env50000_20260616_170756
[CLI]   - checkpoint: model_10699.pt
[INFO] Distributed seeding: base_seed=42, rank=1, env_seed=1042 (stride=1000)
[INFO] Logging experiment in directory: /root/Hitter/MOSAIC-main/logs/rsl_rl/hitter_striking_g1
Setting seed: 1042
[CLI] Simplified resume from CLI: /root/Hitter/MOSAIC-main/logs/rsl_rl/hitter_striking_g1/2026-06-16_17-08-12_hitter_wbc_m7700_fullrange_skipopt_lr3e4_swanlab_2xa100_env50000_20260616_170756/model_10699.pt
[CLI]   - load_run: 2026-06-16_17-08-12_hitter_wbc_m7700_fullrange_skipopt_lr3e4_swanlab_2xa100_env50000_20260616_170756
[CLI]   - checkpoint: model_10699.pt
[INFO] Distributed seeding: base_seed=42, rank=0, env_seed=42 (stride=1000)
[INFO] Logging experiment in directory: /root/Hitter/MOSAIC-main/logs/rsl_rl/hitter_striking_g1
Setting seed: 42
[INFO]: Base environment:
	Environment device    : cuda:1
	Environment seed      : 1042
	Physics step-size     : 0.005
	Rendering step-size   : 0.02
	Environment step-size : 0.02
[INFO]: Base environment:
	Environment device    : cuda:0
	Environment seed      : 42
	Physics step-size     : 0.005
	Rendering step-size   : 0.02
	Environment step-size : 0.02
[INFO]: Time taken for scene creation : 45.757917 seconds
[INFO]: Scene manager:  <class InteractiveScene>
	Number of environments: 50000
	Environment spacing   : 2.5
	Source prim name      : /World/envs/env_0
	Global prim paths     : ['/World/ground']
	Replicate physics     : True
[INFO]: Starting the simulation. This may take a few seconds. Please wait...
[INFO]: Time taken for scene creation : 48.202606 seconds
[INFO]: Scene manager:  <class InteractiveScene>
	Number of environments: 50000
	Environment spacing   : 2.5
	Source prim name      : /World/envs/env_0
	Global prim paths     : ['/World/ground']
	Replicate physics     : True
[INFO]: Starting the simulation. This may take a few seconds. Please wait...
W0617 00:48:22.505000 1818407 torch/distributed/elastic/agent/server/api.py:704] Received Signals.SIGHUP death signal, shutting down workers
W0617 00:48:22.506000 1818407 torch/distributed/elastic/multiprocessing/api.py:897] Sending process 1818476 closing signal SIGHUP
W0617 00:48:22.506000 1818407 torch/distributed/elastic/multiprocessing/api.py:897] Sending process 1818477 closing signal SIGHUP
W0617 00:48:22.520000 1818407 torch/distributed/elastic/multiprocessing/api.py:897] Sending process 1818476 closing signal SIGTERM
W0617 00:48:22.520000 1818407 torch/distributed/elastic/multiprocessing/api.py:897] Sending process 1818477 closing signal SIGTERM
Traceback (most recent call last):
  File "/root/.venvs/isaaclab-mosaic/lib/python3.10/site-packages/torch/distributed/elastic/agent/server/api.py", line 696, in run
    result = self._invoke_run(role)
  File "/root/.venvs/isaaclab-mosaic/lib/python3.10/site-packages/torch/distributed/elastic/agent/server/api.py", line 855, in _invoke_run
    time.sleep(monitor_interval)
  File "/root/.venvs/isaaclab-mosaic/lib/python3.10/site-packages/torch/distributed/elastic/multiprocessing/api.py", line 84, in _terminate_process_handler
    raise SignalException(f"Process {os.getpid()} got signal: {sigval}", sigval=sigval)
torch.distributed.elastic.multiprocessing.api.SignalException: Process 1818407 got signal: 1

During handling of the above exception, another exception occurred:

Traceback (most recent call last):
  File "/root/.venvs/isaaclab-mosaic/bin/torchrun", line 6, in <module>
    sys.exit(main())
  File "/root/.venvs/isaaclab-mosaic/lib/python3.10/site-packages/torch/distributed/elastic/multiprocessing/errors/__init__.py", line 355, in wrapper
    return f(*args, **kwargs)
  File "/root/.venvs/isaaclab-mosaic/lib/python3.10/site-packages/torch/distributed/run.py", line 919, in main
    run(args)
  File "/root/.venvs/isaaclab-mosaic/lib/python3.10/site-packages/torch/distributed/run.py", line 910, in run
    elastic_launch(
  File "/root/.venvs/isaaclab-mosaic/lib/python3.10/site-packages/torch/distributed/launcher/api.py", line 138, in __call__
    return launch_agent(self._config, self._entrypoint, list(args))
  File "/root/.venvs/isaaclab-mosaic/lib/python3.10/site-packages/torch/distributed/launcher/api.py", line 260, in launch_agent
    result = agent.run()
  File "/root/.venvs/isaaclab-mosaic/lib/python3.10/site-packages/torch/distributed/elastic/metrics/api.py", line 137, in wrapper
    result = f(*args, **kwargs)
  File "/root/.venvs/isaaclab-mosaic/lib/python3.10/site-packages/torch/distributed/elastic/agent/server/api.py", line 705, in run
    self._shutdown(e.sigval)
  File "/root/.venvs/isaaclab-mosaic/lib/python3.10/site-packages/torch/distributed/elastic/agent/server/local_elastic_agent.py", line 365, in _shutdown
    self._pcontext.close(death_sig)
  File "/root/.venvs/isaaclab-mosaic/lib/python3.10/site-packages/torch/distributed/elastic/multiprocessing/api.py", line 572, in close
    self._close(death_sig=death_sig, timeout=timeout)
  File "/root/.venvs/isaaclab-mosaic/lib/python3.10/site-packages/torch/distributed/elastic/multiprocessing/api.py", line 909, in _close
    handler.proc.wait(time_to_wait)
  File "/usr/lib/python3.10/subprocess.py", line 1209, in wait
    return self._wait(timeout=timeout)
  File "/usr/lib/python3.10/subprocess.py", line 1953, in _wait
    time.sleep(delay)
  File "/root/.venvs/isaaclab-mosaic/lib/python3.10/site-packages/torch/distributed/elastic/multiprocessing/api.py", line 84, in _terminate_process_handler
    raise SignalException(f"Process {os.getpid()} got signal: {sigval}", sigval=sigval)
torch.distributed.elastic.multiprocessing.api.SignalException: Process 1818407 got signal: 15
