Connected to robot_state service on enxc8a3627dbbc7
ServiceSwitch name=ai_sport switch=0 ret=0 returned_status=1
ServiceList ret=0
services count=29
service name=ai_sport status=0 protect=0
service name=audio_player_service status=0 protect=0
service name=auto_test_arm status=1 protect=0
service name=auto_test_low status=1 protect=0
service name=bashrunner status=0 protect=0
service name=basic_service status=0 protect=1
service name=battery_guard status=0 protect=0
service name=chat_go status=0 protect=0
service name=dex3_service_l status=0 protect=0
service name=dex3_service_r status=0 protect=0
service name=g1_arm_example status=0 protect=0
service name=lidar_driver status=0 protect=0
service name=log_system status=0 protect=0
service name=master_service status=0 protect=1
service name=motion_switcher status=0 protect=0
service name=net_switcher status=0 protect=0
service name=ota_box status=1 protect=0
service name=ota_pipe status=0 protect=0
service name=robot_state status=0 protect=1
service name=robot_type_service status=0 protect=0
service name=ros_bridge status=0 protect=0
service name=state_estimator status=0 protect=0
service name=unitree_slam status=0 protect=0
service name=video_hub_pc4 status=0 protect=0
service name=video_hub_pc4_chest status=0 protect=0
service name=vui_service status=0 protect=0
service name=webrtc_bridge status=0 protect=1
service name=webrtc_multicast_responder status=0 protect=0
service name=webrtc_signal_server status=0 protect=1
