[32m2026-06-28 23:59:16.986[0m | [1mINFO    [0m | [36m__main__[0m:[36mmain[0m:[36m34[0m - [1mLog saved to /home/loco1/BOB/Hitter/RobotBridge/outputs/2026-06-28/23-59-16/eval.log[0m
[32m2026-06-28 23:59:17.833[0m | [1mINFO    [0m | [36mutils.motion_lib.torch_humanoid_batch[0m:[36m<module>[0m:[36m41[0m - [1mUsing Humanoid Batch[0m
[32m2026-06-28 23:59:17.948[0m | [1mINFO    [0m | [36msimulator.base_sim[0m:[36m_setup[0m:[36m47[0m - [1mRobot-level Control Frequency Set to 200.0HZ[0m
[32m2026-06-28 23:59:17.948[0m | [1mINFO    [0m | [36msimulator.base_sim[0m:[36m_setup[0m:[36m48[0m - [1mPolicy-level Control Frequency Set to 50.0HZ[0m
[32m2026-06-28 23:59:17.949[0m | [1mINFO    [0m | [36msimulator.base_sim[0m:[36m_load_asset[0m:[36m61[0m - [1mJoint left_hip_pitch_joint  Default Angles -0.31200000643730164  P_gain 40.179237365722656  D_gain 2.557889938354492 [0m
[32m2026-06-28 23:59:17.949[0m | [1mINFO    [0m | [36msimulator.base_sim[0m:[36m_load_asset[0m:[36m61[0m - [1mJoint left_hip_roll_joint  Default Angles 0.0  P_gain 99.09842681884766  D_gain 6.308802127838135 [0m
[32m2026-06-28 23:59:17.949[0m | [1mINFO    [0m | [36msimulator.base_sim[0m:[36m_load_asset[0m:[36m61[0m - [1mJoint left_hip_yaw_joint  Default Angles 0.0  P_gain 40.179237365722656  D_gain 2.557889938354492 [0m
[32m2026-06-28 23:59:17.949[0m | [1mINFO    [0m | [36msimulator.base_sim[0m:[36m_load_asset[0m:[36m61[0m - [1mJoint left_knee_joint  Default Angles 0.6690000295639038  P_gain 99.09842681884766  D_gain 6.308802127838135 [0m
[32m2026-06-28 23:59:17.949[0m | [1mINFO    [0m | [36msimulator.base_sim[0m:[36m_load_asset[0m:[36m61[0m - [1mJoint left_ankle_pitch_joint  Default Angles -0.3630000054836273  P_gain 28.501245498657227  D_gain 1.814445972442627 [0m
[32m2026-06-28 23:59:17.949[0m | [1mINFO    [0m | [36msimulator.base_sim[0m:[36m_load_asset[0m:[36m61[0m - [1mJoint left_ankle_roll_joint  Default Angles 0.0  P_gain 28.501245498657227  D_gain 1.814445972442627 [0m
[32m2026-06-28 23:59:17.949[0m | [1mINFO    [0m | [36msimulator.base_sim[0m:[36m_load_asset[0m:[36m61[0m - [1mJoint right_hip_pitch_joint  Default Angles -0.31200000643730164  P_gain 40.179237365722656  D_gain 2.557889938354492 [0m
[32m2026-06-28 23:59:17.949[0m | [1mINFO    [0m | [36msimulator.base_sim[0m:[36m_load_asset[0m:[36m61[0m - [1mJoint right_hip_roll_joint  Default Angles 0.0  P_gain 99.09842681884766  D_gain 6.308802127838135 [0m
[32m2026-06-28 23:59:17.949[0m | [1mINFO    [0m | [36msimulator.base_sim[0m:[36m_load_asset[0m:[36m61[0m - [1mJoint right_hip_yaw_joint  Default Angles 0.0  P_gain 40.179237365722656  D_gain 2.557889938354492 [0m
[32m2026-06-28 23:59:17.949[0m | [1mINFO    [0m | [36msimulator.base_sim[0m:[36m_load_asset[0m:[36m61[0m - [1mJoint right_knee_joint  Default Angles 0.6690000295639038  P_gain 99.09842681884766  D_gain 6.308802127838135 [0m
[32m2026-06-28 23:59:17.949[0m | [1mINFO    [0m | [36msimulator.base_sim[0m:[36m_load_asset[0m:[36m61[0m - [1mJoint right_ankle_pitch_joint  Default Angles -0.3630000054836273  P_gain 28.501245498657227  D_gain 1.814445972442627 [0m
[32m2026-06-28 23:59:17.949[0m | [1mINFO    [0m | [36msimulator.base_sim[0m:[36m_load_asset[0m:[36m61[0m - [1mJoint right_ankle_roll_joint  Default Angles 0.0  P_gain 28.501245498657227  D_gain 1.814445972442627 [0m
[32m2026-06-28 23:59:17.949[0m | [1mINFO    [0m | [36msimulator.base_sim[0m:[36m_load_asset[0m:[36m61[0m - [1mJoint waist_yaw_joint  Default Angles 0.0  P_gain 40.179237365722656  D_gain 2.557889938354492 [0m
[32m2026-06-28 23:59:17.949[0m | [1mINFO    [0m | [36msimulator.base_sim[0m:[36m_load_asset[0m:[36m61[0m - [1mJoint waist_roll_joint  Default Angles 0.0  P_gain 28.501245498657227  D_gain 1.814445972442627 [0m
[32m2026-06-28 23:59:17.949[0m | [1mINFO    [0m | [36msimulator.base_sim[0m:[36m_load_asset[0m:[36m61[0m - [1mJoint waist_pitch_joint  Default Angles 0.0  P_gain 28.501245498657227  D_gain 1.814445972442627 [0m
[32m2026-06-28 23:59:17.949[0m | [1mINFO    [0m | [36msimulator.base_sim[0m:[36m_load_asset[0m:[36m61[0m - [1mJoint left_shoulder_pitch_joint  Default Angles 0.20000000298023224  P_gain 14.250622749328613  D_gain 0.9072229862213135 [0m
[32m2026-06-28 23:59:17.949[0m | [1mINFO    [0m | [36msimulator.base_sim[0m:[36m_load_asset[0m:[36m61[0m - [1mJoint left_shoulder_roll_joint  Default Angles 0.20000000298023224  P_gain 14.250622749328613  D_gain 0.9072229862213135 [0m
[32m2026-06-28 23:59:17.949[0m | [1mINFO    [0m | [36msimulator.base_sim[0m:[36m_load_asset[0m:[36m61[0m - [1mJoint left_shoulder_yaw_joint  Default Angles 0.0  P_gain 14.250622749328613  D_gain 0.9072229862213135 [0m
[32m2026-06-28 23:59:17.949[0m | [1mINFO    [0m | [36msimulator.base_sim[0m:[36m_load_asset[0m:[36m61[0m - [1mJoint left_elbow_joint  Default Angles 0.6000000238418579  P_gain 14.250622749328613  D_gain 0.9072229862213135 [0m
[32m2026-06-28 23:59:17.949[0m | [1mINFO    [0m | [36msimulator.base_sim[0m:[36m_load_asset[0m:[36m61[0m - [1mJoint left_wrist_roll_joint  Default Angles 0.0  P_gain 14.250622749328613  D_gain 0.9072229862213135 [0m
[32m2026-06-28 23:59:17.949[0m | [1mINFO    [0m | [36msimulator.base_sim[0m:[36m_load_asset[0m:[36m61[0m - [1mJoint left_wrist_pitch_joint  Default Angles 0.0  P_gain 16.77832794189453  D_gain 1.068142056465149 [0m
[32m2026-06-28 23:59:17.949[0m | [1mINFO    [0m | [36msimulator.base_sim[0m:[36m_load_asset[0m:[36m61[0m - [1mJoint left_wrist_yaw_joint  Default Angles 0.0  P_gain 16.77832794189453  D_gain 1.068142056465149 [0m
[32m2026-06-28 23:59:17.949[0m | [1mINFO    [0m | [36msimulator.base_sim[0m:[36m_load_asset[0m:[36m61[0m - [1mJoint right_shoulder_pitch_joint  Default Angles 0.20000000298023224  P_gain 14.250622749328613  D_gain 0.9072229862213135 [0m
[32m2026-06-28 23:59:17.949[0m | [1mINFO    [0m | [36msimulator.base_sim[0m:[36m_load_asset[0m:[36m61[0m - [1mJoint right_shoulder_roll_joint  Default Angles -0.20000000298023224  P_gain 14.250622749328613  D_gain 0.9072229862213135 [0m
[32m2026-06-28 23:59:17.949[0m | [1mINFO    [0m | [36msimulator.base_sim[0m:[36m_load_asset[0m:[36m61[0m - [1mJoint right_shoulder_yaw_joint  Default Angles 0.0  P_gain 14.250622749328613  D_gain 0.9072229862213135 [0m
[32m2026-06-28 23:59:17.949[0m | [1mINFO    [0m | [36msimulator.base_sim[0m:[36m_load_asset[0m:[36m61[0m - [1mJoint right_elbow_joint  Default Angles 0.6000000238418579  P_gain 14.250622749328613  D_gain 0.9072229862213135 [0m
[32m2026-06-28 23:59:17.949[0m | [1mINFO    [0m | [36msimulator.base_sim[0m:[36m_load_asset[0m:[36m61[0m - [1mJoint right_wrist_roll_joint  Default Angles 0.0  P_gain 14.250622749328613  D_gain 0.9072229862213135 [0m
[32m2026-06-28 23:59:17.949[0m | [1mINFO    [0m | [36msimulator.base_sim[0m:[36m_load_asset[0m:[36m61[0m - [1mJoint right_wrist_pitch_joint  Default Angles 0.0  P_gain 16.77832794189453  D_gain 1.068142056465149 [0m
[32m2026-06-28 23:59:17.949[0m | [1mINFO    [0m | [36msimulator.base_sim[0m:[36m_load_asset[0m:[36m61[0m - [1mJoint right_wrist_yaw_joint  Default Angles 0.0  P_gain 16.77832794189453  D_gain 1.068142056465149 [0m
[32m2026-06-28 23:59:17.949[0m | [1mINFO    [0m | [36msimulator.base_sim[0m:[36m_load_asset[0m:[36m62[0m - [1mTotal Number of dof: 29[0m
[32m2026-06-28 23:59:17.949[0m | [1mINFO    [0m | [36msimulator.base_sim[0m:[36m_load_asset[0m:[36m63[0m - [1mNumber of Action: 29[0m
[32m2026-06-28 23:59:17.950[0m | [1mINFO    [0m | [36msimulator.real_world[0m:[36m_init_low_state[0m:[36m123[0m - [1m[RealWorld] terminate_on_r2=False[0m
[32m2026-06-28 23:59:17.951[0m | [1mINFO    [0m | [36mutils.history_handler[0m:[36m__init__[0m:[36m19[0m - [1mHistory Handler initialized![0m
[32m2026-06-28 23:59:17.953[0m | [1mINFO    [0m | [36msimulator.real_world[0m:[36m_root_state_handler[0m:[36m164[0m - [1mState Estimator Information Received![0m
[32m2026-06-28 23:59:17.954[0m | [1mINFO    [0m | [36msimulator.real_world[0m:[36m_root_state_handler[0m:[36m165[0m - [1mRoot Translation: [-0.00780941  0.01728933  0.7279644 ], Root Linear Velocity: [ 2.96833747e-07 -6.55599166e-08  6.37733081e-07][0m
[32m2026-06-28 23:59:17.954[0m | [1mINFO    [0m | [36msimulator.real_world[0m:[36m_joint_state_handler[0m:[36m209[0m - [1mCommunication build successfully between the policy and the transition layer![0m
[32m2026-06-28 23:59:17.954[0m | [1mINFO    [0m | [36msimulator.real_world[0m:[36m_joint_state_handler[0m:[36m210[0m - [1mFirst signal arrives after 0.003968954086303711s![0m
[32m2026-06-28 23:59:17.954[0m | [1mINFO    [0m | [36msimulator.real_world[0m:[36m_vicon_state_handler[0m:[36m199[0m - [1mVicon root information received![0m
[32m2026-06-28 23:59:17.954[0m | [1mINFO    [0m | [36msimulator.real_world[0m:[36m_vicon_state_handler[0m:[36m200[0m - [1mRoot Translation World: [-0.81959397 -0.06807819  0.8009736 ][0m
[32m2026-06-28 23:59:17.958[0m | [1mINFO    [0m | [36magents.base_agent[0m:[36mload_onnx_policy[0m:[36m22[0m - [1mLoading ONNX Checkpoint from /home/loco1/BOB/Hitter/MOSAIC-main/logs/rsl_rl/hitter_striking_g1/2026-06-26_13-25-48_fh_bh_uniform_peak43_swapped_normal_resume_m18800_reward_tuned_16000env_31body/2026-06-26_13-25-48_fh_bh_uniform_peak43_swapped_normal_resume_m18800_reward_tuned_16000env_31body.onnx[0m
[32m2026-06-28 23:59:17.958[0m | [1mINFO    [0m | [36menvs.hitter[0m:[36mconfigure_from_modelmeta[0m:[36m200[0m - [1mApplying HITTER joint configuration from ONNX model.[0m
[32m2026-06-28 23:59:17.963[0m | [1mINFO    [0m | [36menvs.hitter[0m:[36mconfigure_from_modelmeta[0m:[36m242[0m - [1mHITTER policy metadata configured, 29 degrees of freedom.[0m
[32m2026-06-28 23:59:17.963[0m | [1mINFO    [0m | [36magents.hitter_agent[0m:[36mload_onnx_policy[0m:[36m29[0m - [1mHITTER policy metadata loaded. Joints: 29 Anchor body: pelvis[0m
real_world
[32m2026-06-28 23:59:17.964[0m | [1mINFO    [0m | [36msimulator.real_world[0m:[36mcalibrate[0m:[36m376[0m - [1mCalibraiting..., Press R2 to continue[0m
[32m2026-06-28 23:59:40.966[0m | [1mINFO    [0m | [36msimulator.real_world[0m:[36mcalibrate[0m:[36m379[0m - [1mR2 button pressed, Start Calibrating...[0m
[32m2026-06-28 23:59:41.267[0m | [1mINFO    [0m | [36msimulator.real_world[0m:[36mcalibrate[0m:[36m399[0m - [1mCalibration Done. Press R2 to continue[0m
[32m2026-06-28 23:59:43.471[0m | [1mINFO    [0m | [36msimulator.real_world[0m:[36mcalibrate[0m:[36m402[0m - [1mR2 pressed again, Communication built between policy layer and transition layer![0m
[32m2026-06-28 23:59:43.473[0m | [1mINFO    [0m | [36msimulator.real_world[0m:[36mreset_heading[0m:[36m133[0m - [1m[RealWorld] heading reset enabled, yaw0=0.104 rad[0m
[32m2026-06-28 23:59:43.474[0m | [1mINFO    [0m | [36menvs.base_env[0m:[36m_update_obs[0m:[36m92[0m - [1mReceive observation: ['actions', 'root_quat', 'root_rpy', 'base_ang_vel', 'base_lin_vel', 'dof_pos', 'dof_vel', 'projected_gravity'][0m
[32m2026-06-28 23:59:43.476[0m | [1mINFO    [0m | [36magents.hitter_agent[0m:[36m_prepare_startup_interpolation[0m:[36m67[0m - [1mHITTER startup interpolation enabled: 5.00s, 250 steps, from current joints to policy default.[0m
[32m2026-06-28 23:59:48.475[0m | [1mINFO    [0m | [36magents.hitter_agent[0m:[36m_next_action[0m:[36m102[0m - [1mHITTER startup interpolation complete.[0m
[32m2026-06-28 23:59:48.495[0m | [1mINFO    [0m | [36magents.hitter_agent[0m:[36m_next_action[0m:[36m107[0m - [1mWaiting for first ball planner command; holding HITTER default pose.[0m
[32m2026-06-29 00:00:56.099[0m | [1mINFO    [0m | [36msimulator.real_world[0m:[36m_vicon_state_handler[0m:[36m187[0m - [1m[RealWorld] Vicon ball table bounce detected; cleared polynomial fit buffer.[0m
Exception ignored in: <module 'threading' from '/home/loco1/miniconda3/envs/rb/lib/python3.8/threading.py'>
Traceback (most recent call last):
  File "/home/loco1/miniconda3/envs/rb/lib/python3.8/threading.py", line 1388, in _shutdown
    lock.acquire()
KeyboardInterrupt: 

CondaError: KeyboardInterrupt

