[32m2026-06-29 01:02:19.376[0m | [1mINFO    [0m | [36m__main__[0m:[36mmain[0m:[36m65[0m - [1mLog saved to /home/loco1/BOB/Hitter/RobotBridge/outputs/2026-06-29/01-02-19/eval.log[0m
[32m2026-06-29 01:02:20.226[0m | [1mINFO    [0m | [36mutils.motion_lib.torch_humanoid_batch[0m:[36m<module>[0m:[36m41[0m - [1mUsing Humanoid Batch[0m
[32m2026-06-29 01:02:20.372[0m | [1mINFO    [0m | [36msimulator.base_sim[0m:[36m_setup[0m:[36m47[0m - [1mRobot-level Control Frequency Set to 200.0HZ[0m
[32m2026-06-29 01:02:20.372[0m | [1mINFO    [0m | [36msimulator.base_sim[0m:[36m_setup[0m:[36m48[0m - [1mPolicy-level Control Frequency Set to 50.0HZ[0m
[32m2026-06-29 01:02:20.373[0m | [1mINFO    [0m | [36msimulator.base_sim[0m:[36m_load_asset[0m:[36m61[0m - [1mJoint left_hip_pitch_joint  Default Angles -0.31200000643730164  P_gain 40.179237365722656  D_gain 2.557889938354492 [0m
[32m2026-06-29 01:02:20.373[0m | [1mINFO    [0m | [36msimulator.base_sim[0m:[36m_load_asset[0m:[36m61[0m - [1mJoint left_hip_roll_joint  Default Angles 0.0  P_gain 99.09842681884766  D_gain 6.308802127838135 [0m
[32m2026-06-29 01:02:20.373[0m | [1mINFO    [0m | [36msimulator.base_sim[0m:[36m_load_asset[0m:[36m61[0m - [1mJoint left_hip_yaw_joint  Default Angles 0.0  P_gain 40.179237365722656  D_gain 2.557889938354492 [0m
[32m2026-06-29 01:02:20.373[0m | [1mINFO    [0m | [36msimulator.base_sim[0m:[36m_load_asset[0m:[36m61[0m - [1mJoint left_knee_joint  Default Angles 0.6690000295639038  P_gain 99.09842681884766  D_gain 6.308802127838135 [0m
[32m2026-06-29 01:02:20.373[0m | [1mINFO    [0m | [36msimulator.base_sim[0m:[36m_load_asset[0m:[36m61[0m - [1mJoint left_ankle_pitch_joint  Default Angles -0.3630000054836273  P_gain 28.501245498657227  D_gain 1.814445972442627 [0m
[32m2026-06-29 01:02:20.373[0m | [1mINFO    [0m | [36msimulator.base_sim[0m:[36m_load_asset[0m:[36m61[0m - [1mJoint left_ankle_roll_joint  Default Angles 0.0  P_gain 28.501245498657227  D_gain 1.814445972442627 [0m
[32m2026-06-29 01:02:20.373[0m | [1mINFO    [0m | [36msimulator.base_sim[0m:[36m_load_asset[0m:[36m61[0m - [1mJoint right_hip_pitch_joint  Default Angles -0.31200000643730164  P_gain 40.179237365722656  D_gain 2.557889938354492 [0m
[32m2026-06-29 01:02:20.373[0m | [1mINFO    [0m | [36msimulator.base_sim[0m:[36m_load_asset[0m:[36m61[0m - [1mJoint right_hip_roll_joint  Default Angles 0.0  P_gain 99.09842681884766  D_gain 6.308802127838135 [0m
[32m2026-06-29 01:02:20.373[0m | [1mINFO    [0m | [36msimulator.base_sim[0m:[36m_load_asset[0m:[36m61[0m - [1mJoint right_hip_yaw_joint  Default Angles 0.0  P_gain 40.179237365722656  D_gain 2.557889938354492 [0m
[32m2026-06-29 01:02:20.373[0m | [1mINFO    [0m | [36msimulator.base_sim[0m:[36m_load_asset[0m:[36m61[0m - [1mJoint right_knee_joint  Default Angles 0.6690000295639038  P_gain 99.09842681884766  D_gain 6.308802127838135 [0m
[32m2026-06-29 01:02:20.373[0m | [1mINFO    [0m | [36msimulator.base_sim[0m:[36m_load_asset[0m:[36m61[0m - [1mJoint right_ankle_pitch_joint  Default Angles -0.3630000054836273  P_gain 28.501245498657227  D_gain 1.814445972442627 [0m
[32m2026-06-29 01:02:20.373[0m | [1mINFO    [0m | [36msimulator.base_sim[0m:[36m_load_asset[0m:[36m61[0m - [1mJoint right_ankle_roll_joint  Default Angles 0.0  P_gain 28.501245498657227  D_gain 1.814445972442627 [0m
[32m2026-06-29 01:02:20.373[0m | [1mINFO    [0m | [36msimulator.base_sim[0m:[36m_load_asset[0m:[36m61[0m - [1mJoint waist_yaw_joint  Default Angles 0.0  P_gain 40.179237365722656  D_gain 2.557889938354492 [0m
[32m2026-06-29 01:02:20.373[0m | [1mINFO    [0m | [36msimulator.base_sim[0m:[36m_load_asset[0m:[36m61[0m - [1mJoint waist_roll_joint  Default Angles 0.0  P_gain 28.501245498657227  D_gain 1.814445972442627 [0m
[32m2026-06-29 01:02:20.373[0m | [1mINFO    [0m | [36msimulator.base_sim[0m:[36m_load_asset[0m:[36m61[0m - [1mJoint waist_pitch_joint  Default Angles 0.0  P_gain 28.501245498657227  D_gain 1.814445972442627 [0m
[32m2026-06-29 01:02:20.373[0m | [1mINFO    [0m | [36msimulator.base_sim[0m:[36m_load_asset[0m:[36m61[0m - [1mJoint left_shoulder_pitch_joint  Default Angles 0.20000000298023224  P_gain 14.250622749328613  D_gain 0.9072229862213135 [0m
[32m2026-06-29 01:02:20.373[0m | [1mINFO    [0m | [36msimulator.base_sim[0m:[36m_load_asset[0m:[36m61[0m - [1mJoint left_shoulder_roll_joint  Default Angles 0.20000000298023224  P_gain 14.250622749328613  D_gain 0.9072229862213135 [0m
[32m2026-06-29 01:02:20.373[0m | [1mINFO    [0m | [36msimulator.base_sim[0m:[36m_load_asset[0m:[36m61[0m - [1mJoint left_shoulder_yaw_joint  Default Angles 0.0  P_gain 14.250622749328613  D_gain 0.9072229862213135 [0m
[32m2026-06-29 01:02:20.373[0m | [1mINFO    [0m | [36msimulator.base_sim[0m:[36m_load_asset[0m:[36m61[0m - [1mJoint left_elbow_joint  Default Angles 0.6000000238418579  P_gain 14.250622749328613  D_gain 0.9072229862213135 [0m
[32m2026-06-29 01:02:20.373[0m | [1mINFO    [0m | [36msimulator.base_sim[0m:[36m_load_asset[0m:[36m61[0m - [1mJoint left_wrist_roll_joint  Default Angles 0.0  P_gain 14.250622749328613  D_gain 0.9072229862213135 [0m
[32m2026-06-29 01:02:20.373[0m | [1mINFO    [0m | [36msimulator.base_sim[0m:[36m_load_asset[0m:[36m61[0m - [1mJoint left_wrist_pitch_joint  Default Angles 0.0  P_gain 16.77832794189453  D_gain 1.068142056465149 [0m
[32m2026-06-29 01:02:20.373[0m | [1mINFO    [0m | [36msimulator.base_sim[0m:[36m_load_asset[0m:[36m61[0m - [1mJoint left_wrist_yaw_joint  Default Angles 0.0  P_gain 16.77832794189453  D_gain 1.068142056465149 [0m
[32m2026-06-29 01:02:20.373[0m | [1mINFO    [0m | [36msimulator.base_sim[0m:[36m_load_asset[0m:[36m61[0m - [1mJoint right_shoulder_pitch_joint  Default Angles 0.20000000298023224  P_gain 14.250622749328613  D_gain 0.9072229862213135 [0m
[32m2026-06-29 01:02:20.373[0m | [1mINFO    [0m | [36msimulator.base_sim[0m:[36m_load_asset[0m:[36m61[0m - [1mJoint right_shoulder_roll_joint  Default Angles -0.20000000298023224  P_gain 14.250622749328613  D_gain 0.9072229862213135 [0m
[32m2026-06-29 01:02:20.373[0m | [1mINFO    [0m | [36msimulator.base_sim[0m:[36m_load_asset[0m:[36m61[0m - [1mJoint right_shoulder_yaw_joint  Default Angles 0.0  P_gain 14.250622749328613  D_gain 0.9072229862213135 [0m
[32m2026-06-29 01:02:20.373[0m | [1mINFO    [0m | [36msimulator.base_sim[0m:[36m_load_asset[0m:[36m61[0m - [1mJoint right_elbow_joint  Default Angles 0.6000000238418579  P_gain 14.250622749328613  D_gain 0.9072229862213135 [0m
[32m2026-06-29 01:02:20.373[0m | [1mINFO    [0m | [36msimulator.base_sim[0m:[36m_load_asset[0m:[36m61[0m - [1mJoint right_wrist_roll_joint  Default Angles 0.0  P_gain 14.250622749328613  D_gain 0.9072229862213135 [0m
[32m2026-06-29 01:02:20.373[0m | [1mINFO    [0m | [36msimulator.base_sim[0m:[36m_load_asset[0m:[36m61[0m - [1mJoint right_wrist_pitch_joint  Default Angles 0.0  P_gain 16.77832794189453  D_gain 1.068142056465149 [0m
[32m2026-06-29 01:02:20.373[0m | [1mINFO    [0m | [36msimulator.base_sim[0m:[36m_load_asset[0m:[36m61[0m - [1mJoint right_wrist_yaw_joint  Default Angles 0.0  P_gain 16.77832794189453  D_gain 1.068142056465149 [0m
[32m2026-06-29 01:02:20.373[0m | [1mINFO    [0m | [36msimulator.base_sim[0m:[36m_load_asset[0m:[36m62[0m - [1mTotal Number of dof: 29[0m
[32m2026-06-29 01:02:20.373[0m | [1mINFO    [0m | [36msimulator.base_sim[0m:[36m_load_asset[0m:[36m63[0m - [1mNumber of Action: 29[0m
[32m2026-06-29 01:02:20.374[0m | [1mINFO    [0m | [36msimulator.real_world[0m:[36m_init_low_state[0m:[36m123[0m - [1m[RealWorld] terminate_on_r2=False[0m
[32m2026-06-29 01:02:20.374[0m | [1mINFO    [0m | [36mutils.history_handler[0m:[36m__init__[0m:[36m19[0m - [1mHistory Handler initialized![0m
[32m2026-06-29 01:02:20.376[0m | [1mINFO    [0m | [36menvs.hitter[0m:[36m__init__[0m:[36m141[0m - [1mHITTER planner config: use_ball_planner=True planner_only=True wait_for_ball=True max_timestep=-1[0m
[32m2026-06-29 01:02:20.376[0m | [1mINFO    [0m | [36msimulator.real_world[0m:[36m_vicon_state_handler[0m:[36m199[0m - [1mVicon root information received![0m
[32m2026-06-29 01:02:20.378[0m | [1mINFO    [0m | [36msimulator.real_world[0m:[36m_vicon_state_handler[0m:[36m200[0m - [1mRoot Translation World: [-0.7936774  -0.05854458  0.7868389 ][0m
[32m2026-06-29 01:02:20.379[0m | [1mINFO    [0m | [36menvs.loco_hitter[0m:[36m__init__[0m:[36m65[0m - [1mLocoHitterEnv initialized | Total DoF: 29, Lower: 12, Upper: 17, auto_switch_on_ball=True[0m
[32m2026-06-29 01:02:20.384[0m | [1mINFO    [0m | [36msimulator.real_world[0m:[36m_root_state_handler[0m:[36m164[0m - [1mState Estimator Information Received![0m
[32m2026-06-29 01:02:20.384[0m | [1mINFO    [0m | [36magents.loco_hitter_agent[0m:[36m_load_locomotion_policy[0m:[36m151[0m - [1mLoaded locomotion policy from ./data/model/locomotion/loco_level.pt[0m
[32m2026-06-29 01:02:20.384[0m | [1mINFO    [0m | [36msimulator.real_world[0m:[36m_root_state_handler[0m:[36m165[0m - [1mRoot Translation: [ 0.02734283 -0.00195454  0.71664947], Root Linear Velocity: [-1.01234455e-07 -2.06184396e-07 -5.47389072e-06][0m
[32m2026-06-29 01:02:20.388[0m | [1mINFO    [0m | [36menvs.hitter[0m:[36mconfigure_from_modelmeta[0m:[36m210[0m - [1mApplying HITTER joint configuration from ONNX model.[0m
[32m2026-06-29 01:02:20.390[0m | [1mINFO    [0m | [36menvs.hitter[0m:[36mconfigure_from_modelmeta[0m:[36m252[0m - [1mHITTER policy metadata configured, 29 degrees of freedom.[0m
[32m2026-06-29 01:02:20.390[0m | [1mINFO    [0m | [36msimulator.real_world[0m:[36m_joint_state_handler[0m:[36m209[0m - [1mCommunication build successfully between the policy and the transition layer![0m
[32m2026-06-29 01:02:20.393[0m | [1mINFO    [0m | [36menvs.loco_hitter[0m:[36mconfigure_from_modelmeta[0m:[36m91[0m - [1mHITTER policy configured; runtime starts in locomotion mode.[0m
[32m2026-06-29 01:02:20.393[0m | [1mINFO    [0m | [36msimulator.real_world[0m:[36m_joint_state_handler[0m:[36m210[0m - [1mFirst signal arrives after 0.016365528106689453s![0m
[32m2026-06-29 01:02:20.393[0m | [1mINFO    [0m | [36magents.loco_hitter_agent[0m:[36m_load_hitter_policy[0m:[36m162[0m - [1mLoaded HITTER policy from /home/loco1/BOB/Hitter/MOSAIC-main/logs/rsl_rl/hitter_striking_g1/2026-06-26_13-25-48_fh_bh_uniform_peak43_swapped_normal_resume_m18800_reward_tuned_16000env_31body/2026-06-26_13-25-48_fh_bh_uniform_peak43_swapped_normal_resume_m18800_reward_tuned_16000env_31body.onnx | joints=29 anchor=pelvis[0m
[32m2026-06-29 01:02:20.393[0m | [1mINFO    [0m | [36magents.loco_hitter_agent[0m:[36m__init__[0m:[36m145[0m - [1mLocoHitterAgent initialized. Runtime starts in locomotion mode.[0m
real_world
[32m2026-06-29 01:02:20.398[0m | [1mINFO    [0m | [36msimulator.real_world[0m:[36mcalibrate[0m:[36m376[0m - [1mCalibraiting..., Press R2 to continue[0m
[32m2026-06-29 01:02:27.216[0m | [1mINFO    [0m | [36msimulator.real_world[0m:[36mcalibrate[0m:[36m379[0m - [1mR2 button pressed, Start Calibrating...[0m
[32m2026-06-29 01:02:27.417[0m | [1mINFO    [0m | [36msimulator.real_world[0m:[36mcalibrate[0m:[36m399[0m - [1mCalibration Done. Press R2 to continue[0m
[32m2026-06-29 01:02:29.501[0m | [1mINFO    [0m | [36msimulator.real_world[0m:[36mcalibrate[0m:[36m402[0m - [1mR2 pressed again, Communication built between policy layer and transition layer![0m
[32m2026-06-29 01:02:29.503[0m | [1mINFO    [0m | [36msimulator.real_world[0m:[36mreset_heading[0m:[36m133[0m - [1m[RealWorld] heading reset enabled, yaw0=-0.047 rad[0m
[32m2026-06-29 01:02:29.504[0m | [1mINFO    [0m | [36menvs.base_env[0m:[36m_update_obs[0m:[36m92[0m - [1mReceive observation: ['actions', 'root_quat', 'root_rpy', 'base_ang_vel', 'base_lin_vel', 'dof_pos', 'dof_vel', 'projected_gravity'][0m
[32m2026-06-29 01:02:29.508[0m | [1mINFO    [0m | [36menvs.hitter[0m:[36m_log_ball_planner_wait_state[0m:[36m618[0m - [1mWaiting for ball estimator: samples=0/31 visible=False ready=False pos=[0. 0. 0.] vel=[0. 0. 0.][0m
[32m2026-06-29 01:02:29.533[0m | [33m[1mWARNING [0m | [36magents.loco_hitter_agent[0m:[36mrun[0m:[36m244[0m - [33m[1mStep timeout: -0.0086s[0m
[32m2026-06-29 01:02:30.018[0m | [1mINFO    [0m | [36menvs.hitter[0m:[36m_log_ball_planner_wait_state[0m:[36m618[0m - [1mWaiting for ball estimator: samples=0/31 visible=False ready=False pos=[0. 0. 0.] vel=[0. 0. 0.][0m
[32m2026-06-29 01:02:30.520[0m | [1mINFO    [0m | [36menvs.hitter[0m:[36m_log_ball_planner_wait_state[0m:[36m618[0m - [1mWaiting for ball estimator: samples=0/31 visible=False ready=False pos=[0. 0. 0.] vel=[0. 0. 0.][0m
[32m2026-06-29 01:02:31.022[0m | [1mINFO    [0m | [36menvs.hitter[0m:[36m_log_ball_planner_wait_state[0m:[36m618[0m - [1mWaiting for ball estimator: samples=0/31 visible=False ready=False pos=[0. 0. 0.] vel=[0. 0. 0.][0m
[32m2026-06-29 01:02:31.525[0m | [1mINFO    [0m | [36menvs.hitter[0m:[36m_log_ball_planner_wait_state[0m:[36m618[0m - [1mWaiting for ball estimator: samples=0/31 visible=False ready=False pos=[0. 0. 0.] vel=[0. 0. 0.][0m
[32m2026-06-29 01:02:32.027[0m | [1mINFO    [0m | [36menvs.hitter[0m:[36m_log_ball_planner_wait_state[0m:[36m618[0m - [1mWaiting for ball estimator: samples=0/31 visible=False ready=False pos=[0. 0. 0.] vel=[0. 0. 0.][0m
[32m2026-06-29 01:02:32.546[0m | [1mINFO    [0m | [36menvs.hitter[0m:[36m_log_ball_planner_wait_state[0m:[36m618[0m - [1mWaiting for ball estimator: samples=0/31 visible=False ready=False pos=[0. 0. 0.] vel=[0. 0. 0.][0m
[32m2026-06-29 01:02:33.048[0m | [1mINFO    [0m | [36menvs.hitter[0m:[36m_log_ball_planner_wait_state[0m:[36m618[0m - [1mWaiting for ball estimator: samples=0/31 visible=False ready=False pos=[0. 0. 0.] vel=[0. 0. 0.][0m
[32m2026-06-29 01:02:33.549[0m | [1mINFO    [0m | [36menvs.hitter[0m:[36m_log_ball_planner_wait_state[0m:[36m618[0m - [1mWaiting for ball estimator: samples=0/31 visible=False ready=False pos=[0. 0. 0.] vel=[0. 0. 0.][0m
[32m2026-06-29 01:02:34.052[0m | [1mINFO    [0m | [36menvs.hitter[0m:[36m_log_ball_planner_wait_state[0m:[36m618[0m - [1mWaiting for ball estimator: samples=0/31 visible=False ready=False pos=[0. 0. 0.] vel=[0. 0. 0.][0m
[32m2026-06-29 01:02:34.553[0m | [1mINFO    [0m | [36menvs.hitter[0m:[36m_log_ball_planner_wait_state[0m:[36m618[0m - [1mWaiting for ball estimator: samples=0/31 visible=False ready=False pos=[0. 0. 0.] vel=[0. 0. 0.][0m
[32m2026-06-29 01:02:35.055[0m | [1mINFO    [0m | [36menvs.hitter[0m:[36m_log_ball_planner_wait_state[0m:[36m618[0m - [1mWaiting for ball estimator: samples=0/31 visible=False ready=False pos=[0. 0. 0.] vel=[0. 0. 0.][0m
[32m2026-06-29 01:02:35.556[0m | [1mINFO    [0m | [36menvs.hitter[0m:[36m_log_ball_planner_wait_state[0m:[36m618[0m - [1mWaiting for ball estimator: samples=0/31 visible=False ready=False pos=[0. 0. 0.] vel=[0. 0. 0.][0m
[32m2026-06-29 01:02:36.058[0m | [1mINFO    [0m | [36menvs.hitter[0m:[36m_log_ball_planner_wait_state[0m:[36m618[0m - [1mWaiting for ball estimator: samples=0/31 visible=False ready=False pos=[0. 0. 0.] vel=[0. 0. 0.][0m
[32m2026-06-29 01:02:36.559[0m | [1mINFO    [0m | [36menvs.hitter[0m:[36m_log_ball_planner_wait_state[0m:[36m618[0m - [1mWaiting for ball estimator: samples=0/31 visible=False ready=False pos=[0. 0. 0.] vel=[0. 0. 0.][0m
[32m2026-06-29 01:02:37.061[0m | [1mINFO    [0m | [36menvs.hitter[0m:[36m_log_ball_planner_wait_state[0m:[36m618[0m - [1mWaiting for ball estimator: samples=0/31 visible=False ready=False pos=[0. 0. 0.] vel=[0. 0. 0.][0m
[32m2026-06-29 01:02:37.574[0m | [1mINFO    [0m | [36menvs.hitter[0m:[36m_log_ball_planner_wait_state[0m:[36m618[0m - [1mWaiting for ball estimator: samples=0/31 visible=False ready=False pos=[0. 0. 0.] vel=[0. 0. 0.][0m
[32m2026-06-29 01:02:38.085[0m | [1mINFO    [0m | [36menvs.hitter[0m:[36m_log_ball_planner_wait_state[0m:[36m618[0m - [1mWaiting for ball estimator: samples=0/31 visible=False ready=False pos=[0. 0. 0.] vel=[0. 0. 0.][0m
[32m2026-06-29 01:02:38.586[0m | [1mINFO    [0m | [36menvs.hitter[0m:[36m_log_ball_planner_wait_state[0m:[36m618[0m - [1mWaiting for ball estimator: samples=0/31 visible=False ready=False pos=[0. 0. 0.] vel=[0. 0. 0.][0m
[32m2026-06-29 01:02:39.087[0m | [1mINFO    [0m | [36menvs.hitter[0m:[36m_log_ball_planner_wait_state[0m:[36m618[0m - [1mWaiting for ball estimator: samples=0/31 visible=False ready=False pos=[0. 0. 0.] vel=[0. 0. 0.][0m
[32m2026-06-29 01:02:39.589[0m | [1mINFO    [0m | [36menvs.hitter[0m:[36m_log_ball_planner_wait_state[0m:[36m618[0m - [1mWaiting for ball estimator: samples=0/31 visible=False ready=False pos=[0. 0. 0.] vel=[0. 0. 0.][0m
[32m2026-06-29 01:02:40.091[0m | [1mINFO    [0m | [36menvs.hitter[0m:[36m_log_ball_planner_wait_state[0m:[36m618[0m - [1mWaiting for ball estimator: samples=0/31 visible=False ready=False pos=[0. 0. 0.] vel=[0. 0. 0.][0m
[32m2026-06-29 01:02:40.592[0m | [1mINFO    [0m | [36menvs.hitter[0m:[36m_log_ball_planner_wait_state[0m:[36m618[0m - [1mWaiting for ball estimator: samples=0/31 visible=False ready=False pos=[0. 0. 0.] vel=[0. 0. 0.][0m
[32m2026-06-29 01:02:41.094[0m | [1mINFO    [0m | [36menvs.hitter[0m:[36m_log_ball_planner_wait_state[0m:[36m618[0m - [1mWaiting for ball estimator: samples=0/31 visible=False ready=False pos=[0. 0. 0.] vel=[0. 0. 0.][0m
[32m2026-06-29 01:02:41.596[0m | [1mINFO    [0m | [36menvs.hitter[0m:[36m_log_ball_planner_wait_state[0m:[36m618[0m - [1mWaiting for ball estimator: samples=0/31 visible=False ready=False pos=[0. 0. 0.] vel=[0. 0. 0.][0m
[32m2026-06-29 01:02:41.814[0m | [33m[1mWARNING [0m | [36magents.loco_hitter_agent[0m:[36mrun[0m:[36m244[0m - [33m[1mStep timeout: -0.0208s[0m
[32m2026-06-29 01:02:42.100[0m | [1mINFO    [0m | [36menvs.hitter[0m:[36m_log_ball_planner_wait_state[0m:[36m618[0m - [1mWaiting for ball estimator: samples=0/31 visible=False ready=False pos=[0. 0. 0.] vel=[0. 0. 0.][0m
[32m2026-06-29 01:02:42.619[0m | [1mINFO    [0m | [36menvs.hitter[0m:[36m_log_ball_planner_wait_state[0m:[36m618[0m - [1mWaiting for ball estimator: samples=0/31 visible=False ready=False pos=[0. 0. 0.] vel=[0. 0. 0.][0m
[32m2026-06-29 01:02:43.121[0m | [1mINFO    [0m | [36menvs.hitter[0m:[36m_log_ball_planner_wait_state[0m:[36m618[0m - [1mWaiting for ball estimator: samples=0/31 visible=False ready=False pos=[0. 0. 0.] vel=[0. 0. 0.][0m
[32m2026-06-29 01:02:43.623[0m | [1mINFO    [0m | [36menvs.hitter[0m:[36m_log_ball_planner_wait_state[0m:[36m618[0m - [1mWaiting for ball estimator: samples=0/31 visible=False ready=False pos=[0. 0. 0.] vel=[0. 0. 0.][0m
[32m2026-06-29 01:02:44.125[0m | [1mINFO    [0m | [36menvs.hitter[0m:[36m_log_ball_planner_wait_state[0m:[36m618[0m - [1mWaiting for ball estimator: samples=0/31 visible=False ready=False pos=[0. 0. 0.] vel=[0. 0. 0.][0m
[32m2026-06-29 01:02:44.626[0m | [1mINFO    [0m | [36menvs.hitter[0m:[36m_log_ball_planner_wait_state[0m:[36m618[0m - [1mWaiting for ball estimator: samples=0/31 visible=False ready=False pos=[0. 0. 0.] vel=[0. 0. 0.][0m
[32m2026-06-29 01:02:45.131[0m | [1mINFO    [0m | [36menvs.hitter[0m:[36m_log_ball_planner_wait_state[0m:[36m618[0m - [1mWaiting for ball estimator: samples=0/31 visible=False ready=False pos=[0. 0. 0.] vel=[0. 0. 0.][0m
[32m2026-06-29 01:02:45.649[0m | [1mINFO    [0m | [36menvs.hitter[0m:[36m_log_ball_planner_wait_state[0m:[36m618[0m - [1mWaiting for ball estimator: samples=0/31 visible=False ready=False pos=[0. 0. 0.] vel=[0. 0. 0.][0m
[32m2026-06-29 01:02:46.151[0m | [1mINFO    [0m | [36menvs.hitter[0m:[36m_log_ball_planner_wait_state[0m:[36m618[0m - [1mWaiting for ball estimator: samples=0/31 visible=False ready=False pos=[0. 0. 0.] vel=[0. 0. 0.][0m
[32m2026-06-29 01:02:46.653[0m | [1mINFO    [0m | [36menvs.hitter[0m:[36m_log_ball_planner_wait_state[0m:[36m618[0m - [1mWaiting for ball estimator: samples=0/31 visible=False ready=False pos=[0. 0. 0.] vel=[0. 0. 0.][0m
[32m2026-06-29 01:02:47.154[0m | [1mINFO    [0m | [36menvs.hitter[0m:[36m_log_ball_planner_wait_state[0m:[36m618[0m - [1mWaiting for ball estimator: samples=0/31 visible=False ready=False pos=[0. 0. 0.] vel=[0. 0. 0.][0m
[32m2026-06-29 01:02:47.659[0m | [1mINFO    [0m | [36menvs.hitter[0m:[36m_log_ball_planner_wait_state[0m:[36m618[0m - [1mWaiting for ball estimator: samples=0/31 visible=False ready=False pos=[0. 0. 0.] vel=[0. 0. 0.][0m
[32m2026-06-29 01:02:48.180[0m | [1mINFO    [0m | [36menvs.hitter[0m:[36m_log_ball_planner_wait_state[0m:[36m618[0m - [1mWaiting for ball estimator: samples=0/31 visible=False ready=False pos=[0. 0. 0.] vel=[0. 0. 0.][0m
[32m2026-06-29 01:02:48.680[0m | [1mINFO    [0m | [36menvs.hitter[0m:[36m_log_ball_planner_wait_state[0m:[36m618[0m - [1mWaiting for ball estimator: samples=0/31 visible=False ready=False pos=[0. 0. 0.] vel=[0. 0. 0.][0m
[32m2026-06-29 01:02:49.181[0m | [1mINFO    [0m | [36menvs.hitter[0m:[36m_log_ball_planner_wait_state[0m:[36m618[0m - [1mWaiting for ball estimator: samples=0/31 visible=False ready=False pos=[0. 0. 0.] vel=[0. 0. 0.][0m
[32m2026-06-29 01:02:49.687[0m | [1mINFO    [0m | [36menvs.hitter[0m:[36m_log_ball_planner_wait_state[0m:[36m618[0m - [1mWaiting for ball estimator: samples=0/31 visible=False ready=False pos=[0. 0. 0.] vel=[0. 0. 0.][0m
[32m2026-06-29 01:02:50.208[0m | [1mINFO    [0m | [36menvs.hitter[0m:[36m_log_ball_planner_wait_state[0m:[36m618[0m - [1mWaiting for ball estimator: samples=0/31 visible=False ready=False pos=[0. 0. 0.] vel=[0. 0. 0.][0m
[32m2026-06-29 01:02:50.726[0m | [1mINFO    [0m | [36menvs.hitter[0m:[36m_log_ball_planner_wait_state[0m:[36m618[0m - [1mWaiting for ball estimator: samples=0/31 visible=False ready=False pos=[0. 0. 0.] vel=[0. 0. 0.][0m
[32m2026-06-29 01:02:51.234[0m | [1mINFO    [0m | [36menvs.hitter[0m:[36m_log_ball_planner_wait_state[0m:[36m618[0m - [1mWaiting for ball estimator: samples=0/31 visible=False ready=False pos=[0. 0. 0.] vel=[0. 0. 0.][0m
[32m2026-06-29 01:02:51.750[0m | [1mINFO    [0m | [36menvs.hitter[0m:[36m_log_ball_planner_wait_state[0m:[36m618[0m - [1mWaiting for ball estimator: samples=0/31 visible=False ready=False pos=[0. 0. 0.] vel=[0. 0. 0.][0m
[32m2026-06-29 01:02:52.252[0m | [1mINFO    [0m | [36menvs.hitter[0m:[36m_log_ball_planner_wait_state[0m:[36m618[0m - [1mWaiting for ball estimator: samples=0/31 visible=False ready=False pos=[0. 0. 0.] vel=[0. 0. 0.][0m
[32m2026-06-29 01:02:52.754[0m | [1mINFO    [0m | [36menvs.hitter[0m:[36m_log_ball_planner_wait_state[0m:[36m618[0m - [1mWaiting for ball estimator: samples=0/31 visible=False ready=False pos=[0. 0. 0.] vel=[0. 0. 0.][0m
[32m2026-06-29 01:02:53.255[0m | [1mINFO    [0m | [36menvs.hitter[0m:[36m_log_ball_planner_wait_state[0m:[36m618[0m - [1mWaiting for ball estimator: samples=0/31 visible=False ready=False pos=[0. 0. 0.] vel=[0. 0. 0.][0m
[32m2026-06-29 01:02:53.757[0m | [1mINFO    [0m | [36menvs.hitter[0m:[36m_log_ball_planner_wait_state[0m:[36m618[0m - [1mWaiting for ball estimator: samples=0/31 visible=False ready=False pos=[0. 0. 0.] vel=[0. 0. 0.][0m
[32m2026-06-29 01:02:54.259[0m | [1mINFO    [0m | [36menvs.hitter[0m:[36m_log_ball_planner_wait_state[0m:[36m618[0m - [1mWaiting for ball estimator: samples=0/31 visible=False ready=False pos=[0. 0. 0.] vel=[0. 0. 0.][0m
[32m2026-06-29 01:02:54.760[0m | [1mINFO    [0m | [36menvs.hitter[0m:[36m_log_ball_planner_wait_state[0m:[36m618[0m - [1mWaiting for ball estimator: samples=0/31 visible=False ready=False pos=[0. 0. 0.] vel=[0. 0. 0.][0m
[32m2026-06-29 01:02:54.838[0m | [33m[1mWARNING [0m | [36magents.loco_hitter_agent[0m:[36mrun[0m:[36m244[0m - [33m[1mStep timeout: -0.0208s[0m
[32m2026-06-29 01:02:55.263[0m | [1mINFO    [0m | [36menvs.hitter[0m:[36m_log_ball_planner_wait_state[0m:[36m618[0m - [1mWaiting for ball estimator: samples=0/31 visible=False ready=False pos=[0. 0. 0.] vel=[0. 0. 0.][0m
[32m2026-06-29 01:02:55.765[0m | [1mINFO    [0m | [36menvs.hitter[0m:[36m_log_ball_planner_wait_state[0m:[36m618[0m - [1mWaiting for ball estimator: samples=0/31 visible=False ready=False pos=[0. 0. 0.] vel=[0. 0. 0.][0m
[32m2026-06-29 01:02:56.267[0m | [1mINFO    [0m | [36menvs.hitter[0m:[36m_log_ball_planner_wait_state[0m:[36m618[0m - [1mWaiting for ball estimator: samples=0/31 visible=False ready=False pos=[0. 0. 0.] vel=[0. 0. 0.][0m
[32m2026-06-29 01:02:56.768[0m | [1mINFO    [0m | [36menvs.hitter[0m:[36m_log_ball_planner_wait_state[0m:[36m618[0m - [1mWaiting for ball estimator: samples=0/31 visible=False ready=False pos=[0. 0. 0.] vel=[0. 0. 0.][0m
[32m2026-06-29 01:02:57.270[0m | [1mINFO    [0m | [36menvs.hitter[0m:[36m_log_ball_planner_wait_state[0m:[36m618[0m - [1mWaiting for ball estimator: samples=0/31 visible=False ready=False pos=[0. 0. 0.] vel=[0. 0. 0.][0m
[32m2026-06-29 01:02:57.772[0m | [1mINFO    [0m | [36menvs.hitter[0m:[36m_log_ball_planner_wait_state[0m:[36m618[0m - [1mWaiting for ball estimator: samples=0/31 visible=False ready=False pos=[0. 0. 0.] vel=[0. 0. 0.][0m
[32m2026-06-29 01:02:58.273[0m | [1mINFO    [0m | [36menvs.hitter[0m:[36m_log_ball_planner_wait_state[0m:[36m618[0m - [1mWaiting for ball estimator: samples=0/31 visible=False ready=False pos=[0. 0. 0.] vel=[0. 0. 0.][0m
[32m2026-06-29 01:02:58.775[0m | [1mINFO    [0m | [36menvs.hitter[0m:[36m_log_ball_planner_wait_state[0m:[36m618[0m - [1mWaiting for ball estimator: samples=0/31 visible=False ready=False pos=[0. 0. 0.] vel=[0. 0. 0.][0m
[32m2026-06-29 01:02:59.277[0m | [1mINFO    [0m | [36menvs.hitter[0m:[36m_log_ball_planner_wait_state[0m:[36m618[0m - [1mWaiting for ball estimator: samples=0/31 visible=False ready=False pos=[0. 0. 0.] vel=[0. 0. 0.][0m
[32m2026-06-29 01:02:59.779[0m | [1mINFO    [0m | [36menvs.hitter[0m:[36m_log_ball_planner_wait_state[0m:[36m618[0m - [1mWaiting for ball estimator: samples=0/31 visible=False ready=False pos=[0. 0. 0.] vel=[0. 0. 0.][0m
[32m2026-06-29 01:03:00.281[0m | [1mINFO    [0m | [36menvs.hitter[0m:[36m_log_ball_planner_wait_state[0m:[36m618[0m - [1mWaiting for ball estimator: samples=0/31 visible=False ready=False pos=[0. 0. 0.] vel=[0. 0. 0.][0m
[32m2026-06-29 01:03:00.782[0m | [1mINFO    [0m | [36menvs.hitter[0m:[36m_log_ball_planner_wait_state[0m:[36m618[0m - [1mWaiting for ball estimator: samples=0/31 visible=False ready=False pos=[0. 0. 0.] vel=[0. 0. 0.][0m
[32m2026-06-29 01:03:01.284[0m | [1mINFO    [0m | [36menvs.hitter[0m:[36m_log_ball_planner_wait_state[0m:[36m618[0m - [1mWaiting for ball estimator: samples=0/31 visible=False ready=False pos=[0. 0. 0.] vel=[0. 0. 0.][0m
[32m2026-06-29 01:03:01.785[0m | [1mINFO    [0m | [36menvs.hitter[0m:[36m_log_ball_planner_wait_state[0m:[36m618[0m - [1mWaiting for ball estimator: samples=0/31 visible=False ready=False pos=[0. 0. 0.] vel=[0. 0. 0.][0m
[32m2026-06-29 01:03:02.288[0m | [1mINFO    [0m | [36menvs.hitter[0m:[36m_log_ball_planner_wait_state[0m:[36m618[0m - [1mWaiting for ball estimator: samples=0/31 visible=False ready=False pos=[0. 0. 0.] vel=[0. 0. 0.][0m
[32m2026-06-29 01:03:02.788[0m | [1mINFO    [0m | [36menvs.hitter[0m:[36m_log_ball_planner_wait_state[0m:[36m618[0m - [1mWaiting for ball estimator: samples=0/31 visible=False ready=False pos=[0. 0. 0.] vel=[0. 0. 0.][0m
[32m2026-06-29 01:03:03.290[0m | [1mINFO    [0m | [36menvs.hitter[0m:[36m_log_ball_planner_wait_state[0m:[36m618[0m - [1mWaiting for ball estimator: samples=0/31 visible=False ready=False pos=[0. 0. 0.] vel=[0. 0. 0.][0m
[32m2026-06-29 01:03:03.792[0m | [1mINFO    [0m | [36menvs.hitter[0m:[36m_log_ball_planner_wait_state[0m:[36m618[0m - [1mWaiting for ball estimator: samples=0/31 visible=False ready=False pos=[0. 0. 0.] vel=[0. 0. 0.][0m
[32m2026-06-29 01:03:04.294[0m | [1mINFO    [0m | [36menvs.hitter[0m:[36m_log_ball_planner_wait_state[0m:[36m618[0m - [1mWaiting for ball estimator: samples=0/31 visible=False ready=False pos=[0. 0. 0.] vel=[0. 0. 0.][0m
[32m2026-06-29 01:03:04.794[0m | [1mINFO    [0m | [36menvs.hitter[0m:[36m_log_ball_planner_wait_state[0m:[36m618[0m - [1mWaiting for ball estimator: samples=0/31 visible=False ready=False pos=[0. 0. 0.] vel=[0. 0. 0.][0m
[32m2026-06-29 01:03:05.296[0m | [1mINFO    [0m | [36menvs.hitter[0m:[36m_log_ball_planner_wait_state[0m:[36m618[0m - [1mWaiting for ball estimator: samples=0/31 visible=False ready=False pos=[0. 0. 0.] vel=[0. 0. 0.][0m
[32m2026-06-29 01:03:05.798[0m | [1mINFO    [0m | [36menvs.hitter[0m:[36m_log_ball_planner_wait_state[0m:[36m618[0m - [1mWaiting for ball estimator: samples=0/31 visible=False ready=False pos=[0. 0. 0.] vel=[0. 0. 0.][0m
[32m2026-06-29 01:03:06.302[0m | [1mINFO    [0m | [36menvs.hitter[0m:[36m_log_ball_planner_wait_state[0m:[36m618[0m - [1mWaiting for ball estimator: samples=0/31 visible=False ready=False pos=[0. 0. 0.] vel=[0. 0. 0.][0m
[32m2026-06-29 01:03:06.822[0m | [1mINFO    [0m | [36menvs.hitter[0m:[36m_log_ball_planner_wait_state[0m:[36m618[0m - [1mWaiting for ball estimator: samples=0/31 visible=False ready=False pos=[0. 0. 0.] vel=[0. 0. 0.][0m
[32m2026-06-29 01:03:07.323[0m | [1mINFO    [0m | [36menvs.hitter[0m:[36m_log_ball_planner_wait_state[0m:[36m618[0m - [1mWaiting for ball estimator: samples=0/31 visible=False ready=False pos=[0. 0. 0.] vel=[0. 0. 0.][0m
[32m2026-06-29 01:03:07.825[0m | [1mINFO    [0m | [36menvs.hitter[0m:[36m_log_ball_planner_wait_state[0m:[36m618[0m - [1mWaiting for ball estimator: samples=0/31 visible=False ready=False pos=[0. 0. 0.] vel=[0. 0. 0.][0m
[32m2026-06-29 01:03:07.881[0m | [33m[1mWARNING [0m | [36magents.loco_hitter_agent[0m:[36mrun[0m:[36m244[0m - [33m[1mStep timeout: -0.0197s[0m
[32m2026-06-29 01:03:08.326[0m | [1mINFO    [0m | [36menvs.hitter[0m:[36m_log_ball_planner_wait_state[0m:[36m618[0m - [1mWaiting for ball estimator: samples=0/31 visible=False ready=False pos=[0. 0. 0.] vel=[0. 0. 0.][0m
[32m2026-06-29 01:03:08.827[0m | [1mINFO    [0m | [36menvs.hitter[0m:[36m_log_ball_planner_wait_state[0m:[36m618[0m - [1mWaiting for ball estimator: samples=0/31 visible=False ready=False pos=[0. 0. 0.] vel=[0. 0. 0.][0m
[32m2026-06-29 01:03:09.329[0m | [1mINFO    [0m | [36menvs.hitter[0m:[36m_log_ball_planner_wait_state[0m:[36m618[0m - [1mWaiting for ball estimator: samples=0/31 visible=False ready=False pos=[0. 0. 0.] vel=[0. 0. 0.][0m
[32m2026-06-29 01:03:09.831[0m | [1mINFO    [0m | [36menvs.hitter[0m:[36m_log_ball_planner_wait_state[0m:[36m618[0m - [1mWaiting for ball estimator: samples=0/31 visible=False ready=False pos=[0. 0. 0.] vel=[0. 0. 0.][0m
[32m2026-06-29 01:03:10.333[0m | [1mINFO    [0m | [36menvs.hitter[0m:[36m_log_ball_planner_wait_state[0m:[36m618[0m - [1mWaiting for ball estimator: samples=0/31 visible=False ready=False pos=[0. 0. 0.] vel=[0. 0. 0.][0m
[32m2026-06-29 01:03:10.834[0m | [1mINFO    [0m | [36menvs.hitter[0m:[36m_log_ball_planner_wait_state[0m:[36m618[0m - [1mWaiting for ball estimator: samples=0/31 visible=False ready=False pos=[0. 0. 0.] vel=[0. 0. 0.][0m
[32m2026-06-29 01:03:11.336[0m | [1mINFO    [0m | [36menvs.hitter[0m:[36m_log_ball_planner_wait_state[0m:[36m618[0m - [1mWaiting for ball estimator: samples=0/31 visible=False ready=False pos=[0. 0. 0.] vel=[0. 0. 0.][0m
[32m2026-06-29 01:03:11.838[0m | [1mINFO    [0m | [36menvs.hitter[0m:[36m_log_ball_planner_wait_state[0m:[36m618[0m - [1mWaiting for ball estimator: samples=0/31 visible=False ready=False pos=[0. 0. 0.] vel=[0. 0. 0.][0m
[32m2026-06-29 01:03:12.278[0m | [33m[1mWARNING [0m | [36magents.loco_hitter_agent[0m:[36mrun[0m:[36m244[0m - [33m[1mStep timeout: -0.0026s[0m
[32m2026-06-29 01:03:12.342[0m | [1mINFO    [0m | [36menvs.hitter[0m:[36m_log_ball_planner_wait_state[0m:[36m618[0m - [1mWaiting for ball estimator: samples=0/31 visible=False ready=False pos=[0. 0. 0.] vel=[0. 0. 0.][0m
[32m2026-06-29 01:03:12.843[0m | [1mINFO    [0m | [36menvs.hitter[0m:[36m_log_ball_planner_wait_state[0m:[36m618[0m - [1mWaiting for ball estimator: samples=0/31 visible=False ready=False pos=[0. 0. 0.] vel=[0. 0. 0.][0m
[32m2026-06-29 01:03:13.345[0m | [1mINFO    [0m | [36menvs.hitter[0m:[36m_log_ball_planner_wait_state[0m:[36m618[0m - [1mWaiting for ball estimator: samples=0/31 visible=False ready=False pos=[0. 0. 0.] vel=[0. 0. 0.][0m
[32m2026-06-29 01:03:13.847[0m | [1mINFO    [0m | [36menvs.hitter[0m:[36m_log_ball_planner_wait_state[0m:[36m618[0m - [1mWaiting for ball estimator: samples=0/31 visible=False ready=False pos=[0. 0. 0.] vel=[0. 0. 0.][0m
[32m2026-06-29 01:03:14.349[0m | [1mINFO    [0m | [36menvs.hitter[0m:[36m_log_ball_planner_wait_state[0m:[36m618[0m - [1mWaiting for ball estimator: samples=0/31 visible=False ready=False pos=[0. 0. 0.] vel=[0. 0. 0.][0m
[32m2026-06-29 01:03:14.850[0m | [1mINFO    [0m | [36menvs.hitter[0m:[36m_log_ball_planner_wait_state[0m:[36m618[0m - [1mWaiting for ball estimator: samples=0/31 visible=False ready=False pos=[0. 0. 0.] vel=[0. 0. 0.][0m
[32m2026-06-29 01:03:15.354[0m | [1mINFO    [0m | [36menvs.hitter[0m:[36m_log_ball_planner_wait_state[0m:[36m618[0m - [1mWaiting for ball estimator: samples=0/31 visible=False ready=False pos=[0. 0. 0.] vel=[0. 0. 0.][0m
[32m2026-06-29 01:03:15.855[0m | [1mINFO    [0m | [36menvs.hitter[0m:[36m_log_ball_planner_wait_state[0m:[36m618[0m - [1mWaiting for ball estimator: samples=0/31 visible=False ready=False pos=[0. 0. 0.] vel=[0. 0. 0.][0m
[32m2026-06-29 01:03:16.359[0m | [1mINFO    [0m | [36menvs.hitter[0m:[36m_log_ball_planner_wait_state[0m:[36m618[0m - [1mWaiting for ball estimator: samples=0/31 visible=False ready=False pos=[0. 0. 0.] vel=[0. 0. 0.][0m
[32m2026-06-29 01:03:16.859[0m | [1mINFO    [0m | [36menvs.hitter[0m:[36m_log_ball_planner_wait_state[0m:[36m618[0m - [1mWaiting for ball estimator: samples=0/31 visible=False ready=False pos=[0. 0. 0.] vel=[0. 0. 0.][0m
[32m2026-06-29 01:03:17.379[0m | [1mINFO    [0m | [36menvs.hitter[0m:[36m_log_ball_planner_wait_state[0m:[36m618[0m - [1mWaiting for ball estimator: samples=0/31 visible=False ready=False pos=[0. 0. 0.] vel=[0. 0. 0.][0m
[32m2026-06-29 01:03:17.881[0m | [1mINFO    [0m | [36menvs.hitter[0m:[36m_log_ball_planner_wait_state[0m:[36m618[0m - [1mWaiting for ball estimator: samples=0/31 visible=False ready=False pos=[0. 0. 0.] vel=[0. 0. 0.][0m
[32m2026-06-29 01:03:18.382[0m | [1mINFO    [0m | [36menvs.hitter[0m:[36m_log_ball_planner_wait_state[0m:[36m618[0m - [1mWaiting for ball estimator: samples=0/31 visible=False ready=False pos=[0. 0. 0.] vel=[0. 0. 0.][0m
[32m2026-06-29 01:03:18.884[0m | [1mINFO    [0m | [36menvs.hitter[0m:[36m_log_ball_planner_wait_state[0m:[36m618[0m - [1mWaiting for ball estimator: samples=0/31 visible=False ready=False pos=[0. 0. 0.] vel=[0. 0. 0.][0m
[32m2026-06-29 01:03:19.386[0m | [1mINFO    [0m | [36menvs.hitter[0m:[36m_log_ball_planner_wait_state[0m:[36m618[0m - [1mWaiting for ball estimator: samples=0/31 visible=False ready=False pos=[0. 0. 0.] vel=[0. 0. 0.][0m
[32m2026-06-29 01:03:19.887[0m | [1mINFO    [0m | [36menvs.hitter[0m:[36m_log_ball_planner_wait_state[0m:[36m618[0m - [1mWaiting for ball estimator: samples=0/31 visible=False ready=False pos=[0. 0. 0.] vel=[0. 0. 0.][0m
[32m2026-06-29 01:03:20.389[0m | [1mINFO    [0m | [36menvs.hitter[0m:[36m_log_ball_planner_wait_state[0m:[36m618[0m - [1mWaiting for ball estimator: samples=0/31 visible=False ready=False pos=[0. 0. 0.] vel=[0. 0. 0.][0m
[32m2026-06-29 01:03:20.911[0m | [33m[1mWARNING [0m | [36magents.loco_hitter_agent[0m:[36mrun[0m:[36m244[0m - [33m[1mStep timeout: -0.0240s[0m
[32m2026-06-29 01:03:20.916[0m | [1mINFO    [0m | [36menvs.hitter[0m:[36m_log_ball_planner_wait_state[0m:[36m618[0m - [1mWaiting for ball estimator: samples=0/31 visible=False ready=False pos=[0. 0. 0.] vel=[0. 0. 0.][0m
[32m2026-06-29 01:03:21.417[0m | [1mINFO    [0m | [36menvs.hitter[0m:[36m_log_ball_planner_wait_state[0m:[36m618[0m - [1mWaiting for ball estimator: samples=0/31 visible=False ready=False pos=[0. 0. 0.] vel=[0. 0. 0.][0m
[32m2026-06-29 01:03:21.918[0m | [1mINFO    [0m | [36menvs.hitter[0m:[36m_log_ball_planner_wait_state[0m:[36m618[0m - [1mWaiting for ball estimator: samples=0/31 visible=False ready=False pos=[0. 0. 0.] vel=[0. 0. 0.][0m
[32m2026-06-29 01:03:22.421[0m | [1mINFO    [0m | [36menvs.hitter[0m:[36m_log_ball_planner_wait_state[0m:[36m618[0m - [1mWaiting for ball estimator: samples=0/31 visible=False ready=False pos=[0. 0. 0.] vel=[0. 0. 0.][0m
[32m2026-06-29 01:03:22.921[0m | [1mINFO    [0m | [36menvs.hitter[0m:[36m_log_ball_planner_wait_state[0m:[36m618[0m - [1mWaiting for ball estimator: samples=0/31 visible=False ready=False pos=[0. 0. 0.] vel=[0. 0. 0.][0m
[32m2026-06-29 01:03:23.423[0m | [1mINFO    [0m | [36menvs.hitter[0m:[36m_log_ball_planner_wait_state[0m:[36m618[0m - [1mWaiting for ball estimator: samples=0/31 visible=False ready=False pos=[0. 0. 0.] vel=[0. 0. 0.][0m
[32m2026-06-29 01:03:23.925[0m | [1mINFO    [0m | [36menvs.hitter[0m:[36m_log_ball_planner_wait_state[0m:[36m618[0m - [1mWaiting for ball estimator: samples=0/31 visible=False ready=False pos=[0. 0. 0.] vel=[0. 0. 0.][0m
[32m2026-06-29 01:03:24.426[0m | [1mINFO    [0m | [36menvs.hitter[0m:[36m_log_ball_planner_wait_state[0m:[36m618[0m - [1mWaiting for ball estimator: samples=0/31 visible=False ready=False pos=[0. 0. 0.] vel=[0. 0. 0.][0m
[32m2026-06-29 01:03:24.928[0m | [1mINFO    [0m | [36menvs.hitter[0m:[36m_log_ball_planner_wait_state[0m:[36m618[0m - [1mWaiting for ball estimator: samples=0/31 visible=False ready=False pos=[0. 0. 0.] vel=[0. 0. 0.][0m
[32m2026-06-29 01:03:25.430[0m | [1mINFO    [0m | [36menvs.hitter[0m:[36m_log_ball_planner_wait_state[0m:[36m618[0m - [1mWaiting for ball estimator: samples=0/31 visible=False ready=False pos=[0. 0. 0.] vel=[0. 0. 0.][0m
[32m2026-06-29 01:03:25.932[0m | [1mINFO    [0m | [36menvs.hitter[0m:[36m_log_ball_planner_wait_state[0m:[36m618[0m - [1mWaiting for ball estimator: samples=0/31 visible=False ready=False pos=[0. 0. 0.] vel=[0. 0. 0.][0m
[32m2026-06-29 01:03:26.433[0m | [1mINFO    [0m | [36menvs.hitter[0m:[36m_log_ball_planner_wait_state[0m:[36m618[0m - [1mWaiting for ball estimator: samples=0/31 visible=False ready=False pos=[0. 0. 0.] vel=[0. 0. 0.][0m
[32m2026-06-29 01:03:26.935[0m | [1mINFO    [0m | [36menvs.hitter[0m:[36m_log_ball_planner_wait_state[0m:[36m618[0m - [1mWaiting for ball estimator: samples=0/31 visible=False ready=False pos=[0. 0. 0.] vel=[0. 0. 0.][0m
[32m2026-06-29 01:03:27.437[0m | [1mINFO    [0m | [36menvs.hitter[0m:[36m_log_ball_planner_wait_state[0m:[36m618[0m - [1mWaiting for ball estimator: samples=0/31 visible=False ready=False pos=[0. 0. 0.] vel=[0. 0. 0.][0m
[32m2026-06-29 01:03:27.939[0m | [1mINFO    [0m | [36menvs.hitter[0m:[36m_log_ball_planner_wait_state[0m:[36m618[0m - [1mWaiting for ball estimator: samples=0/31 visible=False ready=False pos=[0. 0. 0.] vel=[0. 0. 0.][0m
[32m2026-06-29 01:03:28.441[0m | [1mINFO    [0m | [36menvs.hitter[0m:[36m_log_ball_planner_wait_state[0m:[36m618[0m - [1mWaiting for ball estimator: samples=0/31 visible=False ready=False pos=[0. 0. 0.] vel=[0. 0. 0.][0m
[32m2026-06-29 01:03:28.942[0m | [1mINFO    [0m | [36menvs.hitter[0m:[36m_log_ball_planner_wait_state[0m:[36m618[0m - [1mWaiting for ball estimator: samples=0/31 visible=False ready=False pos=[0. 0. 0.] vel=[0. 0. 0.][0m
[32m2026-06-29 01:03:29.445[0m | [1mINFO    [0m | [36menvs.hitter[0m:[36m_log_ball_planner_wait_state[0m:[36m618[0m - [1mWaiting for ball estimator: samples=0/31 visible=False ready=False pos=[0. 0. 0.] vel=[0. 0. 0.][0m
[32m2026-06-29 01:03:29.946[0m | [1mINFO    [0m | [36menvs.hitter[0m:[36m_log_ball_planner_wait_state[0m:[36m618[0m - [1mWaiting for ball estimator: samples=0/31 visible=False ready=False pos=[0. 0. 0.] vel=[0. 0. 0.][0m
[32m2026-06-29 01:03:30.448[0m | [1mINFO    [0m | [36menvs.hitter[0m:[36m_log_ball_planner_wait_state[0m:[36m618[0m - [1mWaiting for ball estimator: samples=0/31 visible=False ready=False pos=[0. 0. 0.] vel=[0. 0. 0.][0m
[32m2026-06-29 01:03:30.950[0m | [1mINFO    [0m | [36menvs.hitter[0m:[36m_log_ball_planner_wait_state[0m:[36m618[0m - [1mWaiting for ball estimator: samples=0/31 visible=False ready=False pos=[0. 0. 0.] vel=[0. 0. 0.][0m
[32m2026-06-29 01:03:31.451[0m | [1mINFO    [0m | [36menvs.hitter[0m:[36m_log_ball_planner_wait_state[0m:[36m618[0m - [1mWaiting for ball estimator: samples=0/31 visible=False ready=False pos=[0. 0. 0.] vel=[0. 0. 0.][0m
[32m2026-06-29 01:03:31.953[0m | [1mINFO    [0m | [36menvs.hitter[0m:[36m_log_ball_planner_wait_state[0m:[36m618[0m - [1mWaiting for ball estimator: samples=0/31 visible=False ready=False pos=[0. 0. 0.] vel=[0. 0. 0.][0m
[32m2026-06-29 01:03:32.455[0m | [1mINFO    [0m | [36menvs.hitter[0m:[36m_log_ball_planner_wait_state[0m:[36m618[0m - [1mWaiting for ball estimator: samples=0/31 visible=False ready=False pos=[0. 0. 0.] vel=[0. 0. 0.][0m
[32m2026-06-29 01:03:32.956[0m | [1mINFO    [0m | [36menvs.hitter[0m:[36m_log_ball_planner_wait_state[0m:[36m618[0m - [1mWaiting for ball estimator: samples=0/31 visible=False ready=False pos=[0. 0. 0.] vel=[0. 0. 0.][0m
[32m2026-06-29 01:03:33.459[0m | [1mINFO    [0m | [36menvs.hitter[0m:[36m_log_ball_planner_wait_state[0m:[36m618[0m - [1mWaiting for ball estimator: samples=0/31 visible=False ready=False pos=[0. 0. 0.] vel=[0. 0. 0.][0m
[32m2026-06-29 01:03:33.677[0m | [33m[1mWARNING [0m | [36magents.loco_hitter_agent[0m:[36mrun[0m:[36m244[0m - [33m[1mStep timeout: -0.0211s[0m
[32m2026-06-29 01:03:33.961[0m | [1mINFO    [0m | [36menvs.hitter[0m:[36m_log_ball_planner_wait_state[0m:[36m618[0m - [1mWaiting for ball estimator: samples=0/31 visible=False ready=False pos=[0. 0. 0.] vel=[0. 0. 0.][0m
[32m2026-06-29 01:03:34.463[0m | [1mINFO    [0m | [36menvs.hitter[0m:[36m_log_ball_planner_wait_state[0m:[36m618[0m - [1mWaiting for ball estimator: samples=0/31 visible=False ready=False pos=[0. 0. 0.] vel=[0. 0. 0.][0m
[32m2026-06-29 01:03:34.965[0m | [1mINFO    [0m | [36menvs.hitter[0m:[36m_log_ball_planner_wait_state[0m:[36m618[0m - [1mWaiting for ball estimator: samples=0/31 visible=False ready=False pos=[0. 0. 0.] vel=[0. 0. 0.][0m
[32m2026-06-29 01:03:35.467[0m | [1mINFO    [0m | [36menvs.hitter[0m:[36m_log_ball_planner_wait_state[0m:[36m618[0m - [1mWaiting for ball estimator: samples=0/31 visible=False ready=False pos=[0. 0. 0.] vel=[0. 0. 0.][0m
[32m2026-06-29 01:03:35.968[0m | [1mINFO    [0m | [36menvs.hitter[0m:[36m_log_ball_planner_wait_state[0m:[36m618[0m - [1mWaiting for ball estimator: samples=0/31 visible=False ready=False pos=[0. 0. 0.] vel=[0. 0. 0.][0m
[32m2026-06-29 01:03:36.470[0m | [1mINFO    [0m | [36menvs.hitter[0m:[36m_log_ball_planner_wait_state[0m:[36m618[0m - [1mWaiting for ball estimator: samples=0/31 visible=False ready=False pos=[0. 0. 0.] vel=[0. 0. 0.][0m
[32m2026-06-29 01:03:36.909[0m | [33m[1mWARNING [0m | [36magents.loco_hitter_agent[0m:[36mrun[0m:[36m244[0m - [33m[1mStep timeout: -0.0018s[0m
[32m2026-06-29 01:03:36.974[0m | [1mINFO    [0m | [36menvs.hitter[0m:[36m_log_ball_planner_wait_state[0m:[36m618[0m - [1mWaiting for ball estimator: samples=0/31 visible=False ready=False pos=[0. 0. 0.] vel=[0. 0. 0.][0m
[32m2026-06-29 01:03:37.477[0m | [1mINFO    [0m | [36menvs.hitter[0m:[36m_log_ball_planner_wait_state[0m:[36m618[0m - [1mWaiting for ball estimator: samples=0/31 visible=False ready=False pos=[0. 0. 0.] vel=[0. 0. 0.][0m
[32m2026-06-29 01:03:37.997[0m | [1mINFO    [0m | [36menvs.hitter[0m:[36m_log_ball_planner_wait_state[0m:[36m618[0m - [1mWaiting for ball estimator: samples=0/31 visible=False ready=False pos=[0. 0. 0.] vel=[0. 0. 0.][0m
[32m2026-06-29 01:03:38.502[0m | [1mINFO    [0m | [36menvs.hitter[0m:[36m_log_ball_planner_wait_state[0m:[36m618[0m - [1mWaiting for ball estimator: samples=0/31 visible=False ready=False pos=[0. 0. 0.] vel=[0. 0. 0.][0m
[32m2026-06-29 01:03:39.021[0m | [1mINFO    [0m | [36menvs.hitter[0m:[36m_log_ball_planner_wait_state[0m:[36m618[0m - [1mWaiting for ball estimator: samples=0/31 visible=False ready=False pos=[0. 0. 0.] vel=[0. 0. 0.][0m
[32m2026-06-29 01:03:39.522[0m | [1mINFO    [0m | [36menvs.hitter[0m:[36m_log_ball_planner_wait_state[0m:[36m618[0m - [1mWaiting for ball estimator: samples=0/31 visible=False ready=False pos=[0. 0. 0.] vel=[0. 0. 0.][0m
[32m2026-06-29 01:03:40.026[0m | [1mINFO    [0m | [36menvs.hitter[0m:[36m_log_ball_planner_wait_state[0m:[36m618[0m - [1mWaiting for ball estimator: samples=0/31 visible=False ready=False pos=[0. 0. 0.] vel=[0. 0. 0.][0m
[32m2026-06-29 01:03:40.546[0m | [1mINFO    [0m | [36menvs.hitter[0m:[36m_log_ball_planner_wait_state[0m:[36m618[0m - [1mWaiting for ball estimator: samples=0/31 visible=False ready=False pos=[0. 0. 0.] vel=[0. 0. 0.][0m
[32m2026-06-29 01:03:41.047[0m | [1mINFO    [0m | [36menvs.hitter[0m:[36m_log_ball_planner_wait_state[0m:[36m618[0m - [1mWaiting for ball estimator: samples=0/31 visible=False ready=False pos=[0. 0. 0.] vel=[0. 0. 0.][0m
[32m2026-06-29 01:03:41.549[0m | [1mINFO    [0m | [36menvs.hitter[0m:[36m_log_ball_planner_wait_state[0m:[36m618[0m - [1mWaiting for ball estimator: samples=0/31 visible=False ready=False pos=[0. 0. 0.] vel=[0. 0. 0.][0m
[32m2026-06-29 01:03:42.051[0m | [1mINFO    [0m | [36menvs.hitter[0m:[36m_log_ball_planner_wait_state[0m:[36m618[0m - [1mWaiting for ball estimator: samples=0/31 visible=False ready=False pos=[0. 0. 0.] vel=[0. 0. 0.][0m
[32m2026-06-29 01:03:42.555[0m | [1mINFO    [0m | [36menvs.hitter[0m:[36m_log_ball_planner_wait_state[0m:[36m618[0m - [1mWaiting for ball estimator: samples=0/31 visible=False ready=False pos=[0. 0. 0.] vel=[0. 0. 0.][0m
[32m2026-06-29 01:03:43.077[0m | [1mINFO    [0m | [36menvs.hitter[0m:[36m_log_ball_planner_wait_state[0m:[36m618[0m - [1mWaiting for ball estimator: samples=0/31 visible=False ready=False pos=[0. 0. 0.] vel=[0. 0. 0.][0m
[32m2026-06-29 01:03:43.596[0m | [1mINFO    [0m | [36menvs.hitter[0m:[36m_log_ball_planner_wait_state[0m:[36m618[0m - [1mWaiting for ball estimator: samples=0/31 visible=False ready=False pos=[0. 0. 0.] vel=[0. 0. 0.][0m
[32m2026-06-29 01:03:43.726[0m | [33m[1mWARNING [0m | [36magents.loco_hitter_agent[0m:[36mrun[0m:[36m244[0m - [33m[1mStep timeout: -0.0131s[0m
[32m2026-06-29 01:03:43.759[0m | [33m[1mWARNING [0m | [36magents.loco_hitter_agent[0m:[36mrun[0m:[36m244[0m - [33m[1mStep timeout: -0.0127s[0m
[32m2026-06-29 01:03:44.107[0m | [1mINFO    [0m | [36menvs.hitter[0m:[36m_log_ball_planner_wait_state[0m:[36m618[0m - [1mWaiting for ball estimator: samples=0/31 visible=False ready=False pos=[0. 0. 0.] vel=[0. 0. 0.][0m
[32m2026-06-29 01:03:44.626[0m | [1mINFO    [0m | [36menvs.hitter[0m:[36m_log_ball_planner_wait_state[0m:[36m618[0m - [1mWaiting for ball estimator: samples=0/31 visible=False ready=False pos=[0. 0. 0.] vel=[0. 0. 0.][0m
[32m2026-06-29 01:03:45.130[0m | [1mINFO    [0m | [36menvs.hitter[0m:[36m_log_ball_planner_wait_state[0m:[36m618[0m - [1mWaiting for ball estimator: samples=0/31 visible=False ready=False pos=[0. 0. 0.] vel=[0. 0. 0.][0m
[32m2026-06-29 01:03:45.632[0m | [1mINFO    [0m | [36menvs.hitter[0m:[36m_log_ball_planner_wait_state[0m:[36m618[0m - [1mWaiting for ball estimator: samples=0/31 visible=False ready=False pos=[0. 0. 0.] vel=[0. 0. 0.][0m
[32m2026-06-29 01:03:46.151[0m | [1mINFO    [0m | [36menvs.hitter[0m:[36m_log_ball_planner_wait_state[0m:[36m618[0m - [1mWaiting for ball estimator: samples=0/31 visible=False ready=False pos=[0. 0. 0.] vel=[0. 0. 0.][0m
[32m2026-06-29 01:03:46.488[0m | [33m[1mWARNING [0m | [36magents.loco_hitter_agent[0m:[36mrun[0m:[36m244[0m - [33m[1mStep timeout: -0.0202s[0m
[32m2026-06-29 01:03:46.652[0m | [1mINFO    [0m | [36menvs.hitter[0m:[36m_log_ball_planner_wait_state[0m:[36m618[0m - [1mWaiting for ball estimator: samples=0/31 visible=False ready=False pos=[0. 0. 0.] vel=[0. 0. 0.][0m
[32m2026-06-29 01:03:47.153[0m | [1mINFO    [0m | [36menvs.hitter[0m:[36m_log_ball_planner_wait_state[0m:[36m618[0m - [1mWaiting for ball estimator: samples=0/31 visible=False ready=False pos=[0. 0. 0.] vel=[0. 0. 0.][0m
[32m2026-06-29 01:03:47.655[0m | [1mINFO    [0m | [36menvs.hitter[0m:[36m_log_ball_planner_wait_state[0m:[36m618[0m - [1mWaiting for ball estimator: samples=0/31 visible=False ready=False pos=[0. 0. 0.] vel=[0. 0. 0.][0m
[32m2026-06-29 01:03:48.159[0m | [1mINFO    [0m | [36menvs.hitter[0m:[36m_log_ball_planner_wait_state[0m:[36m618[0m - [1mWaiting for ball estimator: samples=0/31 visible=False ready=False pos=[0. 0. 0.] vel=[0. 0. 0.][0m
[32m2026-06-29 01:03:48.216[0m | [33m[1mWARNING [0m | [36magents.loco_hitter_agent[0m:[36mrun[0m:[36m244[0m - [33m[1mStep timeout: -0.0026s[0m
[32m2026-06-29 01:03:48.661[0m | [1mINFO    [0m | [36menvs.hitter[0m:[36m_log_ball_planner_wait_state[0m:[36m618[0m - [1mWaiting for ball estimator: samples=0/31 visible=False ready=False pos=[0. 0. 0.] vel=[0. 0. 0.][0m
[32m2026-06-29 01:03:49.163[0m | [1mINFO    [0m | [36menvs.hitter[0m:[36m_log_ball_planner_wait_state[0m:[36m618[0m - [1mWaiting for ball estimator: samples=0/31 visible=False ready=False pos=[0. 0. 0.] vel=[0. 0. 0.][0m
[32m2026-06-29 01:03:49.668[0m | [1mINFO    [0m | [36menvs.hitter[0m:[36m_log_ball_planner_wait_state[0m:[36m618[0m - [1mWaiting for ball estimator: samples=0/31 visible=False ready=False pos=[0. 0. 0.] vel=[0. 0. 0.][0m
[32m2026-06-29 01:03:50.172[0m | [1mINFO    [0m | [36menvs.hitter[0m:[36m_log_ball_planner_wait_state[0m:[36m618[0m - [1mWaiting for ball estimator: samples=0/31 visible=False ready=False pos=[0. 0. 0.] vel=[0. 0. 0.][0m
[32m2026-06-29 01:03:50.688[0m | [1mINFO    [0m | [36menvs.hitter[0m:[36m_log_ball_planner_wait_state[0m:[36m618[0m - [1mWaiting for ball estimator: samples=0/31 visible=False ready=False pos=[0. 0. 0.] vel=[0. 0. 0.][0m
[32m2026-06-29 01:03:51.190[0m | [1mINFO    [0m | [36menvs.hitter[0m:[36m_log_ball_planner_wait_state[0m:[36m618[0m - [1mWaiting for ball estimator: samples=0/31 visible=False ready=False pos=[0. 0. 0.] vel=[0. 0. 0.][0m
[32m2026-06-29 01:03:51.691[0m | [1mINFO    [0m | [36menvs.hitter[0m:[36m_log_ball_planner_wait_state[0m:[36m618[0m - [1mWaiting for ball estimator: samples=0/31 visible=False ready=False pos=[0. 0. 0.] vel=[0. 0. 0.][0m
[32m2026-06-29 01:03:52.193[0m | [1mINFO    [0m | [36menvs.hitter[0m:[36m_log_ball_planner_wait_state[0m:[36m618[0m - [1mWaiting for ball estimator: samples=0/31 visible=False ready=False pos=[0. 0. 0.] vel=[0. 0. 0.][0m
[32m2026-06-29 01:03:52.694[0m | [1mINFO    [0m | [36menvs.hitter[0m:[36m_log_ball_planner_wait_state[0m:[36m618[0m - [1mWaiting for ball estimator: samples=0/31 visible=False ready=False pos=[0. 0. 0.] vel=[0. 0. 0.][0m
[32m2026-06-29 01:03:53.196[0m | [1mINFO    [0m | [36menvs.hitter[0m:[36m_log_ball_planner_wait_state[0m:[36m618[0m - [1mWaiting for ball estimator: samples=0/31 visible=False ready=False pos=[0. 0. 0.] vel=[0. 0. 0.][0m
[32m2026-06-29 01:03:53.697[0m | [1mINFO    [0m | [36menvs.hitter[0m:[36m_log_ball_planner_wait_state[0m:[36m618[0m - [1mWaiting for ball estimator: samples=0/31 visible=False ready=False pos=[0. 0. 0.] vel=[0. 0. 0.][0m
[32m2026-06-29 01:03:54.199[0m | [1mINFO    [0m | [36menvs.hitter[0m:[36m_log_ball_planner_wait_state[0m:[36m618[0m - [1mWaiting for ball estimator: samples=0/31 visible=False ready=False pos=[0. 0. 0.] vel=[0. 0. 0.][0m
[32m2026-06-29 01:03:54.701[0m | [1mINFO    [0m | [36menvs.hitter[0m:[36m_log_ball_planner_wait_state[0m:[36m618[0m - [1mWaiting for ball estimator: samples=0/31 visible=False ready=False pos=[0. 0. 0.] vel=[0. 0. 0.][0m
[32m2026-06-29 01:03:55.202[0m | [1mINFO    [0m | [36menvs.hitter[0m:[36m_log_ball_planner_wait_state[0m:[36m618[0m - [1mWaiting for ball estimator: samples=0/31 visible=False ready=False pos=[0. 0. 0.] vel=[0. 0. 0.][0m
[32m2026-06-29 01:03:55.707[0m | [1mINFO    [0m | [36menvs.hitter[0m:[36m_log_ball_planner_wait_state[0m:[36m618[0m - [1mWaiting for ball estimator: samples=0/31 visible=False ready=False pos=[0. 0. 0.] vel=[0. 0. 0.][0m
[32m2026-06-29 01:03:56.226[0m | [1mINFO    [0m | [36menvs.hitter[0m:[36m_log_ball_planner_wait_state[0m:[36m618[0m - [1mWaiting for ball estimator: samples=0/31 visible=False ready=False pos=[0. 0. 0.] vel=[0. 0. 0.][0m
[32m2026-06-29 01:03:56.727[0m | [1mINFO    [0m | [36menvs.hitter[0m:[36m_log_ball_planner_wait_state[0m:[36m618[0m - [1mWaiting for ball estimator: samples=0/31 visible=False ready=False pos=[0. 0. 0.] vel=[0. 0. 0.][0m
[32m2026-06-29 01:03:57.229[0m | [1mINFO    [0m | [36menvs.hitter[0m:[36m_log_ball_planner_wait_state[0m:[36m618[0m - [1mWaiting for ball estimator: samples=0/31 visible=False ready=False pos=[0. 0. 0.] vel=[0. 0. 0.][0m
[32m2026-06-29 01:03:57.731[0m | [1mINFO    [0m | [36menvs.hitter[0m:[36m_log_ball_planner_wait_state[0m:[36m618[0m - [1mWaiting for ball estimator: samples=0/31 visible=False ready=False pos=[0. 0. 0.] vel=[0. 0. 0.][0m
[32m2026-06-29 01:03:58.232[0m | [1mINFO    [0m | [36menvs.hitter[0m:[36m_log_ball_planner_wait_state[0m:[36m618[0m - [1mWaiting for ball estimator: samples=0/31 visible=False ready=False pos=[0. 0. 0.] vel=[0. 0. 0.][0m
[32m2026-06-29 01:03:58.734[0m | [1mINFO    [0m | [36menvs.hitter[0m:[36m_log_ball_planner_wait_state[0m:[36m618[0m - [1mWaiting for ball estimator: samples=0/31 visible=False ready=False pos=[0. 0. 0.] vel=[0. 0. 0.][0m
[32m2026-06-29 01:03:59.235[0m | [1mINFO    [0m | [36menvs.hitter[0m:[36m_log_ball_planner_wait_state[0m:[36m618[0m - [1mWaiting for ball estimator: samples=0/31 visible=False ready=False pos=[0. 0. 0.] vel=[0. 0. 0.][0m
[32m2026-06-29 01:03:59.353[0m | [33m[1mWARNING [0m | [36magents.loco_hitter_agent[0m:[36mrun[0m:[36m244[0m - [33m[1mStep timeout: -0.0209s[0m
[32m2026-06-29 01:03:59.738[0m | [1mINFO    [0m | [36menvs.hitter[0m:[36m_log_ball_planner_wait_state[0m:[36m618[0m - [1mWaiting for ball estimator: samples=0/31 visible=False ready=False pos=[0. 0. 0.] vel=[0. 0. 0.][0m
[32m2026-06-29 01:04:00.239[0m | [1mINFO    [0m | [36menvs.hitter[0m:[36m_log_ball_planner_wait_state[0m:[36m618[0m - [1mWaiting for ball estimator: samples=0/31 visible=False ready=False pos=[0. 0. 0.] vel=[0. 0. 0.][0m
[32m2026-06-29 01:04:00.741[0m | [1mINFO    [0m | [36menvs.hitter[0m:[36m_log_ball_planner_wait_state[0m:[36m618[0m - [1mWaiting for ball estimator: samples=0/31 visible=False ready=False pos=[0. 0. 0.] vel=[0. 0. 0.][0m
[32m2026-06-29 01:04:01.243[0m | [1mINFO    [0m | [36menvs.hitter[0m:[36m_log_ball_planner_wait_state[0m:[36m618[0m - [1mWaiting for ball estimator: samples=0/31 visible=False ready=False pos=[0. 0. 0.] vel=[0. 0. 0.][0m
[32m2026-06-29 01:04:01.745[0m | [1mINFO    [0m | [36menvs.hitter[0m:[36m_log_ball_planner_wait_state[0m:[36m618[0m - [1mWaiting for ball estimator: samples=0/31 visible=False ready=False pos=[0. 0. 0.] vel=[0. 0. 0.][0m
[32m2026-06-29 01:04:02.246[0m | [1mINFO    [0m | [36menvs.hitter[0m:[36m_log_ball_planner_wait_state[0m:[36m618[0m - [1mWaiting for ball estimator: samples=0/31 visible=False ready=False pos=[0. 0. 0.] vel=[0. 0. 0.][0m
[32m2026-06-29 01:04:02.748[0m | [1mINFO    [0m | [36menvs.hitter[0m:[36m_log_ball_planner_wait_state[0m:[36m618[0m - [1mWaiting for ball estimator: samples=0/31 visible=False ready=False pos=[0. 0. 0.] vel=[0. 0. 0.][0m
[32m2026-06-29 01:04:03.250[0m | [1mINFO    [0m | [36menvs.hitter[0m:[36m_log_ball_planner_wait_state[0m:[36m618[0m - [1mWaiting for ball estimator: samples=0/31 visible=False ready=False pos=[0. 0. 0.] vel=[0. 0. 0.][0m
[32m2026-06-29 01:04:03.751[0m | [1mINFO    [0m | [36menvs.hitter[0m:[36m_log_ball_planner_wait_state[0m:[36m618[0m - [1mWaiting for ball estimator: samples=0/31 visible=False ready=False pos=[0. 0. 0.] vel=[0. 0. 0.][0m
[32m2026-06-29 01:04:04.253[0m | [1mINFO    [0m | [36menvs.hitter[0m:[36m_log_ball_planner_wait_state[0m:[36m618[0m - [1mWaiting for ball estimator: samples=0/31 visible=False ready=False pos=[0. 0. 0.] vel=[0. 0. 0.][0m
[32m2026-06-29 01:04:04.754[0m | [1mINFO    [0m | [36menvs.hitter[0m:[36m_log_ball_planner_wait_state[0m:[36m618[0m - [1mWaiting for ball estimator: samples=0/31 visible=False ready=False pos=[0. 0. 0.] vel=[0. 0. 0.][0m
[32m2026-06-29 01:04:05.256[0m | [1mINFO    [0m | [36menvs.hitter[0m:[36m_log_ball_planner_wait_state[0m:[36m618[0m - [1mWaiting for ball estimator: samples=0/31 visible=False ready=False pos=[0. 0. 0.] vel=[0. 0. 0.][0m
[32m2026-06-29 01:04:05.758[0m | [1mINFO    [0m | [36menvs.hitter[0m:[36m_log_ball_planner_wait_state[0m:[36m618[0m - [1mWaiting for ball estimator: samples=0/31 visible=False ready=False pos=[0. 0. 0.] vel=[0. 0. 0.][0m
[32m2026-06-29 01:04:06.259[0m | [1mINFO    [0m | [36menvs.hitter[0m:[36m_log_ball_planner_wait_state[0m:[36m618[0m - [1mWaiting for ball estimator: samples=0/31 visible=False ready=False pos=[0. 0. 0.] vel=[0. 0. 0.][0m
[32m2026-06-29 01:04:06.761[0m | [1mINFO    [0m | [36menvs.hitter[0m:[36m_log_ball_planner_wait_state[0m:[36m618[0m - [1mWaiting for ball estimator: samples=0/31 visible=False ready=False pos=[0. 0. 0.] vel=[0. 0. 0.][0m
[32m2026-06-29 01:04:07.266[0m | [1mINFO    [0m | [36menvs.hitter[0m:[36m_log_ball_planner_wait_state[0m:[36m618[0m - [1mWaiting for ball estimator: samples=0/31 visible=False ready=False pos=[0. 0. 0.] vel=[0. 0. 0.][0m
[32m2026-06-29 01:04:07.631[0m | [33m[1mWARNING [0m | [36magents.loco_hitter_agent[0m:[36mrun[0m:[36m244[0m - [33m[1mStep timeout: -0.0107s[0m
[32m2026-06-29 01:04:07.775[0m | [1mINFO    [0m | [36menvs.hitter[0m:[36m_log_ball_planner_wait_state[0m:[36m618[0m - [1mWaiting for ball estimator: samples=0/31 visible=False ready=False pos=[0. 0. 0.] vel=[0. 0. 0.][0m
[32m2026-06-29 01:04:08.277[0m | [1mINFO    [0m | [36menvs.hitter[0m:[36m_log_ball_planner_wait_state[0m:[36m618[0m - [1mWaiting for ball estimator: samples=0/31 visible=False ready=False pos=[0. 0. 0.] vel=[0. 0. 0.][0m
[32m2026-06-29 01:04:08.778[0m | [1mINFO    [0m | [36menvs.hitter[0m:[36m_log_ball_planner_wait_state[0m:[36m618[0m - [1mWaiting for ball estimator: samples=0/31 visible=False ready=False pos=[0. 0. 0.] vel=[0. 0. 0.][0m
[32m2026-06-29 01:04:09.280[0m | [1mINFO    [0m | [36menvs.hitter[0m:[36m_log_ball_planner_wait_state[0m:[36m618[0m - [1mWaiting for ball estimator: samples=0/31 visible=False ready=False pos=[0. 0. 0.] vel=[0. 0. 0.][0m
[32m2026-06-29 01:04:09.783[0m | [1mINFO    [0m | [36menvs.hitter[0m:[36m_log_ball_planner_wait_state[0m:[36m618[0m - [1mWaiting for ball estimator: samples=0/31 visible=False ready=False pos=[0. 0. 0.] vel=[0. 0. 0.][0m
[32m2026-06-29 01:04:10.284[0m | [1mINFO    [0m | [36menvs.hitter[0m:[36m_log_ball_planner_wait_state[0m:[36m618[0m - [1mWaiting for ball estimator: samples=0/31 visible=False ready=False pos=[0. 0. 0.] vel=[0. 0. 0.][0m
[32m2026-06-29 01:04:10.788[0m | [1mINFO    [0m | [36menvs.hitter[0m:[36m_log_ball_planner_wait_state[0m:[36m618[0m - [1mWaiting for ball estimator: samples=0/31 visible=False ready=False pos=[0. 0. 0.] vel=[0. 0. 0.][0m
[32m2026-06-29 01:04:11.307[0m | [1mINFO    [0m | [36menvs.hitter[0m:[36m_log_ball_planner_wait_state[0m:[36m618[0m - [1mWaiting for ball estimator: samples=0/31 visible=False ready=False pos=[0. 0. 0.] vel=[0. 0. 0.][0m
[32m2026-06-29 01:04:11.809[0m | [1mINFO    [0m | [36menvs.hitter[0m:[36m_log_ball_planner_wait_state[0m:[36m618[0m - [1mWaiting for ball estimator: samples=0/31 visible=False ready=False pos=[0. 0. 0.] vel=[0. 0. 0.][0m
[32m2026-06-29 01:04:12.310[0m | [1mINFO    [0m | [36menvs.hitter[0m:[36m_log_ball_planner_wait_state[0m:[36m618[0m - [1mWaiting for ball estimator: samples=0/31 visible=False ready=False pos=[0. 0. 0.] vel=[0. 0. 0.][0m
[32m2026-06-29 01:04:12.409[0m | [33m[1mWARNING [0m | [36magents.loco_hitter_agent[0m:[36mrun[0m:[36m244[0m - [33m[1mStep timeout: -0.0226s[0m
[32m2026-06-29 01:04:12.814[0m | [1mINFO    [0m | [36menvs.hitter[0m:[36m_log_ball_planner_wait_state[0m:[36m618[0m - [1mWaiting for ball estimator: samples=0/31 visible=False ready=False pos=[0. 0. 0.] vel=[0. 0. 0.][0m
[32m2026-06-29 01:04:13.315[0m | [1mINFO    [0m | [36menvs.hitter[0m:[36m_log_ball_planner_wait_state[0m:[36m618[0m - [1mWaiting for ball estimator: samples=0/31 visible=False ready=False pos=[0. 0. 0.] vel=[0. 0. 0.][0m
[32m2026-06-29 01:04:13.817[0m | [1mINFO    [0m | [36menvs.hitter[0m:[36m_log_ball_planner_wait_state[0m:[36m618[0m - [1mWaiting for ball estimator: samples=0/31 visible=False ready=False pos=[0. 0. 0.] vel=[0. 0. 0.][0m
[32m2026-06-29 01:04:14.318[0m | [1mINFO    [0m | [36menvs.hitter[0m:[36m_log_ball_planner_wait_state[0m:[36m618[0m - [1mWaiting for ball estimator: samples=0/31 visible=False ready=False pos=[0. 0. 0.] vel=[0. 0. 0.][0m
[32m2026-06-29 01:04:14.820[0m | [1mINFO    [0m | [36menvs.hitter[0m:[36m_log_ball_planner_wait_state[0m:[36m618[0m - [1mWaiting for ball estimator: samples=0/31 visible=False ready=False pos=[0. 0. 0.] vel=[0. 0. 0.][0m
[32m2026-06-29 01:04:15.321[0m | [1mINFO    [0m | [36menvs.hitter[0m:[36m_log_ball_planner_wait_state[0m:[36m618[0m - [1mWaiting for ball estimator: samples=0/31 visible=False ready=False pos=[0. 0. 0.] vel=[0. 0. 0.][0m
[32m2026-06-29 01:04:15.822[0m | [1mINFO    [0m | [36menvs.hitter[0m:[36m_log_ball_planner_wait_state[0m:[36m618[0m - [1mWaiting for ball estimator: samples=0/31 visible=False ready=False pos=[0. 0. 0.] vel=[0. 0. 0.][0m
[32m2026-06-29 01:04:16.329[0m | [1mINFO    [0m | [36menvs.hitter[0m:[36m_log_ball_planner_wait_state[0m:[36m618[0m - [1mWaiting for ball estimator: samples=0/31 visible=False ready=False pos=[0. 0. 0.] vel=[0. 0. 0.][0m
[32m2026-06-29 01:04:16.846[0m | [1mINFO    [0m | [36menvs.hitter[0m:[36m_log_ball_planner_wait_state[0m:[36m618[0m - [1mWaiting for ball estimator: samples=0/31 visible=False ready=False pos=[0. 0. 0.] vel=[0. 0. 0.][0m
[32m2026-06-29 01:04:17.347[0m | [1mINFO    [0m | [36menvs.hitter[0m:[36m_log_ball_planner_wait_state[0m:[36m618[0m - [1mWaiting for ball estimator: samples=0/31 visible=False ready=False pos=[0. 0. 0.] vel=[0. 0. 0.][0m
[32m2026-06-29 01:04:17.849[0m | [1mINFO    [0m | [36menvs.hitter[0m:[36m_log_ball_planner_wait_state[0m:[36m618[0m - [1mWaiting for ball estimator: samples=0/31 visible=False ready=False pos=[0. 0. 0.] vel=[0. 0. 0.][0m
[32m2026-06-29 01:04:18.351[0m | [1mINFO    [0m | [36menvs.hitter[0m:[36m_log_ball_planner_wait_state[0m:[36m618[0m - [1mWaiting for ball estimator: samples=0/31 visible=False ready=False pos=[0. 0. 0.] vel=[0. 0. 0.][0m
[32m2026-06-29 01:04:18.852[0m | [1mINFO    [0m | [36menvs.hitter[0m:[36m_log_ball_planner_wait_state[0m:[36m618[0m - [1mWaiting for ball estimator: samples=0/31 visible=False ready=False pos=[0. 0. 0.] vel=[0. 0. 0.][0m
[32m2026-06-29 01:04:19.354[0m | [1mINFO    [0m | [36menvs.hitter[0m:[36m_log_ball_planner_wait_state[0m:[36m618[0m - [1mWaiting for ball estimator: samples=0/31 visible=False ready=False pos=[0. 0. 0.] vel=[0. 0. 0.][0m
[32m2026-06-29 01:04:19.855[0m | [1mINFO    [0m | [36menvs.hitter[0m:[36m_log_ball_planner_wait_state[0m:[36m618[0m - [1mWaiting for ball estimator: samples=0/31 visible=False ready=False pos=[0. 0. 0.] vel=[0. 0. 0.][0m
[32m2026-06-29 01:04:20.356[0m | [1mINFO    [0m | [36menvs.hitter[0m:[36m_log_ball_planner_wait_state[0m:[36m618[0m - [1mWaiting for ball estimator: samples=0/31 visible=False ready=False pos=[0. 0. 0.] vel=[0. 0. 0.][0m
[32m2026-06-29 01:04:20.794[0m | [33m[1mWARNING [0m | [36magents.loco_hitter_agent[0m:[36mrun[0m:[36m244[0m - [33m[1mStep timeout: -0.0000s[0m
[32m2026-06-29 01:04:20.823[0m | [33m[1mWARNING [0m | [36magents.loco_hitter_agent[0m:[36mrun[0m:[36m244[0m - [33m[1mStep timeout: -0.0084s[0m
[32m2026-06-29 01:04:20.867[0m | [1mINFO    [0m | [36menvs.hitter[0m:[36m_log_ball_planner_wait_state[0m:[36m618[0m - [1mWaiting for ball estimator: samples=0/31 visible=False ready=False pos=[0. 0. 0.] vel=[0. 0. 0.][0m
[32m2026-06-29 01:04:21.368[0m | [1mINFO    [0m | [36menvs.hitter[0m:[36m_log_ball_planner_wait_state[0m:[36m618[0m - [1mWaiting for ball estimator: samples=0/31 visible=False ready=False pos=[0. 0. 0.] vel=[0. 0. 0.][0m
[32m2026-06-29 01:04:21.870[0m | [1mINFO    [0m | [36menvs.hitter[0m:[36m_log_ball_planner_wait_state[0m:[36m618[0m - [1mWaiting for ball estimator: samples=0/31 visible=False ready=False pos=[0. 0. 0.] vel=[0. 0. 0.][0m
[32m2026-06-29 01:04:22.371[0m | [1mINFO    [0m | [36menvs.hitter[0m:[36m_log_ball_planner_wait_state[0m:[36m618[0m - [1mWaiting for ball estimator: samples=0/31 visible=False ready=False pos=[0. 0. 0.] vel=[0. 0. 0.][0m
[32m2026-06-29 01:04:22.873[0m | [1mINFO    [0m | [36menvs.hitter[0m:[36m_log_ball_planner_wait_state[0m:[36m618[0m - [1mWaiting for ball estimator: samples=0/31 visible=False ready=False pos=[0. 0. 0.] vel=[0. 0. 0.][0m
[32m2026-06-29 01:04:23.375[0m | [1mINFO    [0m | [36menvs.hitter[0m:[36m_log_ball_planner_wait_state[0m:[36m618[0m - [1mWaiting for ball estimator: samples=0/31 visible=False ready=False pos=[0. 0. 0.] vel=[0. 0. 0.][0m
[32m2026-06-29 01:04:23.880[0m | [1mINFO    [0m | [36menvs.hitter[0m:[36m_log_ball_planner_wait_state[0m:[36m618[0m - [1mWaiting for ball estimator: samples=0/31 visible=False ready=False pos=[0. 0. 0.] vel=[0. 0. 0.][0m
[32m2026-06-29 01:04:24.399[0m | [1mINFO    [0m | [36menvs.hitter[0m:[36m_log_ball_planner_wait_state[0m:[36m618[0m - [1mWaiting for ball estimator: samples=0/31 visible=False ready=False pos=[0. 0. 0.] vel=[0. 0. 0.][0m
[32m2026-06-29 01:04:24.903[0m | [1mINFO    [0m | [36menvs.hitter[0m:[36m_log_ball_planner_wait_state[0m:[36m618[0m - [1mWaiting for ball estimator: samples=0/31 visible=False ready=False pos=[0. 0. 0.] vel=[0. 0. 0.][0m
[32m2026-06-29 01:04:25.442[0m | [33m[1mWARNING [0m | [36magents.loco_hitter_agent[0m:[36mrun[0m:[36m244[0m - [33m[1mStep timeout: -0.0228s[0m
[32m2026-06-29 01:04:25.446[0m | [1mINFO    [0m | [36menvs.hitter[0m:[36m_log_ball_planner_wait_state[0m:[36m618[0m - [1mWaiting for ball estimator: samples=0/31 visible=False ready=False pos=[0. 0. 0.] vel=[0. 0. 0.][0m
[32m2026-06-29 01:04:25.950[0m | [1mINFO    [0m | [36menvs.hitter[0m:[36m_log_ball_planner_wait_state[0m:[36m618[0m - [1mWaiting for ball estimator: samples=0/31 visible=False ready=False pos=[0. 0. 0.] vel=[0. 0. 0.][0m
[32m2026-06-29 01:04:26.468[0m | [1mINFO    [0m | [36menvs.hitter[0m:[36m_log_ball_planner_wait_state[0m:[36m618[0m - [1mWaiting for ball estimator: samples=0/31 visible=False ready=False pos=[0. 0. 0.] vel=[0. 0. 0.][0m
[32m2026-06-29 01:04:26.970[0m | [1mINFO    [0m | [36menvs.hitter[0m:[36m_log_ball_planner_wait_state[0m:[36m618[0m - [1mWaiting for ball estimator: samples=0/31 visible=False ready=False pos=[0. 0. 0.] vel=[0. 0. 0.][0m
[32m2026-06-29 01:04:27.471[0m | [1mINFO    [0m | [36menvs.hitter[0m:[36m_log_ball_planner_wait_state[0m:[36m618[0m - [1mWaiting for ball estimator: samples=0/31 visible=False ready=False pos=[0. 0. 0.] vel=[0. 0. 0.][0m
[32m2026-06-29 01:04:27.973[0m | [1mINFO    [0m | [36menvs.hitter[0m:[36m_log_ball_planner_wait_state[0m:[36m618[0m - [1mWaiting for ball estimator: samples=0/31 visible=False ready=False pos=[0. 0. 0.] vel=[0. 0. 0.][0m
[32m2026-06-29 01:04:28.475[0m | [1mINFO    [0m | [36menvs.hitter[0m:[36m_log_ball_planner_wait_state[0m:[36m618[0m - [1mWaiting for ball estimator: samples=0/31 visible=False ready=False pos=[0. 0. 0.] vel=[0. 0. 0.][0m
[32m2026-06-29 01:04:28.979[0m | [1mINFO    [0m | [36menvs.hitter[0m:[36m_log_ball_planner_wait_state[0m:[36m618[0m - [1mWaiting for ball estimator: samples=0/31 visible=False ready=False pos=[0. 0. 0.] vel=[0. 0. 0.][0m
[32m2026-06-29 01:04:29.177[0m | [33m[1mWARNING [0m | [36magents.loco_hitter_agent[0m:[36mrun[0m:[36m244[0m - [33m[1mStep timeout: -0.0033s[0m
[32m2026-06-29 01:04:29.481[0m | [1mINFO    [0m | [36menvs.hitter[0m:[36m_log_ball_planner_wait_state[0m:[36m618[0m - [1mWaiting for ball estimator: samples=0/31 visible=False ready=False pos=[0. 0. 0.] vel=[0. 0. 0.][0m
[32m2026-06-29 01:04:29.983[0m | [1mINFO    [0m | [36menvs.hitter[0m:[36m_log_ball_planner_wait_state[0m:[36m618[0m - [1mWaiting for ball estimator: samples=0/31 visible=False ready=False pos=[0. 0. 0.] vel=[0. 0. 0.][0m
[32m2026-06-29 01:04:30.484[0m | [1mINFO    [0m | [36menvs.hitter[0m:[36m_log_ball_planner_wait_state[0m:[36m618[0m - [1mWaiting for ball estimator: samples=0/31 visible=False ready=False pos=[0. 0. 0.] vel=[0. 0. 0.][0m
[32m2026-06-29 01:04:30.986[0m | [1mINFO    [0m | [36menvs.hitter[0m:[36m_log_ball_planner_wait_state[0m:[36m618[0m - [1mWaiting for ball estimator: samples=0/31 visible=False ready=False pos=[0. 0. 0.] vel=[0. 0. 0.][0m
[32m2026-06-29 01:04:31.487[0m | [1mINFO    [0m | [36menvs.hitter[0m:[36m_log_ball_planner_wait_state[0m:[36m618[0m - [1mWaiting for ball estimator: samples=0/31 visible=False ready=False pos=[0. 0. 0.] vel=[0. 0. 0.][0m
[32m2026-06-29 01:04:31.988[0m | [1mINFO    [0m | [36menvs.hitter[0m:[36m_log_ball_planner_wait_state[0m:[36m618[0m - [1mWaiting for ball estimator: samples=0/31 visible=False ready=False pos=[0. 0. 0.] vel=[0. 0. 0.][0m
[32m2026-06-29 01:04:32.490[0m | [1mINFO    [0m | [36menvs.hitter[0m:[36m_log_ball_planner_wait_state[0m:[36m618[0m - [1mWaiting for ball estimator: samples=0/31 visible=False ready=False pos=[0. 0. 0.] vel=[0. 0. 0.][0m
/tmp/tmpws2lq40b: line 3: 1222667 Killed                  python deploy/run.py --config-name loco_hitter robot.control.viewer=false
