[32m2026-06-29 16:01:57.369[0m | [1mINFO    [0m | [36m__main__[0m:[36mmain[0m:[36m65[0m - [1mLog saved to /home/loco1/BOB/Hitter/RobotBridge/outputs/2026-06-29/16-01-57/eval.log[0m
[32m2026-06-29 16:01:58.142[0m | [1mINFO    [0m | [36mutils.motion_lib.torch_humanoid_batch[0m:[36m<module>[0m:[36m41[0m - [1mUsing Humanoid Batch[0m
[32m2026-06-29 16:01:58.259[0m | [1mINFO    [0m | [36msimulator.base_sim[0m:[36m_setup[0m:[36m47[0m - [1mRobot-level Control Frequency Set to 200.0HZ[0m
[32m2026-06-29 16:01:58.259[0m | [1mINFO    [0m | [36msimulator.base_sim[0m:[36m_setup[0m:[36m48[0m - [1mPolicy-level Control Frequency Set to 50.0HZ[0m
[32m2026-06-29 16:01:58.260[0m | [1mINFO    [0m | [36msimulator.base_sim[0m:[36m_load_asset[0m:[36m61[0m - [1mJoint left_hip_pitch_joint  Default Angles -0.31200000643730164  P_gain 40.179237365722656  D_gain 2.557889938354492 [0m
[32m2026-06-29 16:01:58.260[0m | [1mINFO    [0m | [36msimulator.base_sim[0m:[36m_load_asset[0m:[36m61[0m - [1mJoint left_hip_roll_joint  Default Angles 0.0  P_gain 99.09842681884766  D_gain 6.308802127838135 [0m
[32m2026-06-29 16:01:58.260[0m | [1mINFO    [0m | [36msimulator.base_sim[0m:[36m_load_asset[0m:[36m61[0m - [1mJoint left_hip_yaw_joint  Default Angles 0.0  P_gain 40.179237365722656  D_gain 2.557889938354492 [0m
[32m2026-06-29 16:01:58.260[0m | [1mINFO    [0m | [36msimulator.base_sim[0m:[36m_load_asset[0m:[36m61[0m - [1mJoint left_knee_joint  Default Angles 0.6690000295639038  P_gain 99.09842681884766  D_gain 6.308802127838135 [0m
[32m2026-06-29 16:01:58.260[0m | [1mINFO    [0m | [36msimulator.base_sim[0m:[36m_load_asset[0m:[36m61[0m - [1mJoint left_ankle_pitch_joint  Default Angles -0.3630000054836273  P_gain 28.501245498657227  D_gain 1.814445972442627 [0m
[32m2026-06-29 16:01:58.260[0m | [1mINFO    [0m | [36msimulator.base_sim[0m:[36m_load_asset[0m:[36m61[0m - [1mJoint left_ankle_roll_joint  Default Angles 0.0  P_gain 28.501245498657227  D_gain 1.814445972442627 [0m
[32m2026-06-29 16:01:58.260[0m | [1mINFO    [0m | [36msimulator.base_sim[0m:[36m_load_asset[0m:[36m61[0m - [1mJoint right_hip_pitch_joint  Default Angles -0.31200000643730164  P_gain 40.179237365722656  D_gain 2.557889938354492 [0m
[32m2026-06-29 16:01:58.260[0m | [1mINFO    [0m | [36msimulator.base_sim[0m:[36m_load_asset[0m:[36m61[0m - [1mJoint right_hip_roll_joint  Default Angles 0.0  P_gain 99.09842681884766  D_gain 6.308802127838135 [0m
[32m2026-06-29 16:01:58.260[0m | [1mINFO    [0m | [36msimulator.base_sim[0m:[36m_load_asset[0m:[36m61[0m - [1mJoint right_hip_yaw_joint  Default Angles 0.0  P_gain 40.179237365722656  D_gain 2.557889938354492 [0m
[32m2026-06-29 16:01:58.260[0m | [1mINFO    [0m | [36msimulator.base_sim[0m:[36m_load_asset[0m:[36m61[0m - [1mJoint right_knee_joint  Default Angles 0.6690000295639038  P_gain 99.09842681884766  D_gain 6.308802127838135 [0m
[32m2026-06-29 16:01:58.260[0m | [1mINFO    [0m | [36msimulator.base_sim[0m:[36m_load_asset[0m:[36m61[0m - [1mJoint right_ankle_pitch_joint  Default Angles -0.3630000054836273  P_gain 28.501245498657227  D_gain 1.814445972442627 [0m
[32m2026-06-29 16:01:58.260[0m | [1mINFO    [0m | [36msimulator.base_sim[0m:[36m_load_asset[0m:[36m61[0m - [1mJoint right_ankle_roll_joint  Default Angles 0.0  P_gain 28.501245498657227  D_gain 1.814445972442627 [0m
[32m2026-06-29 16:01:58.260[0m | [1mINFO    [0m | [36msimulator.base_sim[0m:[36m_load_asset[0m:[36m61[0m - [1mJoint waist_yaw_joint  Default Angles 0.0  P_gain 40.179237365722656  D_gain 2.557889938354492 [0m
[32m2026-06-29 16:01:58.260[0m | [1mINFO    [0m | [36msimulator.base_sim[0m:[36m_load_asset[0m:[36m61[0m - [1mJoint waist_roll_joint  Default Angles 0.0  P_gain 28.501245498657227  D_gain 1.814445972442627 [0m
[32m2026-06-29 16:01:58.260[0m | [1mINFO    [0m | [36msimulator.base_sim[0m:[36m_load_asset[0m:[36m61[0m - [1mJoint waist_pitch_joint  Default Angles 0.0  P_gain 28.501245498657227  D_gain 1.814445972442627 [0m
[32m2026-06-29 16:01:58.260[0m | [1mINFO    [0m | [36msimulator.base_sim[0m:[36m_load_asset[0m:[36m61[0m - [1mJoint left_shoulder_pitch_joint  Default Angles 0.20000000298023224  P_gain 14.250622749328613  D_gain 0.9072229862213135 [0m
[32m2026-06-29 16:01:58.260[0m | [1mINFO    [0m | [36msimulator.base_sim[0m:[36m_load_asset[0m:[36m61[0m - [1mJoint left_shoulder_roll_joint  Default Angles 0.20000000298023224  P_gain 14.250622749328613  D_gain 0.9072229862213135 [0m
[32m2026-06-29 16:01:58.260[0m | [1mINFO    [0m | [36msimulator.base_sim[0m:[36m_load_asset[0m:[36m61[0m - [1mJoint left_shoulder_yaw_joint  Default Angles 0.0  P_gain 14.250622749328613  D_gain 0.9072229862213135 [0m
[32m2026-06-29 16:01:58.261[0m | [1mINFO    [0m | [36msimulator.base_sim[0m:[36m_load_asset[0m:[36m61[0m - [1mJoint left_elbow_joint  Default Angles 0.6000000238418579  P_gain 14.250622749328613  D_gain 0.9072229862213135 [0m
[32m2026-06-29 16:01:58.261[0m | [1mINFO    [0m | [36msimulator.base_sim[0m:[36m_load_asset[0m:[36m61[0m - [1mJoint left_wrist_roll_joint  Default Angles 0.0  P_gain 14.250622749328613  D_gain 0.9072229862213135 [0m
[32m2026-06-29 16:01:58.261[0m | [1mINFO    [0m | [36msimulator.base_sim[0m:[36m_load_asset[0m:[36m61[0m - [1mJoint left_wrist_pitch_joint  Default Angles 0.0  P_gain 16.77832794189453  D_gain 1.068142056465149 [0m
[32m2026-06-29 16:01:58.261[0m | [1mINFO    [0m | [36msimulator.base_sim[0m:[36m_load_asset[0m:[36m61[0m - [1mJoint left_wrist_yaw_joint  Default Angles 0.0  P_gain 16.77832794189453  D_gain 1.068142056465149 [0m
[32m2026-06-29 16:01:58.261[0m | [1mINFO    [0m | [36msimulator.base_sim[0m:[36m_load_asset[0m:[36m61[0m - [1mJoint right_shoulder_pitch_joint  Default Angles 0.20000000298023224  P_gain 14.250622749328613  D_gain 0.9072229862213135 [0m
[32m2026-06-29 16:01:58.261[0m | [1mINFO    [0m | [36msimulator.base_sim[0m:[36m_load_asset[0m:[36m61[0m - [1mJoint right_shoulder_roll_joint  Default Angles -0.20000000298023224  P_gain 14.250622749328613  D_gain 0.9072229862213135 [0m
[32m2026-06-29 16:01:58.261[0m | [1mINFO    [0m | [36msimulator.base_sim[0m:[36m_load_asset[0m:[36m61[0m - [1mJoint right_shoulder_yaw_joint  Default Angles 0.0  P_gain 14.250622749328613  D_gain 0.9072229862213135 [0m
[32m2026-06-29 16:01:58.261[0m | [1mINFO    [0m | [36msimulator.base_sim[0m:[36m_load_asset[0m:[36m61[0m - [1mJoint right_elbow_joint  Default Angles 0.6000000238418579  P_gain 14.250622749328613  D_gain 0.9072229862213135 [0m
[32m2026-06-29 16:01:58.261[0m | [1mINFO    [0m | [36msimulator.base_sim[0m:[36m_load_asset[0m:[36m61[0m - [1mJoint right_wrist_roll_joint  Default Angles 0.0  P_gain 14.250622749328613  D_gain 0.9072229862213135 [0m
[32m2026-06-29 16:01:58.261[0m | [1mINFO    [0m | [36msimulator.base_sim[0m:[36m_load_asset[0m:[36m61[0m - [1mJoint right_wrist_pitch_joint  Default Angles 0.0  P_gain 16.77832794189453  D_gain 1.068142056465149 [0m
[32m2026-06-29 16:01:58.261[0m | [1mINFO    [0m | [36msimulator.base_sim[0m:[36m_load_asset[0m:[36m61[0m - [1mJoint right_wrist_yaw_joint  Default Angles 0.0  P_gain 16.77832794189453  D_gain 1.068142056465149 [0m
[32m2026-06-29 16:01:58.261[0m | [1mINFO    [0m | [36msimulator.base_sim[0m:[36m_load_asset[0m:[36m62[0m - [1mTotal Number of dof: 29[0m
[32m2026-06-29 16:01:58.261[0m | [1mINFO    [0m | [36msimulator.base_sim[0m:[36m_load_asset[0m:[36m63[0m - [1mNumber of Action: 29[0m
[32m2026-06-29 16:01:58.261[0m | [1mINFO    [0m | [36msimulator.real_world[0m:[36m_init_low_state[0m:[36m136[0m - [1m[RealWorld] terminate_on_r2=False[0m
[32m2026-06-29 16:01:58.262[0m | [1mINFO    [0m | [36mutils.history_handler[0m:[36m__init__[0m:[36m19[0m - [1mHistory Handler initialized![0m
[32m2026-06-29 16:01:58.264[0m | [1mINFO    [0m | [36menvs.hitter[0m:[36m__init__[0m:[36m142[0m - [1mHITTER planner config: use_ball_planner=True planner_only=True wait_for_ball=True max_timestep=-1[0m
[32m2026-06-29 16:01:58.264[0m | [1mINFO    [0m | [36msimulator.real_world[0m:[36m_root_state_handler[0m:[36m265[0m - [1mState Estimator Information Received![0m
[32m2026-06-29 16:01:58.268[0m | [1mINFO    [0m | [36magents.base_agent[0m:[36mload_onnx_policy[0m:[36m22[0m - [1mLoading ONNX Checkpoint from /home/loco1/BOB/Hitter/MOSAIC-main/logs/rsl_rl/hitter_striking_g1/2026-06-26_13-25-48_fh_bh_uniform_peak43_swapped_normal_resume_m18800_reward_tuned_16000env_31body/2026-06-26_13-25-48_fh_bh_uniform_peak43_swapped_normal_resume_m18800_reward_tuned_16000env_31body.onnx[0m
[32m2026-06-29 16:01:58.269[0m | [1mINFO    [0m | [36msimulator.real_world[0m:[36m_root_state_handler[0m:[36m266[0m - [1mRoot Translation: [0.32972124 0.05084294 0.67777437], Root Linear Velocity: [ 8.91155310e-07  2.06892267e-07 -4.46086824e-06][0m
[32m2026-06-29 16:01:58.269[0m | [1mINFO    [0m | [36menvs.hitter[0m:[36mconfigure_from_modelmeta[0m:[36m211[0m - [1mApplying HITTER joint configuration from ONNX model.[0m
[32m2026-06-29 16:01:58.271[0m | [1mINFO    [0m | [36menvs.hitter[0m:[36mconfigure_from_modelmeta[0m:[36m253[0m - [1mHITTER policy metadata configured, 29 degrees of freedom.[0m
[32m2026-06-29 16:01:58.271[0m | [1mINFO    [0m | [36msimulator.real_world[0m:[36m_joint_state_handler[0m:[36m323[0m - [1mCommunication build successfully between the policy and the transition layer![0m
[32m2026-06-29 16:01:58.271[0m | [1mINFO    [0m | [36magents.hitter_agent[0m:[36mload_onnx_policy[0m:[36m29[0m - [1mHITTER policy metadata loaded. Joints: 29 Anchor body: pelvis[0m
real_world
[32m2026-06-29 16:01:58.271[0m | [1mINFO    [0m | [36msimulator.real_world[0m:[36m_joint_state_handler[0m:[36m324[0m - [1mFirst signal arrives after 0.01004791259765625s![0m
[32m2026-06-29 16:01:58.272[0m | [1mINFO    [0m | [36msimulator.real_world[0m:[36mcalibrate[0m:[36m491[0m - [1mCalibraiting..., Press R2 to continue[0m
[32m2026-06-29 16:03:47.484[0m | [1mINFO    [0m | [36msimulator.real_world[0m:[36mcalibrate[0m:[36m494[0m - [1mR2 button pressed, Start Calibrating...[0m
[32m2026-06-29 16:03:47.766[0m | [1mINFO    [0m | [36msimulator.real_world[0m:[36mcalibrate[0m:[36m514[0m - [1mCalibration Done. Press R2 to continue[0m
[32m2026-06-29 16:04:38.905[0m | [1mINFO    [0m | [36msimulator.real_world[0m:[36mcalibrate[0m:[36m517[0m - [1mR2 pressed again, Communication built between policy layer and transition layer![0m
[32m2026-06-29 16:04:38.906[0m | [1mINFO    [0m | [36msimulator.real_world[0m:[36mreset_heading[0m:[36m234[0m - [1m[RealWorld] heading reset enabled, yaw0=-0.202 rad[0m
[32m2026-06-29 16:04:38.907[0m | [1mINFO    [0m | [36menvs.hitter[0m:[36m_log_ball_planner_wait_state[0m:[36m694[0m - [1mWaiting for ball estimator: samples=0/31 visible=False ready=False pos=[0. 0. 0.] vel=[0. 0. 0.][0m
[32m2026-06-29 16:04:38.908[0m | [1mINFO    [0m | [36menvs.base_env[0m:[36m_update_obs[0m:[36m92[0m - [1mReceive observation: ['actions', 'root_quat', 'root_rpy', 'base_ang_vel', 'base_lin_vel', 'dof_pos', 'dof_vel', 'projected_gravity'][0m
[32m2026-06-29 16:04:38.909[0m | [1mINFO    [0m | [36magents.hitter_agent[0m:[36m_prepare_startup_interpolation[0m:[36m67[0m - [1mHITTER startup interpolation enabled: 5.00s, 250 steps, from current joints to policy default.[0m
[32m2026-06-29 16:04:39.416[0m | [1mINFO    [0m | [36menvs.hitter[0m:[36m_log_ball_planner_wait_state[0m:[36m694[0m - [1mWaiting for ball estimator: samples=0/31 visible=False ready=False pos=[0. 0. 0.] vel=[0. 0. 0.][0m
[32m2026-06-29 16:04:39.917[0m | [1mINFO    [0m | [36menvs.hitter[0m:[36m_log_ball_planner_wait_state[0m:[36m694[0m - [1mWaiting for ball estimator: samples=0/31 visible=False ready=False pos=[0. 0. 0.] vel=[0. 0. 0.][0m
[32m2026-06-29 16:04:40.419[0m | [1mINFO    [0m | [36menvs.hitter[0m:[36m_log_ball_planner_wait_state[0m:[36m694[0m - [1mWaiting for ball estimator: samples=0/31 visible=False ready=False pos=[0. 0. 0.] vel=[0. 0. 0.][0m
[32m2026-06-29 16:04:40.921[0m | [1mINFO    [0m | [36menvs.hitter[0m:[36m_log_ball_planner_wait_state[0m:[36m694[0m - [1mWaiting for ball estimator: samples=0/31 visible=False ready=False pos=[0. 0. 0.] vel=[0. 0. 0.][0m
[32m2026-06-29 16:04:41.422[0m | [1mINFO    [0m | [36menvs.hitter[0m:[36m_log_ball_planner_wait_state[0m:[36m694[0m - [1mWaiting for ball estimator: samples=0/31 visible=False ready=False pos=[0. 0. 0.] vel=[0. 0. 0.][0m
[32m2026-06-29 16:04:41.924[0m | [1mINFO    [0m | [36menvs.hitter[0m:[36m_log_ball_planner_wait_state[0m:[36m694[0m - [1mWaiting for ball estimator: samples=0/31 visible=False ready=False pos=[0. 0. 0.] vel=[0. 0. 0.][0m
[32m2026-06-29 16:04:42.426[0m | [1mINFO    [0m | [36menvs.hitter[0m:[36m_log_ball_planner_wait_state[0m:[36m694[0m - [1mWaiting for ball estimator: samples=0/31 visible=False ready=False pos=[0. 0. 0.] vel=[0. 0. 0.][0m
[32m2026-06-29 16:04:42.928[0m | [1mINFO    [0m | [36menvs.hitter[0m:[36m_log_ball_planner_wait_state[0m:[36m694[0m - [1mWaiting for ball estimator: samples=0/31 visible=False ready=False pos=[0. 0. 0.] vel=[0. 0. 0.][0m
[32m2026-06-29 16:04:43.430[0m | [1mINFO    [0m | [36menvs.hitter[0m:[36m_log_ball_planner_wait_state[0m:[36m694[0m - [1mWaiting for ball estimator: samples=0/31 visible=False ready=False pos=[0. 0. 0.] vel=[0. 0. 0.][0m
[32m2026-06-29 16:04:43.909[0m | [1mINFO    [0m | [36magents.hitter_agent[0m:[36m_next_action[0m:[36m102[0m - [1mHITTER startup interpolation complete.[0m
[32m2026-06-29 16:04:43.936[0m | [1mINFO    [0m | [36menvs.hitter[0m:[36m_log_ball_planner_wait_state[0m:[36m694[0m - [1mWaiting for ball estimator: samples=0/31 visible=False ready=False pos=[0. 0. 0.] vel=[0. 0. 0.][0m
[32m2026-06-29 16:04:44.451[0m | [1mINFO    [0m | [36menvs.hitter[0m:[36m_log_ball_planner_wait_state[0m:[36m694[0m - [1mWaiting for ball estimator: samples=0/31 visible=False ready=False pos=[0. 0. 0.] vel=[0. 0. 0.][0m
[32m2026-06-29 16:04:44.953[0m | [1mINFO    [0m | [36menvs.hitter[0m:[36m_log_ball_planner_wait_state[0m:[36m694[0m - [1mWaiting for ball estimator: samples=0/31 visible=False ready=False pos=[0. 0. 0.] vel=[0. 0. 0.][0m
[32m2026-06-29 16:04:45.455[0m | [1mINFO    [0m | [36menvs.hitter[0m:[36m_log_ball_planner_wait_state[0m:[36m694[0m - [1mWaiting for ball estimator: samples=0/31 visible=False ready=False pos=[0. 0. 0.] vel=[0. 0. 0.][0m
[32m2026-06-29 16:04:45.957[0m | [1mINFO    [0m | [36menvs.hitter[0m:[36m_log_ball_planner_wait_state[0m:[36m694[0m - [1mWaiting for ball estimator: samples=0/31 visible=False ready=False pos=[0. 0. 0.] vel=[0. 0. 0.][0m
[32m2026-06-29 16:04:46.458[0m | [1mINFO    [0m | [36menvs.hitter[0m:[36m_log_ball_planner_wait_state[0m:[36m694[0m - [1mWaiting for ball estimator: samples=0/31 visible=False ready=False pos=[0. 0. 0.] vel=[0. 0. 0.][0m
[32m2026-06-29 16:04:46.961[0m | [1mINFO    [0m | [36menvs.hitter[0m:[36m_log_ball_planner_wait_state[0m:[36m694[0m - [1mWaiting for ball estimator: samples=0/31 visible=False ready=False pos=[0. 0. 0.] vel=[0. 0. 0.][0m
[32m2026-06-29 16:04:47.463[0m | [1mINFO    [0m | [36menvs.hitter[0m:[36m_log_ball_planner_wait_state[0m:[36m694[0m - [1mWaiting for ball estimator: samples=0/31 visible=False ready=False pos=[0. 0. 0.] vel=[0. 0. 0.][0m
[32m2026-06-29 16:04:47.965[0m | [1mINFO    [0m | [36menvs.hitter[0m:[36m_log_ball_planner_wait_state[0m:[36m694[0m - [1mWaiting for ball estimator: samples=0/31 visible=False ready=False pos=[0. 0. 0.] vel=[0. 0. 0.][0m
[32m2026-06-29 16:04:48.466[0m | [1mINFO    [0m | [36menvs.hitter[0m:[36m_log_ball_planner_wait_state[0m:[36m694[0m - [1mWaiting for ball estimator: samples=0/31 visible=False ready=False pos=[0. 0. 0.] vel=[0. 0. 0.][0m
[32m2026-06-29 16:04:48.968[0m | [1mINFO    [0m | [36menvs.hitter[0m:[36m_log_ball_planner_wait_state[0m:[36m694[0m - [1mWaiting for ball estimator: samples=0/31 visible=False ready=False pos=[0. 0. 0.] vel=[0. 0. 0.][0m
[32m2026-06-29 16:04:49.469[0m | [1mINFO    [0m | [36menvs.hitter[0m:[36m_log_ball_planner_wait_state[0m:[36m694[0m - [1mWaiting for ball estimator: samples=0/31 visible=False ready=False pos=[0. 0. 0.] vel=[0. 0. 0.][0m
[32m2026-06-29 16:04:49.971[0m | [1mINFO    [0m | [36menvs.hitter[0m:[36m_log_ball_planner_wait_state[0m:[36m694[0m - [1mWaiting for ball estimator: samples=0/31 visible=False ready=False pos=[0. 0. 0.] vel=[0. 0. 0.][0m
[32m2026-06-29 16:04:50.472[0m | [1mINFO    [0m | [36menvs.hitter[0m:[36m_log_ball_planner_wait_state[0m:[36m694[0m - [1mWaiting for ball estimator: samples=0/31 visible=False ready=False pos=[0. 0. 0.] vel=[0. 0. 0.][0m
[32m2026-06-29 16:04:50.974[0m | [1mINFO    [0m | [36menvs.hitter[0m:[36m_log_ball_planner_wait_state[0m:[36m694[0m - [1mWaiting for ball estimator: samples=0/31 visible=False ready=False pos=[0. 0. 0.] vel=[0. 0. 0.][0m
[32m2026-06-29 16:04:51.475[0m | [1mINFO    [0m | [36menvs.hitter[0m:[36m_log_ball_planner_wait_state[0m:[36m694[0m - [1mWaiting for ball estimator: samples=0/31 visible=False ready=False pos=[0. 0. 0.] vel=[0. 0. 0.][0m
[32m2026-06-29 16:04:51.976[0m | [1mINFO    [0m | [36menvs.hitter[0m:[36m_log_ball_planner_wait_state[0m:[36m694[0m - [1mWaiting for ball estimator: samples=0/31 visible=False ready=False pos=[0. 0. 0.] vel=[0. 0. 0.][0m
[32m2026-06-29 16:04:52.478[0m | [1mINFO    [0m | [36menvs.hitter[0m:[36m_log_ball_planner_wait_state[0m:[36m694[0m - [1mWaiting for ball estimator: samples=0/31 visible=False ready=False pos=[0. 0. 0.] vel=[0. 0. 0.][0m
[32m2026-06-29 16:04:52.979[0m | [1mINFO    [0m | [36menvs.hitter[0m:[36m_log_ball_planner_wait_state[0m:[36m694[0m - [1mWaiting for ball estimator: samples=0/31 visible=False ready=False pos=[0. 0. 0.] vel=[0. 0. 0.][0m
[32m2026-06-29 16:04:53.480[0m | [1mINFO    [0m | [36menvs.hitter[0m:[36m_log_ball_planner_wait_state[0m:[36m694[0m - [1mWaiting for ball estimator: samples=0/31 visible=False ready=False pos=[0. 0. 0.] vel=[0. 0. 0.][0m
[32m2026-06-29 16:04:53.982[0m | [1mINFO    [0m | [36menvs.hitter[0m:[36m_log_ball_planner_wait_state[0m:[36m694[0m - [1mWaiting for ball estimator: samples=0/31 visible=False ready=False pos=[0. 0. 0.] vel=[0. 0. 0.][0m
[32m2026-06-29 16:04:54.483[0m | [1mINFO    [0m | [36menvs.hitter[0m:[36m_log_ball_planner_wait_state[0m:[36m694[0m - [1mWaiting for ball estimator: samples=0/31 visible=False ready=False pos=[0. 0. 0.] vel=[0. 0. 0.][0m
[32m2026-06-29 16:04:54.984[0m | [1mINFO    [0m | [36menvs.hitter[0m:[36m_log_ball_planner_wait_state[0m:[36m694[0m - [1mWaiting for ball estimator: samples=0/31 visible=False ready=False pos=[0. 0. 0.] vel=[0. 0. 0.][0m
[32m2026-06-29 16:04:55.486[0m | [1mINFO    [0m | [36menvs.hitter[0m:[36m_log_ball_planner_wait_state[0m:[36m694[0m - [1mWaiting for ball estimator: samples=0/31 visible=False ready=False pos=[0. 0. 0.] vel=[0. 0. 0.][0m
[32m2026-06-29 16:04:55.987[0m | [1mINFO    [0m | [36menvs.hitter[0m:[36m_log_ball_planner_wait_state[0m:[36m694[0m - [1mWaiting for ball estimator: samples=0/31 visible=False ready=False pos=[0. 0. 0.] vel=[0. 0. 0.][0m
[32m2026-06-29 16:04:56.489[0m | [1mINFO    [0m | [36menvs.hitter[0m:[36m_log_ball_planner_wait_state[0m:[36m694[0m - [1mWaiting for ball estimator: samples=0/31 visible=False ready=False pos=[0. 0. 0.] vel=[0. 0. 0.][0m
[32m2026-06-29 16:04:56.990[0m | [1mINFO    [0m | [36menvs.hitter[0m:[36m_log_ball_planner_wait_state[0m:[36m694[0m - [1mWaiting for ball estimator: samples=0/31 visible=False ready=False pos=[0. 0. 0.] vel=[0. 0. 0.][0m
[32m2026-06-29 16:04:57.491[0m | [1mINFO    [0m | [36menvs.hitter[0m:[36m_log_ball_planner_wait_state[0m:[36m694[0m - [1mWaiting for ball estimator: samples=0/31 visible=False ready=False pos=[0. 0. 0.] vel=[0. 0. 0.][0m
[32m2026-06-29 16:04:57.993[0m | [1mINFO    [0m | [36menvs.hitter[0m:[36m_log_ball_planner_wait_state[0m:[36m694[0m - [1mWaiting for ball estimator: samples=0/31 visible=False ready=False pos=[0. 0. 0.] vel=[0. 0. 0.][0m
[32m2026-06-29 16:04:58.494[0m | [1mINFO    [0m | [36menvs.hitter[0m:[36m_log_ball_planner_wait_state[0m:[36m694[0m - [1mWaiting for ball estimator: samples=0/31 visible=False ready=False pos=[0. 0. 0.] vel=[0. 0. 0.][0m
[32m2026-06-29 16:04:58.996[0m | [1mINFO    [0m | [36menvs.hitter[0m:[36m_log_ball_planner_wait_state[0m:[36m694[0m - [1mWaiting for ball estimator: samples=0/31 visible=False ready=False pos=[0. 0. 0.] vel=[0. 0. 0.][0m
[32m2026-06-29 16:04:59.497[0m | [1mINFO    [0m | [36menvs.hitter[0m:[36m_log_ball_planner_wait_state[0m:[36m694[0m - [1mWaiting for ball estimator: samples=0/31 visible=False ready=False pos=[0. 0. 0.] vel=[0. 0. 0.][0m
[32m2026-06-29 16:04:59.998[0m | [1mINFO    [0m | [36menvs.hitter[0m:[36m_log_ball_planner_wait_state[0m:[36m694[0m - [1mWaiting for ball estimator: samples=0/31 visible=False ready=False pos=[0. 0. 0.] vel=[0. 0. 0.][0m
[32m2026-06-29 16:05:00.499[0m | [1mINFO    [0m | [36menvs.hitter[0m:[36m_log_ball_planner_wait_state[0m:[36m694[0m - [1mWaiting for ball estimator: samples=0/31 visible=False ready=False pos=[0. 0. 0.] vel=[0. 0. 0.][0m
[32m2026-06-29 16:05:01.001[0m | [1mINFO    [0m | [36menvs.hitter[0m:[36m_log_ball_planner_wait_state[0m:[36m694[0m - [1mWaiting for ball estimator: samples=0/31 visible=False ready=False pos=[0. 0. 0.] vel=[0. 0. 0.][0m
[32m2026-06-29 16:05:01.502[0m | [1mINFO    [0m | [36menvs.hitter[0m:[36m_log_ball_planner_wait_state[0m:[36m694[0m - [1mWaiting for ball estimator: samples=0/31 visible=False ready=False pos=[0. 0. 0.] vel=[0. 0. 0.][0m
[32m2026-06-29 16:05:02.004[0m | [1mINFO    [0m | [36menvs.hitter[0m:[36m_log_ball_planner_wait_state[0m:[36m694[0m - [1mWaiting for ball estimator: samples=0/31 visible=False ready=False pos=[0. 0. 0.] vel=[0. 0. 0.][0m
[32m2026-06-29 16:05:02.505[0m | [1mINFO    [0m | [36menvs.hitter[0m:[36m_log_ball_planner_wait_state[0m:[36m694[0m - [1mWaiting for ball estimator: samples=0/31 visible=False ready=False pos=[0. 0. 0.] vel=[0. 0. 0.][0m
[32m2026-06-29 16:05:03.006[0m | [1mINFO    [0m | [36menvs.hitter[0m:[36m_log_ball_planner_wait_state[0m:[36m694[0m - [1mWaiting for ball estimator: samples=0/31 visible=False ready=False pos=[0. 0. 0.] vel=[0. 0. 0.][0m
[32m2026-06-29 16:05:03.508[0m | [1mINFO    [0m | [36menvs.hitter[0m:[36m_log_ball_planner_wait_state[0m:[36m694[0m - [1mWaiting for ball estimator: samples=0/31 visible=False ready=False pos=[0. 0. 0.] vel=[0. 0. 0.][0m
[32m2026-06-29 16:05:04.009[0m | [1mINFO    [0m | [36menvs.hitter[0m:[36m_log_ball_planner_wait_state[0m:[36m694[0m - [1mWaiting for ball estimator: samples=0/31 visible=False ready=False pos=[0. 0. 0.] vel=[0. 0. 0.][0m
[32m2026-06-29 16:05:04.510[0m | [1mINFO    [0m | [36menvs.hitter[0m:[36m_log_ball_planner_wait_state[0m:[36m694[0m - [1mWaiting for ball estimator: samples=0/31 visible=False ready=False pos=[0. 0. 0.] vel=[0. 0. 0.][0m
[32m2026-06-29 16:05:05.012[0m | [1mINFO    [0m | [36menvs.hitter[0m:[36m_log_ball_planner_wait_state[0m:[36m694[0m - [1mWaiting for ball estimator: samples=0/31 visible=False ready=False pos=[0. 0. 0.] vel=[0. 0. 0.][0m
[32m2026-06-29 16:05:05.513[0m | [1mINFO    [0m | [36menvs.hitter[0m:[36m_log_ball_planner_wait_state[0m:[36m694[0m - [1mWaiting for ball estimator: samples=0/31 visible=False ready=False pos=[0. 0. 0.] vel=[0. 0. 0.][0m
[32m2026-06-29 16:05:06.015[0m | [1mINFO    [0m | [36menvs.hitter[0m:[36m_log_ball_planner_wait_state[0m:[36m694[0m - [1mWaiting for ball estimator: samples=0/31 visible=False ready=False pos=[0. 0. 0.] vel=[0. 0. 0.][0m
[32m2026-06-29 16:05:06.516[0m | [1mINFO    [0m | [36menvs.hitter[0m:[36m_log_ball_planner_wait_state[0m:[36m694[0m - [1mWaiting for ball estimator: samples=0/31 visible=False ready=False pos=[0. 0. 0.] vel=[0. 0. 0.][0m
[32m2026-06-29 16:05:07.017[0m | [1mINFO    [0m | [36menvs.hitter[0m:[36m_log_ball_planner_wait_state[0m:[36m694[0m - [1mWaiting for ball estimator: samples=0/31 visible=False ready=False pos=[0. 0. 0.] vel=[0. 0. 0.][0m
[32m2026-06-29 16:05:07.519[0m | [1mINFO    [0m | [36menvs.hitter[0m:[36m_log_ball_planner_wait_state[0m:[36m694[0m - [1mWaiting for ball estimator: samples=0/31 visible=False ready=False pos=[0. 0. 0.] vel=[0. 0. 0.][0m
[32m2026-06-29 16:05:08.020[0m | [1mINFO    [0m | [36menvs.hitter[0m:[36m_log_ball_planner_wait_state[0m:[36m694[0m - [1mWaiting for ball estimator: samples=0/31 visible=False ready=False pos=[0. 0. 0.] vel=[0. 0. 0.][0m
[32m2026-06-29 16:05:08.521[0m | [1mINFO    [0m | [36menvs.hitter[0m:[36m_log_ball_planner_wait_state[0m:[36m694[0m - [1mWaiting for ball estimator: samples=0/31 visible=False ready=False pos=[0. 0. 0.] vel=[0. 0. 0.][0m
[32m2026-06-29 16:05:09.023[0m | [1mINFO    [0m | [36menvs.hitter[0m:[36m_log_ball_planner_wait_state[0m:[36m694[0m - [1mWaiting for ball estimator: samples=0/31 visible=False ready=False pos=[0. 0. 0.] vel=[0. 0. 0.][0m
[32m2026-06-29 16:05:09.524[0m | [1mINFO    [0m | [36menvs.hitter[0m:[36m_log_ball_planner_wait_state[0m:[36m694[0m - [1mWaiting for ball estimator: samples=0/31 visible=False ready=False pos=[0. 0. 0.] vel=[0. 0. 0.][0m
[32m2026-06-29 16:05:10.025[0m | [1mINFO    [0m | [36menvs.hitter[0m:[36m_log_ball_planner_wait_state[0m:[36m694[0m - [1mWaiting for ball estimator: samples=0/31 visible=False ready=False pos=[0. 0. 0.] vel=[0. 0. 0.][0m
[32m2026-06-29 16:05:10.527[0m | [1mINFO    [0m | [36menvs.hitter[0m:[36m_log_ball_planner_wait_state[0m:[36m694[0m - [1mWaiting for ball estimator: samples=0/31 visible=False ready=False pos=[0. 0. 0.] vel=[0. 0. 0.][0m
[32m2026-06-29 16:05:11.028[0m | [1mINFO    [0m | [36menvs.hitter[0m:[36m_log_ball_planner_wait_state[0m:[36m694[0m - [1mWaiting for ball estimator: samples=0/31 visible=False ready=False pos=[0. 0. 0.] vel=[0. 0. 0.][0m
[32m2026-06-29 16:05:11.529[0m | [1mINFO    [0m | [36menvs.hitter[0m:[36m_log_ball_planner_wait_state[0m:[36m694[0m - [1mWaiting for ball estimator: samples=0/31 visible=False ready=False pos=[0. 0. 0.] vel=[0. 0. 0.][0m
[32m2026-06-29 16:05:12.031[0m | [1mINFO    [0m | [36menvs.hitter[0m:[36m_log_ball_planner_wait_state[0m:[36m694[0m - [1mWaiting for ball estimator: samples=0/31 visible=False ready=False pos=[0. 0. 0.] vel=[0. 0. 0.][0m
[32m2026-06-29 16:05:12.532[0m | [1mINFO    [0m | [36menvs.hitter[0m:[36m_log_ball_planner_wait_state[0m:[36m694[0m - [1mWaiting for ball estimator: samples=0/31 visible=False ready=False pos=[0. 0. 0.] vel=[0. 0. 0.][0m
[32m2026-06-29 16:05:13.033[0m | [1mINFO    [0m | [36menvs.hitter[0m:[36m_log_ball_planner_wait_state[0m:[36m694[0m - [1mWaiting for ball estimator: samples=0/31 visible=False ready=False pos=[0. 0. 0.] vel=[0. 0. 0.][0m
[32m2026-06-29 16:05:13.535[0m | [1mINFO    [0m | [36menvs.hitter[0m:[36m_log_ball_planner_wait_state[0m:[36m694[0m - [1mWaiting for ball estimator: samples=0/31 visible=False ready=False pos=[0. 0. 0.] vel=[0. 0. 0.][0m
[32m2026-06-29 16:05:14.036[0m | [1mINFO    [0m | [36menvs.hitter[0m:[36m_log_ball_planner_wait_state[0m:[36m694[0m - [1mWaiting for ball estimator: samples=0/31 visible=False ready=False pos=[0. 0. 0.] vel=[0. 0. 0.][0m
[32m2026-06-29 16:05:14.537[0m | [1mINFO    [0m | [36menvs.hitter[0m:[36m_log_ball_planner_wait_state[0m:[36m694[0m - [1mWaiting for ball estimator: samples=0/31 visible=False ready=False pos=[0. 0. 0.] vel=[0. 0. 0.][0m
[32m2026-06-29 16:05:15.039[0m | [1mINFO    [0m | [36menvs.hitter[0m:[36m_log_ball_planner_wait_state[0m:[36m694[0m - [1mWaiting for ball estimator: samples=0/31 visible=False ready=False pos=[0. 0. 0.] vel=[0. 0. 0.][0m
[32m2026-06-29 16:05:15.540[0m | [1mINFO    [0m | [36menvs.hitter[0m:[36m_log_ball_planner_wait_state[0m:[36m694[0m - [1mWaiting for ball estimator: samples=0/31 visible=False ready=False pos=[0. 0. 0.] vel=[0. 0. 0.][0m
[32m2026-06-29 16:05:16.041[0m | [1mINFO    [0m | [36menvs.hitter[0m:[36m_log_ball_planner_wait_state[0m:[36m694[0m - [1mWaiting for ball estimator: samples=0/31 visible=False ready=False pos=[0. 0. 0.] vel=[0. 0. 0.][0m
[32m2026-06-29 16:05:16.543[0m | [1mINFO    [0m | [36menvs.hitter[0m:[36m_log_ball_planner_wait_state[0m:[36m694[0m - [1mWaiting for ball estimator: samples=0/31 visible=False ready=False pos=[0. 0. 0.] vel=[0. 0. 0.][0m
[32m2026-06-29 16:05:17.044[0m | [1mINFO    [0m | [36menvs.hitter[0m:[36m_log_ball_planner_wait_state[0m:[36m694[0m - [1mWaiting for ball estimator: samples=0/31 visible=False ready=False pos=[0. 0. 0.] vel=[0. 0. 0.][0m
[32m2026-06-29 16:05:17.546[0m | [1mINFO    [0m | [36menvs.hitter[0m:[36m_log_ball_planner_wait_state[0m:[36m694[0m - [1mWaiting for ball estimator: samples=0/31 visible=False ready=False pos=[0. 0. 0.] vel=[0. 0. 0.][0m
[32m2026-06-29 16:05:18.047[0m | [1mINFO    [0m | [36menvs.hitter[0m:[36m_log_ball_planner_wait_state[0m:[36m694[0m - [1mWaiting for ball estimator: samples=0/31 visible=False ready=False pos=[0. 0. 0.] vel=[0. 0. 0.][0m
[32m2026-06-29 16:05:18.548[0m | [1mINFO    [0m | [36menvs.hitter[0m:[36m_log_ball_planner_wait_state[0m:[36m694[0m - [1mWaiting for ball estimator: samples=0/31 visible=False ready=False pos=[0. 0. 0.] vel=[0. 0. 0.][0m
[32m2026-06-29 16:05:19.050[0m | [1mINFO    [0m | [36menvs.hitter[0m:[36m_log_ball_planner_wait_state[0m:[36m694[0m - [1mWaiting for ball estimator: samples=0/31 visible=False ready=False pos=[0. 0. 0.] vel=[0. 0. 0.][0m
[32m2026-06-29 16:05:19.551[0m | [1mINFO    [0m | [36menvs.hitter[0m:[36m_log_ball_planner_wait_state[0m:[36m694[0m - [1mWaiting for ball estimator: samples=0/31 visible=False ready=False pos=[0. 0. 0.] vel=[0. 0. 0.][0m
[32m2026-06-29 16:05:20.053[0m | [1mINFO    [0m | [36menvs.hitter[0m:[36m_log_ball_planner_wait_state[0m:[36m694[0m - [1mWaiting for ball estimator: samples=0/31 visible=False ready=False pos=[0. 0. 0.] vel=[0. 0. 0.][0m
[32m2026-06-29 16:05:20.554[0m | [1mINFO    [0m | [36menvs.hitter[0m:[36m_log_ball_planner_wait_state[0m:[36m694[0m - [1mWaiting for ball estimator: samples=0/31 visible=False ready=False pos=[0. 0. 0.] vel=[0. 0. 0.][0m
[32m2026-06-29 16:05:21.055[0m | [1mINFO    [0m | [36menvs.hitter[0m:[36m_log_ball_planner_wait_state[0m:[36m694[0m - [1mWaiting for ball estimator: samples=0/31 visible=False ready=False pos=[0. 0. 0.] vel=[0. 0. 0.][0m
[32m2026-06-29 16:05:21.557[0m | [1mINFO    [0m | [36menvs.hitter[0m:[36m_log_ball_planner_wait_state[0m:[36m694[0m - [1mWaiting for ball estimator: samples=0/31 visible=False ready=False pos=[0. 0. 0.] vel=[0. 0. 0.][0m
[32m2026-06-29 16:05:22.058[0m | [1mINFO    [0m | [36menvs.hitter[0m:[36m_log_ball_planner_wait_state[0m:[36m694[0m - [1mWaiting for ball estimator: samples=0/31 visible=False ready=False pos=[0. 0. 0.] vel=[0. 0. 0.][0m
[32m2026-06-29 16:05:22.559[0m | [1mINFO    [0m | [36menvs.hitter[0m:[36m_log_ball_planner_wait_state[0m:[36m694[0m - [1mWaiting for ball estimator: samples=0/31 visible=False ready=False pos=[0. 0. 0.] vel=[0. 0. 0.][0m
[32m2026-06-29 16:05:23.061[0m | [1mINFO    [0m | [36menvs.hitter[0m:[36m_log_ball_planner_wait_state[0m:[36m694[0m - [1mWaiting for ball estimator: samples=0/31 visible=False ready=False pos=[0. 0. 0.] vel=[0. 0. 0.][0m
[32m2026-06-29 16:05:23.562[0m | [1mINFO    [0m | [36menvs.hitter[0m:[36m_log_ball_planner_wait_state[0m:[36m694[0m - [1mWaiting for ball estimator: samples=0/31 visible=False ready=False pos=[0. 0. 0.] vel=[0. 0. 0.][0m
[32m2026-06-29 16:05:24.063[0m | [1mINFO    [0m | [36menvs.hitter[0m:[36m_log_ball_planner_wait_state[0m:[36m694[0m - [1mWaiting for ball estimator: samples=0/31 visible=False ready=False pos=[0. 0. 0.] vel=[0. 0. 0.][0m
[32m2026-06-29 16:05:24.565[0m | [1mINFO    [0m | [36menvs.hitter[0m:[36m_log_ball_planner_wait_state[0m:[36m694[0m - [1mWaiting for ball estimator: samples=0/31 visible=False ready=False pos=[0. 0. 0.] vel=[0. 0. 0.][0m
[32m2026-06-29 16:05:25.066[0m | [1mINFO    [0m | [36menvs.hitter[0m:[36m_log_ball_planner_wait_state[0m:[36m694[0m - [1mWaiting for ball estimator: samples=0/31 visible=False ready=False pos=[0. 0. 0.] vel=[0. 0. 0.][0m
[32m2026-06-29 16:05:25.567[0m | [1mINFO    [0m | [36menvs.hitter[0m:[36m_log_ball_planner_wait_state[0m:[36m694[0m - [1mWaiting for ball estimator: samples=0/31 visible=False ready=False pos=[0. 0. 0.] vel=[0. 0. 0.][0m
[32m2026-06-29 16:05:26.069[0m | [1mINFO    [0m | [36menvs.hitter[0m:[36m_log_ball_planner_wait_state[0m:[36m694[0m - [1mWaiting for ball estimator: samples=0/31 visible=False ready=False pos=[0. 0. 0.] vel=[0. 0. 0.][0m
[32m2026-06-29 16:05:26.570[0m | [1mINFO    [0m | [36menvs.hitter[0m:[36m_log_ball_planner_wait_state[0m:[36m694[0m - [1mWaiting for ball estimator: samples=0/31 visible=False ready=False pos=[0. 0. 0.] vel=[0. 0. 0.][0m
[32m2026-06-29 16:05:27.071[0m | [1mINFO    [0m | [36menvs.hitter[0m:[36m_log_ball_planner_wait_state[0m:[36m694[0m - [1mWaiting for ball estimator: samples=0/31 visible=False ready=False pos=[0. 0. 0.] vel=[0. 0. 0.][0m
[32m2026-06-29 16:05:27.573[0m | [1mINFO    [0m | [36menvs.hitter[0m:[36m_log_ball_planner_wait_state[0m:[36m694[0m - [1mWaiting for ball estimator: samples=0/31 visible=False ready=False pos=[0. 0. 0.] vel=[0. 0. 0.][0m
[32m2026-06-29 16:05:28.074[0m | [1mINFO    [0m | [36menvs.hitter[0m:[36m_log_ball_planner_wait_state[0m:[36m694[0m - [1mWaiting for ball estimator: samples=0/31 visible=False ready=False pos=[0. 0. 0.] vel=[0. 0. 0.][0m
[32m2026-06-29 16:05:28.575[0m | [1mINFO    [0m | [36menvs.hitter[0m:[36m_log_ball_planner_wait_state[0m:[36m694[0m - [1mWaiting for ball estimator: samples=0/31 visible=False ready=False pos=[0. 0. 0.] vel=[0. 0. 0.][0m
[32m2026-06-29 16:05:29.077[0m | [1mINFO    [0m | [36menvs.hitter[0m:[36m_log_ball_planner_wait_state[0m:[36m694[0m - [1mWaiting for ball estimator: samples=0/31 visible=False ready=False pos=[0. 0. 0.] vel=[0. 0. 0.][0m
[32m2026-06-29 16:05:29.578[0m | [1mINFO    [0m | [36menvs.hitter[0m:[36m_log_ball_planner_wait_state[0m:[36m694[0m - [1mWaiting for ball estimator: samples=0/31 visible=False ready=False pos=[0. 0. 0.] vel=[0. 0. 0.][0m
[32m2026-06-29 16:05:30.080[0m | [1mINFO    [0m | [36menvs.hitter[0m:[36m_log_ball_planner_wait_state[0m:[36m694[0m - [1mWaiting for ball estimator: samples=0/31 visible=False ready=False pos=[0. 0. 0.] vel=[0. 0. 0.][0m
[32m2026-06-29 16:05:30.581[0m | [1mINFO    [0m | [36menvs.hitter[0m:[36m_log_ball_planner_wait_state[0m:[36m694[0m - [1mWaiting for ball estimator: samples=0/31 visible=False ready=False pos=[0. 0. 0.] vel=[0. 0. 0.][0m
[32m2026-06-29 16:05:31.082[0m | [1mINFO    [0m | [36menvs.hitter[0m:[36m_log_ball_planner_wait_state[0m:[36m694[0m - [1mWaiting for ball estimator: samples=0/31 visible=False ready=False pos=[0. 0. 0.] vel=[0. 0. 0.][0m
[32m2026-06-29 16:05:31.584[0m | [1mINFO    [0m | [36menvs.hitter[0m:[36m_log_ball_planner_wait_state[0m:[36m694[0m - [1mWaiting for ball estimator: samples=0/31 visible=False ready=False pos=[0. 0. 0.] vel=[0. 0. 0.][0m
[32m2026-06-29 16:05:32.085[0m | [1mINFO    [0m | [36menvs.hitter[0m:[36m_log_ball_planner_wait_state[0m:[36m694[0m - [1mWaiting for ball estimator: samples=0/31 visible=False ready=False pos=[0. 0. 0.] vel=[0. 0. 0.][0m
[32m2026-06-29 16:05:32.586[0m | [1mINFO    [0m | [36menvs.hitter[0m:[36m_log_ball_planner_wait_state[0m:[36m694[0m - [1mWaiting for ball estimator: samples=0/31 visible=False ready=False pos=[0. 0. 0.] vel=[0. 0. 0.][0m
[32m2026-06-29 16:05:33.088[0m | [1mINFO    [0m | [36menvs.hitter[0m:[36m_log_ball_planner_wait_state[0m:[36m694[0m - [1mWaiting for ball estimator: samples=0/31 visible=False ready=False pos=[0. 0. 0.] vel=[0. 0. 0.][0m
[32m2026-06-29 16:05:33.589[0m | [1mINFO    [0m | [36menvs.hitter[0m:[36m_log_ball_planner_wait_state[0m:[36m694[0m - [1mWaiting for ball estimator: samples=0/31 visible=False ready=False pos=[0. 0. 0.] vel=[0. 0. 0.][0m
[32m2026-06-29 16:05:34.090[0m | [1mINFO    [0m | [36menvs.hitter[0m:[36m_log_ball_planner_wait_state[0m:[36m694[0m - [1mWaiting for ball estimator: samples=0/31 visible=False ready=False pos=[0. 0. 0.] vel=[0. 0. 0.][0m
[32m2026-06-29 16:05:34.592[0m | [1mINFO    [0m | [36menvs.hitter[0m:[36m_log_ball_planner_wait_state[0m:[36m694[0m - [1mWaiting for ball estimator: samples=0/31 visible=False ready=False pos=[0. 0. 0.] vel=[0. 0. 0.][0m
[32m2026-06-29 16:05:35.093[0m | [1mINFO    [0m | [36menvs.hitter[0m:[36m_log_ball_planner_wait_state[0m:[36m694[0m - [1mWaiting for ball estimator: samples=0/31 visible=False ready=False pos=[0. 0. 0.] vel=[0. 0. 0.][0m
[32m2026-06-29 16:05:35.594[0m | [1mINFO    [0m | [36menvs.hitter[0m:[36m_log_ball_planner_wait_state[0m:[36m694[0m - [1mWaiting for ball estimator: samples=0/31 visible=False ready=False pos=[0. 0. 0.] vel=[0. 0. 0.][0m
[32m2026-06-29 16:05:36.096[0m | [1mINFO    [0m | [36menvs.hitter[0m:[36m_log_ball_planner_wait_state[0m:[36m694[0m - [1mWaiting for ball estimator: samples=0/31 visible=False ready=False pos=[0. 0. 0.] vel=[0. 0. 0.][0m
[32m2026-06-29 16:05:36.597[0m | [1mINFO    [0m | [36menvs.hitter[0m:[36m_log_ball_planner_wait_state[0m:[36m694[0m - [1mWaiting for ball estimator: samples=0/31 visible=False ready=False pos=[0. 0. 0.] vel=[0. 0. 0.][0m
[32m2026-06-29 16:05:37.098[0m | [1mINFO    [0m | [36menvs.hitter[0m:[36m_log_ball_planner_wait_state[0m:[36m694[0m - [1mWaiting for ball estimator: samples=0/31 visible=False ready=False pos=[0. 0. 0.] vel=[0. 0. 0.][0m
[32m2026-06-29 16:05:37.600[0m | [1mINFO    [0m | [36menvs.hitter[0m:[36m_log_ball_planner_wait_state[0m:[36m694[0m - [1mWaiting for ball estimator: samples=0/31 visible=False ready=False pos=[0. 0. 0.] vel=[0. 0. 0.][0m
[32m2026-06-29 16:05:38.101[0m | [1mINFO    [0m | [36menvs.hitter[0m:[36m_log_ball_planner_wait_state[0m:[36m694[0m - [1mWaiting for ball estimator: samples=0/31 visible=False ready=False pos=[0. 0. 0.] vel=[0. 0. 0.][0m
[32m2026-06-29 16:05:38.602[0m | [1mINFO    [0m | [36menvs.hitter[0m:[36m_log_ball_planner_wait_state[0m:[36m694[0m - [1mWaiting for ball estimator: samples=0/31 visible=False ready=False pos=[0. 0. 0.] vel=[0. 0. 0.][0m
[32m2026-06-29 16:05:39.104[0m | [1mINFO    [0m | [36menvs.hitter[0m:[36m_log_ball_planner_wait_state[0m:[36m694[0m - [1mWaiting for ball estimator: samples=0/31 visible=False ready=False pos=[0. 0. 0.] vel=[0. 0. 0.][0m
[32m2026-06-29 16:05:39.605[0m | [1mINFO    [0m | [36menvs.hitter[0m:[36m_log_ball_planner_wait_state[0m:[36m694[0m - [1mWaiting for ball estimator: samples=0/31 visible=False ready=False pos=[0. 0. 0.] vel=[0. 0. 0.][0m
[32m2026-06-29 16:05:40.106[0m | [1mINFO    [0m | [36menvs.hitter[0m:[36m_log_ball_planner_wait_state[0m:[36m694[0m - [1mWaiting for ball estimator: samples=0/31 visible=False ready=False pos=[0. 0. 0.] vel=[0. 0. 0.][0m
[32m2026-06-29 16:05:40.608[0m | [1mINFO    [0m | [36menvs.hitter[0m:[36m_log_ball_planner_wait_state[0m:[36m694[0m - [1mWaiting for ball estimator: samples=0/31 visible=False ready=False pos=[0. 0. 0.] vel=[0. 0. 0.][0m
[32m2026-06-29 16:05:41.109[0m | [1mINFO    [0m | [36menvs.hitter[0m:[36m_log_ball_planner_wait_state[0m:[36m694[0m - [1mWaiting for ball estimator: samples=0/31 visible=False ready=False pos=[0. 0. 0.] vel=[0. 0. 0.][0m
[32m2026-06-29 16:05:41.610[0m | [1mINFO    [0m | [36menvs.hitter[0m:[36m_log_ball_planner_wait_state[0m:[36m694[0m - [1mWaiting for ball estimator: samples=0/31 visible=False ready=False pos=[0. 0. 0.] vel=[0. 0. 0.][0m
[32m2026-06-29 16:05:42.112[0m | [1mINFO    [0m | [36menvs.hitter[0m:[36m_log_ball_planner_wait_state[0m:[36m694[0m - [1mWaiting for ball estimator: samples=0/31 visible=False ready=False pos=[0. 0. 0.] vel=[0. 0. 0.][0m
[32m2026-06-29 16:05:42.613[0m | [1mINFO    [0m | [36menvs.hitter[0m:[36m_log_ball_planner_wait_state[0m:[36m694[0m - [1mWaiting for ball estimator: samples=0/31 visible=False ready=False pos=[0. 0. 0.] vel=[0. 0. 0.][0m
[32m2026-06-29 16:05:43.115[0m | [1mINFO    [0m | [36menvs.hitter[0m:[36m_log_ball_planner_wait_state[0m:[36m694[0m - [1mWaiting for ball estimator: samples=0/31 visible=False ready=False pos=[0. 0. 0.] vel=[0. 0. 0.][0m
[32m2026-06-29 16:05:43.616[0m | [1mINFO    [0m | [36menvs.hitter[0m:[36m_log_ball_planner_wait_state[0m:[36m694[0m - [1mWaiting for ball estimator: samples=0/31 visible=False ready=False pos=[0. 0. 0.] vel=[0. 0. 0.][0m
[32m2026-06-29 16:05:44.117[0m | [1mINFO    [0m | [36menvs.hitter[0m:[36m_log_ball_planner_wait_state[0m:[36m694[0m - [1mWaiting for ball estimator: samples=0/31 visible=False ready=False pos=[0. 0. 0.] vel=[0. 0. 0.][0m
[32m2026-06-29 16:05:44.618[0m | [1mINFO    [0m | [36menvs.hitter[0m:[36m_log_ball_planner_wait_state[0m:[36m694[0m - [1mWaiting for ball estimator: samples=0/31 visible=False ready=False pos=[0. 0. 0.] vel=[0. 0. 0.][0m
[32m2026-06-29 16:05:45.120[0m | [1mINFO    [0m | [36menvs.hitter[0m:[36m_log_ball_planner_wait_state[0m:[36m694[0m - [1mWaiting for ball estimator: samples=0/31 visible=False ready=False pos=[0. 0. 0.] vel=[0. 0. 0.][0m
[32m2026-06-29 16:05:45.621[0m | [1mINFO    [0m | [36menvs.hitter[0m:[36m_log_ball_planner_wait_state[0m:[36m694[0m - [1mWaiting for ball estimator: samples=0/31 visible=False ready=False pos=[0. 0. 0.] vel=[0. 0. 0.][0m
[32m2026-06-29 16:05:46.123[0m | [1mINFO    [0m | [36menvs.hitter[0m:[36m_log_ball_planner_wait_state[0m:[36m694[0m - [1mWaiting for ball estimator: samples=0/31 visible=False ready=False pos=[0. 0. 0.] vel=[0. 0. 0.][0m
[32m2026-06-29 16:05:46.624[0m | [1mINFO    [0m | [36menvs.hitter[0m:[36m_log_ball_planner_wait_state[0m:[36m694[0m - [1mWaiting for ball estimator: samples=0/31 visible=False ready=False pos=[0. 0. 0.] vel=[0. 0. 0.][0m
[32m2026-06-29 16:05:47.125[0m | [1mINFO    [0m | [36menvs.hitter[0m:[36m_log_ball_planner_wait_state[0m:[36m694[0m - [1mWaiting for ball estimator: samples=0/31 visible=False ready=False pos=[0. 0. 0.] vel=[0. 0. 0.][0m
[32m2026-06-29 16:05:47.627[0m | [1mINFO    [0m | [36menvs.hitter[0m:[36m_log_ball_planner_wait_state[0m:[36m694[0m - [1mWaiting for ball estimator: samples=0/31 visible=False ready=False pos=[0. 0. 0.] vel=[0. 0. 0.][0m
[32m2026-06-29 16:05:48.128[0m | [1mINFO    [0m | [36menvs.hitter[0m:[36m_log_ball_planner_wait_state[0m:[36m694[0m - [1mWaiting for ball estimator: samples=0/31 visible=False ready=False pos=[0. 0. 0.] vel=[0. 0. 0.][0m
[32m2026-06-29 16:05:48.629[0m | [1mINFO    [0m | [36menvs.hitter[0m:[36m_log_ball_planner_wait_state[0m:[36m694[0m - [1mWaiting for ball estimator: samples=0/31 visible=False ready=False pos=[0. 0. 0.] vel=[0. 0. 0.][0m
[32m2026-06-29 16:05:49.131[0m | [1mINFO    [0m | [36menvs.hitter[0m:[36m_log_ball_planner_wait_state[0m:[36m694[0m - [1mWaiting for ball estimator: samples=0/31 visible=False ready=False pos=[0. 0. 0.] vel=[0. 0. 0.][0m
[32m2026-06-29 16:05:49.632[0m | [1mINFO    [0m | [36menvs.hitter[0m:[36m_log_ball_planner_wait_state[0m:[36m694[0m - [1mWaiting for ball estimator: samples=0/31 visible=False ready=False pos=[0. 0. 0.] vel=[0. 0. 0.][0m
[32m2026-06-29 16:05:50.133[0m | [1mINFO    [0m | [36menvs.hitter[0m:[36m_log_ball_planner_wait_state[0m:[36m694[0m - [1mWaiting for ball estimator: samples=0/31 visible=False ready=False pos=[0. 0. 0.] vel=[0. 0. 0.][0m
[32m2026-06-29 16:05:50.635[0m | [1mINFO    [0m | [36menvs.hitter[0m:[36m_log_ball_planner_wait_state[0m:[36m694[0m - [1mWaiting for ball estimator: samples=0/31 visible=False ready=False pos=[0. 0. 0.] vel=[0. 0. 0.][0m
[32m2026-06-29 16:05:51.136[0m | [1mINFO    [0m | [36menvs.hitter[0m:[36m_log_ball_planner_wait_state[0m:[36m694[0m - [1mWaiting for ball estimator: samples=0/31 visible=False ready=False pos=[0. 0. 0.] vel=[0. 0. 0.][0m
[32m2026-06-29 16:05:51.637[0m | [1mINFO    [0m | [36menvs.hitter[0m:[36m_log_ball_planner_wait_state[0m:[36m694[0m - [1mWaiting for ball estimator: samples=0/31 visible=False ready=False pos=[0. 0. 0.] vel=[0. 0. 0.][0m
[32m2026-06-29 16:05:52.139[0m | [1mINFO    [0m | [36menvs.hitter[0m:[36m_log_ball_planner_wait_state[0m:[36m694[0m - [1mWaiting for ball estimator: samples=0/31 visible=False ready=False pos=[0. 0. 0.] vel=[0. 0. 0.][0m
[32m2026-06-29 16:05:52.640[0m | [1mINFO    [0m | [36menvs.hitter[0m:[36m_log_ball_planner_wait_state[0m:[36m694[0m - [1mWaiting for ball estimator: samples=0/31 visible=False ready=False pos=[0. 0. 0.] vel=[0. 0. 0.][0m
[32m2026-06-29 16:05:53.141[0m | [1mINFO    [0m | [36menvs.hitter[0m:[36m_log_ball_planner_wait_state[0m:[36m694[0m - [1mWaiting for ball estimator: samples=0/31 visible=False ready=False pos=[0. 0. 0.] vel=[0. 0. 0.][0m
[32m2026-06-29 16:05:53.643[0m | [1mINFO    [0m | [36menvs.hitter[0m:[36m_log_ball_planner_wait_state[0m:[36m694[0m - [1mWaiting for ball estimator: samples=0/31 visible=False ready=False pos=[0. 0. 0.] vel=[0. 0. 0.][0m
[32m2026-06-29 16:05:54.144[0m | [1mINFO    [0m | [36menvs.hitter[0m:[36m_log_ball_planner_wait_state[0m:[36m694[0m - [1mWaiting for ball estimator: samples=0/31 visible=False ready=False pos=[0. 0. 0.] vel=[0. 0. 0.][0m
[32m2026-06-29 16:05:54.645[0m | [1mINFO    [0m | [36menvs.hitter[0m:[36m_log_ball_planner_wait_state[0m:[36m694[0m - [1mWaiting for ball estimator: samples=0/31 visible=False ready=False pos=[0. 0. 0.] vel=[0. 0. 0.][0m
[32m2026-06-29 16:05:55.147[0m | [1mINFO    [0m | [36menvs.hitter[0m:[36m_log_ball_planner_wait_state[0m:[36m694[0m - [1mWaiting for ball estimator: samples=0/31 visible=False ready=False pos=[0. 0. 0.] vel=[0. 0. 0.][0m
[32m2026-06-29 16:05:55.648[0m | [1mINFO    [0m | [36menvs.hitter[0m:[36m_log_ball_planner_wait_state[0m:[36m694[0m - [1mWaiting for ball estimator: samples=0/31 visible=False ready=False pos=[0. 0. 0.] vel=[0. 0. 0.][0m
[32m2026-06-29 16:05:56.149[0m | [1mINFO    [0m | [36menvs.hitter[0m:[36m_log_ball_planner_wait_state[0m:[36m694[0m - [1mWaiting for ball estimator: samples=0/31 visible=False ready=False pos=[0. 0. 0.] vel=[0. 0. 0.][0m
[32m2026-06-29 16:05:56.651[0m | [1mINFO    [0m | [36menvs.hitter[0m:[36m_log_ball_planner_wait_state[0m:[36m694[0m - [1mWaiting for ball estimator: samples=0/31 visible=False ready=False pos=[0. 0. 0.] vel=[0. 0. 0.][0m
[32m2026-06-29 16:05:57.152[0m | [1mINFO    [0m | [36menvs.hitter[0m:[36m_log_ball_planner_wait_state[0m:[36m694[0m - [1mWaiting for ball estimator: samples=0/31 visible=False ready=False pos=[0. 0. 0.] vel=[0. 0. 0.][0m
[32m2026-06-29 16:05:57.653[0m | [1mINFO    [0m | [36menvs.hitter[0m:[36m_log_ball_planner_wait_state[0m:[36m694[0m - [1mWaiting for ball estimator: samples=0/31 visible=False ready=False pos=[0. 0. 0.] vel=[0. 0. 0.][0m
[32m2026-06-29 16:05:58.155[0m | [1mINFO    [0m | [36menvs.hitter[0m:[36m_log_ball_planner_wait_state[0m:[36m694[0m - [1mWaiting for ball estimator: samples=0/31 visible=False ready=False pos=[0. 0. 0.] vel=[0. 0. 0.][0m
[32m2026-06-29 16:05:58.656[0m | [1mINFO    [0m | [36menvs.hitter[0m:[36m_log_ball_planner_wait_state[0m:[36m694[0m - [1mWaiting for ball estimator: samples=0/31 visible=False ready=False pos=[0. 0. 0.] vel=[0. 0. 0.][0m
[32m2026-06-29 16:05:59.157[0m | [1mINFO    [0m | [36menvs.hitter[0m:[36m_log_ball_planner_wait_state[0m:[36m694[0m - [1mWaiting for ball estimator: samples=0/31 visible=False ready=False pos=[0. 0. 0.] vel=[0. 0. 0.][0m
[32m2026-06-29 16:05:59.659[0m | [1mINFO    [0m | [36menvs.hitter[0m:[36m_log_ball_planner_wait_state[0m:[36m694[0m - [1mWaiting for ball estimator: samples=0/31 visible=False ready=False pos=[0. 0. 0.] vel=[0. 0. 0.][0m
[32m2026-06-29 16:06:00.160[0m | [1mINFO    [0m | [36menvs.hitter[0m:[36m_log_ball_planner_wait_state[0m:[36m694[0m - [1mWaiting for ball estimator: samples=0/31 visible=False ready=False pos=[0. 0. 0.] vel=[0. 0. 0.][0m
[32m2026-06-29 16:06:00.661[0m | [1mINFO    [0m | [36menvs.hitter[0m:[36m_log_ball_planner_wait_state[0m:[36m694[0m - [1mWaiting for ball estimator: samples=0/31 visible=False ready=False pos=[0. 0. 0.] vel=[0. 0. 0.][0m
[32m2026-06-29 16:06:01.163[0m | [1mINFO    [0m | [36menvs.hitter[0m:[36m_log_ball_planner_wait_state[0m:[36m694[0m - [1mWaiting for ball estimator: samples=0/31 visible=False ready=False pos=[0. 0. 0.] vel=[0. 0. 0.][0m
[32m2026-06-29 16:06:01.664[0m | [1mINFO    [0m | [36menvs.hitter[0m:[36m_log_ball_planner_wait_state[0m:[36m694[0m - [1mWaiting for ball estimator: samples=0/31 visible=False ready=False pos=[0. 0. 0.] vel=[0. 0. 0.][0m
[32m2026-06-29 16:06:02.165[0m | [1mINFO    [0m | [36menvs.hitter[0m:[36m_log_ball_planner_wait_state[0m:[36m694[0m - [1mWaiting for ball estimator: samples=0/31 visible=False ready=False pos=[0. 0. 0.] vel=[0. 0. 0.][0m
[32m2026-06-29 16:06:02.667[0m | [1mINFO    [0m | [36menvs.hitter[0m:[36m_log_ball_planner_wait_state[0m:[36m694[0m - [1mWaiting for ball estimator: samples=0/31 visible=False ready=False pos=[0. 0. 0.] vel=[0. 0. 0.][0m
[32m2026-06-29 16:06:03.168[0m | [1mINFO    [0m | [36menvs.hitter[0m:[36m_log_ball_planner_wait_state[0m:[36m694[0m - [1mWaiting for ball estimator: samples=0/31 visible=False ready=False pos=[0. 0. 0.] vel=[0. 0. 0.][0m
[32m2026-06-29 16:06:03.669[0m | [1mINFO    [0m | [36menvs.hitter[0m:[36m_log_ball_planner_wait_state[0m:[36m694[0m - [1mWaiting for ball estimator: samples=0/31 visible=False ready=False pos=[0. 0. 0.] vel=[0. 0. 0.][0m
[32m2026-06-29 16:06:04.171[0m | [1mINFO    [0m | [36menvs.hitter[0m:[36m_log_ball_planner_wait_state[0m:[36m694[0m - [1mWaiting for ball estimator: samples=0/31 visible=False ready=False pos=[0. 0. 0.] vel=[0. 0. 0.][0m
[32m2026-06-29 16:06:04.672[0m | [1mINFO    [0m | [36menvs.hitter[0m:[36m_log_ball_planner_wait_state[0m:[36m694[0m - [1mWaiting for ball estimator: samples=0/31 visible=False ready=False pos=[0. 0. 0.] vel=[0. 0. 0.][0m
[32m2026-06-29 16:06:05.174[0m | [1mINFO    [0m | [36menvs.hitter[0m:[36m_log_ball_planner_wait_state[0m:[36m694[0m - [1mWaiting for ball estimator: samples=0/31 visible=False ready=False pos=[0. 0. 0.] vel=[0. 0. 0.][0m
[32m2026-06-29 16:06:05.676[0m | [1mINFO    [0m | [36menvs.hitter[0m:[36m_log_ball_planner_wait_state[0m:[36m694[0m - [1mWaiting for ball estimator: samples=0/31 visible=False ready=False pos=[0. 0. 0.] vel=[0. 0. 0.][0m
[32m2026-06-29 16:06:06.176[0m | [1mINFO    [0m | [36menvs.hitter[0m:[36m_log_ball_planner_wait_state[0m:[36m694[0m - [1mWaiting for ball estimator: samples=0/31 visible=False ready=False pos=[0. 0. 0.] vel=[0. 0. 0.][0m
[32m2026-06-29 16:06:06.678[0m | [1mINFO    [0m | [36menvs.hitter[0m:[36m_log_ball_planner_wait_state[0m:[36m694[0m - [1mWaiting for ball estimator: samples=0/31 visible=False ready=False pos=[0. 0. 0.] vel=[0. 0. 0.][0m
[32m2026-06-29 16:06:07.179[0m | [1mINFO    [0m | [36menvs.hitter[0m:[36m_log_ball_planner_wait_state[0m:[36m694[0m - [1mWaiting for ball estimator: samples=0/31 visible=False ready=False pos=[0. 0. 0.] vel=[0. 0. 0.][0m
[32m2026-06-29 16:06:07.680[0m | [1mINFO    [0m | [36menvs.hitter[0m:[36m_log_ball_planner_wait_state[0m:[36m694[0m - [1mWaiting for ball estimator: samples=0/31 visible=False ready=False pos=[0. 0. 0.] vel=[0. 0. 0.][0m
[32m2026-06-29 16:06:08.182[0m | [1mINFO    [0m | [36menvs.hitter[0m:[36m_log_ball_planner_wait_state[0m:[36m694[0m - [1mWaiting for ball estimator: samples=0/31 visible=False ready=False pos=[0. 0. 0.] vel=[0. 0. 0.][0m
[32m2026-06-29 16:06:08.683[0m | [1mINFO    [0m | [36menvs.hitter[0m:[36m_log_ball_planner_wait_state[0m:[36m694[0m - [1mWaiting for ball estimator: samples=0/31 visible=False ready=False pos=[0. 0. 0.] vel=[0. 0. 0.][0m
[32m2026-06-29 16:06:09.184[0m | [1mINFO    [0m | [36menvs.hitter[0m:[36m_log_ball_planner_wait_state[0m:[36m694[0m - [1mWaiting for ball estimator: samples=0/31 visible=False ready=False pos=[0. 0. 0.] vel=[0. 0. 0.][0m
[32m2026-06-29 16:06:09.686[0m | [1mINFO    [0m | [36menvs.hitter[0m:[36m_log_ball_planner_wait_state[0m:[36m694[0m - [1mWaiting for ball estimator: samples=0/31 visible=False ready=False pos=[0. 0. 0.] vel=[0. 0. 0.][0m
[32m2026-06-29 16:06:10.187[0m | [1mINFO    [0m | [36menvs.hitter[0m:[36m_log_ball_planner_wait_state[0m:[36m694[0m - [1mWaiting for ball estimator: samples=0/31 visible=False ready=False pos=[0. 0. 0.] vel=[0. 0. 0.][0m
[32m2026-06-29 16:06:10.688[0m | [1mINFO    [0m | [36menvs.hitter[0m:[36m_log_ball_planner_wait_state[0m:[36m694[0m - [1mWaiting for ball estimator: samples=0/31 visible=False ready=False pos=[0. 0. 0.] vel=[0. 0. 0.][0m
[32m2026-06-29 16:06:11.190[0m | [1mINFO    [0m | [36menvs.hitter[0m:[36m_log_ball_planner_wait_state[0m:[36m694[0m - [1mWaiting for ball estimator: samples=0/31 visible=False ready=False pos=[0. 0. 0.] vel=[0. 0. 0.][0m
[32m2026-06-29 16:06:11.691[0m | [1mINFO    [0m | [36menvs.hitter[0m:[36m_log_ball_planner_wait_state[0m:[36m694[0m - [1mWaiting for ball estimator: samples=0/31 visible=False ready=False pos=[0. 0. 0.] vel=[0. 0. 0.][0m
[32m2026-06-29 16:06:12.193[0m | [1mINFO    [0m | [36menvs.hitter[0m:[36m_log_ball_planner_wait_state[0m:[36m694[0m - [1mWaiting for ball estimator: samples=0/31 visible=False ready=False pos=[0. 0. 0.] vel=[0. 0. 0.][0m
[32m2026-06-29 16:06:12.694[0m | [1mINFO    [0m | [36menvs.hitter[0m:[36m_log_ball_planner_wait_state[0m:[36m694[0m - [1mWaiting for ball estimator: samples=0/31 visible=False ready=False pos=[0. 0. 0.] vel=[0. 0. 0.][0m
[32m2026-06-29 16:06:13.196[0m | [1mINFO    [0m | [36menvs.hitter[0m:[36m_log_ball_planner_wait_state[0m:[36m694[0m - [1mWaiting for ball estimator: samples=0/31 visible=False ready=False pos=[0. 0. 0.] vel=[0. 0. 0.][0m
[32m2026-06-29 16:06:13.697[0m | [1mINFO    [0m | [36menvs.hitter[0m:[36m_log_ball_planner_wait_state[0m:[36m694[0m - [1mWaiting for ball estimator: samples=0/31 visible=False ready=False pos=[0. 0. 0.] vel=[0. 0. 0.][0m
[32m2026-06-29 16:06:14.198[0m | [1mINFO    [0m | [36menvs.hitter[0m:[36m_log_ball_planner_wait_state[0m:[36m694[0m - [1mWaiting for ball estimator: samples=0/31 visible=False ready=False pos=[0. 0. 0.] vel=[0. 0. 0.][0m
[32m2026-06-29 16:06:14.700[0m | [1mINFO    [0m | [36menvs.hitter[0m:[36m_log_ball_planner_wait_state[0m:[36m694[0m - [1mWaiting for ball estimator: samples=0/31 visible=False ready=False pos=[0. 0. 0.] vel=[0. 0. 0.][0m
[32m2026-06-29 16:06:15.201[0m | [1mINFO    [0m | [36menvs.hitter[0m:[36m_log_ball_planner_wait_state[0m:[36m694[0m - [1mWaiting for ball estimator: samples=0/31 visible=False ready=False pos=[0. 0. 0.] vel=[0. 0. 0.][0m
[32m2026-06-29 16:06:15.703[0m | [1mINFO    [0m | [36menvs.hitter[0m:[36m_log_ball_planner_wait_state[0m:[36m694[0m - [1mWaiting for ball estimator: samples=0/31 visible=False ready=False pos=[0. 0. 0.] vel=[0. 0. 0.][0m
[32m2026-06-29 16:06:16.204[0m | [1mINFO    [0m | [36menvs.hitter[0m:[36m_log_ball_planner_wait_state[0m:[36m694[0m - [1mWaiting for ball estimator: samples=0/31 visible=False ready=False pos=[0. 0. 0.] vel=[0. 0. 0.][0m
[32m2026-06-29 16:06:16.705[0m | [1mINFO    [0m | [36menvs.hitter[0m:[36m_log_ball_planner_wait_state[0m:[36m694[0m - [1mWaiting for ball estimator: samples=0/31 visible=False ready=False pos=[0. 0. 0.] vel=[0. 0. 0.][0m
[32m2026-06-29 16:06:17.207[0m | [1mINFO    [0m | [36menvs.hitter[0m:[36m_log_ball_planner_wait_state[0m:[36m694[0m - [1mWaiting for ball estimator: samples=0/31 visible=False ready=False pos=[0. 0. 0.] vel=[0. 0. 0.][0m
[32m2026-06-29 16:06:17.708[0m | [1mINFO    [0m | [36menvs.hitter[0m:[36m_log_ball_planner_wait_state[0m:[36m694[0m - [1mWaiting for ball estimator: samples=0/31 visible=False ready=False pos=[0. 0. 0.] vel=[0. 0. 0.][0m
[32m2026-06-29 16:06:18.210[0m | [1mINFO    [0m | [36menvs.hitter[0m:[36m_log_ball_planner_wait_state[0m:[36m694[0m - [1mWaiting for ball estimator: samples=0/31 visible=False ready=False pos=[0. 0. 0.] vel=[0. 0. 0.][0m
[32m2026-06-29 16:06:18.711[0m | [1mINFO    [0m | [36menvs.hitter[0m:[36m_log_ball_planner_wait_state[0m:[36m694[0m - [1mWaiting for ball estimator: samples=0/31 visible=False ready=False pos=[0. 0. 0.] vel=[0. 0. 0.][0m
[32m2026-06-29 16:06:19.212[0m | [1mINFO    [0m | [36menvs.hitter[0m:[36m_log_ball_planner_wait_state[0m:[36m694[0m - [1mWaiting for ball estimator: samples=0/31 visible=False ready=False pos=[0. 0. 0.] vel=[0. 0. 0.][0m
[32m2026-06-29 16:06:19.714[0m | [1mINFO    [0m | [36menvs.hitter[0m:[36m_log_ball_planner_wait_state[0m:[36m694[0m - [1mWaiting for ball estimator: samples=0/31 visible=False ready=False pos=[0. 0. 0.] vel=[0. 0. 0.][0m
[32m2026-06-29 16:06:20.215[0m | [1mINFO    [0m | [36menvs.hitter[0m:[36m_log_ball_planner_wait_state[0m:[36m694[0m - [1mWaiting for ball estimator: samples=0/31 visible=False ready=False pos=[0. 0. 0.] vel=[0. 0. 0.][0m
[32m2026-06-29 16:06:20.716[0m | [1mINFO    [0m | [36menvs.hitter[0m:[36m_log_ball_planner_wait_state[0m:[36m694[0m - [1mWaiting for ball estimator: samples=0/31 visible=False ready=False pos=[0. 0. 0.] vel=[0. 0. 0.][0m
[32m2026-06-29 16:06:21.218[0m | [1mINFO    [0m | [36menvs.hitter[0m:[36m_log_ball_planner_wait_state[0m:[36m694[0m - [1mWaiting for ball estimator: samples=0/31 visible=False ready=False pos=[0. 0. 0.] vel=[0. 0. 0.][0m
[32m2026-06-29 16:06:21.719[0m | [1mINFO    [0m | [36menvs.hitter[0m:[36m_log_ball_planner_wait_state[0m:[36m694[0m - [1mWaiting for ball estimator: samples=0/31 visible=False ready=False pos=[0. 0. 0.] vel=[0. 0. 0.][0m
[32m2026-06-29 16:06:22.220[0m | [1mINFO    [0m | [36menvs.hitter[0m:[36m_log_ball_planner_wait_state[0m:[36m694[0m - [1mWaiting for ball estimator: samples=0/31 visible=False ready=False pos=[0. 0. 0.] vel=[0. 0. 0.][0m
[32m2026-06-29 16:06:22.722[0m | [1mINFO    [0m | [36menvs.hitter[0m:[36m_log_ball_planner_wait_state[0m:[36m694[0m - [1mWaiting for ball estimator: samples=0/31 visible=False ready=False pos=[0. 0. 0.] vel=[0. 0. 0.][0m
[32m2026-06-29 16:06:23.223[0m | [1mINFO    [0m | [36menvs.hitter[0m:[36m_log_ball_planner_wait_state[0m:[36m694[0m - [1mWaiting for ball estimator: samples=0/31 visible=False ready=False pos=[0. 0. 0.] vel=[0. 0. 0.][0m
[32m2026-06-29 16:06:23.724[0m | [1mINFO    [0m | [36menvs.hitter[0m:[36m_log_ball_planner_wait_state[0m:[36m694[0m - [1mWaiting for ball estimator: samples=0/31 visible=False ready=False pos=[0. 0. 0.] vel=[0. 0. 0.][0m
[32m2026-06-29 16:06:24.226[0m | [1mINFO    [0m | [36menvs.hitter[0m:[36m_log_ball_planner_wait_state[0m:[36m694[0m - [1mWaiting for ball estimator: samples=0/31 visible=False ready=False pos=[0. 0. 0.] vel=[0. 0. 0.][0m
[32m2026-06-29 16:06:24.727[0m | [1mINFO    [0m | [36menvs.hitter[0m:[36m_log_ball_planner_wait_state[0m:[36m694[0m - [1mWaiting for ball estimator: samples=0/31 visible=False ready=False pos=[0. 0. 0.] vel=[0. 0. 0.][0m
[32m2026-06-29 16:06:25.228[0m | [1mINFO    [0m | [36menvs.hitter[0m:[36m_log_ball_planner_wait_state[0m:[36m694[0m - [1mWaiting for ball estimator: samples=0/31 visible=False ready=False pos=[0. 0. 0.] vel=[0. 0. 0.][0m
[32m2026-06-29 16:06:25.730[0m | [1mINFO    [0m | [36menvs.hitter[0m:[36m_log_ball_planner_wait_state[0m:[36m694[0m - [1mWaiting for ball estimator: samples=0/31 visible=False ready=False pos=[0. 0. 0.] vel=[0. 0. 0.][0m
[32m2026-06-29 16:06:26.231[0m | [1mINFO    [0m | [36menvs.hitter[0m:[36m_log_ball_planner_wait_state[0m:[36m694[0m - [1mWaiting for ball estimator: samples=0/31 visible=False ready=False pos=[0. 0. 0.] vel=[0. 0. 0.][0m
[32m2026-06-29 16:06:26.733[0m | [1mINFO    [0m | [36menvs.hitter[0m:[36m_log_ball_planner_wait_state[0m:[36m694[0m - [1mWaiting for ball estimator: samples=0/31 visible=False ready=False pos=[0. 0. 0.] vel=[0. 0. 0.][0m
[32m2026-06-29 16:06:27.236[0m | [1mINFO    [0m | [36menvs.hitter[0m:[36m_log_ball_planner_wait_state[0m:[36m694[0m - [1mWaiting for ball estimator: samples=0/31 visible=False ready=False pos=[0. 0. 0.] vel=[0. 0. 0.][0m
[32m2026-06-29 16:06:27.736[0m | [1mINFO    [0m | [36menvs.hitter[0m:[36m_log_ball_planner_wait_state[0m:[36m694[0m - [1mWaiting for ball estimator: samples=0/31 visible=False ready=False pos=[0. 0. 0.] vel=[0. 0. 0.][0m
[32m2026-06-29 16:06:28.237[0m | [1mINFO    [0m | [36menvs.hitter[0m:[36m_log_ball_planner_wait_state[0m:[36m694[0m - [1mWaiting for ball estimator: samples=0/31 visible=False ready=False pos=[0. 0. 0.] vel=[0. 0. 0.][0m
[32m2026-06-29 16:06:28.739[0m | [1mINFO    [0m | [36menvs.hitter[0m:[36m_log_ball_planner_wait_state[0m:[36m694[0m - [1mWaiting for ball estimator: samples=0/31 visible=False ready=False pos=[0. 0. 0.] vel=[0. 0. 0.][0m
[32m2026-06-29 16:06:29.240[0m | [1mINFO    [0m | [36menvs.hitter[0m:[36m_log_ball_planner_wait_state[0m:[36m694[0m - [1mWaiting for ball estimator: samples=0/31 visible=False ready=False pos=[0. 0. 0.] vel=[0. 0. 0.][0m
[32m2026-06-29 16:06:29.741[0m | [1mINFO    [0m | [36menvs.hitter[0m:[36m_log_ball_planner_wait_state[0m:[36m694[0m - [1mWaiting for ball estimator: samples=0/31 visible=False ready=False pos=[0. 0. 0.] vel=[0. 0. 0.][0m
[32m2026-06-29 16:06:30.243[0m | [1mINFO    [0m | [36menvs.hitter[0m:[36m_log_ball_planner_wait_state[0m:[36m694[0m - [1mWaiting for ball estimator: samples=0/31 visible=False ready=False pos=[0. 0. 0.] vel=[0. 0. 0.][0m
[32m2026-06-29 16:06:30.744[0m | [1mINFO    [0m | [36menvs.hitter[0m:[36m_log_ball_planner_wait_state[0m:[36m694[0m - [1mWaiting for ball estimator: samples=0/31 visible=False ready=False pos=[0. 0. 0.] vel=[0. 0. 0.][0m
[32m2026-06-29 16:06:31.246[0m | [1mINFO    [0m | [36menvs.hitter[0m:[36m_log_ball_planner_wait_state[0m:[36m694[0m - [1mWaiting for ball estimator: samples=0/31 visible=False ready=False pos=[0. 0. 0.] vel=[0. 0. 0.][0m
[32m2026-06-29 16:06:31.747[0m | [1mINFO    [0m | [36menvs.hitter[0m:[36m_log_ball_planner_wait_state[0m:[36m694[0m - [1mWaiting for ball estimator: samples=0/31 visible=False ready=False pos=[0. 0. 0.] vel=[0. 0. 0.][0m
[32m2026-06-29 16:06:32.248[0m | [1mINFO    [0m | [36menvs.hitter[0m:[36m_log_ball_planner_wait_state[0m:[36m694[0m - [1mWaiting for ball estimator: samples=0/31 visible=False ready=False pos=[0. 0. 0.] vel=[0. 0. 0.][0m
[32m2026-06-29 16:06:32.750[0m | [1mINFO    [0m | [36menvs.hitter[0m:[36m_log_ball_planner_wait_state[0m:[36m694[0m - [1mWaiting for ball estimator: samples=0/31 visible=False ready=False pos=[0. 0. 0.] vel=[0. 0. 0.][0m
[32m2026-06-29 16:06:33.251[0m | [1mINFO    [0m | [36menvs.hitter[0m:[36m_log_ball_planner_wait_state[0m:[36m694[0m - [1mWaiting for ball estimator: samples=0/31 visible=False ready=False pos=[0. 0. 0.] vel=[0. 0. 0.][0m
[32m2026-06-29 16:06:33.753[0m | [1mINFO    [0m | [36menvs.hitter[0m:[36m_log_ball_planner_wait_state[0m:[36m694[0m - [1mWaiting for ball estimator: samples=0/31 visible=False ready=False pos=[0. 0. 0.] vel=[0. 0. 0.][0m
[32m2026-06-29 16:06:34.254[0m | [1mINFO    [0m | [36menvs.hitter[0m:[36m_log_ball_planner_wait_state[0m:[36m694[0m - [1mWaiting for ball estimator: samples=0/31 visible=False ready=False pos=[0. 0. 0.] vel=[0. 0. 0.][0m
[32m2026-06-29 16:06:34.756[0m | [1mINFO    [0m | [36menvs.hitter[0m:[36m_log_ball_planner_wait_state[0m:[36m694[0m - [1mWaiting for ball estimator: samples=0/31 visible=False ready=False pos=[0. 0. 0.] vel=[0. 0. 0.][0m
[32m2026-06-29 16:06:35.257[0m | [1mINFO    [0m | [36menvs.hitter[0m:[36m_log_ball_planner_wait_state[0m:[36m694[0m - [1mWaiting for ball estimator: samples=0/31 visible=False ready=False pos=[0. 0. 0.] vel=[0. 0. 0.][0m
Terminated
