[2026-07-24 13:05:26,570][ogn_registration][INFO] - Looking for Python nodes to register in omni.physx.fabric-106.5.7
[2026-07-24 13:05:26,570][ogn_registration][INFO] -  -> Registered nodes from module omni.physxfabric at /home/yhl/miniforge3/envs/isaaclab/lib/python3.10/site-packages/isaacsim/extsPhysics/omni.physx.fabric
[2026-07-24 13:05:26,570][ogn_registration][INFO] - Registering nodes in /home/yhl/miniforge3/envs/isaaclab/lib/python3.10/site-packages/isaacsim/extsPhysics/omni.physx.fabric imported as omni.physxfabric with AutoNode config {}
[2026-07-24 13:05:26,570][ogn_registration][INFO] - Registering Python Node Types from omni.physxfabric at /home/yhl/miniforge3/envs/isaaclab/lib/python3.10/site-packages/isaacsim/extsPhysics/omni.physx.fabric in omni.physx.fabric
[2026-07-24 13:05:26,570][ogn_registration][INFO] - ========================================================================================================================
[2026-07-24 13:05:26,571][ogn_registration][INFO] - No dependency on omni.graph, therefore no nodes to register in omni.physx.fabric
[2026-07-24 13:05:26,571][ogn_registration][INFO] - ...None found, no registration to do
[2026-07-24 13:05:26,571][ogn_registration][INFO] - ...Skipping: No OmniGraph presence in the module omni.physxfabric - No nodes in this module, do not remember it
[2026-07-24 13:05:26,571][ogn_registration][INFO] - Destroying registration record for omni.physx.fabric
[2026-07-24 13:05:26,571][ogn_registration][INFO] - OGN register omni.physx.fabric-106.5.7 took 754005.000000
[2026-07-24 13:05:36,701][onnx_ir.passes.common.unused_removal][INFO] - Removed 2 unused functions
[2026-07-24 13:05:36,701][onnx_ir.passes.common.unused_removal][INFO] - Removed 2 unused nodes
[2026-07-24 13:05:36,702][onnx_ir.passes.common.unused_removal][INFO] - No unused functions to remove
[2026-07-24 13:05:36,702][onnxscript.optimizer._constant_folding][INFO] - Skipping constant folding for node 'node_sub' because it is graph input to preserve graph signature
[2026-07-24 13:05:36,711][onnx_ir.passes.common.unused_removal][INFO] - Removed 8 unused nodes
[2026-07-24 13:05:36,711][onnxscript.rewriter][INFO] - Applied 6 of general pattern rewrite rules.
[2026-07-24 13:05:36,711][onnx_ir.passes.common.unused_removal][INFO] - No unused functions to remove
[2026-07-24 13:05:36,712][onnxscript.optimizer._constant_folding][INFO] - Skipping constant folding for node 'node_sub' because it is graph input to preserve graph signature
[2026-07-24 13:05:36,716][onnx_ir.passes.common.unused_removal][INFO] - Removed 6 unused nodes
[2026-07-24 13:05:36,716][onnx_ir.passes.common.unused_removal][INFO] - No unused functions to remove
